******************************************************************************
            TI ARM Clang Linker PC v2.1.3                      
******************************************************************************
>> Linked Fri Dec 29 13:32:21 2023

OUTPUT FILE NAME:   <emulate_EEPROM_with_ModbusU8_DMA.out>
ENTRY POINT SYMBOL: "_c_int00_noargs"  address: 00002d39


MEMORY CONFIGURATION

         name            origin    length      used     unused   attr    fill
----------------------  --------  ---------  --------  --------  ----  --------
  FLASH                 00000000   0000fff8  000034b0  0000cb48  R  X
  SRAM                  20000000   00001000  00000894  0000076c  RW X
  BCR_CONFIG            41c00000   00000080  00000000  00000080  R   
  BSL_CONFIG            41c00100   00000080  00000000  00000080  R   


SEGMENT ALLOCATION MAP

run origin  load origin   length   init length attrs members
----------  ----------- ---------- ----------- ----- -------
00000000    00000000    00003140   00003140    r-x
  00000000    00000000    000000c0   000000c0    r-- .intvecs
  000000c0    000000c0    00003080   00003080    r-x .text
00003180    00003180    00000330   00000330    r--
  00003180    00003180    00000290   00000290    r-- .rodata
  00003410    00003410    00000090   00000090    r-- .cinit
  000034a0    000034a0    00000010   00000010    r-- .binit
20000000    20000000    00000754   00000000    rw-
  20000000    20000000    000004f4   00000000    rw- .bss
  200004f4    200004f4    00000260   00000000    rw- .data
20000758    00003140    00000040   00000040    r-x
  20000758    00003140    00000040   00000040    r-x .TI.ramfunc
20000f00    20000f00    00000100   00000000    rw-
  20000f00    20000f00    00000100   00000000    rw- .stack


SECTION ALLOCATION MAP

 output                                  attributes/
section   page    origin      length       input sections
--------  ----  ----------  ----------   ----------------
.intvecs   0    00000000    000000c0     
                  00000000    000000c0     startup_mspm0l130x_ticlang.o (.intvecs)

.text      0    000000c0    00003080     
                  000000c0    00000614     emu_eeprom.o (.text.execEmuEeprom)
                  000006d4    00000308     ModbusSlave.o (.text.exeModbusSlave)
                  000009dc    00000220     ModbusFunction.o (.text.writeHoldingNRegister)
                  00000bfc    00000204     ModbusFunction.o (.text.writeHoldingRegister)
                  00000e00    000001e4     ModbusFunction.o (.text.readHoldingRegister)
                  00000fe4    000001e4     tbmenu.o (.text.setModbusData)
                  000011c8    000001e0     tbmenu.o (.text.getModbusData)
                  000013a8    0000015c     driverlib.a : dl_flashctl.o (.text.DL_FlashCTL_unprotectSector)
                  00001504    00000130     ModbusFunction.o (.text.ModbusCommError)
                  00001634    00000118     driverlib.a : dl_timer.o (.text.DL_Timer_initCaptureMode)
                  0000174c    00000110                 : dl_timer.o (.text.DL_Timer_initPWMMode)
                  0000185c    00000100                 : dl_timer.o (.text.DL_Timer_initTimerMode)
                  0000195c    000000f0     tstBlock.o (.text.tstEmuEeprom)
                  00001a4c    000000e4     i2c_eeprom.o (.text.I2C0_IRQHandler)
                  00001b30    000000c0     ti_msp_dl_config.o (.text.SYSCFG_DL_DEBUG_SCI_init)
                  00001bf0    000000b8     driverlib.a : dl_timer.o (.text.DL_Timer_initCompareMode)
                  00001ca8    000000b8     CheckEEPROM.o (.text.tstWrite)
                  00001d60    0000009a     libc.a : memcpy16.S.obj (.text:memcpy)
                  00001dfa    00000002     startup_mspm0l130x_ticlang.o (.text.Default_Handler)
                  00001dfc    00000098     ti_msp_dl_config.o (.text.SYSCFG_DL_I2C_EEPROM_init)
                  00001e94    00000098     linkVariables.o (.text.initRegN)
                  00001f2c    00000096     driverlib.a : dl_timer.o (.text.DL_Timer_getInChanConfig)
                  00001fc2    00000002     ModbusSlave.o (.text.UART0_IRQHandler)
                  00001fc4    00000094     ti_msp_dl_config.o (.text.SYSCFG_DL_initPower)
                  00002058    00000090     i2c_eeprom.o (.text.execI2cSlave)
                  000020e8    00000088     main.o (.text.main)
                  00002170    00000080     ti_msp_dl_config.o (.text.SYSCFG_DL_GPIO_init)
                  000021f0    00000080     ti_msp_dl_config.o (.text.SYSCFG_DL_PWM_0_init)
                  00002270    00000068     libc.a : copy_decompress_lzss.c.obj (.text:decompress:lzss)
                  000022d8    00000062            : memset16.S.obj (.text:memset)
                  0000233a    00000002     libclang_rt.builtins.a : aeabi_div0.c.obj (.text.__aeabi_idiv0)
                  0000233c    00000056                            : aeabi_idivmod.S.obj (.text)
                  00002392    00000054     driverlib.a : dl_dma.o (.text.DL_DMA_configTransfer)
                  000023e6    00000054                 : dl_i2c.o (.text.DL_I2C_fillTargetTXFIFO)
                  0000243a    00000052                 : dl_flashctl.o (.text.DL_FlashCTL_getFlashSectorNumberInBank)
                  0000248c    0000004c                 : dl_adc12.o (.text.DL_ADC12_setClockConfig)
                  000024d8    0000004c                 : dl_uart.o (.text.DL_UART_init)
                  00002524    0000004c     ti_msp_dl_config.o (.text.SYSCFG_DL_SPI_0_init)
                  00002570    0000004c     CheckEEPROM.o (.text.checkI2CBus)
                  000025bc    0000004c     libc.a : autoinit.c.obj (.text:__TI_auto_init_nopinit)
                  00002608    00000048     driverlib.a : dl_spi.o (.text.DL_SPI_init)
                  00002650    00000048     libc.a : cpy_tbl.c.obj (.text.copy_in)
                  00002698    00000046     driverlib.a : dl_dma.o (.text.DL_DMA_initChannel)
                  000026de    00000046                 : dl_uart.o (.text.DL_UART_fillTXFIFO)
                  00002724    00000040                 : dl_timer.o (.text.DL_Timer_setCaptureCompareOutCtl)
                  00002764    00000040     ti_msp_dl_config.o (.text.SYSCFG_DL_init)
                  000027a4    00000040     tbmenu.o (.text.chkValidAddress)
                  000027e4    00000040     libclang_rt.builtins.a : aeabi_uidivmod.S.obj (.text)
                  00002824    0000003c     driverlib.a : dl_flashctl.o (.text.DL_FactoryRegion_getNumBanks)
                  00002860    0000003c                 : dl_i2c.o (.text.DL_I2C_transmitTargetDataCheck)
                  0000289c    0000003c                 : dl_timer.o (.text.DL_Timer_setCaptureCompareCtl)
                  000028d8    00000038                 : dl_dma.o (.text.DL_DMA_setTrigger)
                  00002910    00000038                 : dl_flashctl.o (.text.DL_FactoryRegion_getMAINFlashSize)
                  00002948    00000038                 : dl_flashctl.o (.text.DL_FlashCTL_programMemory64Config)
                  00002980    00000034                 : dl_i2c.o (.text.DL_I2C_setClockConfig)
                  000029b4    00000034                 : dl_timer.o (.text.DL_Timer_setCaptCompUpdateMethod)
                  000029e8    00000034                 : dl_timer.o (.text.DL_Timer_setCaptureCompareAction)
                  00002a1c    00000034                 : dl_timer.o (.text.DL_Timer_setCaptureCompareInput)
                  00002a50    00000034                 : dl_timer.o (.text.DL_Timer_setClockConfig)
                  00002a84    00000034                 : dl_vref.o (.text.DL_VREF_configReference)
                  00002ab8    00000030                 : dl_flashctl.o (.text.DL_FlashCTL_eraseMemoryFromRAM)
                  00002ae8    00000030                 : dl_flashctl.o (.text.DL_FlashCTL_programMemoryConfig)
                  00002b18    0000002c                 : dl_timer.o (.text.DL_Timer_setCaptureCompareValue)
                  00002b44    0000002c     ti_msp_dl_config.o (.text.SYSCFG_DL_ADC12_0_init)
                  00002b70    0000002c     ti_msp_dl_config.o (.text.SYSCFG_DL_CAPTURE_0_init)
                  00002b9c    0000002c     ti_msp_dl_config.o (.text.SYSCFG_DL_COMPARE_0_init)
                  00002bc8    0000002c     ti_msp_dl_config.o (.text.SYSCFG_DL_DMA_CH0_init)
                  00002bf4    0000002c     ti_msp_dl_config.o (.text.SYSCFG_DL_SWTIMER_init)
                  00002c20    00000028     driverlib.a : dl_adc12.o (.text.DL_Common_updateReg)
                  00002c48    00000028                 : dl_dma.o (.text.DL_Common_updateReg)
                  00002c70    00000028                 : dl_i2c.o (.text.DL_Common_updateReg)
                  00002c98    00000028                 : dl_spi.o (.text.DL_Common_updateReg)
                  00002cc0    00000028                 : dl_timer.o (.text.DL_Common_updateReg)
                  00002ce8    00000028                 : dl_uart.o (.text.DL_Common_updateReg)
                  00002d10    00000028     CRC16.o (.text.ucMBCRC16)
                  00002d38    00000028     libc.a : boot_cortex_m.c.obj (.text:_c_int00_noargs)
                  00002d60    00000026     driverlib.a : dl_i2c.o (.text.DL_I2C_flushTargetTXFIFO)
                  00002d86    00000002     linkVariables.o (.text.readRegN)
                  00002d88    00000024     driverlib.a : dl_flashctl.o (.text.DL_FlashCTL_programMemoryFromRAM64WithECCGenerated)
                  00002dac    00000024                 : dl_i2c.o (.text.DL_I2C_isTargetTXFIFOEmpty)
                  00002dd0    00000024                 : dl_spi.o (.text.DL_SPI_setClockConfig)
                  00002df4    00000024                 : dl_uart.o (.text.DL_UART_setClockConfig)
                  00002e18    00000024     ti_msp_dl_config.o (.text.SYSCFG_DL_OPA_0_init)
                  00002e3c    00000024     ti_msp_dl_config.o (.text.SYSCFG_DL_SYSCTL_init)
                  00002e60    00000024     emu_eeprom.o (.text.readEmuEeprom)
                  00002e84    00000020     driverlib.a : dl_flashctl.o (.text.DL_CORE_configInstruction)
                  00002ea4    00000020                 : dl_timer.o (.text.DL_Timer_setCounterValueAfterEnable)
                  00002ec4    00000020     ti_msp_dl_config.o (.text.SYSCFG_DL_GPAMP_0_init)
                  00002ee4    00000020     emu_eeprom.o (.text.writeEmuEeprom)
                  00002f04    0000001c     driverlib.a : dl_i2c.o (.text.DL_I2C_isTargetTXFIFOFull)
                  00002f20    0000001c     libclang_rt.builtins.a : aeabi_memset.S.obj (.text)
                  00002f3c    00000018     driverlib.a : dl_i2c.o (.text.DL_I2C_startFlushTargetTXFIFO)
                  00002f54    00000018                 : dl_i2c.o (.text.DL_I2C_stopFlushTargetTXFIFO)
                  00002f6c    00000018                 : dl_i2c.o (.text.DL_I2C_transmitTargetData)
                  00002f84    00000018                 : dl_timer.o (.text.DL_Timer_setLoadValue)
                  00002f9c    00000018                 : dl_uart.o (.text.DL_UART_isTXFIFOFull)
                  00002fb4    00000018     emu_eeprom.o (.text.getEepromErrorStatus)
                  00002fcc    00000018     emu_eeprom.o (.text.setProgramEmuEeprom)
                  00002fe4    00000018     emu_eeprom.o (.text.setVerifyEmuEeprom)
                  00002ffc    00000016     driverlib.a : dl_uart.o (.text.DL_UART_disable)
                  00003012    00000016                 : dl_uart.o (.text.DL_UART_transmitData)
                  00003028    00000014                 : dl_flashctl.o (.text.DL_FlashCTL_setCommandAddress)
                  0000303c    00000014                 : dl_timer.o (.text.DL_Timer_setCCPDirection)
                  00003050    00000014     ti_msp_dl_config.o (.text.SYSCFG_DL_VREF_init)
                  00003064    00000014     CheckEEPROM.o (.text.writeEEPROM)
                  00003078    00000012     libc.a : copy_decompress_none.c.obj (.text:decompress:none)
                  0000308a    00000002     main.o (.text.task25msec)
                  0000308c    00000010     driverlib.a : dl_flashctl.o (.text.DL_CORE_getInstructionConfig)
                  0000309c    00000010                 : dl_common.o (.text.DL_Common_delayCycles)
                  000030ac    00000010     emu_eeprom.o (.text.isEmuEepromFree)
                  000030bc    00000010     main.o (.text.taskT_100msec)
                  000030cc    00000010     emu_eeprom.o (.text.waittingEmuEeprom)
                  000030dc    00000010     libc.a : copy_zero_init.c.obj (.text:decompress:ZI)
                  000030ec    0000000e     driverlib.a : dl_flashctl.o (.text.DL_FlashCTL_getFlashSectorNumber)
                  000030fa    0000000c     ModbusFunction.o (.text.ReservedFunction)
                  00003106    00000008     ti_msp_dl_config.o (.text.SYSCFG_DL_DMA_init)
                  0000310e    00000002     linkVariables.o (.text.writeReg)
                  00003110    00000008     libclang_rt.builtins.a : aeabi_memcpy.S.obj (.text)
                  00003118    00000004     driverlib.a : dl_flashctl.o (.text.DL_SYSCTL_isExecuteFromUpperFlashBank)
                  0000311c    00000004     startup_mspm0l130x_ticlang.o (.text.Reset_Handler)
                  00003120    00000004     libc.a : pre_init.c.obj (.text._system_pre_init)
                  00003124    00000004            : exit.c.obj (.text:abort)
                  00003128    00000002     linkVariables.o (.text.writeRegN)
                  0000312a    00000002     --HOLE-- [fill = 0]
                  0000312c    00000010     driverlib.a : dl_flashctl.o (.tramp.DL_FlashCTL_executeCommandFromRAM.1)
                  0000313c    00000004     --HOLE-- [fill = 0]

.TI.ramfunc 
*          0    00003140    00000040     RUN ADDR = 20000758
                  00003140    00000040     driverlib.a : dl_flashctl.o (.TI.ramfunc)

.cinit     0    00003410    00000090     
                  00003410    00000066     (.cinit..data.load) [load image, compression = lzss]
                  00003476    00000002     --HOLE-- [fill = 0]
                  00003478    0000000c     (__TI_handler_table)
                  00003484    00000008     (.cinit..bss.load) [load image, compression = zero_init]
                  0000348c    00000010     (__TI_cinit_table)
                  0000349c    00000004     --HOLE-- [fill = 0]

.rodata    0    00003180    00000290     
                  00003180    00000100     CRC16.o (.rodata.aucCRCHi)
                  00003280    00000100     CRC16.o (.rodata.aucCRCLo)
                  00003380    00000018     ti_msp_dl_config.o (.rodata.gDMA_CH0Config)
                  00003398    00000014     ti_msp_dl_config.o (.rodata.gSWTIMERTimerConfig)
                  000033ac    00000010     ti_msp_dl_config.o (.rodata.gCAPTURE_0CaptureConfig)
                  000033bc    00000010     ti_msp_dl_config.o (.rodata.gCOMPARE_0CompareConfig)
                  000033cc    0000000c     ti_msp_dl_config.o (.rodata.gVREFConfig)
                  000033d8    0000000a     ti_msp_dl_config.o (.rodata.gDEBUG_SCIConfig)
                  000033e2    0000000a     ti_msp_dl_config.o (.rodata.gSPI_0_config)
                  000033ec    00000008     ti_msp_dl_config.o (.rodata.gADC12_0ClockConfig)
                  000033f4    00000008     ti_msp_dl_config.o (.rodata.gPWM_0Config)
                  000033fc    00000003     ti_msp_dl_config.o (.rodata.gCAPTURE_0ClockConfig)
                  000033ff    00000003     ti_msp_dl_config.o (.rodata.gCOMPARE_0ClockConfig)
                  00003402    00000003     ti_msp_dl_config.o (.rodata.gPWM_0ClockConfig)
                  00003405    00000003     ti_msp_dl_config.o (.rodata.gSWTIMERClockConfig)
                  00003408    00000002     ti_msp_dl_config.o (.rodata.gDEBUG_SCIClockConfig)
                  0000340a    00000002     ti_msp_dl_config.o (.rodata.gI2C_EEPROMClockConfig)
                  0000340c    00000002     ti_msp_dl_config.o (.rodata.gSPI_0_clockConfig)
                  0000340e    00000002     --HOLE-- [fill = 0]

.init_array 
*          0    00000000    00000000     UNINITIALIZED

.binit     0    000034a0    00000010     
                  000034a0    00000010     (.binit)

.bss       0    20000000    000004f4     UNINITIALIZED
                  20000000    00000460     (.common:stEmuEE)
                  20000460    00000050     (.common:regMbusData)
                  200004b0    00000030     (.common:stI2cS)
                  200004e0    00000014     (.common:TestEEPROM)

.data      0    200004f4    00000260     UNINITIALIZED
                  200004f4    00000198     ModbusFunction.o (.data.mbcomm)
                  2000068c    00000064     ModbusFunction.o (.data.ModbusFunc)
                  200006f0    00000028     main.o (.data..L_MergedGlobals)
                  20000718    00000028     tstBlock.o (.data..L_MergedGlobals)
                  20000740    00000008     ModbusFunction.o (.data..L_MergedGlobals)
                  20000748    00000004     ModbusFunction.o (.data.ModbusCommError.pack)
                  2000074c    00000004     ModbusFunction.o (.data.writeHoldingNRegister.pack)
                  20000750    00000004     ModbusFunction.o (.data.writeHoldingRegister.pack)

.stack     0    20000f00    00000100     UNINITIALIZED
                  20000f00    00000004     libc.a : boot_cortex_m.c.obj (.stack)
                  20000f04    000000fc     --HOLE--

__llvm_prf_cnts 
*          0    20000000    00000000     UNINITIALIZED

__llvm_prf_bits 
*          0    20000000    00000000     UNINITIALIZED

MODULE SUMMARY

       Module                         code    ro data   rw data
       ------                         ----    -------   -------
    .\
       emu_eeprom.o                   1728    0         1120   
       i2c_eeprom.o                   372     0         48     
       tstBlock.o                     240     0         40     
       startup_mspm0l130x_ticlang.o   6       192       0      
       main.o                         154     0         40     
    +--+------------------------------+-------+---------+---------+
       Total:                         2500    192       1248   
                                                               
    .\I2C_EEPROM\
       CheckEEPROM.o                  280     0         20     
    +--+------------------------------+-------+---------+---------+
       Total:                         280     0         20     
                                                               
    .\mb_slave\
       ModbusFunction.o               1860    0         528    
       tbmenu.o                       1028    0         80     
       ModbusSlave.o                  778     0         0      
       CRC16.o                        40      512       0      
       linkVariables.o                158     0         0      
    +--+------------------------------+-------+---------+---------+
       Total:                         3864    512       608    
                                                               
    .\syscfg\
       ti_msp_dl_config.o             1240    142       0      
    +--+------------------------------+-------+---------+---------+
       Total:                         1240    142       0      
                                                               
    C:/ti/mspm0_sdk_1_20_01_06/source/ti/driverlib/lib/ticlang/m0p/mspm0l11xx_l13xx/driverlib.a
       dl_timer.o                     1634    0         0      
       dl_flashctl.o                  964     0         0      
       dl_i2c.o                       410     0         0      
       dl_uart.o                      290     0         0      
       dl_dma.o                       250     0         0      
       dl_spi.o                       148     0         0      
       dl_adc12.o                     116     0         0      
       dl_vref.o                      52      0         0      
       dl_common.o                    16      0         0      
    +--+------------------------------+-------+---------+---------+
       Total:                         3880    0         0      
                                                               
    C:\ti\ccs1230\ccs\tools\compiler\ti-cgt-armllvm_2.1.3.LTS\lib\armv6m-ti-none-eabi/c/libc.a
       memcpy16.S.obj                 154     0         0      
       copy_decompress_lzss.c.obj     104     0         0      
       memset16.S.obj                 98      0         0      
       autoinit.c.obj                 76      0         0      
       cpy_tbl.c.obj                  72      0         0      
       boot_cortex_m.c.obj            40      0         0      
       copy_decompress_none.c.obj     18      0         0      
       copy_zero_init.c.obj           16      0         0      
       exit.c.obj                     4       0         0      
       pre_init.c.obj                 4       0         0      
    +--+------------------------------+-------+---------+---------+
       Total:                         586     0         0      
                                                               
    C:\ti\ccs1230\ccs\tools\compiler\ti-cgt-armllvm_2.1.3.LTS\lib\clang/14.0.6/lib/armv6m-ti-none-eabi/libclang_rt.builtins.a
       aeabi_idivmod.S.obj            86      0         0      
       aeabi_uidivmod.S.obj           64      0         0      
       aeabi_memset.S.obj             28      0         0      
       aeabi_memcpy.S.obj             8       0         0      
       aeabi_div0.c.obj               2       0         0      
    +--+------------------------------+-------+---------+---------+
       Total:                         188     0         0      
                                                               
       Stack:                         0       0         256    
       Linker Generated:              0       154       0      
    +--+------------------------------+-------+---------+---------+
       Grand Total:                   12538   1000      2132   


LINKER GENERATED COPY TABLES

__TI_cinit_table @ 0000348c records: 2, size/record: 8, table size: 16
	.data: load addr=00003410, load size=00000066 bytes, run addr=200004f4, run size=00000260 bytes, compression=lzss
	.bss: load addr=00003484, load size=00000008 bytes, run addr=20000000, run size=000004f4 bytes, compression=zero_init
binit @ 000034a0 records: 1, size/record: 12, table size: 16
	.TI.ramfunc: load addr=00003140, load size=00000040, run addr=20000758, run size=00000040, compression=none


LINKER GENERATED HANDLER TABLE

__TI_handler_table @ 00003478 records: 3, size/record: 4, table size: 12
	index: 0, handler: __TI_decompress_lzss
	index: 1, handler: __TI_decompress_none
	index: 2, handler: __TI_zero_init


FAR CALL TRAMPOLINES

callee name               trampoline name
   callee addr  tramp addr   call addr  call info
--------------  -----------  ---------  ----------------
DL_FlashCTL_executeCommandFromRAM  $Tramp$TT$L$PI$$DL_FlashCTL_executeCommandFromRAM
   20000759     0000312c     00002ada   driverlib.a : dl_flashctl.o (.text.DL_FlashCTL_eraseMemoryFromRAM)
                             00002da0               : dl_flashctl.o (.text.DL_FlashCTL_programMemoryFromRAM64WithECCGenerated)

[1 trampolines]
[2 trampoline calls]


GLOBAL SYMBOLS: SORTED ALPHABETICALLY BY Name 

address   name                                              
-------   ----                                              
00001dfb  ADC0_IRQHandler                                   
00003124  C$$EXIT                                           
0000248d  DL_ADC12_setClockConfig                           
0000309d  DL_Common_delayCycles                             
00002699  DL_DMA_initChannel                                
00002ab9  DL_FlashCTL_eraseMemoryFromRAM                    
00002d89  DL_FlashCTL_programMemoryFromRAM64WithECCGenerated
000013a9  DL_FlashCTL_unprotectSector                       
000023e7  DL_I2C_fillTargetTXFIFO                           
00002d61  DL_I2C_flushTargetTXFIFO                          
00002981  DL_I2C_setClockConfig                             
00002861  DL_I2C_transmitTargetDataCheck                    
00002609  DL_SPI_init                                       
00002dd1  DL_SPI_setClockConfig                             
00001635  DL_Timer_initCaptureMode                          
00001bf1  DL_Timer_initCompareMode                          
0000174d  DL_Timer_initPWMMode                              
0000185d  DL_Timer_initTimerMode                            
000029b5  DL_Timer_setCaptCompUpdateMethod                  
000029e9  DL_Timer_setCaptureCompareAction                  
0000289d  DL_Timer_setCaptureCompareCtl                     
00002a1d  DL_Timer_setCaptureCompareInput                   
00002725  DL_Timer_setCaptureCompareOutCtl                  
00002b19  DL_Timer_setCaptureCompareValue                   
00002a51  DL_Timer_setClockConfig                           
000026df  DL_UART_fillTXFIFO                                
000024d9  DL_UART_init                                      
00002df5  DL_UART_setClockConfig                            
00002a85  DL_VREF_configReference                           
00001dfb  DMA_IRQHandler                                    
00001dfb  Default_Handler                                   
00001dfb  GROUP0_IRQHandler                                 
00001dfb  GROUP1_IRQHandler                                 
00001dfb  HardFault_Handler                                 
00001a4d  I2C0_IRQHandler                                   
00001dfb  I2C1_IRQHandler                                   
00001505  ModbusCommError                                   
2000068c  ModbusFunc                                        
00001dfb  NMI_Handler                                       
00001dfb  PendSV_Handler                                    
000030fb  ReservedFunction                                  
0000311d  Reset_Handler                                     
00001dfb  SPI0_IRQHandler                                   
00001dfb  SVC_Handler                                       
00002b45  SYSCFG_DL_ADC12_0_init                            
00002b71  SYSCFG_DL_CAPTURE_0_init                          
00002b9d  SYSCFG_DL_COMPARE_0_init                          
00001b31  SYSCFG_DL_DEBUG_SCI_init                          
00002bc9  SYSCFG_DL_DMA_CH0_init                            
00003107  SYSCFG_DL_DMA_init                                
00002ec5  SYSCFG_DL_GPAMP_0_init                            
00002171  SYSCFG_DL_GPIO_init                               
00001dfd  SYSCFG_DL_I2C_EEPROM_init                         
00002e19  SYSCFG_DL_OPA_0_init                              
000021f1  SYSCFG_DL_PWM_0_init                              
00002525  SYSCFG_DL_SPI_0_init                              
00002bf5  SYSCFG_DL_SWTIMER_init                            
00002e3d  SYSCFG_DL_SYSCTL_init                             
00003051  SYSCFG_DL_VREF_init                               
00002765  SYSCFG_DL_init                                    
00001fc5  SYSCFG_DL_initPower                               
00001dfb  SysTick_Handler                                   
00001dfb  TIMG0_IRQHandler                                  
00001dfb  TIMG1_IRQHandler                                  
00001dfb  TIMG2_IRQHandler                                  
00001dfb  TIMG4_IRQHandler                                  
200004e0  TestEEPROM                                        
00001fc3  UART0_IRQHandler                                  
00001dfb  UART1_IRQHandler                                  
20001000  __STACK_END                                       
00000100  __STACK_SIZE                                      
0000348c  __TI_CINIT_Base                                   
0000349c  __TI_CINIT_Limit                                  
0000349c  __TI_CINIT_Warm                                   
00003478  __TI_Handler_Table_Base                           
00003484  __TI_Handler_Table_Limit                          
000025bd  __TI_auto_init_nopinit                            
00002271  __TI_decompress_lzss                              
00003079  __TI_decompress_none                              
ffffffff  __TI_pprof_out_hndl                               
ffffffff  __TI_prof_data_size                               
ffffffff  __TI_prof_data_start                              
00000000  __TI_static_base__                                
000034a0  __TI_table_binit                                  
000030dd  __TI_zero_init                                    
0000233d  __aeabi_idiv                                      
0000233b  __aeabi_idiv0                                     
0000233d  __aeabi_idivmod                                   
00002f31  __aeabi_memclr                                    
00002f31  __aeabi_memclr4                                   
00002f31  __aeabi_memclr8                                   
00003111  __aeabi_memcpy                                    
00003111  __aeabi_memcpy4                                   
00003111  __aeabi_memcpy8                                   
00002f21  __aeabi_memset                                    
00002f21  __aeabi_memset4                                   
00002f21  __aeabi_memset8                                   
000027e5  __aeabi_uidiv                                     
000027e5  __aeabi_uidivmod                                  
000034a0  __binit__                                         
UNDEFED   __mpu_init                                        
20000f00  __stack                                           
20000000  __start___llvm_prf_bits                           
20000000  __start___llvm_prf_cnts                           
20000000  __stop___llvm_prf_bits                            
20000000  __stop___llvm_prf_cnts                            
00002d39  _c_int00_noargs                                   
UNDEFED   _system_post_cinit                                
00003121  _system_pre_init                                  
00003125  abort                                             
2000071c  beginAddress                                      
000034a0  binit                                             
00002571  checkI2CBus                                       
000027a5  chkValidAddress                                   
00002651  copy_in                                           
20000724  endAddress                                        
000006d5  exeModbusSlave                                    
000000c1  execEmuEeprom                                     
00002059  execI2cSlave                                      
00002fb5  getEepromErrorStatus                              
000011c9  getModbusData                                     
200006f0  id_ttask                                          
00001e95  initRegN                                          
00000000  interruptVectors                                  
000030ad  isEmuEepromFree                                   
000020e9  main                                              
200004f4  mbcomm                                            
00001d61  memcpy                                            
000022d9  memset                                            
20000728  procBytes                                         
20000720  ptrAddress                                        
00002e61  readEmuEeprom                                     
00000e01  readHoldingRegister                               
00002d87  readRegN                                          
20000719  regInitTstBlock                                   
20000460  regMbusData                                       
2000071a  regRESTstBlock                                    
00000fe5  setModbusData                                     
00002fcd  setProgramEmuEeprom                               
00002fe5  setVerifyEmuEeprom                                
20000000  stEmuEE                                           
200004b0  stI2cS                                            
0000308b  task25msec                                        
000030bd  taskT_100msec                                     
2000072c  testBytes                                         
200006f4  time_task                                         
0000195d  tstEmuEeprom                                      
00001ca9  tstWrite                                          
20000718  tstfsm                                            
20000734  u32TestStep                                       
20000730  u32TestTimeout                                    
00002d11  ucMBCRC16                                         
000030cd  waittingEmuEeprom                                 
00003065  writeEEPROM                                       
00002ee5  writeEmuEeprom                                    
000009dd  writeHoldingNRegister                             
00000bfd  writeHoldingRegister                              
0000310f  writeReg                                          
00003129  writeRegN                                         


GLOBAL SYMBOLS: SORTED BY Symbol Address 

address   name                                              
-------   ----                                              
00000000  __TI_static_base__                                
00000000  interruptVectors                                  
000000c1  execEmuEeprom                                     
00000100  __STACK_SIZE                                      
000006d5  exeModbusSlave                                    
000009dd  writeHoldingNRegister                             
00000bfd  writeHoldingRegister                              
00000e01  readHoldingRegister                               
00000fe5  setModbusData                                     
000011c9  getModbusData                                     
000013a9  DL_FlashCTL_unprotectSector                       
00001505  ModbusCommError                                   
00001635  DL_Timer_initCaptureMode                          
0000174d  DL_Timer_initPWMMode                              
0000185d  DL_Timer_initTimerMode                            
0000195d  tstEmuEeprom                                      
00001a4d  I2C0_IRQHandler                                   
00001b31  SYSCFG_DL_DEBUG_SCI_init                          
00001bf1  DL_Timer_initCompareMode                          
00001ca9  tstWrite                                          
00001d61  memcpy                                            
00001dfb  ADC0_IRQHandler                                   
00001dfb  DMA_IRQHandler                                    
00001dfb  Default_Handler                                   
00001dfb  GROUP0_IRQHandler                                 
00001dfb  GROUP1_IRQHandler                                 
00001dfb  HardFault_Handler                                 
00001dfb  I2C1_IRQHandler                                   
00001dfb  NMI_Handler                                       
00001dfb  PendSV_Handler                                    
00001dfb  SPI0_IRQHandler                                   
00001dfb  SVC_Handler                                       
00001dfb  SysTick_Handler                                   
00001dfb  TIMG0_IRQHandler                                  
00001dfb  TIMG1_IRQHandler                                  
00001dfb  TIMG2_IRQHandler                                  
00001dfb  TIMG4_IRQHandler                                  
00001dfb  UART1_IRQHandler                                  
00001dfd  SYSCFG_DL_I2C_EEPROM_init                         
00001e95  initRegN                                          
00001fc3  UART0_IRQHandler                                  
00001fc5  SYSCFG_DL_initPower                               
00002059  execI2cSlave                                      
000020e9  main                                              
00002171  SYSCFG_DL_GPIO_init                               
000021f1  SYSCFG_DL_PWM_0_init                              
00002271  __TI_decompress_lzss                              
000022d9  memset                                            
0000233b  __aeabi_idiv0                                     
0000233d  __aeabi_idiv                                      
0000233d  __aeabi_idivmod                                   
000023e7  DL_I2C_fillTargetTXFIFO                           
0000248d  DL_ADC12_setClockConfig                           
000024d9  DL_UART_init                                      
00002525  SYSCFG_DL_SPI_0_init                              
00002571  checkI2CBus                                       
000025bd  __TI_auto_init_nopinit                            
00002609  DL_SPI_init                                       
00002651  copy_in                                           
00002699  DL_DMA_initChannel                                
000026df  DL_UART_fillTXFIFO                                
00002725  DL_Timer_setCaptureCompareOutCtl                  
00002765  SYSCFG_DL_init                                    
000027a5  chkValidAddress                                   
000027e5  __aeabi_uidiv                                     
000027e5  __aeabi_uidivmod                                  
00002861  DL_I2C_transmitTargetDataCheck                    
0000289d  DL_Timer_setCaptureCompareCtl                     
00002981  DL_I2C_setClockConfig                             
000029b5  DL_Timer_setCaptCompUpdateMethod                  
000029e9  DL_Timer_setCaptureCompareAction                  
00002a1d  DL_Timer_setCaptureCompareInput                   
00002a51  DL_Timer_setClockConfig                           
00002a85  DL_VREF_configReference                           
00002ab9  DL_FlashCTL_eraseMemoryFromRAM                    
00002b19  DL_Timer_setCaptureCompareValue                   
00002b45  SYSCFG_DL_ADC12_0_init                            
00002b71  SYSCFG_DL_CAPTURE_0_init                          
00002b9d  SYSCFG_DL_COMPARE_0_init                          
00002bc9  SYSCFG_DL_DMA_CH0_init                            
00002bf5  SYSCFG_DL_SWTIMER_init                            
00002d11  ucMBCRC16                                         
00002d39  _c_int00_noargs                                   
00002d61  DL_I2C_flushTargetTXFIFO                          
00002d87  readRegN                                          
00002d89  DL_FlashCTL_programMemoryFromRAM64WithECCGenerated
00002dd1  DL_SPI_setClockConfig                             
00002df5  DL_UART_setClockConfig                            
00002e19  SYSCFG_DL_OPA_0_init                              
00002e3d  SYSCFG_DL_SYSCTL_init                             
00002e61  readEmuEeprom                                     
00002ec5  SYSCFG_DL_GPAMP_0_init                            
00002ee5  writeEmuEeprom                                    
00002f21  __aeabi_memset                                    
00002f21  __aeabi_memset4                                   
00002f21  __aeabi_memset8                                   
00002f31  __aeabi_memclr                                    
00002f31  __aeabi_memclr4                                   
00002f31  __aeabi_memclr8                                   
00002fb5  getEepromErrorStatus                              
00002fcd  setProgramEmuEeprom                               
00002fe5  setVerifyEmuEeprom                                
00003051  SYSCFG_DL_VREF_init                               
00003065  writeEEPROM                                       
00003079  __TI_decompress_none                              
0000308b  task25msec                                        
0000309d  DL_Common_delayCycles                             
000030ad  isEmuEepromFree                                   
000030bd  taskT_100msec                                     
000030cd  waittingEmuEeprom                                 
000030dd  __TI_zero_init                                    
000030fb  ReservedFunction                                  
00003107  SYSCFG_DL_DMA_init                                
0000310f  writeReg                                          
00003111  __aeabi_memcpy                                    
00003111  __aeabi_memcpy4                                   
00003111  __aeabi_memcpy8                                   
0000311d  Reset_Handler                                     
00003121  _system_pre_init                                  
00003124  C$$EXIT                                           
00003125  abort                                             
00003129  writeRegN                                         
00003478  __TI_Handler_Table_Base                           
00003484  __TI_Handler_Table_Limit                          
0000348c  __TI_CINIT_Base                                   
0000349c  __TI_CINIT_Limit                                  
0000349c  __TI_CINIT_Warm                                   
000034a0  __TI_table_binit                                  
000034a0  __binit__                                         
000034a0  binit                                             
20000000  __start___llvm_prf_bits                           
20000000  __start___llvm_prf_cnts                           
20000000  __stop___llvm_prf_bits                            
20000000  __stop___llvm_prf_cnts                            
20000000  stEmuEE                                           
20000460  regMbusData                                       
200004b0  stI2cS                                            
200004e0  TestEEPROM                                        
200004f4  mbcomm                                            
2000068c  ModbusFunc                                        
200006f0  id_ttask                                          
200006f4  time_task                                         
20000718  tstfsm                                            
20000719  regInitTstBlock                                   
2000071a  regRESTstBlock                                    
2000071c  beginAddress                                      
20000720  ptrAddress                                        
20000724  endAddress                                        
20000728  procBytes                                         
2000072c  testBytes                                         
20000730  u32TestTimeout                                    
20000734  u32TestStep                                       
20000f00  __stack                                           
20001000  __STACK_END                                       
ffffffff  __TI_pprof_out_hndl                               
ffffffff  __TI_prof_data_size                               
ffffffff  __TI_prof_data_start                              
UNDEFED   __mpu_init                                        
UNDEFED   _system_post_cinit                                

[159 symbols]
