******************************************************************************
             TMS320C2000 Linker PC v22.6.0                     
******************************************************************************
>> Linked Fri Dec 29 13:53:34 2023

OUTPUT FILE NAME:   <TRACE_ASR5000_F28377S.out>
ENTRY POINT SYMBOL: "_c_int00"  address: 00091f85


MEMORY CONFIGURATION

         name            origin    length      used     unused   attr    fill
----------------------  --------  ---------  --------  --------  ----  --------
PAGE 0:
  RAMM0                 00000122   000002de  00000000  000002de  RWIX
  RAMLS3                00009800   00000800  00000094  0000076c  RWIX
  RAMLS4_LS5            0000a000   00001000  00000c88  00000378  RWIX
  RAMD0                 0000b000   00000800  00000000  00000800  RWIX
  RAMGS15               0001b000   00001000  00000000  00001000  RWIX
  BEGIN                 00080000   00000002  00000002  00000000  RWIX
  FLASHA                00080002   00001ffe  00000000  00001ffe  RWIX
  FLASHB                00082000   00002000  00001ffc  00000004  RWIX
  FLASHC                00084000   00002000  00002000  00000000  RWIX
  FLASHD                00086000   00002000  00002000  00000000  RWIX
  FLASHE                00088000   00008000  00007ffe  00000002  RWIX
  FLASHF                00090000   00008000  0000268f  00005971  RWIX
  FLASHG                00098000   00008000  00000000  00008000  RWIX
  FLASHH                000a0000   00008000  00000000  00008000  RWIX
  FLASHI                000a8000   00008000  00000c88  00007378  RWIX
  FLASHJ                000b0000   00008000  00000000  00008000  RWIX
  FLASHK                000b8000   00002000  00000000  00002000  RWIX
  FLASHL                000ba000   00002000  00000000  00002000  RWIX
  FLASHM                000bc000   00002000  00000000  00002000  RWIX
  FLASHN                000be000   00002000  00000000  00002000  RWIX
  FLASHO                000c0000   00002000  00000000  00002000  RWIX
  FLASHP                000c2000   00002000  00000000  00002000  RWIX
  FLASHQ                000c4000   00002000  00000000  00002000  RWIX
  FLASHR                000c6000   00002000  00000000  00002000  RWIX
  FLASHS                000c8000   00008000  00000000  00008000  RWIX
  FLASHT                000d0000   00008000  00000000  00008000  RWIX
  FLASHU                000d8000   00008000  00000000  00008000  RWIX
  FLASHV                000e0000   00008000  00000000  00008000  RWIX
  FLASHW                000e8000   00008000  00000000  00008000  RWIX
  FLASHX                000f0000   00008000  00000000  00008000  RWIX
  FLASHY                000f8000   00002000  00000000  00002000  RWIX
  FLASHZ                000fa000   00002000  00000000  00002000  RWIX
  FLASHAA               000fc000   00002000  00000000  00002000  RWIX
  FLASHAB               000fe000   00002000  00000000  00002000  RWIX
  RESET                 003fffc0   00000002  00000000  00000002  RWIX

PAGE 1:
  BOOT_RSVD             00000002   00000120  00000000  00000120  RWIX
  RAMM1                 00000400   00000400  00000200  00000200  RWIX
  ADCA_RESULT           00000b00   00000020  00000018  00000008  RWIX
  ADCB_RESULT           00000b20   00000020  00000018  00000008  RWIX
  ADCC_RESULT           00000b40   00000020  00000018  00000008  RWIX
  ADCD_RESULT           00000b60   00000020  00000018  00000008  RWIX
  CPU_TIMER0            00000c00   00000008  00000008  00000000  RWIX
  CPU_TIMER1            00000c08   00000008  00000008  00000000  RWIX
  CPU_TIMER2            00000c10   00000008  00000008  00000000  RWIX
  PIE_CTRL              00000ce0   00000020  0000001a  00000006  RWIX
  PIE_VECT              00000d00   00000200  000001c0  00000040  RWIX
  DMA                   00001000   00000200  000000e0  00000120  RWIX
  CLA1                  00001400   00000040  0000003e  00000002  RWIX
  CLA1_MSGRAMLOW        00001480   00000080  00000078  00000008  RWIX
  CLA1_MSGRAMHIGH       00001500   00000080  0000003e  00000042  RWIX
  EPWM1                 00004000   00000100  00000100  00000000  RWIX
  EPWM2                 00004100   00000100  00000100  00000000  RWIX
  EPWM3                 00004200   00000100  00000100  00000000  RWIX
  EPWM4                 00004300   00000100  00000100  00000000  RWIX
  EPWM5                 00004400   00000100  00000100  00000000  RWIX
  EPWM6                 00004500   00000100  00000100  00000000  RWIX
  EPWM7                 00004600   00000100  00000100  00000000  RWIX
  EPWM8                 00004700   00000100  00000100  00000000  RWIX
  EPWM9                 00004800   00000100  00000100  00000000  RWIX
  EPWM10                00004900   00000100  00000100  00000000  RWIX
  EPWM11                00004a00   00000100  00000100  00000000  RWIX
  EPWM12                00004b00   00000100  00000100  00000000  RWIX
  ECAP1                 00005000   00000020  00000020  00000000  RWIX
  ECAP2                 00005020   00000020  00000020  00000000  RWIX
  ECAP3                 00005040   00000020  00000020  00000000  RWIX
  ECAP4                 00005060   00000020  00000020  00000000  RWIX
  ECAP5                 00005080   00000020  00000020  00000000  RWIX
  ECAP6                 000050a0   00000020  00000020  00000000  RWIX
  EQEP1                 00005100   00000040  00000022  0000001e  RWIX
  EQEP2                 00005140   00000040  00000022  0000001e  RWIX
  EQEP3                 00005180   00000040  00000022  0000001e  RWIX
  DACA                  00005c00   00000010  00000008  00000008  RWIX
  DACB                  00005c10   00000010  00000008  00000008  RWIX
  DACC                  00005c20   00000010  00000008  00000008  RWIX
  CMPSS1                00005c80   00000020  00000020  00000000  RWIX
  CMPSS2                00005ca0   00000020  00000020  00000000  RWIX
  CMPSS3                00005cc0   00000020  00000020  00000000  RWIX
  CMPSS4                00005ce0   00000020  00000020  00000000  RWIX
  CMPSS5                00005d00   00000020  00000020  00000000  RWIX
  CMPSS6                00005d20   00000020  00000020  00000000  RWIX
  CMPSS7                00005d40   00000020  00000020  00000000  RWIX
  CMPSS8                00005d60   00000020  00000020  00000000  RWIX
  SDFM1                 00005e00   00000080  00000080  00000000  RWIX
  SDFM2                 00005e80   00000080  00000080  00000000  RWIX
  MCBSPA                00006000   00000040  00000024  0000001c  RWIX
  MCBSPB                00006040   00000040  00000024  0000001c  RWIX
  SPIA                  00006100   00000010  00000010  00000000  RWIX
  SPIB                  00006110   00000010  00000010  00000000  RWIX
  SPIC                  00006120   00000010  00000010  00000000  RWIX
  SPID                  00006130   00000010  00000000  00000010  RWIX
  UPP                   00006200   00000100  00000048  000000b8  RWIX
  WD                    00007000   00000040  0000002b  00000015  RWIX
  NMIINTRUPT            00007060   00000010  00000007  00000009  RWIX
  XINT                  00007070   00000010  0000000b  00000005  RWIX
  SCIA                  00007200   00000010  00000010  00000000  RWIX
  SCIB                  00007210   00000010  00000010  00000000  RWIX
  SCIC                  00007220   00000010  00000010  00000000  RWIX
  SCID                  00007230   00000010  00000010  00000000  RWIX
  I2CA                  00007300   00000040  00000022  0000001e  RWIX
  I2CB                  00007340   00000040  00000022  0000001e  RWIX
  ADCA                  00007400   00000080  00000080  00000000  RWIX
  ADCB                  00007480   00000080  00000080  00000000  RWIX
  ADCC                  00007500   00000080  00000080  00000000  RWIX
  ADCD                  00007580   00000080  00000080  00000000  RWIX
  INPUT_XBAR            00007900   00000020  00000020  00000000  RWIX
  XBAR                  00007920   00000020  00000020  00000000  RWIX
  SYNC_SOC              00007940   00000010  00000006  0000000a  RWIX
  DMACLASRCSEL          00007980   00000040  0000001a  00000026  RWIX
  EPWM_XBAR             00007a00   00000040  00000040  00000000  RWIX
  CLB_XBAR              00007a40   00000040  00000000  00000040  RWIX
  OUTPUT_XBAR           00007a80   00000040  00000040  00000000  RWIX
  GPIOCTRL              00007c00   00000180  00000180  00000000  RWIX
  GPIODAT               00007f00   00000030  00000030  00000000  RWIX
  RAMLS0                00008000   00000800  0000000a  000007f6  RWIX
  RAMLS1                00008800   00000800  00000100  00000700  RWIX
  RAMLS2                00009000   00000800  00000800  00000000  RWIX
  RAMD1                 0000b800   00000800  00000000  00000800  RWIX
  RAMGS0                0000c000   00001000  00001000  00000000  RWIX
  RAMGS1                0000d000   00001000  00001000  00000000  RWIX
  RAMGS2                0000e000   00001000  00001000  00000000  RWIX
  RAMGS3                0000f000   00001000  00001000  00000000  RWIX
  RAMGS4                00010000   00001000  00001000  00000000  RWIX
  RAMGS_5_TO_10         00011000   00006000  00006000  00000000  RWIX
  RAMGS11               00017000   00001000  00001000  00000000  RWIX
  RAMGS12               00018000   00001000  00001000  00000000  RWIX
  RAMGS13               00019000   00001000  00000400  00000c00  RWIX
  RAMGS14               0001a000   00001000  0000061f  000009e1  RWIX
  EMIF1                 00047000   00000800  00000070  00000790  RWIX
  EMIF2                 00047800   00000800  00000070  00000790  RWIX
  CANA                  00048000   00000800  00000164  0000069c  RWIX
  CANB                  0004a000   00000800  00000164  0000069c  RWIX
  FLASHPUMPSEMAPHORE    00050024   00000002  00000002  00000000  RWIX
  DEV_CFG               0005d000   00000180  0000012e  00000052  RWIX
  ANALOG_SUBSYS         0005d180   00000080  00000048  00000038  RWIX
  CLK_CFG               0005d200   00000100  00000032  000000ce  RWIX
  CPU_SYS               0005d300   00000100  00000082  0000007e  RWIX
  ROMPREFETCH           0005e608   00000002  00000002  00000000  RWIX
  DCSM_Z1               0005f000   00000030  00000024  0000000c  RWIX
  DCSM_Z2               0005f040   00000030  00000024  0000000c  RWIX
  DCSM_COMMON           0005f070   00000010  00000008  00000008  RWIX
  MEMCFG                0005f400   00000080  00000080  00000000  RWIX
  EMIF1CONFIG           0005f480   00000020  00000020  00000000  RWIX
  EMIF2CONFIG           0005f4a0   00000020  00000020  00000000  RWIX
  ACCESSPROTECTION      0005f4c0   00000040  00000040  00000000  RWIX
  MEMORYERROR           0005f500   00000040  00000040  00000000  RWIX
  ROMWAITSTATE          0005f540   00000002  00000002  00000000  RWIX
  FLASH0_CTRL           0005f800   00000300  00000182  0000017e  RWIX
  FLASH0_ECC            0005fb00   00000040  00000028  00000018  RWIX
  FLASH1_CTRL           0005fc00   00000300  00000182  0000017e  RWIX
  FLASH1_ECC            0005ff00   00000040  00000028  00000018  RWIX
  DCSM_Z1_OTP           00078000   00000020  00000020  00000000  RWIX
  DCSM_Z2_OTP           00078200   00000020  00000020  00000000  RWIX
  EMIF1_CS2n            00100000   00200000  00000000  00200000  RWIX
  EMIF1_CS3n            00300000   00080000  00000000  00080000  RWIX
  EMIF1_CS4n            00380000   00060000  00000000  00060000  RWIX
  EMIF1_CS0n            80000000   10000000  01000000  0f000000  RWIX


SECTION ALLOCATION MAP

 output                                  attributes/
section   page    origin      length       input sections
--------  ----  ----------  ----------   ----------------
.cinit     0    00082690    0000001e     
                  00082690    0000000e     rts2800_fpu32.lib : exit.c.obj (.cinit)
                  0008269e    00000005     <whole-program> (.cinit:__lock)
                  000826a3    00000005     <whole-program> (.cinit:__unlock)
                  000826a8    00000004     <whole-program> (.cinit)
                  000826ac    00000002     --HOLE-- [fill = 0]

.pinit     0    00082000    00000000     UNINITIALIZED

codestart 
*          0    00080000    00000002     
                  00080000    00000002     F2837xS_CodeStartBranch.obj (codestart)

.TI.ramfunc 
*          0    00086000    00000094     RUN ADDR = 00009800
                  00086000    00000090     F2837xS_SysCtrl.obj (.TI.ramfunc)
                  00086090    00000004     F2837xS_usDelay.obj (.TI.ramfunc)

.econst    0    00092348    00000347     
                  00092348    000001c0     F2837xS_PieVect.obj (.econst:_PieVectTableInit)
                  00092508    00000101     rts2800_fpu32.lib : ctype.c.obj (.econst:.string:__ctypes_)
                  00092609    00000001     --HOLE-- [fill = 0]
                  0009260a    00000026                       : _printfi.c.obj (.econst:.string)
                  00092630    00000025     <whole-program> (.econst:.string)
                  00092655    00000001     --HOLE-- [fill = 0]
                  00092656    0000001c     rts2800_fpu32.lib : _printfi.c.obj (.econst)
                  00092672    00000010     <whole-program> (.econst)
                  00092682    0000000c     GPIO_Module.obj (.econst)
                  0009268e    00000001     SCI_Module.obj (.econst:.string)

Cla1Prog   0    000a8000    00000c88     RUN ADDR = 0000a000
                  000a8000    00000c50     CLA_Task.obj (Cla1Prog:_Cla1Task1)
                  000a8c50    00000008     CLA_Task.obj (Cla1Prog:_Cla1Task2)
                  000a8c58    00000008     CLA_Task.obj (Cla1Prog:_Cla1Task3)
                  000a8c60    00000008     CLA_Task.obj (Cla1Prog:_Cla1Task4)
                  000a8c68    00000008     CLA_Task.obj (Cla1Prog:_Cla1Task5)
                  000a8c70    00000008     CLA_Task.obj (Cla1Prog:_Cla1Task6)
                  000a8c78    00000008     CLA_Task.obj (Cla1Prog:_Cla1Task7)
                  000a8c80    00000008     CLA_Task.obj (Cla1Prog:_Cla1Task8)

.stack     1    00000400    00000200     UNINITIALIZED
                  00000400    00000200     --HOLE--

.switch    0    00082000    0000068e     
                  00082000    000002c8     CPU_Timer_Module.obj (.switch:_CMD_Parser_Process2)
                  000822c8    000002c8     <whole-program> (.switch:_CMD_Parser_Process)
                  00082590    00000056     <whole-program> (.switch:_Calibration_Process)
                  000825e6    0000003e     CPU_Timer_Module.obj (.switch:_SEQ_Mode_Output_State_Process)
                  00082624    00000032     <whole-program> (.switch:_MS_Connect_Process)
                  00082656    0000001c     <whole-program> (.switch:_MS_CONNECT_OK_STATE_Master_Process$10)
                  00082672    0000001c     CPU_Timer_Module.obj (.switch:_cpu_timer0_isr)

.reset     0    003fffc0    00000002     DSECT
                  003fffc0    00000002     rts2800_fpu32.lib : boot28.asm.obj (.reset)

AdcaResultFile 
*          1    00000b00    00000018     UNINITIALIZED
                  00000b00    00000018     F2837xS_GlobalVariableDefs.obj (AdcaResultFile)

AdcbResultFile 
*          1    00000b20    00000018     UNINITIALIZED
                  00000b20    00000018     F2837xS_GlobalVariableDefs.obj (AdcbResultFile)

AdccResultFile 
*          1    00000b40    00000018     UNINITIALIZED
                  00000b40    00000018     F2837xS_GlobalVariableDefs.obj (AdccResultFile)

AdcdResultFile 
*          1    00000b60    00000018     UNINITIALIZED
                  00000b60    00000018     F2837xS_GlobalVariableDefs.obj (AdcdResultFile)

CpuTimer0RegsFile 
*          1    00000c00    00000008     UNINITIALIZED
                  00000c00    00000008     F2837xS_GlobalVariableDefs.obj (CpuTimer0RegsFile)

CpuTimer1RegsFile 
*          1    00000c08    00000008     UNINITIALIZED
                  00000c08    00000008     F2837xS_GlobalVariableDefs.obj (CpuTimer1RegsFile)

CpuTimer2RegsFile 
*          1    00000c10    00000008     UNINITIALIZED
                  00000c10    00000008     F2837xS_GlobalVariableDefs.obj (CpuTimer2RegsFile)

PieCtrlRegsFile 
*          1    00000ce0    0000001a     UNINITIALIZED
                  00000ce0    0000001a     F2837xS_GlobalVariableDefs.obj (PieCtrlRegsFile)

PieVectTableFile 
*          1    00000d00    000001c0     UNINITIALIZED
                  00000d00    000001c0     F2837xS_GlobalVariableDefs.obj (PieVectTableFile)

EmuKeyVar 
*          1    00000d00    00000001     UNINITIALIZED
                  00000d00    00000001     F2837xS_GlobalVariableDefs.obj (EmuKeyVar)

EmuBModeVar 
*          1    00000d01    00000001     UNINITIALIZED
                  00000d01    00000001     F2837xS_GlobalVariableDefs.obj (EmuBModeVar)

FlashCallbackVar 
*          1    00000d02    00000000     UNINITIALIZED

FlashScalingVar 
*          1    00000d02    00000000     UNINITIALIZED

DmaRegsFile 
*          1    00001000    000000e0     UNINITIALIZED
                  00001000    000000e0     F2837xS_GlobalVariableDefs.obj (DmaRegsFile)

Cla1RegsFile 
*          1    00001400    0000003e     UNINITIALIZED
                  00001400    0000003e     F2837xS_GlobalVariableDefs.obj (Cla1RegsFile)

EPwm1RegsFile 
*          1    00004000    00000100     UNINITIALIZED
                  00004000    00000100     F2837xS_GlobalVariableDefs.obj (EPwm1RegsFile)

EPwm2RegsFile 
*          1    00004100    00000100     UNINITIALIZED
                  00004100    00000100     F2837xS_GlobalVariableDefs.obj (EPwm2RegsFile)

EPwm3RegsFile 
*          1    00004200    00000100     UNINITIALIZED
                  00004200    00000100     F2837xS_GlobalVariableDefs.obj (EPwm3RegsFile)

EPwm4RegsFile 
*          1    00004300    00000100     UNINITIALIZED
                  00004300    00000100     F2837xS_GlobalVariableDefs.obj (EPwm4RegsFile)

EPwm5RegsFile 
*          1    00004400    00000100     UNINITIALIZED
                  00004400    00000100     F2837xS_GlobalVariableDefs.obj (EPwm5RegsFile)

EPwm6RegsFile 
*          1    00004500    00000100     UNINITIALIZED
                  00004500    00000100     F2837xS_GlobalVariableDefs.obj (EPwm6RegsFile)

EPwm7RegsFile 
*          1    00004600    00000100     UNINITIALIZED
                  00004600    00000100     F2837xS_GlobalVariableDefs.obj (EPwm7RegsFile)

EPwm8RegsFile 
*          1    00004700    00000100     UNINITIALIZED
                  00004700    00000100     F2837xS_GlobalVariableDefs.obj (EPwm8RegsFile)

EPwm9RegsFile 
*          1    00004800    00000100     UNINITIALIZED
                  00004800    00000100     F2837xS_GlobalVariableDefs.obj (EPwm9RegsFile)

EPwm10RegsFile 
*          1    00004900    00000100     UNINITIALIZED
                  00004900    00000100     F2837xS_GlobalVariableDefs.obj (EPwm10RegsFile)

EPwm11RegsFile 
*          1    00004a00    00000100     UNINITIALIZED
                  00004a00    00000100     F2837xS_GlobalVariableDefs.obj (EPwm11RegsFile)

EPwm12RegsFile 
*          1    00004b00    00000100     UNINITIALIZED
                  00004b00    00000100     F2837xS_GlobalVariableDefs.obj (EPwm12RegsFile)

ECap1RegsFile 
*          1    00005000    00000020     UNINITIALIZED
                  00005000    00000020     F2837xS_GlobalVariableDefs.obj (ECap1RegsFile)

ECap2RegsFile 
*          1    00005020    00000020     UNINITIALIZED
                  00005020    00000020     F2837xS_GlobalVariableDefs.obj (ECap2RegsFile)

ECap3RegsFile 
*          1    00005040    00000020     UNINITIALIZED
                  00005040    00000020     F2837xS_GlobalVariableDefs.obj (ECap3RegsFile)

ECap4RegsFile 
*          1    00005060    00000020     UNINITIALIZED
                  00005060    00000020     F2837xS_GlobalVariableDefs.obj (ECap4RegsFile)

ECap5RegsFile 
*          1    00005080    00000020     UNINITIALIZED
                  00005080    00000020     F2837xS_GlobalVariableDefs.obj (ECap5RegsFile)

ECap6RegsFile 
*          1    000050a0    00000020     UNINITIALIZED
                  000050a0    00000020     F2837xS_GlobalVariableDefs.obj (ECap6RegsFile)

EQep1RegsFile 
*          1    00005100    00000022     UNINITIALIZED
                  00005100    00000022     F2837xS_GlobalVariableDefs.obj (EQep1RegsFile)

EQep2RegsFile 
*          1    00005140    00000022     UNINITIALIZED
                  00005140    00000022     F2837xS_GlobalVariableDefs.obj (EQep2RegsFile)

EQep3RegsFile 
*          1    00005180    00000022     UNINITIALIZED
                  00005180    00000022     F2837xS_GlobalVariableDefs.obj (EQep3RegsFile)

DacaRegsFile 
*          1    00005c00    00000008     UNINITIALIZED
                  00005c00    00000008     F2837xS_GlobalVariableDefs.obj (DacaRegsFile)

DacbRegsFile 
*          1    00005c10    00000008     UNINITIALIZED
                  00005c10    00000008     F2837xS_GlobalVariableDefs.obj (DacbRegsFile)

DaccRegsFile 
*          1    00005c20    00000008     UNINITIALIZED
                  00005c20    00000008     F2837xS_GlobalVariableDefs.obj (DaccRegsFile)

Sdfm1RegsFile 
*          1    00005e00    00000080     UNINITIALIZED
                  00005e00    00000080     F2837xS_GlobalVariableDefs.obj (Sdfm1RegsFile)

Sdfm2RegsFile 
*          1    00005e80    00000080     UNINITIALIZED
                  00005e80    00000080     F2837xS_GlobalVariableDefs.obj (Sdfm2RegsFile)

McbspaRegsFile 
*          1    00006000    00000024     UNINITIALIZED
                  00006000    00000024     F2837xS_GlobalVariableDefs.obj (McbspaRegsFile)

McbspbRegsFile 
*          1    00006040    00000024     UNINITIALIZED
                  00006040    00000024     F2837xS_GlobalVariableDefs.obj (McbspbRegsFile)

SpiaRegsFile 
*          1    00006100    00000010     UNINITIALIZED
                  00006100    00000010     F2837xS_GlobalVariableDefs.obj (SpiaRegsFile)

SpibRegsFile 
*          1    00006110    00000010     UNINITIALIZED
                  00006110    00000010     F2837xS_GlobalVariableDefs.obj (SpibRegsFile)

SpicRegsFile 
*          1    00006120    00000010     UNINITIALIZED
                  00006120    00000010     F2837xS_GlobalVariableDefs.obj (SpicRegsFile)

UppRegsFile 
*          1    00006200    00000048     UNINITIALIZED
                  00006200    00000048     F2837xS_GlobalVariableDefs.obj (UppRegsFile)

WdRegsFile 
*          1    00007000    0000002b     UNINITIALIZED
                  00007000    0000002b     F2837xS_GlobalVariableDefs.obj (WdRegsFile)

NmiIntruptRegsFile 
*          1    00007060    00000007     UNINITIALIZED
                  00007060    00000007     F2837xS_GlobalVariableDefs.obj (NmiIntruptRegsFile)

XintRegsFile 
*          1    00007070    0000000b     UNINITIALIZED
                  00007070    0000000b     F2837xS_GlobalVariableDefs.obj (XintRegsFile)

SciaRegsFile 
*          1    00007200    00000010     UNINITIALIZED
                  00007200    00000010     F2837xS_GlobalVariableDefs.obj (SciaRegsFile)

ScibRegsFile 
*          1    00007210    00000010     UNINITIALIZED
                  00007210    00000010     F2837xS_GlobalVariableDefs.obj (ScibRegsFile)

ScicRegsFile 
*          1    00007220    00000010     UNINITIALIZED
                  00007220    00000010     F2837xS_GlobalVariableDefs.obj (ScicRegsFile)

ScidRegsFile 
*          1    00007230    00000010     UNINITIALIZED
                  00007230    00000010     F2837xS_GlobalVariableDefs.obj (ScidRegsFile)

I2caRegsFile 
*          1    00007300    00000022     UNINITIALIZED
                  00007300    00000022     F2837xS_GlobalVariableDefs.obj (I2caRegsFile)

I2cbRegsFile 
*          1    00007340    00000022     UNINITIALIZED
                  00007340    00000022     F2837xS_GlobalVariableDefs.obj (I2cbRegsFile)

AdcaRegsFile 
*          1    00007400    00000080     UNINITIALIZED
                  00007400    00000080     F2837xS_GlobalVariableDefs.obj (AdcaRegsFile)

AdcbRegsFile 
*          1    00007480    00000080     UNINITIALIZED
                  00007480    00000080     F2837xS_GlobalVariableDefs.obj (AdcbRegsFile)

AdccRegsFile 
*          1    00007500    00000080     UNINITIALIZED
                  00007500    00000080     F2837xS_GlobalVariableDefs.obj (AdccRegsFile)

AdcdRegsFile 
*          1    00007580    00000080     UNINITIALIZED
                  00007580    00000080     F2837xS_GlobalVariableDefs.obj (AdcdRegsFile)

InputXbarRegsFile 
*          1    00007900    00000020     UNINITIALIZED
                  00007900    00000020     F2837xS_GlobalVariableDefs.obj (InputXbarRegsFile)

XbarRegsFile 
*          1    00007920    00000020     UNINITIALIZED
                  00007920    00000020     F2837xS_GlobalVariableDefs.obj (XbarRegsFile)

SyncSocRegsFile 
*          1    00007940    00000006     UNINITIALIZED
                  00007940    00000006     F2837xS_GlobalVariableDefs.obj (SyncSocRegsFile)

DmaClaSrcSelRegsFile 
*          1    00007980    0000001a     UNINITIALIZED
                  00007980    0000001a     F2837xS_GlobalVariableDefs.obj (DmaClaSrcSelRegsFile)

EPwmXbarRegsFile 
*          1    00007a00    00000040     UNINITIALIZED
                  00007a00    00000040     F2837xS_GlobalVariableDefs.obj (EPwmXbarRegsFile)

OutputXbarRegsFile 
*          1    00007a80    00000040     UNINITIALIZED
                  00007a80    00000040     F2837xS_GlobalVariableDefs.obj (OutputXbarRegsFile)

GpioCtrlRegsFile 
*          1    00007c00    00000180     UNINITIALIZED
                  00007c00    00000180     F2837xS_GlobalVariableDefs.obj (GpioCtrlRegsFile)

GpioDataRegsFile 
*          1    00007f00    00000030     UNINITIALIZED
                  00007f00    00000030     F2837xS_GlobalVariableDefs.obj (GpioDataRegsFile)

CLADataLS0 
*          1    00008000    0000000a     UNINITIALIZED
                  00008000    0000000a     CLA_Module.obj (CLADataLS0)

Emif1RegsFile 
*          1    00047000    00000070     UNINITIALIZED
                  00047000    00000070     F2837xS_GlobalVariableDefs.obj (Emif1RegsFile)

Emif2RegsFile 
*          1    00047800    00000070     UNINITIALIZED
                  00047800    00000070     F2837xS_GlobalVariableDefs.obj (Emif2RegsFile)

CanaRegsFile 
*          1    00048000    00000164     UNINITIALIZED
                  00048000    00000164     F2837xS_GlobalVariableDefs.obj (CanaRegsFile)

CanbRegsFile 
*          1    0004a000    00000164     UNINITIALIZED
                  0004a000    00000164     F2837xS_GlobalVariableDefs.obj (CanbRegsFile)

FlashPumpSemaphoreRegsFile 
*          1    00050024    00000002     UNINITIALIZED
                  00050024    00000002     F2837xS_GlobalVariableDefs.obj (FlashPumpSemaphoreRegsFile)

RomPrefetchRegsFile 
*          1    0005e608    00000002     UNINITIALIZED
                  0005e608    00000002     F2837xS_GlobalVariableDefs.obj (RomPrefetchRegsFile)

MemCfgRegsFile 
*          1    0005f400    00000080     UNINITIALIZED
                  0005f400    00000080     F2837xS_GlobalVariableDefs.obj (MemCfgRegsFile)

Emif1ConfigRegsFile 
*          1    0005f480    00000020     UNINITIALIZED
                  0005f480    00000020     F2837xS_GlobalVariableDefs.obj (Emif1ConfigRegsFile)

Emif2ConfigRegsFile 
*          1    0005f4a0    00000020     UNINITIALIZED
                  0005f4a0    00000020     F2837xS_GlobalVariableDefs.obj (Emif2ConfigRegsFile)

AccessProtectionRegsFile 
*          1    0005f4c0    00000040     UNINITIALIZED
                  0005f4c0    00000040     F2837xS_GlobalVariableDefs.obj (AccessProtectionRegsFile)

MemoryErrorRegsFile 
*          1    0005f500    00000040     UNINITIALIZED
                  0005f500    00000040     F2837xS_GlobalVariableDefs.obj (MemoryErrorRegsFile)

RomWaitStateRegsFile 
*          1    0005f540    00000002     UNINITIALIZED
                  0005f540    00000002     F2837xS_GlobalVariableDefs.obj (RomWaitStateRegsFile)

Flash0CtrlRegsFile 
*          1    0005f800    00000182     UNINITIALIZED
                  0005f800    00000182     F2837xS_GlobalVariableDefs.obj (Flash0CtrlRegsFile)

Flash0EccRegsFile 
*          1    0005fb00    00000028     UNINITIALIZED
                  0005fb00    00000028     F2837xS_GlobalVariableDefs.obj (Flash0EccRegsFile)

Flash1CtrlRegsFile 
*          1    0005fc00    00000182     UNINITIALIZED
                  0005fc00    00000182     F2837xS_GlobalVariableDefs.obj (Flash1CtrlRegsFile)

Flash1EccRegsFile 
*          1    0005ff00    00000028     UNINITIALIZED
                  0005ff00    00000028     F2837xS_GlobalVariableDefs.obj (Flash1EccRegsFile)

.farbss    1    80000000    01000000     UNINITIALIZED
                  80000000    01000000     Memory_Function.obj (.farbss)

ramgs0     1    0000c000    00001000     UNINITIALIZED
                  0000c000    00001000     Memory_Function.obj (ramgs0)

ramgs1     1    0000d000    00001000     UNINITIALIZED
                  0000d000    00001000     Memory_Function.obj (ramgs1)

ramgs2     1    0000e000    00001000     UNINITIALIZED
                  0000e000    00001000     Memory_Function.obj (ramgs2)

ramgs3     1    0000f000    00001000     UNINITIALIZED
                  0000f000    00001000     Memory_Function.obj (ramgs3)

ramgs4     1    00010000    00001000     UNINITIALIZED
                  00010000    00001000     Memory_Function.obj (ramgs4)

ramgs5_to_10 
*          1    00011000    00006000     UNINITIALIZED
                  00011000    00006000     Memory_Function.obj (ramgs5_to_10)

ramgs11    1    00017000    00001000     UNINITIALIZED
                  00017000    00001000     Memory_Function.obj (ramgs11)

ramgs12    1    00018000    00001000     UNINITIALIZED
                  00018000    00001000     Memory_Function.obj (ramgs12)

ramgs13    1    00019000    00000400     UNINITIALIZED
                  00019000    00000400     Memory_Function.obj (ramgs13)

Cla1ToCpuMsgRAM 
*          1    00001480    00000078     UNINITIALIZED
                  00001480    00000078     CLA_Module.obj (Cla1ToCpuMsgRAM)

CpuToCla1MsgRAM 
*          1    00001500    0000003e     UNINITIALIZED
                  00001500    0000003e     CLA_Module.obj (CpuToCla1MsgRAM)

CLAscratch 
*          1    00008800    00000100     UNINITIALIZED
                  00008800    00000100     --HOLE--

.const_cla 
*          1    00008800    00000000     UNINITIALIZED

AnalogSubsysRegsFile 
*          1    0005d180    00000048     UNINITIALIZED
                  0005d180    00000048     F2837xS_GlobalVariableDefs.obj (AnalogSubsysRegsFile)

Cla1SoftIntRegsFile 
*          1    00000ce0    00000004     DSECT
                  00000ce0    00000004     F2837xS_GlobalVariableDefs.obj (Cla1SoftIntRegsFile)

Cmpss1RegsFile 
*          1    00005c80    00000020     UNINITIALIZED
                  00005c80    00000020     F2837xS_GlobalVariableDefs.obj (Cmpss1RegsFile)

Cmpss2RegsFile 
*          1    00005ca0    00000020     UNINITIALIZED
                  00005ca0    00000020     F2837xS_GlobalVariableDefs.obj (Cmpss2RegsFile)

Cmpss3RegsFile 
*          1    00005cc0    00000020     UNINITIALIZED
                  00005cc0    00000020     F2837xS_GlobalVariableDefs.obj (Cmpss3RegsFile)

Cmpss4RegsFile 
*          1    00005ce0    00000020     UNINITIALIZED
                  00005ce0    00000020     F2837xS_GlobalVariableDefs.obj (Cmpss4RegsFile)

Cmpss5RegsFile 
*          1    00005d00    00000020     UNINITIALIZED
                  00005d00    00000020     F2837xS_GlobalVariableDefs.obj (Cmpss5RegsFile)

Cmpss6RegsFile 
*          1    00005d20    00000020     UNINITIALIZED
                  00005d20    00000020     F2837xS_GlobalVariableDefs.obj (Cmpss6RegsFile)

Cmpss7RegsFile 
*          1    00005d40    00000020     UNINITIALIZED
                  00005d40    00000020     F2837xS_GlobalVariableDefs.obj (Cmpss7RegsFile)

Cmpss8RegsFile 
*          1    00005d60    00000020     UNINITIALIZED
                  00005d60    00000020     F2837xS_GlobalVariableDefs.obj (Cmpss8RegsFile)

DcsmZ1RegsFile 
*          1    0005f000    00000024     UNINITIALIZED
                  0005f000    00000024     F2837xS_GlobalVariableDefs.obj (DcsmZ1RegsFile)

DcsmZ2RegsFile 
*          1    0005f040    00000024     UNINITIALIZED
                  0005f040    00000024     F2837xS_GlobalVariableDefs.obj (DcsmZ2RegsFile)

DcsmCommonRegsFile 
*          1    0005f070    00000008     UNINITIALIZED
                  0005f070    00000008     F2837xS_GlobalVariableDefs.obj (DcsmCommonRegsFile)

DcsmZ1OtpFile 
*          1    00078000    00000020     NOLOAD SECTION
                  00078000    00000020     F2837xS_GlobalVariableDefs.obj (DcsmZ1OtpFile)

DcsmZ2OtpFile 
*          1    00078200    00000020     NOLOAD SECTION
                  00078200    00000020     F2837xS_GlobalVariableDefs.obj (DcsmZ2OtpFile)

DevCfgRegsFile 
*          1    0005d000    0000012e     UNINITIALIZED
                  0005d000    0000012e     F2837xS_GlobalVariableDefs.obj (DevCfgRegsFile)

ClkCfgRegsFile 
*          1    0005d200    00000032     UNINITIALIZED
                  0005d200    00000032     F2837xS_GlobalVariableDefs.obj (ClkCfgRegsFile)

CpuSysRegsFile 
*          1    0005d300    00000082     UNINITIALIZED
                  0005d300    00000082     F2837xS_GlobalVariableDefs.obj (CpuSysRegsFile)

.text.1    0    000826b0    00001950     
                  000826b0    00001907     CPU_Timer_Module.obj (.text)
                  00083fb7    00000047     eCAP_Module.obj (.text)
                  00083ffe    00000002     rts2800_fpu32.lib : pre_init.c.obj (.text)

.text.2    0    00084000    00002000     
                  00084000    00001be0     Event_Module.obj (.text)
                  00085be0    000003de     PID_Control_Module.obj (.text)
                  00085fbe    00000032     rts2800_fpu32.lib : sprintf.c.obj (.text)
                  00085ff0    00000010                       : memccpy.c.obj (.text)

.text.3    0    00086094    00001f6c     
                  00086094    0000165b     MS_Control_Module.obj (.text)
                  000876ef    0000080b     Protect_Module.obj (.text)
                  00087efa    000000f5     EXTIO_Module.obj (.text)
                  00087fef    00000011     F2837xS_PieVect.obj (.text)

.text.4    0    00088000    00007ffe     
                  00088000    00002039     CPU_Timer_Module.obj (.text:retain)
                  0008a039    00000ede     Calibration_Module.obj (.text)
                  0008af17    00000b11     SPI_Parser_Module.obj (.text)
                  0008ba28    0000098b     Output_Control_Module.obj (.text)
                  0008c3b3    000007d8     Main_State_Module.obj (.text)
                  0008cb8b    00000001     rts2800_fpu32.lib : _lock.c.obj (.text)
                  0008cb8c    000006d0                       : _printfi.c.obj (.text)
                  0008d25c    000005f5                       : _printfi.c.obj (.text:__TI_printfi)
                  0008d851    00000585     F2837xS_DefaultISR.obj (.text:retain)
                  0008ddd6    0000047e     Global_VariableDefs.obj (.text)
                  0008e254    00000444     Meas_Module.obj (.text)
                  0008e698    000003a5     SCI_Module.obj (.text)
                  0008ea3d    0000038d     F2837xS_SysCtrl.obj (.text)
                  0008edca    0000035e     F2837xS_Emif.obj (.text)
                  0008f128    0000035a     main.obj (.text)
                  0008f482    0000031b     MS_Output_ACDC_INT_Module.obj (.text)
                  0008f79d    0000030b     Output_ACDC_INT_Module.obj (.text)
                  0008faa8    000002bd     GPIO_Module.obj (.text)
                  0008fd65    00000286     Output_SEQ_Module.obj (.text)
                  0008ffeb    00000012     rts2800_fpu32.lib : args_main.c.obj (.text)
                  0008fffd    00000001                       : startup.c.obj (.text)

.text.5    0    00090000    00002348     
                  00090000    000002b7     Wave_Generate_Module.obj (.text)
                  000902b7    000002b4     F2837xS_Mcbsp.obj (.text)
                  0009056b    00000267     Output_ACDC_SYNC_Module.obj (.text)
                  000907d2    00000218     F2837xS_Gpio.obj (.text)
                  000909ea    000001fb     Memory_Function.obj (.text)
                  00090be5    000001ee     SPI_Module.obj (.text)
                  00090dd3    000001eb     Output_ACDC_ADD_Module.obj (.text)
                  00090fbe    00000196     Output_AC_VCA_Module.obj (.text)
                  00091154    0000015a     CLA_Module.obj (.text)
                  000912ae    0000013f     F2837xS_EPwm.obj (.text)
                  000913ed    00000107     rts2800_fpu32.lib : ll_div28.asm.obj (.text)
                  000914f4    000000ee     Phase_Sync_Module.obj (.text)
                  000915e2    000000eb     Output_ACDC_EXT_Module.obj (.text)
                  000916cd    000000e9     F2837xS_Adc.obj (.text)
                  000917b6    000000cf     EPWM_Module.obj (.text)
                  00091885    000000c5     Fan_Control_Module.obj (.text)
                  0009194a    000000b4     SCI_Module.obj (.text:retain)
                  000919fe    000000ac     rts2800_fpu32.lib : s_scalbn.c.obj (.text)
                  00091aaa    0000009c     McBSP_Module.obj (.text)
                  00091b46    0000009c     rts2800_fpu32.lib : fd_add28.asm.obj (.text)
                  00091be2    0000008b                       : fd_div28.asm.obj (.text)
                  00091c6d    00000085     EMIF_Module.obj (.text)
                  00091cf2    00000083     rts2800_fpu32.lib : fd_mpy28.asm.obj (.text)
                  00091d75    0000007f     EEPROM_Module.obj (.text)
                  00091df4    0000007c     CLA_Module.obj (.text:retain)
                  00091e70    0000005e     F2837xS_CpuTimers.obj (.text)
                  00091ece    0000005d     memcpy_fast_far.obj (.text)
                  00091f2b    0000005a     rts2800_fpu32.lib : s_frexp.c.obj (.text)
                  00091f85    00000056                       : boot28.asm.obj (.text)
                  00091fdb    0000004f     DSP_ADC_16bit_Module.obj (.text)
                  0009202a    0000004c     Digital_Filter_Module.obj (.text)
                  00092076    00000031     rts2800_fpu32.lib : atoi.c.obj (.text)
                  000920a7    00000030                       : _ltoa.c.obj (.text)
                  000920d7    0000002a                       : fd_cmp28.asm.obj (.text)
                  00092101    0000002a                       : l_div28.asm.obj (.text)
                  0009212b    00000029     SPI_Module.obj (.text:retain)
                  00092154    00000029     rts2800_fpu32.lib : exit.c.obj (.text)
                  0009217d    00000028     F2837xS_PieCtrl.obj (.text)
                  000921a5    00000024     rts2800_fpu32.lib : cpy_tbl.c.obj (.text)
                  000921c9    00000024                       : s_copysign.c.obj (.text)
                  000921ed    00000021                       : fd_toi28.asm.obj (.text)
                  0009220e    0000001f                       : fd_tol28.asm.obj (.text)
                  0009222d    0000001e                       : ll_cmp28.asm.obj (.text)
                  0009224b    0000001d                       : i_tofd28.asm.obj (.text)
                  00092268    0000001d                       : memcpy.c.obj (.text)
                  00092285    0000001c                       : fs_tofdfpu32.asm.obj (.text)
                  000922a1    0000001c                       : l_tofd28.asm.obj (.text)
                  000922bd    00000018                       : ll_aox28.asm.obj (.text)
                  000922d5    00000017                       : u_tofd28.asm.obj (.text)
                  000922ec    0000000f     DAC_Module.obj (.text)
                  000922fb    0000000e     rts2800_fpu32.lib : fd_sub28.asm.obj (.text)
                  00092309    0000000c                       : strchr.c.obj (.text)
                  00092315    00000009                       : fd_neg28.asm.obj (.text)
                  0009231e    00000009                       : wcslen.c.obj (.text)
                  00092327    00000008                       : strlen.c.obj (.text)
                  0009232f    00000007     memcpy_fast.obj (.text)
                  00092336    00000007     rts2800_fpu32.lib : memset.c.obj (.text)
                  0009233d    00000006     memset_fast.obj (.text)
                  00092343    00000005     rts2800_fpu32.lib : strcpy.c.obj (.text)

.ebss.1    1    00009000    00000800     UNINITIALIZED
                  00009000    00000800     Global_VariableDefs.obj (.ebss)

.ebss.2    1    0001a000    000005bc     UNINITIALIZED
                  0001a000    000001d8     SCI_Module.obj (.ebss)
                  0001a1d8    00000020     Main_State_Module.obj (.ebss)
                  0001a1f8    00000008     MS_Output_ACDC_INT_Module.obj (.ebss)
                  0001a200    00000166     Calibration_Module.obj (.ebss)
                  0001a366    00000018     F2837xS_CpuTimers.obj (.ebss)
                  0001a37e    00000002     rts2800_fpu32.lib : _lock.c.obj (.ebss:__lock)
                  0001a380    00000100     PID_Control_Module.obj (.ebss)
                  0001a480    0000005c     MS_Control_Module.obj (.ebss)
                  0001a4dc    00000018     Output_Control_Module.obj (.ebss)
                  0001a4f4    0000000a     Fan_Control_Module.obj (.ebss)
                  0001a4fe    00000002     rts2800_fpu32.lib : _lock.c.obj (.ebss:__unlock)
                  0001a500    0000003a     Meas_Module.obj (.ebss)
                  0001a53a    00000006     EEPROM_Module.obj (.ebss)
                  0001a540    00000038     CPU_Timer_Module.obj (.ebss)
                  0001a578    00000006     Memory_Function.obj (.ebss)
                  0001a57e    00000001     DSP_ADC_16bit_Module.obj (.ebss)
                  0001a57f    00000001     rts2800_fpu32.lib : errno.c.obj (.ebss)
                  0001a580    0000002c     Digital_Filter_Module.obj (.ebss)
                  0001a5ac    00000010     Output_ACDC_INT_Module.obj (.ebss)

.ebss.3    1    0001a5c0    00000063     UNINITIALIZED
                  0001a5c0    00000016     McBSP_Module.obj (.ebss)
                  0001a5d6    00000016     Phase_Sync_Module.obj (.ebss)
                  0001a5ec    0000000d     SPI_Module.obj (.ebss)
                  0001a5f9    00000001     --HOLE--
                  0001a5fa    00000006     Output_ACDC_ADD_Module.obj (.ebss)
                  0001a600    00000006     Output_ACDC_EXT_Module.obj (.ebss)
                  0001a606    00000006     Output_ACDC_SYNC_Module.obj (.ebss)
                  0001a60c    00000006     Output_AC_VCA_Module.obj (.ebss)
                  0001a612    00000006     Output_SEQ_Module.obj (.ebss)
                  0001a618    00000006     rts2800_fpu32.lib : exit.c.obj (.ebss)
                  0001a61e    00000005     Event_Module.obj (.ebss)

MODULE SUMMARY

       Module                                   code    initialized data   uninitialized data
       ------                                   ----    ----------------   ------------------
    .\F2837xS_comm_Source\
       F2837xS_GlobalVariableDefs.obj           0       0                  9149              
       F2837xS_DefaultISR.obj                   1413    0                  0                 
       F2837xS_SysCtrl.obj                      1197    0                  0                 
       F2837xS_Emif.obj                         862     0                  0                 
       F2837xS_Mcbsp.obj                        692     0                  0                 
       F2837xS_Gpio.obj                         536     0                  0                 
       F2837xS_PieVect.obj                      17      448                0                 
       F2837xS_EPwm.obj                         319     0                  0                 
       F2837xS_Adc.obj                          233     0                  0                 
       F2837xS_CpuTimers.obj                    94      0                  24                
       memcpy_fast_far.obj                      93      0                  0                 
       F2837xS_PieCtrl.obj                      40      0                  0                 
       F2837xS_usDelay.obj                      8       0                  0                 
       memcpy_fast.obj                          7       0                  0                 
       memset_fast.obj                          6       0                  0                 
       F2837xS_CodeStartBranch.obj              2       0                  0                 
    +--+----------------------------------------+-------+------------------+--------------------+
       Total:                                   5519    448                9173              
                                                                                             
    .\Source\
       Memory_Function.obj                      507     0                  16831494          
       CPU_Timer_Module.obj                     14656   802                56                
       Event_Module.obj                         7136    0                  5                 
       CLA_Task.obj                             6416    0                  0                 
       MS_Control_Module.obj                    5723    0                  92                
       Calibration_Module.obj                   3806    0                  358               
       Global_VariableDefs.obj                  1150    0                  2048              
       SPI_Parser_Module.obj                    2833    0                  0                 
       Output_Control_Module.obj                2443    0                  24                
       Protect_Module.obj                       2059    0                  0                 
       Main_State_Module.obj                    2008    0                  32                
       SCI_Module.obj                           1113    1                  472               
       PID_Control_Module.obj                   990     0                  256               
       Meas_Module.obj                          1092    0                  58                
       main.obj                                 858     0                  0                 
       MS_Output_ACDC_INT_Module.obj            795     0                  8                 
       Output_ACDC_INT_Module.obj               779     0                  16                
       GPIO_Module.obj                          701     12                 0                 
       Wave_Generate_Module.obj                 695     0                  0                 
       CLA_Module.obj                           470     0                  192               
       Output_SEQ_Module.obj                    646     0                  6                 
       Output_ACDC_SYNC_Module.obj              615     0                  6                 
       SPI_Module.obj                           535     0                  13                
       Output_ACDC_ADD_Module.obj               491     0                  6                 
       Output_AC_VCA_Module.obj                 406     0                  6                 
       Phase_Sync_Module.obj                    238     0                  22                
       EXTIO_Module.obj                         245     0                  0                 
       Output_ACDC_EXT_Module.obj               235     0                  6                 
       EPWM_Module.obj                          207     0                  0                 
       Fan_Control_Module.obj                   197     0                  10                
       McBSP_Module.obj                         156     0                  22                
       EEPROM_Module.obj                        127     0                  6                 
       EMIF_Module.obj                          133     0                  0                 
       Digital_Filter_Module.obj                76      0                  44                
       DSP_ADC_16bit_Module.obj                 79      0                  1                 
       eCAP_Module.obj                          71      0                  0                 
       DAC_Module.obj                           15      0                  0                 
    +--+----------------------------------------+-------+------------------+--------------------+
       Total:                                   60702   815                16835259          
                                                                                             
    C:\Users\ROGER_~1\AppData\Local\Temp\
       {FC44C257-8CE2-4147-A6DB-A03074C9EBC1}   0       943                0                 
    +--+----------------------------------------+-------+------------------+--------------------+
       Total:                                   0       943                0                 
                                                                                             
    C:\ti\ccs1230\ccs\tools\compiler\ti-cgt-c2000_22.6.0.LTS\lib\rts2800_fpu32.lib
       _printfi.c.obj                           3269    66                 0                 
       ll_div28.asm.obj                         263     0                  0                 
       ctype.c.obj                              0       257                0                 
       s_scalbn.c.obj                           172     0                  0                 
       fd_add28.asm.obj                         156     0                  0                 
       fd_div28.asm.obj                         139     0                  0                 
       fd_mpy28.asm.obj                         131     0                  0                 
       s_frexp.c.obj                            90      0                  0                 
       boot28.asm.obj                           86      0                  0                 
       exit.c.obj                               41      14                 6                 
       sprintf.c.obj                            50      0                  0                 
       atoi.c.obj                               49      0                  0                 
       _ltoa.c.obj                              48      0                  0                 
       fd_cmp28.asm.obj                         42      0                  0                 
       l_div28.asm.obj                          42      0                  0                 
       cpy_tbl.c.obj                            36      0                  0                 
       s_copysign.c.obj                         36      0                  0                 
       fd_toi28.asm.obj                         33      0                  0                 
       fd_tol28.asm.obj                         31      0                  0                 
       ll_cmp28.asm.obj                         30      0                  0                 
       i_tofd28.asm.obj                         29      0                  0                 
       memcpy.c.obj                             29      0                  0                 
       fs_tofdfpu32.asm.obj                     28      0                  0                 
       l_tofd28.asm.obj                         28      0                  0                 
       ll_aox28.asm.obj                         24      0                  0                 
       u_tofd28.asm.obj                         23      0                  0                 
       args_main.c.obj                          18      0                  0                 
       memccpy.c.obj                            16      0                  0                 
       fd_sub28.asm.obj                         14      0                  0                 
       strchr.c.obj                             12      0                  0                 
       fd_neg28.asm.obj                         9       0                  0                 
       wcslen.c.obj                             9       0                  0                 
       strlen.c.obj                             8       0                  0                 
       memset.c.obj                             7       0                  0                 
       _lock.c.obj                              1       0                  4                 
       strcpy.c.obj                             5       0                  0                 
       pre_init.c.obj                           2       0                  0                 
       errno.c.obj                              0       0                  1                 
       startup.c.obj                            1       0                  0                 
    +--+----------------------------------------+-------+------------------+--------------------+
       Total:                                   5007    337                11                
                                                                                             
       Stack:                                   0       0                  512               
    +--+----------------------------------------+-------+------------------+--------------------+
       Grand Total:                             71228   2543               16844955          


GLOBAL DATA SYMBOLS: SORTED BY DATA PAGE

address     data page           name
--------    ----------------    ----
00000400      10 (00000400)     __stack

00000b00      2c (00000b00)     _AdcaResultRegs
00000b20      2c (00000b00)     _AdcbResultRegs

00000b40      2d (00000b40)     _AdccResultRegs
00000b60      2d (00000b40)     _AdcdResultRegs

00000c00      30 (00000c00)     _CpuTimer0Regs
00000c08      30 (00000c00)     _CpuTimer1Regs
00000c10      30 (00000c00)     _CpuTimer2Regs

00000ce0      33 (00000cc0)     _Cla1SoftIntRegs
00000ce0      33 (00000cc0)     _PieCtrlRegs

00000d00      34 (00000d00)     _EmuKey
00000d00      34 (00000d00)     _PieVectTable
00000d01      34 (00000d00)     _EmuBMode

00001000      40 (00001000)     _DmaRegs

00001400      50 (00001400)     _Cla1Regs

00001480      52 (00001480)     _CLA_to_CPU_Variables

00001500      54 (00001500)     _CPU_to_CLA_Variables

00004000     100 (00004000)     _EPwm1Regs

00004100     104 (00004100)     _EPwm2Regs

00004200     108 (00004200)     _EPwm3Regs

00004300     10c (00004300)     _EPwm4Regs

00004400     110 (00004400)     _EPwm5Regs

00004500     114 (00004500)     _EPwm6Regs

00004600     118 (00004600)     _EPwm7Regs

00004700     11c (00004700)     _EPwm8Regs

00004800     120 (00004800)     _EPwm9Regs

00004900     124 (00004900)     _EPwm10Regs

00004a00     128 (00004a00)     _EPwm11Regs

00004b00     12c (00004b00)     _EPwm12Regs

00005000     140 (00005000)     _ECap1Regs
00005020     140 (00005000)     _ECap2Regs

00005040     141 (00005040)     _ECap3Regs
00005060     141 (00005040)     _ECap4Regs

00005080     142 (00005080)     _ECap5Regs
000050a0     142 (00005080)     _ECap6Regs

00005100     144 (00005100)     _EQep1Regs

00005140     145 (00005140)     _EQep2Regs

00005180     146 (00005180)     _EQep3Regs

00005c00     170 (00005c00)     _DacaRegs
00005c10     170 (00005c00)     _DacbRegs
00005c20     170 (00005c00)     _DaccRegs

00005c80     172 (00005c80)     _Cmpss1Regs
00005ca0     172 (00005c80)     _Cmpss2Regs

00005cc0     173 (00005cc0)     _Cmpss3Regs
00005ce0     173 (00005cc0)     _Cmpss4Regs

00005d00     174 (00005d00)     _Cmpss5Regs
00005d20     174 (00005d00)     _Cmpss6Regs

00005d40     175 (00005d40)     _Cmpss7Regs
00005d60     175 (00005d40)     _Cmpss8Regs

00005e00     178 (00005e00)     _Sdfm1Regs

00005e80     17a (00005e80)     _Sdfm2Regs

00006000     180 (00006000)     _McbspaRegs

00006040     181 (00006040)     _McbspbRegs

00006100     184 (00006100)     _SpiaRegs
00006110     184 (00006100)     _SpibRegs
00006120     184 (00006100)     _SpicRegs

00006200     188 (00006200)     _UppRegs

00007000     1c0 (00007000)     _WdRegs

00007060     1c1 (00007040)     _NmiIntruptRegs
00007070     1c1 (00007040)     _XintRegs

00007200     1c8 (00007200)     _SciaRegs
00007210     1c8 (00007200)     _ScibRegs
00007220     1c8 (00007200)     _ScicRegs
00007230     1c8 (00007200)     _ScidRegs

00007300     1cc (00007300)     _I2caRegs

00007340     1cd (00007340)     _I2cbRegs

00007400     1d0 (00007400)     _AdcaRegs

00007480     1d2 (00007480)     _AdcbRegs

00007500     1d4 (00007500)     _AdccRegs

00007580     1d6 (00007580)     _AdcdRegs

00007900     1e4 (00007900)     _InputXbarRegs
00007920     1e4 (00007900)     _XbarRegs

00007940     1e5 (00007940)     _SyncSocRegs

00007980     1e6 (00007980)     _DmaClaSrcSelRegs

00007a00     1e8 (00007a00)     _EPwmXbarRegs

00007a80     1ea (00007a80)     _OutputXbarRegs

00007c00     1f0 (00007c00)     _GpioCtrlRegs

00007f00     1fc (00007f00)     _GpioDataRegs

00008000     200 (00008000)     _CLA_Module_Variables

00009000     240 (00009000)     _Global_Variables

0000c000     300 (0000c000)     _LocalRam_variables

0000d000     340 (0000d000)     _V_RAW

0000e000     380 (0000e000)     _I_RAW

0000f000     3c0 (0000f000)     _SEQ_Step_Section1

00010000     400 (00010000)     _SEQ_Step_Section2

00011000     440 (00011000)     _WAVE_DATA

00017000     5c0 (00017000)     _SEQ_Step_Section3

00018000     600 (00018000)     _SEQ_Step_Section4

00019000     640 (00019000)     _SEQ_Step_Section5

0001a000     680 (0001a000)     _SCI_Module_Variables

0001a1d8     687 (0001a1c0)     _Main_State_Module
0001a1f8     687 (0001a1c0)     _MS_Output_ACDC_INT_Module

0001a200     688 (0001a200)     _Calibration_Module_Variables

0001a366     68d (0001a340)     _CpuTimer0
0001a36e     68d (0001a340)     _CpuTimer1
0001a376     68d (0001a340)     _CpuTimer2
0001a37e     68d (0001a340)     __lock

0001a380     68e (0001a380)     _PID_Control_Module

0001a480     692 (0001a480)     _MS_Control_Module_Variables

0001a4dc     693 (0001a4c0)     _Output_Control_Module
0001a4f4     693 (0001a4c0)     _Fan_Speed_Control_Variables
0001a4fe     693 (0001a4c0)     __unlock

0001a500     694 (0001a500)     _Meas_Module
0001a53a     694 (0001a500)     _EEPROM_Module_Variables

0001a540     695 (0001a540)     _cpu_timer_module
0001a578     695 (0001a540)     _Memory_Module
0001a57e     695 (0001a540)     _DSP_ADC_16bit_Module_Variables
0001a57f     695 (0001a540)     _errno

0001a580     696 (0001a580)     _EXT_AD_LPF
0001a596     696 (0001a580)     _EXT_AD_DC_FILTER_LPF
0001a5ac     696 (0001a580)     _Output_ACDC_INT_Module

0001a5c0     697 (0001a5c0)     _McBSP_Module_Variables
0001a5d6     697 (0001a5c0)     _Phase_Sync_Module
0001a5ec     697 (0001a5c0)     _SPI_Module_Variables
0001a5fa     697 (0001a5c0)     _Output_ACDC_ADD_Module

0001a600     698 (0001a600)     _Output_ACDC_EXT_Module
0001a606     698 (0001a600)     _Output_ACDC_SYNC_Module
0001a60c     698 (0001a600)     _Output_AC_VCA_Module
0001a612     698 (0001a600)     _Output_SEQ_Module
0001a618     698 (0001a600)     ___TI_enable_exit_profile_output
0001a61a     698 (0001a600)     ___TI_cleanup_ptr
0001a61c     698 (0001a600)     ___TI_dtors_ptr
0001a61e     698 (0001a600)     _Event_Module

00047000    11c0 (00047000)     _Emif1Regs

00047800    11e0 (00047800)     _Emif2Regs

00048000    1200 (00048000)     _CanaRegs

0004a000    1280 (0004a000)     _CanbRegs

00050024    1400 (00050000)     _FlashPumpSemaphoreRegs

0005d000    1740 (0005d000)     _DevCfgRegs

0005d180    1746 (0005d180)     _AnalogSubsysRegs

0005d200    1748 (0005d200)     _ClkCfgRegs

0005d300    174c (0005d300)     _CpuSysRegs

0005e608    1798 (0005e600)     _RomPrefetchRegs

0005f000    17c0 (0005f000)     _DcsmZ1Regs

0005f040    17c1 (0005f040)     _DcsmZ2Regs
0005f070    17c1 (0005f040)     _DcsmCommonRegs

0005f400    17d0 (0005f400)     _MemCfgRegs

0005f480    17d2 (0005f480)     _Emif1ConfigRegs
0005f4a0    17d2 (0005f480)     _Emif2ConfigRegs

0005f4c0    17d3 (0005f4c0)     _AccessProtectionRegs

0005f500    17d4 (0005f500)     _MemoryErrorRegs

0005f540    17d5 (0005f540)     _RomWaitStateRegs

0005f800    17e0 (0005f800)     _Flash0CtrlRegs

0005fb00    17ec (0005fb00)     _Flash0EccRegs

0005fc00    17f0 (0005fc00)     _Flash1CtrlRegs

0005ff00    17fc (0005ff00)     _Flash1EccRegs

00078000    1e00 (00078000)     _DcsmZ1Otp

00078200    1e08 (00078200)     _DcsmZ2Otp

00092348    248d (00092340)     _PieVectTableInit

00092508    2494 (00092500)     __ctypes_

80000000    2000000 (80000000)     _SDRAM_variables


GLOBAL SYMBOLS: SORTED ALPHABETICALLY BY Name 

page  address   name                                     
----  -------   ----                                     
abs   ffffffff  .text                                    
0     00092154  C$$EXIT                                  
abs   00000100  CLA_SCRATCHPAD_SIZE                      
0     00091b46  FD$$ADD                                  
0     000920d7  FD$$CMP                                  
0     00091be2  FD$$DIV                                  
0     00091cf2  FD$$MPY                                  
0     00092315  FD$$NEG                                  
0     000922fb  FD$$SUB                                  
0     000921ed  FD$$TOI                                  
0     0009220e  FD$$TOL                                  
0     00092285  FS$$TOFD                                 
0     0009224b  I$$TOFD                                  
0     00092101  L$$DIV                                   
0     00092110  L$$MOD                                   
0     000922a1  L$$TOFD                                  
0     000922bd  LL$$AND                                  
0     0009222d  LL$$CMP                                  
0     000913ed  LL$$DIV                                  
0     00091429  LL$$MOD                                  
0     000922c5  LL$$OR                                   
0     000922cd  LL$$XOR                                  
0     000922d5  U$$TOFD                                  
0     0009211e  UL$$DIV                                  
0     00092125  UL$$MOD                                  
0     0009223f  ULL$$CMP                                 
0     00091463  ULL$$DIV                                 
0     00091492  ULL$$MOD                                 
0     0008c035  _ACDCV_Compensate_PID_Loop               
0     00090dd3  _ACDC_ADD_Output_Process                 
0     000915e2  _ACDC_EXT_Output_Process                 
0     0008f79d  _ACDC_INT_Output_Process                 
0     0009056b  _ACDC_SYNC_Output_Process                
0     00087758  _ACFAIL_start_time_reset                 
0     00085f58  _ACV_Control_Loop_Calc                   
0     00090fbe  _AC_VCA_Output_Process                   
0     0008ddcc  _ADCA1_ISR                               
0     0008ddc2  _ADCA2_ISR                               
0     0008ddb8  _ADCA3_ISR                               
0     0008ddae  _ADCA4_ISR                               
0     0008dda4  _ADCA_EVT_ISR                            
0     0008dd9a  _ADCB1_ISR                               
0     0008dd90  _ADCB2_ISR                               
0     0008dd86  _ADCB3_ISR                               
0     0008dd7c  _ADCB4_ISR                               
0     0008dd72  _ADCB_EVT_ISR                            
0     0008dd68  _ADCC1_ISR                               
0     0008dd5e  _ADCC2_ISR                               
0     0008dd54  _ADCC3_ISR                               
0     0008dd4a  _ADCC4_ISR                               
0     0008dd40  _ADCC_EVT_ISR                            
0     0008dd36  _ADCD1_ISR                               
0     0008dd2c  _ADCD2_ISR                               
0     0008dd22  _ADCD3_ISR                               
0     0008dd18  _ADCD4_ISR                               
0     0008dd0e  _ADCD_EVT_ISR                            
0     000849cc  _ADD_Mode_Change_ACV_DCV_GAIN_Event      
0     0008f06f  _ASync_cs2_config                        
0     0008f019  _ASync_cs3_config                        
0     0008efc3  _ASync_cs4_config                        
0     0008efa3  _ASync_wait_config                       
0     0008dd04  _AUX_PLL_SLIP_ISR                        
1     0005f4c0  _AccessProtectionRegs                    
0     000916cd  _AdcSetMode                              
1     00007400  _AdcaRegs                                
1     00000b00  _AdcaResultRegs                          
1     00007480  _AdcbRegs                                
1     00000b20  _AdcbResultRegs                          
1     00007500  _AdccRegs                                
1     00000b40  _AdccResultRegs                          
1     00007580  _AdcdRegs                                
1     00000b60  _AdcdResultRegs                          
0     00084478  _Adj_Output_Range_Event                  
1     0005d180  _AnalogSubsysRegs                        
0     0008ec5d  _AuxAuxClkSel                            
0     0008ec78  _AuxIntOsc2Sel                           
0     0008ec67  _AuxXtalOscSel                           
0     0008f218  _Busy_State_Process                      
0     0008dcfa  _CANA0_ISR                               
0     0008dcf0  _CANA1_ISR                               
0     0008dce6  _CANB0_ISR                               
0     0008dcdc  _CANB1_ISR                               
0     0008bff5  _CC_Compensate_PID_Loop                  
0     00085ef2  _CC_Control_Loop_Calc                    
0     0008dcd2  _CLA1_1_ISR                              
0     0008dcc8  _CLA1_2_ISR                              
0     0008dcbe  _CLA1_3_ISR                              
0     0008dcb4  _CLA1_4_ISR                              
0     0008dcaa  _CLA1_5_ISR                              
0     0008dca0  _CLA1_6_ISR                              
0     0008dc96  _CLA1_7_ISR                              
0     0008dc8c  _CLA1_8_ISR                              
1     00008000  _CLA_Module_Variables                    
0     0008dc82  _CLA_OVERFLOW_ISR                        
0     0008dc78  _CLA_UNDERFLOW_ISR                       
0     00091275  _CLA_configClaMemory                     
0     0009125a  _CLA_initCpu1Cla1                        
1     00001480  _CLA_to_CPU_Variables                    
0     0008af17  _CMD_Parser_Process                      
1     00001500  _CPU_to_CLA_Variables                    
0     0008bfbd  _CP_Compensate_PID_Loop                  
0     00085e8c  _CP_Control_Loop_Calc                    
0     0008faa8  _CTRL_Setup_4094_Output_Sequence         
0     0008c1aa  _CV_Compensate_Loop                      
0     00083fb3  _Calc_Elapsed_Time                       
0     0008f14d  _Calc_Meas_Period_Process                
0     00084997  _Calc_V_SlewRate_set_Event               
1     0001a200  _Calibration_Module_Variables            
0     0008a174  _Calibration_Process                     
1     00048000  _CanaRegs                                
1     0004a000  _CanbRegs                                
0     00084922  _Change_FREQ_Event                       
0     000851f9  _Change_Output_Range_Event               
0     0008f291  _Change_Output_Range_Process             
0     000847a5  _Change_Waveform_Event                   
0     00084e41  _Check_Cali_CheckSum_Event               
abs   00000000  _Cla1ConstLoadSize                       
1     00008800  _Cla1ConstLoadStart                      
1     00008800  _Cla1ConstRunStart                       
1     00001400  _Cla1Regs                                
0     00000ce0  _Cla1SoftIntRegs                         
0     0000a000  _Cla1Task1                               
0     0000ac50  _Cla1Task2                               
0     0000ac58  _Cla1Task3                               
0     0000ac60  _Cla1Task4                               
0     0000ac68  _Cla1Task5                               
0     0000ac70  _Cla1Task6                               
0     0000ac78  _Cla1Task7                               
0     0000ac80  _Cla1Task8                               
0     000a8c88  _Cla1funcsLoadEnd                        
abs   00000c88  _Cla1funcsLoadSize                       
0     000a8000  _Cla1funcsLoadStart                      
0     0000a000  _Cla1funcsRunStart                       
1     0005d200  _ClkCfgRegs                              
1     00005c80  _Cmpss1Regs                              
1     00005ca0  _Cmpss2Regs                              
1     00005cc0  _Cmpss3Regs                              
1     00005ce0  _Cmpss4Regs                              
1     00005d00  _Cmpss5Regs                              
1     00005d20  _Cmpss6Regs                              
1     00005d40  _Cmpss7Regs                              
1     00005d60  _Cmpss8Regs                              
0     0008c2ef  _Compensate_Calc_Process                 
0     00091eab  _ConfigCpuTimer                          
1     0005d300  _CpuSysRegs                              
1     0001a366  _CpuTimer0                               
1     00000c00  _CpuTimer0Regs                           
1     0001a36e  _CpuTimer1                               
1     00000c08  _CpuTimer1Regs                           
1     0001a376  _CpuTimer2                               
1     00000c10  _CpuTimer2Regs                           
0     0008eda9  _CsmUnlock                               
0     0008dc6e  _DATALOG_ISR                             
0     0008775f  _DCAC_OTP_start_time_reset               
0     0008bf4f  _DCV_Compensate_PID_Loop1                
0     0008beea  _DCV_Compensate_PID_Loop2                
0     00085e26  _DCV_Control_Loop1_Calc                  
0     00085dc0  _DCV_Control_Loop2_Calc                  
0     00087766  _DC_OVP_start_time_reset                 
0     0008dc64  _DMA_CH1_ISR                             
0     0008dc5a  _DMA_CH2_ISR                             
0     0008dc50  _DMA_CH3_ISR                             
0     0008dc46  _DMA_CH4_ISR                             
0     0008dc3c  _DMA_CH5_ISR                             
0     0008dc32  _DMA_CH6_ISR                             
1     0001a57e  _DSP_ADC_16bit_Module_Variables          
1     00005c00  _DacaRegs                                
1     00005c10  _DacbRegs                                
1     00005c20  _DaccRegs                                
1     0005f070  _DcsmCommonRegs                          
1     00078000  _DcsmZ1Otp                               
1     0005f000  _DcsmZ1Regs                              
1     00078200  _DcsmZ2Otp                               
1     0005f040  _DcsmZ2Regs                              
1     0005d000  _DevCfgRegs                              
0     0008eb63  _DisableDog                              
0     0008ed66  _DisablePeripheralClocks                 
0     0008e254  _Display_Move_Avg_Reset                  
1     00007980  _DmaClaSrcSelRegs                        
1     00001000  _DmaRegs                                 
0     0008dc28  _ECAP1_ISR                               
0     0008dc1e  _ECAP2_ISR                               
0     0008dc14  _ECAP3_ISR                               
0     0008dc0a  _ECAP4_ISR                               
0     0008dc00  _ECAP5_ISR                               
0     0008dbf6  _ECAP6_ISR                               
1     00005000  _ECap1Regs                               
1     00005020  _ECap2Regs                               
1     00005040  _ECap3Regs                               
1     00005060  _ECap4Regs                               
1     00005080  _ECap5Regs                               
1     000050a0  _ECap6Regs                               
0     0008fd0b  _EEPROM_BUSY_Check_Sequence              
0     0008fca8  _EEPROM_Control_Sequence                 
1     0001a53a  _EEPROM_Module_Variables                 
0     0008fc4d  _EEPROM_READ_Sequence                    
0     0008fbec  _EEPROM_WRITE_Sequence                   
0     0008dbec  _EMIF_ERROR_ISR                          
0     0008dbdf  _EMPTY_ISR                               
0     0008dbd5  _EMU_ISR                                 
0     0008dbcb  _EPWM10_ISR                              
0     0008dbc1  _EPWM10_TZ_ISR                           
0     0008dbb7  _EPWM11_ISR                              
0     0008dbad  _EPWM11_TZ_ISR                           
0     0008dba3  _EPWM12_ISR                              
0     0008db99  _EPWM12_TZ_ISR                           
0     0008db8f  _EPWM1_ISR                               
0     0008db85  _EPWM1_TZ_ISR                            
0     0008db7b  _EPWM2_ISR                               
0     0008db71  _EPWM2_TZ_ISR                            
0     0008db67  _EPWM3_ISR                               
0     0008db5d  _EPWM3_TZ_ISR                            
0     0008db53  _EPWM4_ISR                               
0     0008db49  _EPWM4_TZ_ISR                            
0     0008db3f  _EPWM5_ISR                               
0     0008db35  _EPWM5_TZ_ISR                            
0     0008db2b  _EPWM6_ISR                               
0     0008db21  _EPWM6_TZ_ISR                            
0     0008db17  _EPWM7_ISR                               
0     0008db0d  _EPWM7_TZ_ISR                            
0     0008db03  _EPWM8_ISR                               
0     0008daf9  _EPWM8_TZ_ISR                            
0     0008daef  _EPWM9_ISR                               
0     0008dae5  _EPWM9_TZ_ISR                            
1     00004900  _EPwm10Regs                              
1     00004a00  _EPwm11Regs                              
1     00004b00  _EPwm12Regs                              
1     00004000  _EPwm1Regs                               
1     00004100  _EPwm2Regs                               
1     00004200  _EPwm3Regs                               
1     00004300  _EPwm4Regs                               
1     00004400  _EPwm5Regs                               
1     00004500  _EPwm6Regs                               
1     00004600  _EPwm7Regs                               
1     00004700  _EPwm8Regs                               
1     00004800  _EPwm9Regs                               
1     00007a00  _EPwmXbarRegs                            
0     0008dadb  _EQEP1_ISR                               
0     0008dad1  _EQEP2_ISR                               
0     0008dac7  _EQEP3_ISR                               
1     00005100  _EQep1Regs                               
1     00005140  _EQep2Regs                               
1     00005180  _EQep3Regs                               
1     0001a596  _EXT_AD_DC_FILTER_LPF                    
1     0001a580  _EXT_AD_LPF                              
0     0008beb1  _EXT_Freq_Calc_Process                   
1     0005f480  _Emif1ConfigRegs                         
0     0008ef98  _Emif1Initialize                         
1     00047000  _Emif1Regs                               
1     0005f4a0  _Emif2ConfigRegs                         
0     0008ef8d  _Emif2Initialize                         
1     00047800  _Emif2Regs                               
1     00000d01  _EmuBMode                                
1     00000d00  _EmuKey                                  
0     0009219c  _EnableInterrupts                        
1     0001a61e  _Event_Module                            
0     000857bb  _Event_Scan                              
0     00009890  _F28x_usDelay                            
0     00087712  _FANFAIL1_start_time_reset               
0     00087719  _FANFAIL2_start_time_reset               
0     00087720  _FANFAIL_start_time_reset                
0     0008dabd  _FLASH_CORRECTABLE_ERROR_ISR             
0     0008dab3  _FPU_OVERFLOW_ISR                        
0     0008daa9  _FPU_UNDERFLOW_ISR                       
0     0009189b  _Fan_Speed_Command_Update                
1     0001a4f4  _Fan_Speed_Control_Variables             
1     0005f800  _Flash0CtrlRegs                          
1     0005fb00  _Flash0EccRegs                           
1     0005fc00  _Flash1CtrlRegs                          
1     0005ff00  _Flash1EccRegs                           
0     0000987c  _FlashOff_Bank0                          
0     00009868  _FlashOff_Bank1                          
1     00050024  _FlashPumpSemaphoreRegs                  
0     000909da  _GPIO_EnableUnbondedIOPullups            
0     000909b5  _GPIO_EnableUnbondedIOPullupsFor100Pin   
0     0009099c  _GPIO_EnableUnbondedIOPullupsFor176Pin   
0     00090988  _GPIO_ReadPin                            
0     00090966  _GPIO_SetupLock                          
0     00090911  _GPIO_SetupPinMux                        
0     0009088c  _GPIO_SetupPinOptions                    
0     00090885  _GPIO_SetupXINT1Gpio                     
0     0009087e  _GPIO_SetupXINT2Gpio                     
0     00090877  _GPIO_SetupXINT3Gpio                     
0     00090870  _GPIO_SetupXINT4Gpio                     
0     00090869  _GPIO_SetupXINT5Gpio                     
0     0009084f  _GPIO_WritePin                           
0     00090262  _Generate_Sine_wave_data_process         
0     00090223  _Generate_Sine_wave_data_process_local   
0     00090178  _Generate_Square_wave_data_process       
0     0009012d  _Generate_Square_wave_data_process_local 
0     00090051  _Generate_Tri_wave_data_process          
0     00090000  _Generate_Tri_wave_data_process_local    
0     0009201d  _Get_DSP_ADC_16bit_Data                  
1     00009000  _Global_Variables                        
1     00007c00  _GpioCtrlRegs                            
1     00007f00  _GpioDataRegs                            
0     0008ed98  _HALT                                    
0     0008ed84  _HIB                                     
0     0008ba28  _Handle_DCAC_ON_OCP_Delay_Process        
0     0008da9f  _I2CA_FIFO_ISR                           
0     0008da95  _I2CA_ISR                                
0     0008da8b  _I2CB_FIFO_ISR                           
0     0008da81  _I2CB_ISR                                
1     00007300  _I2caRegs                                
1     00007340  _I2cbRegs                                
0     0008ed5d  _IDLE                                    
0     0008da77  _ILLEGAL_ISR                             
0     0008da6d  _IPC0_ISR                                
0     0008da63  _IPC1_ISR                                
0     0008da59  _IPC2_ISR                                
0     0008da4f  _IPC3_ISR                                
1     0000e000  _I_RAW                                   
0     0008776d  _I_rms_ocp_start_time_reset              
0     0009055d  _IniMcbspb12bit                          
0     0008ec85  _InitAuxPll                              
0     00091e70  _InitCpuTimers                           
0     00091380  _InitEPwm10Gpio                          
0     0009139b  _InitEPwm11Gpio                          
0     000913b7  _InitEPwm12Gpio                          
0     000912ae  _InitEPwm1Gpio                           
0     000912c4  _InitEPwm2Gpio                           
0     000912da  _InitEPwm3Gpio                           
0     000912f2  _InitEPwm4Gpio                           
0     0009130a  _InitEPwm5Gpio                           
0     00091320  _InitEPwm6Gpio                           
[...]
0     0008fbec  _EEPROM_WRITE_Sequence                   
0     0008fc4d  _EEPROM_READ_Sequence                    
0     0008fca8  _EEPROM_Control_Sequence                 
0     0008fd0b  _EEPROM_BUSY_Check_Sequence              
0     0008fd65  _SEQ_Output_Process                      
0     0008ffe3  _Init_Output_SEQ_Module_Variables        
0     0008ffeb  __args_main                              
0     0008fffd  __system_post_cinit                      
0     00090000  _Generate_Tri_wave_data_process_local    
0     00090051  _Generate_Tri_wave_data_process          
0     0009012d  _Generate_Square_wave_data_process_local 
0     00090178  _Generate_Square_wave_data_process       
0     00090223  _Generate_Sine_wave_data_process_local   
0     00090262  _Generate_Sine_wave_data_process         
0     000902b7  _delay_loop                              
0     0009032b  _clkg_delay_loop                         
0     0009039f  _InitMcbspbInt                           
0     000903b4  _InitMcbspbGpio                          
0     00090405  _InitMcbspb8bit                          
0     0009040f  _InitMcbspb32bit                         
0     0009041d  _InitMcbspb24bit                         
0     0009042b  _InitMcbspb20bit                         
0     00090439  _InitMcbspb16bit                         
0     00090447  _InitMcbspb                              
0     00090489  _InitMcbspaInt                           
0     0009049e  _InitMcbspaGpio                          
0     000904cb  _InitMcbspa8bit                          
0     000904d5  _InitMcbspa32bit                         
0     000904e3  _InitMcbspa24bit                         
0     000904f1  _InitMcbspa20bit                         
0     000904ff  _InitMcbspa16bit                         
0     0009050d  _InitMcbspa12bit                         
0     0009051b  _InitMcbspa                              
0     0009055d  _IniMcbspb12bit                          
0     0009056b  _ACDC_SYNC_Output_Process                
0     000907ca  _Init_Output_ACDC_SYNC_Module_Variables  
0     000907d2  _InitGpio                                
0     0009084f  _GPIO_WritePin                           
0     00090869  _GPIO_SetupXINT5Gpio                     
0     00090870  _GPIO_SetupXINT4Gpio                     
0     00090877  _GPIO_SetupXINT3Gpio                     
0     0009087e  _GPIO_SetupXINT2Gpio                     
0     00090885  _GPIO_SetupXINT1Gpio                     
0     0009088c  _GPIO_SetupPinOptions                    
0     00090911  _GPIO_SetupPinMux                        
0     00090966  _GPIO_SetupLock                          
0     00090988  _GPIO_ReadPin                            
0     0009099c  _GPIO_EnableUnbondedIOPullupsFor176Pin   
0     000909b5  _GPIO_EnableUnbondedIOPullupsFor100Pin   
0     000909da  _GPIO_EnableUnbondedIOPullups            
0     000909ea  _local_memory_reset                      
0     000909f1  _SDRAM_Self_Test_V2                      
0     00090b31  _Local_RAM_and_SDRAM_Clear               
0     00090bae  _Load_WAVE_SDRAM_to_LOCAL_RAM_Process    
0     00090bdd  _Init_Memory_Module_Variables            
0     00090be5  _Init_SPI_B_GPIO_for_Slave               
0     00090c04  _Init_SPI_B_Reg_for_Slave                
0     00090c45  _Init_SPI_B_Reg_for_Master               
0     00090c86  _Init_SPI_B_Reg_for_Slave_SDRAM_SYNC     
0     00090cc7  _Init_SPI_B_Reg_for_Master_SDRAM_SYNC    
0     00090d08  _Init_SPI_Module_Variables               
0     00090d20  _Init_SPI_A_Reg                          
0     00090d61  _Init_SPI_A_GPIO                         
0     00090d9b  _Init_ADS8353                            
0     00090dd3  _ACDC_ADD_Output_Process                 
0     00090fb6  _Init_Output_ACDC_ADD_Module_Variables   
0     00090fbe  _AC_VCA_Output_Process                   
0     0009114c  _Init_Output_AC_VCA_Module_Variables     
0     00091154  _Init_CLA_Module_Variables               
0     0009125a  _CLA_initCpu1Cla1                        
0     00091275  _CLA_configClaMemory                     
0     000912ae  _InitEPwm1Gpio                           
0     000912c4  _InitEPwm2Gpio                           
0     000912da  _InitEPwm3Gpio                           
0     000912f2  _InitEPwm4Gpio                           
0     0009130a  _InitEPwm5Gpio                           
0     00091320  _InitEPwm6Gpio                           
0     00091336  _InitEPwm7Gpio                           
0     0009134e  _InitEPwm8Gpio                           
0     00091366  _InitEPwm9Gpio                           
0     00091380  _InitEPwm10Gpio                          
0     0009139b  _InitEPwm11Gpio                          
0     000913b7  _InitEPwm12Gpio                          
0     000913d4  _InitEPwmGpio                            
0     000913ed  LL$$DIV                                  
0     00091429  LL$$MOD                                  
0     00091463  ULL$$DIV                                 
0     00091492  ULL$$MOD                                 
0     000914f4  _Phase_Sync_Process                      
0     000915bd  _Init_Phase_Sync_Module_Variables        
0     000915e2  _ACDC_EXT_Output_Process                 
0     000916c5  _Init_Output_ACDC_EXT_Module_Variables   
0     000916cd  _AdcSetMode                              
0     000917b6  _Init_EPWM5_Reg                          
0     000917e1  _Init_EPWM7_Reg                          
0     00091811  _Init_EPWM8_Reg                          
0     00091840  _Init_EPWM4_Reg                          
0     0009184e  _Init_EPWM_Module                        
0     00091885  _Init_Fan_Speed_Control_Variables        
0     0009189b  _Fan_Speed_Command_Update                
0     0009194a  _scic_rx_isr                             
0     000919af  _scia_rx_isr                             
0     000919fe  _ldexpl                                  
0     000919fe  _scalbnl                                 
0     00091aaa  _Init_McBSP_Module_Variables             
0     00091ac3  _Init_McBSP_B_Reg                        
0     00091b1d  _Init_McBSP_B_GPIO                       
0     00091b46  FD$$ADD                                  
0     00091be2  FD$$DIV                                  
0     00091c6d  _Init_EMIF1_Reg                          
0     00091cf2  FD$$MPY                                  
0     00091d75  _Read_EEPROM_addr_to_Buffer              
0     00091db4  _Init_EEROM_Module_Variables             
0     00091dbd  _Write_Buffer_to_EEPROM_addr             
0     00091df4  _cla1Isr8                                
0     00091e05  _cla1Isr7                                
0     00091e14  _cla1Isr6                                
0     00091e23  _cla1Isr5                                
0     00091e32  _cla1Isr4                                
0     00091e41  _cla1Isr3                                
0     00091e50  _cla1Isr2                                
0     00091e5f  _cla1Isr1                                
0     00091e70  _InitCpuTimers                           
0     00091eab  _ConfigCpuTimer                          
0     00091ece  _memcpy_fast_far                         
0     00091f2b  _frexpl                                  
0     00091f85  _c_int00                                 
0     00091fdb  _Trig_DSP_ADC_16bit_Convert              
0     00091fe0  _Init_DSP_ADC_16bit_Module_Variables     
0     00091fe4  _Init_DSP_ADC_16bit_Module               
0     0009201d  _Get_DSP_ADC_16bit_Data                  
0     0009202a  _Init_Digital_Filter_Module_Variables    
0     00092041  _Init_Digital_One_Order_LPF              
0     0009206d  _Init_Digital_Filter_Module              
0     00092076  _atoi                                    
0     000920a7  ___TI_ltoa                               
0     000920d7  FD$$CMP                                  
0     00092101  L$$DIV                                   
0     00092110  L$$MOD                                   
0     0009211e  UL$$DIV                                  
0     00092125  UL$$MOD                                  
0     0009212b  _spib_rx_isr                             
0     00092154  C$$EXIT                                  
0     00092154  _abort                                   
0     00092156  _exit                                    
0     0009217d  _InitPieCtrl                             
0     0009219c  _EnableInterrupts                        
0     000921a5  _copy_in                                 
0     000921c9  _copysignl                               
0     000921ed  FD$$TOI                                  
0     0009220e  FD$$TOL                                  
0     0009222d  LL$$CMP                                  
0     0009223f  ULL$$CMP                                 
0     0009224b  I$$TOFD                                  
0     00092268  _memcpy                                  
0     00092285  FS$$TOFD                                 
0     000922a1  L$$TOFD                                  
0     000922bd  LL$$AND                                  
0     000922c5  LL$$OR                                   
0     000922cd  LL$$XOR                                  
0     000922d5  U$$TOFD                                  
0     000922ec  _Init_DAC_Module                         
0     000922fb  FD$$SUB                                  
0     00092309  _strchr                                  
0     00092315  FD$$NEG                                  
0     0009231e  _wcslen                                  
0     00092327  _strlen                                  
0     0009232f  _memcpy_fast                             
0     00092336  _memset                                  
0     0009233d  _memset_fast                             
0     00092343  _strcpy                                  
0     00092348  _PieVectTableInit                        
0     00092508  __ctypes_                                
0     000a8000  _Cla1funcsLoadStart                      
0     000a8c88  _Cla1funcsLoadEnd                        
1     00000400  __stack                                  
1     00000600  __STACK_END                              
1     00000b00  _AdcaResultRegs                          
1     00000b20  _AdcbResultRegs                          
1     00000b40  _AdccResultRegs                          
1     00000b60  _AdcdResultRegs                          
1     00000c00  _CpuTimer0Regs                           
1     00000c08  _CpuTimer1Regs                           
1     00000c10  _CpuTimer2Regs                           
1     00000ce0  _PieCtrlRegs                             
1     00000d00  _EmuKey                                  
1     00000d00  _PieVectTable                            
1     00000d01  _EmuBMode                                
1     00001000  _DmaRegs                                 
1     00001400  _Cla1Regs                                
1     00001480  _CLA_to_CPU_Variables                    
1     00001500  _CPU_to_CLA_Variables                    
1     00004000  _EPwm1Regs                               
1     00004100  _EPwm2Regs                               
1     00004200  _EPwm3Regs                               
1     00004300  _EPwm4Regs                               
1     00004400  _EPwm5Regs                               
1     00004500  _EPwm6Regs                               
1     00004600  _EPwm7Regs                               
1     00004700  _EPwm8Regs                               
1     00004800  _EPwm9Regs                               
1     00004900  _EPwm10Regs                              
1     00004a00  _EPwm11Regs                              
1     00004b00  _EPwm12Regs                              
1     00005000  _ECap1Regs                               
1     00005020  _ECap2Regs                               
1     00005040  _ECap3Regs                               
1     00005060  _ECap4Regs                               
1     00005080  _ECap5Regs                               
1     000050a0  _ECap6Regs                               
1     00005100  _EQep1Regs                               
1     00005140  _EQep2Regs                               
1     00005180  _EQep3Regs                               
1     00005c00  _DacaRegs                                
1     00005c10  _DacbRegs                                
1     00005c20  _DaccRegs                                
1     00005c80  _Cmpss1Regs                              
1     00005ca0  _Cmpss2Regs                              
1     00005cc0  _Cmpss3Regs                              
1     00005ce0  _Cmpss4Regs                              
1     00005d00  _Cmpss5Regs                              
1     00005d20  _Cmpss6Regs                              
1     00005d40  _Cmpss7Regs                              
1     00005d60  _Cmpss8Regs                              
1     00005e00  _Sdfm1Regs                               
1     00005e80  _Sdfm2Regs                               
1     00006000  _McbspaRegs                              
1     00006040  _McbspbRegs                              
1     00006100  _SpiaRegs                                
1     00006110  _SpibRegs                                
1     00006120  _SpicRegs                                
1     00006200  _UppRegs                                 
1     00007000  _WdRegs                                  
1     00007060  _NmiIntruptRegs                          
1     00007070  _XintRegs                                
1     00007200  _SciaRegs                                
1     00007210  _ScibRegs                                
1     00007220  _ScicRegs                                
1     00007230  _ScidRegs                                
1     00007300  _I2caRegs                                
1     00007340  _I2cbRegs                                
1     00007400  _AdcaRegs                                
1     00007480  _AdcbRegs                                
1     00007500  _AdccRegs                                
1     00007580  _AdcdRegs                                
1     00007900  _InputXbarRegs                           
1     00007920  _XbarRegs                                
1     00007940  _SyncSocRegs                             
1     00007980  _DmaClaSrcSelRegs                        
1     00007a00  _EPwmXbarRegs                            
1     00007a80  _OutputXbarRegs                          
1     00007c00  _GpioCtrlRegs                            
1     00007f00  _GpioDataRegs                            
1     00008000  _CLA_Module_Variables                    
1     00008800  _Cla1ConstLoadStart                      
1     00008800  _Cla1ConstRunStart                       
1     00009000  _Global_Variables                        
1     0000c000  _LocalRam_variables                      
1     0000d000  _V_RAW                                   
1     0000e000  _I_RAW                                   
1     0000f000  _SEQ_Step_Section1                       
1     00010000  _SEQ_Step_Section2                       
1     00011000  _WAVE_DATA                               
1     00017000  _SEQ_Step_Section3                       
1     00018000  _SEQ_Step_Section4                       
1     00019000  _SEQ_Step_Section5                       
1     0001a000  _SCI_Module_Variables                    
1     0001a1d8  _Main_State_Module                       
1     0001a1f8  _MS_Output_ACDC_INT_Module               
1     0001a200  _Calibration_Module_Variables            
1     0001a366  _CpuTimer0                               
1     0001a36e  _CpuTimer1                               
1     0001a376  _CpuTimer2                               
1     0001a37e  __lock                                   
1     0001a380  _PID_Control_Module                      
1     0001a480  _MS_Control_Module_Variables             
1     0001a4dc  _Output_Control_Module                   
1     0001a4f4  _Fan_Speed_Control_Variables             
1     0001a4fe  __unlock                                 
1     0001a500  _Meas_Module                             
1     0001a53a  _EEPROM_Module_Variables                 
1     0001a540  _cpu_timer_module                        
1     0001a578  _Memory_Module                           
1     0001a57e  _DSP_ADC_16bit_Module_Variables          
1     0001a57f  _errno                                   
1     0001a580  _EXT_AD_LPF                              
1     0001a596  _EXT_AD_DC_FILTER_LPF                    
1     0001a5ac  _Output_ACDC_INT_Module                  
1     0001a5c0  _McBSP_Module_Variables                  
1     0001a5d6  _Phase_Sync_Module                       
1     0001a5ec  _SPI_Module_Variables                    
1     0001a5fa  _Output_ACDC_ADD_Module                  
1     0001a600  _Output_ACDC_EXT_Module                  
1     0001a606  _Output_ACDC_SYNC_Module                 
1     0001a60c  _Output_AC_VCA_Module                    
1     0001a612  _Output_SEQ_Module                       
1     0001a618  ___TI_enable_exit_profile_output         
1     0001a61a  ___TI_cleanup_ptr                        
1     0001a61c  ___TI_dtors_ptr                          
1     0001a61e  _Event_Module                            
1     00047000  _Emif1Regs                               
1     00047800  _Emif2Regs                               
1     00048000  _CanaRegs                                
1     0004a000  _CanbRegs                                
1     00050024  _FlashPumpSemaphoreRegs                  
1     0005d000  _DevCfgRegs                              
1     0005d180  _AnalogSubsysRegs                        
1     0005d200  _ClkCfgRegs                              
1     0005d300  _CpuSysRegs                              
1     0005e608  _RomPrefetchRegs                         
1     0005f000  _DcsmZ1Regs                              
1     0005f040  _DcsmZ2Regs                              
1     0005f070  _DcsmCommonRegs                          
1     0005f400  _MemCfgRegs                              
1     0005f480  _Emif1ConfigRegs                         
1     0005f4a0  _Emif2ConfigRegs                         
1     0005f4c0  _AccessProtectionRegs                    
1     0005f500  _MemoryErrorRegs                         
1     0005f540  _RomWaitStateRegs                        
1     0005f800  _Flash0CtrlRegs                          
1     0005fb00  _Flash0EccRegs                           
1     0005fc00  _Flash1CtrlRegs                          
1     0005ff00  _Flash1EccRegs                           
1     00078000  _DcsmZ1Otp                               
1     00078200  _DcsmZ2Otp                               
1     80000000  _SDRAM_variables                         
abs   00000000  _Cla1ConstLoadSize                       
abs   00000094  _RamfuncsLoadSize                        
abs   00000094  _RamfuncsRunSize                         
abs   00000100  CLA_SCRATCHPAD_SIZE                      
abs   00000200  __STACK_SIZE                             
abs   00000c88  _Cla1funcsLoadSize                       
abs   ffffffff  .text                                    
abs   ffffffff  ___TI_pprof_out_hndl                     
abs   ffffffff  ___TI_prof_data_size                     
abs   ffffffff  ___TI_prof_data_start                    
abs   ffffffff  ___binit__                               
abs   ffffffff  ___c_args__                              
abs   ffffffff  ___etext__                               
abs   ffffffff  ___pinit__                               
abs   ffffffff  ___text__                                
abs   ffffffff  binit                                    
abs   ffffffff  etext                                    
abs   ffffffff  pinit                                    

[686 symbols]
