<?xml version="1.0" encoding="ISO-8859-1" ?>
<link_info>
   <banner>TMS320C2000 Linker PC v22.6.0.LTS</banner>
   <copyright>Copyright (c) 1996-2018 Texas Instruments Incorporated</copyright>
   <link_time>0x64eff96b</link_time>
   <link_errors>0x0</link_errors>
   <output_file>F28377S_SYS116_BUCK.out</output_file>
   <entry_point>
      <name>code_start</name>
      <address>0x80000</address>
   </entry_point>
   <input_file_list>
      <input_file id="fl-5">
         <path>.\syscfg\</path>
         <kind>object</kind>
         <file>board.obj</file>
         <name>board.obj</name>
      </input_file>
      <input_file id="fl-6">
         <path>.\syscfg\</path>
         <kind>object</kind>
         <file>c2000ware_libraries.obj</file>
         <name>c2000ware_libraries.obj</name>
      </input_file>
      <input_file id="fl-9">
         <path>.\eeprom\</path>
         <kind>object</kind>
         <file>eeprom.obj</file>
         <name>eeprom.obj</name>
      </input_file>
      <input_file id="fl-a">
         <path>.\mb_slave\</path>
         <kind>object</kind>
         <file>CRC16.obj</file>
         <name>CRC16.obj</name>
      </input_file>
      <input_file id="fl-b">
         <path>.\mb_slave\</path>
         <kind>object</kind>
         <file>ModbusFunction.obj</file>
         <name>ModbusFunction.obj</name>
      </input_file>
      <input_file id="fl-c">
         <path>.\mb_slave\</path>
         <kind>object</kind>
         <file>ModbusSlave.obj</file>
         <name>ModbusSlave.obj</name>
      </input_file>
      <input_file id="fl-d">
         <path>.\mb_slave\</path>
         <kind>object</kind>
         <file>linkVariables.obj</file>
         <name>linkVariables.obj</name>
      </input_file>
      <input_file id="fl-e">
         <path>.\mb_slave\</path>
         <kind>object</kind>
         <file>tbmenu.obj</file>
         <name>tbmenu.obj</name>
      </input_file>
      <input_file id="fl-f">
         <path>.\peripherals\</path>
         <kind>object</kind>
         <file>PowerSequence.obj</file>
         <name>PowerSequence.obj</name>
      </input_file>
      <input_file id="fl-10">
         <path>.\peripherals\</path>
         <kind>object</kind>
         <file>initCLA.obj</file>
         <name>initCLA.obj</name>
      </input_file>
      <input_file id="fl-11">
         <path>.\peripherals\</path>
         <kind>object</kind>
         <file>initPWM.obj</file>
         <name>initPWM.obj</name>
      </input_file>
      <input_file id="fl-39">
         <path>C:\ti\ccs1230\ccs\tools\compiler\ti-cgt-c2000_22.6.0.LTS\lib\</path>
         <kind>archive</kind>
         <file>rts2800_fpu32_eabi.lib</file>
         <name>memcpy.c.obj</name>
      </input_file>
      <input_file id="fl-3a">
         <path>C:\ti\ccs1230\ccs\tools\compiler\ti-cgt-c2000_22.6.0.LTS\lib\</path>
         <kind>archive</kind>
         <file>rts2800_fpu32_eabi.lib</file>
         <name>pre_init.c.obj</name>
      </input_file>
      <input_file id="fl-3c">
         <path>C:\ti\ccs1230\ccs\tools\compiler\ti-cgt-c2000_22.6.0.LTS\lib\</path>
         <kind>archive</kind>
         <file>rts2800_fpu32_eabi.lib</file>
         <name>copy_zero_init.c.obj</name>
      </input_file>
      <input_file id="fl-3d">
         <path>C:\ti\ccs1230\ccs\tools\compiler\ti-cgt-c2000_22.6.0.LTS\lib\</path>
         <kind>archive</kind>
         <file>rts2800_fpu32_eabi.lib</file>
         <name>copy_decompress_none.c.obj</name>
      </input_file>
      <input_file id="fl-3e">
         <path>C:\ti\ccs1230\ccs\tools\compiler\ti-cgt-c2000_22.6.0.LTS\lib\</path>
         <kind>archive</kind>
         <file>rts2800_fpu32_eabi.lib</file>
         <name>copy_decompress_lzss.c.obj</name>
      </input_file>
      <input_file id="fl-40">
         <path>C:\ti\ccs1230\ccs\tools\compiler\ti-cgt-c2000_22.6.0.LTS\lib\</path>
         <kind>archive</kind>
         <file>rts2800_fpu32_eabi.lib</file>
         <name>_lock.c.obj</name>
      </input_file>
      <input_file id="fl-42">
         <path>C:\ti\ccs1230\ccs\tools\compiler\ti-cgt-c2000_22.6.0.LTS\lib\</path>
         <kind>archive</kind>
         <file>rts2800_fpu32_eabi.lib</file>
         <name>memset.c.obj</name>
      </input_file>
      <input_file id="fl-43">
         <path>C:\ti\ccs1230\ccs\tools\compiler\ti-cgt-c2000_22.6.0.LTS\lib\</path>
         <kind>archive</kind>
         <file>rts2800_fpu32_eabi.lib</file>
         <name>cpy_tbl.c.obj</name>
      </input_file>
      <input_file id="fl-45">
         <path>C:\Users\MASON_PC\AppData\Local\Temp\</path>
         <kind>object</kind>
         <file>{C3A6D392-A701-47E8-8C81-5CFDBF59E699}</file>
         <name>{C3A6D392-A701-47E8-8C81-5CFDBF59E699}</name>
      </input_file>
      <input_file id="fl-2">
         <path>.\</path>
         <kind>object</kind>
         <file>cla_task.obj</file>
         <name>cla_task.obj</name>
      </input_file>
      <input_file id="fl-3">
         <path>.\</path>
         <kind>object</kind>
         <file>isr.obj</file>
         <name>isr.obj</name>
      </input_file>
      <input_file id="fl-4">
         <path>.\</path>
         <kind>object</kind>
         <file>main.obj</file>
         <name>main.obj</name>
      </input_file>
      <input_file id="fl-7">
         <path>.\device\</path>
         <kind>object</kind>
         <file>F2837xS_CodeStartBranch.obj</file>
         <name>F2837xS_CodeStartBranch.obj</name>
      </input_file>
      <input_file id="fl-8">
         <path>.\device\</path>
         <kind>object</kind>
         <file>device.obj</file>
         <name>device.obj</name>
      </input_file>
      <input_file id="fl-17">
         <kind>object</kind>
         <file>&lt;internal&gt;</file>
         <name>&lt;internal&gt;</name>
      </input_file>
      <input_file id="fl-1b">
         <path>C:\ti\c2000\C2000Ware_4_03_00_00\libraries\calibration\hrpwm\f2837xs\lib\</path>
         <kind>archive</kind>
         <file>SFO_v8_fpu_lib_build_c28_driverlib_eabi.lib</file>
         <name>SFO_v8_fpu_lib_build_c28_driverlib.obj</name>
      </input_file>
      <input_file id="fl-1f">
         <path>C:\ti\c2000\C2000Ware_4_03_00_00\driverlib\f2837xs\driverlib\ccs\Debug\</path>
         <kind>archive</kind>
         <file>driverlib_eabi.lib</file>
         <name>adc.obj</name>
      </input_file>
      <input_file id="fl-20">
         <path>C:\ti\c2000\C2000Ware_4_03_00_00\driverlib\f2837xs\driverlib\ccs\Debug\</path>
         <kind>archive</kind>
         <file>driverlib_eabi.lib</file>
         <name>cla.obj</name>
      </input_file>
      <input_file id="fl-21">
         <path>C:\ti\c2000\C2000Ware_4_03_00_00\driverlib\f2837xs\driverlib\ccs\Debug\</path>
         <kind>archive</kind>
         <file>driverlib_eabi.lib</file>
         <name>cmpss.obj</name>
      </input_file>
      <input_file id="fl-22">
         <path>C:\ti\c2000\C2000Ware_4_03_00_00\driverlib\f2837xs\driverlib\ccs\Debug\</path>
         <kind>archive</kind>
         <file>driverlib_eabi.lib</file>
         <name>cputimer.obj</name>
      </input_file>
      <input_file id="fl-23">
         <path>C:\ti\c2000\C2000Ware_4_03_00_00\driverlib\f2837xs\driverlib\ccs\Debug\</path>
         <kind>archive</kind>
         <file>driverlib_eabi.lib</file>
         <name>flash.obj</name>
      </input_file>
      <input_file id="fl-24">
         <path>C:\ti\c2000\C2000Ware_4_03_00_00\driverlib\f2837xs\driverlib\ccs\Debug\</path>
         <kind>archive</kind>
         <file>driverlib_eabi.lib</file>
         <name>gpio.obj</name>
      </input_file>
      <input_file id="fl-25">
         <path>C:\ti\c2000\C2000Ware_4_03_00_00\driverlib\f2837xs\driverlib\ccs\Debug\</path>
         <kind>archive</kind>
         <file>driverlib_eabi.lib</file>
         <name>i2c.obj</name>
      </input_file>
      <input_file id="fl-26">
         <path>C:\ti\c2000\C2000Ware_4_03_00_00\driverlib\f2837xs\driverlib\ccs\Debug\</path>
         <kind>archive</kind>
         <file>driverlib_eabi.lib</file>
         <name>interrupt.obj</name>
      </input_file>
      <input_file id="fl-27">
         <path>C:\ti\c2000\C2000Ware_4_03_00_00\driverlib\f2837xs\driverlib\ccs\Debug\</path>
         <kind>archive</kind>
         <file>driverlib_eabi.lib</file>
         <name>memcfg.obj</name>
      </input_file>
      <input_file id="fl-28">
         <path>C:\ti\c2000\C2000Ware_4_03_00_00\driverlib\f2837xs\driverlib\ccs\Debug\</path>
         <kind>archive</kind>
         <file>driverlib_eabi.lib</file>
         <name>sci.obj</name>
      </input_file>
      <input_file id="fl-29">
         <path>C:\ti\c2000\C2000Ware_4_03_00_00\driverlib\f2837xs\driverlib\ccs\Debug\</path>
         <kind>archive</kind>
         <file>driverlib_eabi.lib</file>
         <name>spi.obj</name>
      </input_file>
      <input_file id="fl-2a">
         <path>C:\ti\c2000\C2000Ware_4_03_00_00\driverlib\f2837xs\driverlib\ccs\Debug\</path>
         <kind>archive</kind>
         <file>driverlib_eabi.lib</file>
         <name>sysctl.obj</name>
      </input_file>
      <input_file id="fl-36">
         <path>C:\ti\ccs1230\ccs\tools\compiler\ti-cgt-c2000_22.6.0.LTS\lib\</path>
         <kind>archive</kind>
         <file>rts2800_fpu32_eabi.lib</file>
         <name>boot28.asm.obj</name>
      </input_file>
      <input_file id="fl-37">
         <path>C:\ti\ccs1230\ccs\tools\compiler\ti-cgt-c2000_22.6.0.LTS\lib\</path>
         <kind>archive</kind>
         <file>rts2800_fpu32_eabi.lib</file>
         <name>fs_div28.asm.obj</name>
      </input_file>
      <input_file id="fl-38">
         <path>C:\ti\ccs1230\ccs\tools\compiler\ti-cgt-c2000_22.6.0.LTS\lib\</path>
         <kind>archive</kind>
         <file>rts2800_fpu32_eabi.lib</file>
         <name>ll_cmp28.asm.obj</name>
      </input_file>
      <input_file id="fl-3b">
         <path>C:\ti\ccs1230\ccs\tools\compiler\ti-cgt-c2000_22.6.0.LTS\lib\</path>
         <kind>archive</kind>
         <file>rts2800_fpu32_eabi.lib</file>
         <name>autoinit.c.obj</name>
      </input_file>
      <input_file id="fl-3f">
         <path>C:\ti\ccs1230\ccs\tools\compiler\ti-cgt-c2000_22.6.0.LTS\lib\</path>
         <kind>archive</kind>
         <file>rts2800_fpu32_eabi.lib</file>
         <name>exit.c.obj</name>
      </input_file>
      <input_file id="fl-41">
         <path>C:\ti\ccs1230\ccs\tools\compiler\ti-cgt-c2000_22.6.0.LTS\lib\</path>
         <kind>archive</kind>
         <file>rts2800_fpu32_eabi.lib</file>
         <name>args_main.c.obj</name>
      </input_file>
      <input_file id="fl-44">
         <path>C:\ti\ccs1230\ccs\tools\compiler\ti-cgt-c2000_22.6.0.LTS\lib\</path>
         <kind>archive</kind>
         <file>rts2800_fpu32_eabi.lib</file>
         <name>startup.c.obj</name>
      </input_file>
   </input_file_list>
   <object_component_list>
      <object_component id="oc-24">
         <name>codestart</name>
         <load_address>0x80000</load_address>
         <run_address>0x80000</run_address>
         <size>0x2</size>
         <input_file_ref idref="fl-7"/>
      </object_component>
      <object_component id="oc-3b">
         <name>.text</name>
         <load_address>0x82000</load_address>
         <run_address>0x82000</run_address>
         <size>0x8e9</size>
         <input_file_ref idref="fl-5"/>
      </object_component>
      <object_component id="oc-2be">
         <name>.text</name>
         <load_address>0x828e9</load_address>
         <run_address>0x828e9</run_address>
         <size>0x4e0</size>
         <input_file_ref idref="fl-9"/>
      </object_component>
      <object_component id="oc-358">
         <name>.text</name>
         <load_address>0x82dc9</load_address>
         <run_address>0x82dc9</run_address>
         <size>0x444</size>
         <input_file_ref idref="fl-d"/>
      </object_component>
      <object_component id="oc-2b8">
         <name>.text</name>
         <load_address>0x8320d</load_address>
         <run_address>0x8320d</run_address>
         <size>0x2a5</size>
         <input_file_ref idref="fl-c"/>
      </object_component>
      <object_component id="oc-3e5">
         <name>.text</name>
         <load_address>0x834b2</load_address>
         <run_address>0x834b2</run_address>
         <size>0x274</size>
         <input_file_ref idref="fl-e"/>
      </object_component>
      <object_component id="oc-36f">
         <name>.text</name>
         <load_address>0x83726</load_address>
         <run_address>0x83726</run_address>
         <size>0x269</size>
         <input_file_ref idref="fl-b"/>
      </object_component>
      <object_component id="oc-194">
         <name>.text:SysCtl_setClock</name>
         <load_address>0x8398f</load_address>
         <run_address>0x8398f</run_address>
         <size>0x206</size>
         <input_file_ref idref="fl-2a"/>
      </object_component>
      <object_component id="oc-34b">
         <name>.text:SFO</name>
         <load_address>0x83b95</load_address>
         <run_address>0x83b95</run_address>
         <size>0x1f1</size>
         <input_file_ref idref="fl-1b"/>
      </object_component>
      <object_component id="oc-f0">
         <name>.text</name>
         <load_address>0x83d86</load_address>
         <run_address>0x83d86</run_address>
         <size>0x1e7</size>
         <input_file_ref idref="fl-8"/>
      </object_component>
      <object_component id="oc-297">
         <name>.text</name>
         <load_address>0x83f6d</load_address>
         <run_address>0x83f6d</run_address>
         <size>0x165</size>
         <input_file_ref idref="fl-10"/>
      </object_component>
      <object_component id="oc-2ea">
         <name>.text:SysCtl_selectXTAL</name>
         <load_address>0x840d2</load_address>
         <run_address>0x840d2</run_address>
         <size>0x8a</size>
         <input_file_ref idref="fl-2a"/>
      </object_component>
      <object_component id="oc-26b">
         <name>.text</name>
         <load_address>0x8415c</load_address>
         <run_address>0x8415c</run_address>
         <size>0x88</size>
         <input_file_ref idref="fl-37"/>
      </object_component>
      <object_component id="oc-128">
         <name>.text:ADC_setINLTrim</name>
         <load_address>0x841e4</load_address>
         <run_address>0x841e4</run_address>
         <size>0x6f</size>
         <input_file_ref idref="fl-1f"/>
      </object_component>
      <object_component id="oc-18e">
         <name>.text:SysCtl_getDeviceParametric</name>
         <load_address>0x84253</load_address>
         <run_address>0x84253</run_address>
         <size>0x68</size>
         <input_file_ref idref="fl-2a"/>
      </object_component>
      <object_component id="oc-c0">
         <name>.text:I2C_initController</name>
         <load_address>0x842bb</load_address>
         <run_address>0x842bb</run_address>
         <size>0x64</size>
         <input_file_ref idref="fl-25"/>
      </object_component>
      <object_component id="oc-12e">
         <name>.text:ADC_setOffsetTrim</name>
         <load_address>0x8431f</load_address>
         <run_address>0x8431f</run_address>
         <size>0x60</size>
         <input_file_ref idref="fl-1f"/>
      </object_component>
      <object_component id="oc-c6">
         <name>.text:SPI_setConfig</name>
         <load_address>0x8437f</load_address>
         <run_address>0x8437f</run_address>
         <size>0x5c</size>
         <input_file_ref idref="fl-29"/>
      </object_component>
      <object_component id="oc-83">
         <name>.text:GPIO_setPadConfig</name>
         <load_address>0x843db</load_address>
         <run_address>0x843db</run_address>
         <size>0x52</size>
         <input_file_ref idref="fl-24"/>
      </object_component>
      <object_component id="oc-19a">
         <name>.text:SysCtl_getClock</name>
         <load_address>0x8442d</load_address>
         <run_address>0x8442d</run_address>
         <size>0x51</size>
         <input_file_ref idref="fl-2a"/>
      </object_component>
      <object_component id="oc-29d">
         <name>.text</name>
         <load_address>0x8447e</load_address>
         <run_address>0x8447e</run_address>
         <size>0x4c</size>
         <input_file_ref idref="fl-f"/>
      </object_component>
      <object_component id="oc-a2">
         <name>.text:CMPSS_configRamp</name>
         <load_address>0x844ca</load_address>
         <run_address>0x844ca</run_address>
         <size>0x48</size>
         <input_file_ref idref="fl-21"/>
      </object_component>
      <object_component id="oc-25f">
         <name>.text:SysCtl_selectOscSource</name>
         <load_address>0x84512</load_address>
         <run_address>0x84512</run_address>
         <size>0x48</size>
         <input_file_ref idref="fl-2a"/>
      </object_component>
      <object_component id="oc-71">
         <name>.text:SCI_clearInterruptStatus</name>
         <load_address>0x8455a</load_address>
         <run_address>0x8455a</run_address>
         <size>0x45</size>
         <input_file_ref idref="fl-28"/>
      </object_component>
      <object_component id="oc-77">
         <name>.text:SCI_setConfig</name>
         <load_address>0x8459f</load_address>
         <run_address>0x8459f</run_address>
         <size>0x3e</size>
         <input_file_ref idref="fl-28"/>
      </object_component>
      <object_component id="oc-28b">
         <name>.text:Interrupt_initModule</name>
         <load_address>0x845dd</load_address>
         <run_address>0x845dd</run_address>
         <size>0x3d</size>
         <input_file_ref idref="fl-26"/>
      </object_component>
      <object_component id="oc-96">
         <name>.text:CMPSS_configFilterHigh</name>
         <load_address>0x8461a</load_address>
         <run_address>0x8461a</run_address>
         <size>0x38</size>
         <input_file_ref idref="fl-21"/>
      </object_component>
      <object_component id="oc-9c">
         <name>.text:CMPSS_configFilterLow</name>
         <load_address>0x84652</load_address>
         <run_address>0x84652</run_address>
         <size>0x38</size>
         <input_file_ref idref="fl-21"/>
      </object_component>
      <object_component id="oc-ba">
         <name>.text:GPIO_setControllerCore</name>
         <load_address>0x8468a</load_address>
         <run_address>0x8468a</run_address>
         <size>0x37</size>
         <input_file_ref idref="fl-24"/>
      </object_component>
      <object_component id="oc-7d">
         <name>.text:GPIO_setPinConfig</name>
         <load_address>0x846c1</load_address>
         <run_address>0x846c1</run_address>
         <size>0x37</size>
         <input_file_ref idref="fl-24"/>
      </object_component>
      <object_component id="oc-89">
         <name>.text:GPIO_setQualificationMode</name>
         <load_address>0x846f8</load_address>
         <run_address>0x846f8</run_address>
         <size>0x37</size>
         <input_file_ref idref="fl-24"/>
      </object_component>
      <object_component id="oc-cc">
         <name>.text:Interrupt_enable</name>
         <load_address>0x8472f</load_address>
         <run_address>0x8472f</run_address>
         <size>0x37</size>
         <input_file_ref idref="fl-26"/>
      </object_component>
      <object_component id="oc-30d">
         <name>.text:MemCfg_setLSRAMControllerSel</name>
         <load_address>0x84766</load_address>
         <run_address>0x84766</run_address>
         <size>0x37</size>
         <input_file_ref idref="fl-27"/>
      </object_component>
      <object_component id="oc-1ff">
         <name>.text</name>
         <load_address>0x8479d</load_address>
         <run_address>0x8479d</run_address>
         <size>0x35</size>
         <input_file_ref idref="fl-4"/>
      </object_component>
      <object_component id="oc-b4">
         <name>.text:GPIO_setDirectionMode</name>
         <load_address>0x847d2</load_address>
         <run_address>0x847d2</run_address>
         <size>0x31</size>
         <input_file_ref idref="fl-24"/>
      </object_component>
      <object_component id="oc-8f">
         <name>.text:ADC_setMode</name>
         <load_address>0x84803</load_address>
         <run_address>0x84803</run_address>
         <size>0x2f</size>
         <input_file_ref idref="fl-1f"/>
      </object_component>
      <object_component id="oc-17">
         <name>.text:decompress:lzss</name>
         <load_address>0x84832</load_address>
         <run_address>0x84832</run_address>
         <size>0x2e</size>
         <input_file_ref idref="fl-3e"/>
      </object_component>
      <object_component id="oc-a8">
         <name>.text:CMPSS_configLatchOnPWMSYNC</name>
         <load_address>0x84860</load_address>
         <run_address>0x84860</run_address>
         <size>0x2b</size>
         <input_file_ref idref="fl-21"/>
      </object_component>
      <object_component id="oc-136">
         <name>.text:CMPSS_isBaseValid</name>
         <load_address>0x8488b</load_address>
         <run_address>0x8488b</run_address>
         <size>0x2b</size>
         <input_file_ref idref="fl-21"/>
      </object_component>
      <object_component id="oc-1cf">
         <name>.text:__TI_auto_init_nobinit_nopinit</name>
         <load_address>0x848b6</load_address>
         <run_address>0x848b6</run_address>
         <size>0x2b</size>
         <input_file_ref idref="fl-3b"/>
      </object_component>
      <object_component id="oc-17a">
         <name>.text</name>
         <load_address>0x848e1</load_address>
         <run_address>0x848e1</run_address>
         <size>0x29</size>
         <input_file_ref idref="fl-3f"/>
      </object_component>
      <object_component id="oc-343">
         <name>.text:CLA_setTriggerSource</name>
         <load_address>0x8490a</load_address>
         <run_address>0x8490a</run_address>
         <size>0x26</size>
         <input_file_ref idref="fl-20"/>
      </object_component>
      <object_component id="oc-21e">
         <name>.text:Flash_setBankPowerUpDelay</name>
         <load_address>0x84930</load_address>
         <run_address>0x84930</run_address>
         <size>0x26</size>
         <input_file_ref idref="fl-23"/>
      </object_component>
      <object_component id="oc-394">
         <name>.text:CPUTimer_selectClockSource</name>
         <load_address>0x84956</load_address>
         <run_address>0x84956</run_address>
         <size>0x21</size>
         <input_file_ref idref="fl-2a"/>
      </object_component>
      <object_component id="oc-40b">
         <name>.text:CPUTimer_getTimerOverflowStatus</name>
         <load_address>0x84977</load_address>
         <run_address>0x84977</run_address>
         <size>0x1f</size>
         <input_file_ref idref="fl-2a"/>
      </object_component>
      <object_component id="oc-291">
         <name>.text:Interrupt_initVectorTable</name>
         <load_address>0x84996</load_address>
         <run_address>0x84996</run_address>
         <size>0x1e</size>
         <input_file_ref idref="fl-26"/>
      </object_component>
      <object_component id="oc-44">
         <name>.text</name>
         <load_address>0x849b4</load_address>
         <run_address>0x849b4</run_address>
         <size>0x1d</size>
         <input_file_ref idref="fl-39"/>
      </object_component>
      <object_component id="oc-121">
         <name>.text:ADC_isBaseValid</name>
         <load_address>0x849d1</load_address>
         <run_address>0x849d1</run_address>
         <size>0x1b</size>
         <input_file_ref idref="fl-1f"/>
      </object_component>
      <object_component id="oc-fa">
         <name>.text:SCI_isBaseValid</name>
         <load_address>0x849ec</load_address>
         <run_address>0x849ec</run_address>
         <size>0x1b</size>
         <input_file_ref idref="fl-28"/>
      </object_component>
      <object_component id="oc-3a0">
         <name>.text:CPUTimer_startTimer</name>
         <load_address>0x84a07</load_address>
         <run_address>0x84a07</run_address>
         <size>0x1a</size>
         <input_file_ref idref="fl-2a"/>
      </object_component>
      <object_component id="oc-1a0">
         <name>.text:SysCtl_getLowSpeedClock</name>
         <load_address>0x84a21</load_address>
         <run_address>0x84a21</run_address>
         <size>0x1a</size>
         <input_file_ref idref="fl-2a"/>
      </object_component>
      <object_component id="oc-109">
         <name>.text:SCI_disableModule</name>
         <load_address>0x84a3b</load_address>
         <run_address>0x84a3b</run_address>
         <size>0x18</size>
         <input_file_ref idref="fl-28"/>
      </object_component>
      <object_component id="oc-101">
         <name>.text:SCI_performSoftwareReset</name>
         <load_address>0x84a53</load_address>
         <run_address>0x84a53</run_address>
         <size>0x18</size>
         <input_file_ref idref="fl-28"/>
      </object_component>
      <object_component id="oc-142">
         <name>.text:CPUTimer_isBaseValid</name>
         <load_address>0x84a6b</load_address>
         <run_address>0x84a6b</run_address>
         <size>0x17</size>
         <input_file_ref idref="fl-22"/>
      </object_component>
      <object_component id="oc-3ff">
         <name>.text:CPUTimer_isBaseValid</name>
         <load_address>0x84a82</load_address>
         <run_address>0x84a82</run_address>
         <size>0x17</size>
         <input_file_ref idref="fl-2a"/>
      </object_component>
      <object_component id="oc-156">
         <name>.text:SPI_isBaseValid</name>
         <load_address>0x84a99</load_address>
         <run_address>0x84a99</run_address>
         <size>0x17</size>
         <input_file_ref idref="fl-29"/>
      </object_component>
      <object_component id="oc-d9">
         <name>.text</name>
         <load_address>0x84ab0</load_address>
         <run_address>0x84ab0</run_address>
         <size>0x17</size>
         <input_file_ref idref="fl-36"/>
      </object_component>
      <object_component id="oc-211">
         <name>.text:Flash_isCtrlBaseValid</name>
         <load_address>0x84ac7</load_address>
         <run_address>0x84ac7</run_address>
         <size>0x15</size>
         <input_file_ref idref="fl-23"/>
      </object_component>
      <object_component id="oc-218">
         <name>.text:Flash_isECCBaseValid</name>
         <load_address>0x84adc</load_address>
         <run_address>0x84adc</run_address>
         <size>0x15</size>
         <input_file_ref idref="fl-23"/>
      </object_component>
      <object_component id="oc-388">
         <name>.text:CPUTimer_stopTimer</name>
         <load_address>0x84af1</load_address>
         <run_address>0x84af1</run_address>
         <size>0x14</size>
         <input_file_ref idref="fl-2a"/>
      </object_component>
      <object_component id="oc-ae">
         <name>.text:CPUTimer_setEmulationMode</name>
         <load_address>0x84b05</load_address>
         <run_address>0x84b05</run_address>
         <size>0x13</size>
         <input_file_ref idref="fl-22"/>
      </object_component>
      <object_component id="oc-14d">
         <name>.text:I2C_isBaseValid</name>
         <load_address>0x84b18</load_address>
         <run_address>0x84b18</run_address>
         <size>0x13</size>
         <input_file_ref idref="fl-25"/>
      </object_component>
      <object_component id="oc-10f">
         <name>.text:SCI_enableModule</name>
         <load_address>0x84b2b</load_address>
         <run_address>0x84b2b</run_address>
         <size>0x13</size>
         <input_file_ref idref="fl-28"/>
      </object_component>
      <object_component id="oc-39a">
         <name>.text:CPUTimer_clearOverflowFlag</name>
         <load_address>0x84b3e</load_address>
         <run_address>0x84b3e</run_address>
         <size>0x12</size>
         <input_file_ref idref="fl-2a"/>
      </object_component>
      <object_component id="oc-382">
         <name>.text:CPUTimer_disableInterrupt</name>
         <load_address>0x84b50</load_address>
         <run_address>0x84b50</run_address>
         <size>0x12</size>
         <input_file_ref idref="fl-2a"/>
      </object_component>
      <object_component id="oc-38e">
         <name>.text:CPUTimer_setPeriod</name>
         <load_address>0x84b62</load_address>
         <run_address>0x84b62</run_address>
         <size>0x11</size>
         <input_file_ref idref="fl-2a"/>
      </object_component>
      <object_component id="oc-371">
         <name>.text</name>
         <load_address>0x84b73</load_address>
         <run_address>0x84b73</run_address>
         <size>0x11</size>
         <input_file_ref idref="fl-a"/>
      </object_component>
      <object_component id="oc-3a6">
         <name>.text:SysCtl_pollCpuTimer</name>
         <load_address>0x84b84</load_address>
         <run_address>0x84b84</run_address>
         <size>0xf</size>
         <input_file_ref idref="fl-2a"/>
      </object_component>
      <object_component id="oc-118">
         <name>.text:GPIO_isPinValid</name>
         <load_address>0x84b93</load_address>
         <run_address>0x84b93</run_address>
         <size>0xe</size>
         <input_file_ref idref="fl-24"/>
      </object_component>
      <object_component id="oc-2fa">
         <name>.text:Interrupt_defaultHandler</name>
         <load_address>0x84ba1</load_address>
         <run_address>0x84ba1</run_address>
         <size>0xe</size>
         <input_file_ref idref="fl-26"/>
      </object_component>
      <object_component id="oc-15f">
         <name>.text:Interrupt_disableGlobal</name>
         <load_address>0x84baf</load_address>
         <run_address>0x84baf</run_address>
         <size>0xd</size>
         <input_file_ref idref="fl-26"/>
      </object_component>
      <object_component id="oc-165">
         <name>.text:Interrupt_enableGlobal</name>
         <load_address>0x84bbc</load_address>
         <run_address>0x84bbc</run_address>
         <size>0xd</size>
         <input_file_ref idref="fl-26"/>
      </object_component>
      <object_component id="oc-4b">
         <name>.text:decompress:ZI:__TI_zero_init_nomemset</name>
         <load_address>0x84bc9</load_address>
         <run_address>0x84bc9</run_address>
         <size>0xd</size>
         <input_file_ref idref="fl-3c"/>
      </object_component>
      <object_component id="oc-174">
         <name>.text</name>
         <load_address>0x84bd6</load_address>
         <run_address>0x84bd6</run_address>
         <size>0xc</size>
         <input_file_ref idref="fl-41"/>
      </object_component>
      <object_component id="oc-259">
         <name>.text:SysCtl_isMCDClockFailureDetected</name>
         <load_address>0x84be2</load_address>
         <run_address>0x84be2</run_address>
         <size>0xb</size>
         <input_file_ref idref="fl-2a"/>
      </object_component>
      <object_component id="oc-265">
         <name>.text:SysCtl_serviceWatchdog</name>
         <load_address>0x84bed</load_address>
         <run_address>0x84bed</run_address>
         <size>0x9</size>
         <input_file_ref idref="fl-2a"/>
      </object_component>
      <object_component id="oc-57">
         <name>.text</name>
         <load_address>0x84bf6</load_address>
         <run_address>0x84bf6</run_address>
         <size>0x8</size>
         <input_file_ref idref="fl-7"/>
      </object_component>
      <object_component id="oc-1d">
         <name>.text:decompress:none</name>
         <load_address>0x84bfe</load_address>
         <run_address>0x84bfe</run_address>
         <size>0x8</size>
         <input_file_ref idref="fl-3d"/>
      </object_component>
      <object_component id="oc-3ac">
         <name>.text:SysCtl_resetMCD</name>
         <load_address>0x84c06</load_address>
         <run_address>0x84c06</run_address>
         <size>0x7</size>
         <input_file_ref idref="fl-2a"/>
      </object_component>
      <object_component id="oc-306">
         <name>.text:Interrupt_illegalOperationHandler</name>
         <load_address>0x84c0d</load_address>
         <run_address>0x84c0d</run_address>
         <size>0x2</size>
         <input_file_ref idref="fl-26"/>
      </object_component>
      <object_component id="oc-300">
         <name>.text:Interrupt_nmiHandler</name>
         <load_address>0x84c0f</load_address>
         <run_address>0x84c0f</run_address>
         <size>0x2</size>
         <input_file_ref idref="fl-26"/>
      </object_component>
      <object_component id="oc-16d">
         <name>.text</name>
         <load_address>0x84c11</load_address>
         <run_address>0x84c11</run_address>
         <size>0x2</size>
         <input_file_ref idref="fl-3a"/>
      </object_component>
      <object_component id="oc-2cd">
         <name>.text</name>
         <load_address>0x84c13</load_address>
         <run_address>0x84c13</run_address>
         <size>0x1</size>
         <input_file_ref idref="fl-40"/>
      </object_component>
      <object_component id="oc-276">
         <name>.text</name>
         <load_address>0x84c14</load_address>
         <run_address>0x84c14</run_address>
         <size>0x1</size>
         <input_file_ref idref="fl-44"/>
      </object_component>
      <object_component id="oc-42e">
         <name>.switch:getModbusData</name>
         <load_address>0x90000</load_address>
         <run_address>0x90000</run_address>
         <size>0x64</size>
         <input_file_ref idref="fl-45"/>
      </object_component>
      <object_component id="oc-42d">
         <name>.switch:setModbusData</name>
         <load_address>0x90064</load_address>
         <run_address>0x90064</run_address>
         <size>0x64</size>
         <input_file_ref idref="fl-45"/>
      </object_component>
      <object_component id="oc-3dd">
         <name>.switch:writeReg</name>
         <load_address>0x900c8</load_address>
         <run_address>0x900c8</run_address>
         <size>0x34</size>
         <input_file_ref idref="fl-45"/>
      </object_component>
      <object_component id="oc-3eb">
         <name>.const:.string:aucCRCHi$3</name>
         <load_address>0xa8000</load_address>
         <run_address>0xa8000</run_address>
         <size>0x100</size>
         <input_file_ref idref="fl-a"/>
      </object_component>
      <object_component id="oc-3ee">
         <name>.const:.string:aucCRCLo$3</name>
         <load_address>0xa8100</load_address>
         <run_address>0xa8100</run_address>
         <size>0x100</size>
         <input_file_ref idref="fl-a"/>
      </object_component>
      <object_component id="oc-258">
         <name>.const:.string</name>
         <load_address>0xa8200</load_address>
         <run_address>0xa8200</run_address>
         <size>0xc2</size>
         <input_file_ref idref="fl-2a"/>
      </object_component>
      <object_component id="oc-217">
         <name>.const:.string</name>
         <load_address>0xa82c2</load_address>
         <run_address>0xa82c2</run_address>
         <size>0xbf</size>
         <input_file_ref idref="fl-23"/>
      </object_component>
      <object_component id="oc-11e">
         <name>.const:.string</name>
         <load_address>0xa8382</load_address>
         <run_address>0xa8382</run_address>
         <size>0xbc</size>
         <input_file_ref idref="fl-24"/>
      </object_component>
      <object_component id="oc-100">
         <name>.const:.string</name>
         <load_address>0xa843e</load_address>
         <run_address>0xa843e</run_address>
         <size>0xbb</size>
         <input_file_ref idref="fl-28"/>
      </object_component>
      <object_component id="oc-15c">
         <name>.const:.string</name>
         <load_address>0xa84fa</load_address>
         <run_address>0xa84fa</run_address>
         <size>0xbb</size>
         <input_file_ref idref="fl-29"/>
      </object_component>
      <object_component id="oc-368">
         <name>.const:.string</name>
         <load_address>0xa85b6</load_address>
         <run_address>0xa85b6</run_address>
         <size>0x87</size>
         <input_file_ref idref="fl-45"/>
      </object_component>
      <object_component id="oc-148">
         <name>.const:.string</name>
         <load_address>0xa863e</load_address>
         <run_address>0xa863e</run_address>
         <size>0x62</size>
         <input_file_ref idref="fl-22"/>
      </object_component>
      <object_component id="oc-3b9">
         <name>.const:.string</name>
         <load_address>0xa86a0</load_address>
         <run_address>0xa86a0</run_address>
         <size>0x60</size>
         <input_file_ref idref="fl-27"/>
      </object_component>
      <object_component id="oc-13c">
         <name>.const:.string</name>
         <load_address>0xa8700</load_address>
         <run_address>0xa8700</run_address>
         <size>0x5f</size>
         <input_file_ref idref="fl-21"/>
      </object_component>
      <object_component id="oc-127">
         <name>.const:.string</name>
         <load_address>0xa8760</load_address>
         <run_address>0xa8760</run_address>
         <size>0x5d</size>
         <input_file_ref idref="fl-1f"/>
      </object_component>
      <object_component id="oc-153">
         <name>.const:.string</name>
         <load_address>0xa87be</load_address>
         <run_address>0xa87be</run_address>
         <size>0x5d</size>
         <input_file_ref idref="fl-25"/>
      </object_component>
      <object_component id="oc-ef">
         <name>.const:.string</name>
         <load_address>0xa881c</load_address>
         <run_address>0xa881c</run_address>
         <size>0x43</size>
         <input_file_ref idref="fl-3"/>
      </object_component>
      <object_component id="oc-37b">
         <name>.const</name>
         <load_address>0xa8860</load_address>
         <run_address>0xa8860</run_address>
         <size>0x10</size>
         <input_file_ref idref="fl-9"/>
      </object_component>
      <object_component id="oc-3fa">
         <name>.const:regUserRegs</name>
         <load_address>0xa8870</load_address>
         <run_address>0xa8870</run_address>
         <size>0x10</size>
         <input_file_ref idref="fl-9"/>
      </object_component>
      <object_component id="oc-36c">
         <name>.const</name>
         <load_address>0xa8880</load_address>
         <run_address>0xa8880</run_address>
         <size>0x36</size>
         <input_file_ref idref="fl-b"/>
      </object_component>
      <object_component id="oc-365">
         <name>.const</name>
         <load_address>0xa88c0</load_address>
         <run_address>0xa88c0</run_address>
         <size>0x2c</size>
         <input_file_ref idref="fl-c"/>
      </object_component>
      <object_component id="oc-46a">
         <name>.cinit..data.load</name>
         <load_address>0xb0000</load_address>
         <run_address>0xb0000</run_address>
         <size>0x56</size>
      </object_component>
      <object_component id="oc-467">
         <name>__TI_handler_table</name>
         <load_address>0xb0056</load_address>
         <run_address>0xb0056</run_address>
         <size>0x6</size>
      </object_component>
      <object_component id="oc-469">
         <name>.cinit..bss.load</name>
         <load_address>0xb005c</load_address>
         <run_address>0xb005c</run_address>
         <size>0x4</size>
      </object_component>
      <object_component id="oc-46b">
         <name>.cinit..scratchpad.load</name>
         <load_address>0xb0060</load_address>
         <run_address>0xb0060</run_address>
         <size>0x4</size>
      </object_component>
      <object_component id="oc-46c">
         <name>.cinit.cla_shared.load</name>
         <load_address>0xb0064</load_address>
         <run_address>0xb0064</run_address>
         <size>0x4</size>
      </object_component>
      <object_component id="oc-468">
         <name>__TI_cinit_table</name>
         <load_address>0xb0068</load_address>
         <run_address>0xb0068</run_address>
         <size>0x10</size>
      </object_component>
      <object_component id="oc-41">
         <name>.stack</name>
         <uninitialized>true</uninitialized>
         <run_address>0x400</run_address>
         <size>0x0</size>
         <input_file_ref idref="fl-36"/>
      </object_component>
      <object_component id="oc-46d">
         <name>.stack</name>
         <uninitialized>true</uninitialized>
         <run_address>0x400</run_address>
         <size>0x0</size>
      </object_component>
      <object_component id="oc-ee">
         <name>.bss</name>
         <uninitialized>true</uninitialized>
         <run_address>0x11099</run_address>
         <size>0x1</size>
         <input_file_ref idref="fl-3"/>
      </object_component>
      <object_component id="oc-63">
         <name>.bss</name>
         <uninitialized>true</uninitialized>
         <run_address>0x11000</run_address>
         <size>0x3c</size>
         <input_file_ref idref="fl-4"/>
      </object_component>
      <object_component id="oc-3cd">
         <name>.bss</name>
         <uninitialized>true</uninitialized>
         <run_address>0x11094</run_address>
         <size>0x5</size>
         <input_file_ref idref="fl-1b"/>
      </object_component>
      <object_component id="oc-3d1">
         <name>.bss:MEP_SF</name>
         <uninitialized>true</uninitialized>
         <run_address>0x1107c</run_address>
         <size>0x9</size>
         <input_file_ref idref="fl-1b"/>
      </object_component>
      <object_component id="oc-351">
         <name>.bss</name>
         <uninitialized>true</uninitialized>
         <run_address>0x1103c</run_address>
         <size>0x4</size>
         <input_file_ref idref="fl-11"/>
      </object_component>
      <object_component id="oc-3f7">
         <name>.bss:blkUserRegs</name>
         <uninitialized>true</uninitialized>
         <run_address>0x1108d</run_address>
         <size>0x7</size>
         <input_file_ref idref="fl-9"/>
      </object_component>
      <object_component id="oc-3f4">
         <name>.bss:u16EEHeader</name>
         <uninitialized>true</uninitialized>
         <run_address>0x11085</run_address>
         <size>0x8</size>
         <input_file_ref idref="fl-9"/>
      </object_component>
      <object_component id="oc-355">
         <name>.bss</name>
         <uninitialized>true</uninitialized>
         <run_address>0x11040</run_address>
         <size>0x3c</size>
         <input_file_ref idref="fl-e"/>
      </object_component>
      <object_component id="oc-60">
         <name>.data</name>
         <load_address>0x15331</load_address>
         <run_address>0x15331</run_address>
         <size>0x1</size>
         <input_file_ref idref="fl-3"/>
      </object_component>
      <object_component id="oc-66">
         <name>.data:isr_task</name>
         <load_address>0x152fa</load_address>
         <run_address>0x152fa</run_address>
         <size>0x12</size>
         <input_file_ref idref="fl-3"/>
      </object_component>
      <object_component id="oc-2c4">
         <name>.data</name>
         <load_address>0x1532a</load_address>
         <run_address>0x1532a</run_address>
         <size>0x4</size>
         <input_file_ref idref="fl-4"/>
      </object_component>
      <object_component id="oc-2af">
         <name>.data:time_task</name>
         <load_address>0x1530c</load_address>
         <run_address>0x1530c</run_address>
         <size>0x12</size>
         <input_file_ref idref="fl-4"/>
      </object_component>
      <object_component id="oc-185">
         <name>.data</name>
         <load_address>0x1531e</load_address>
         <run_address>0x1531e</run_address>
         <size>0x6</size>
         <input_file_ref idref="fl-8"/>
      </object_component>
      <object_component id="oc-3d0">
         <name>.data</name>
         <load_address>0x15330</load_address>
         <run_address>0x15330</run_address>
         <size>0x1</size>
         <input_file_ref idref="fl-1b"/>
      </object_component>
      <object_component id="oc-207">
         <name>.data</name>
         <load_address>0x15324</load_address>
         <run_address>0x15324</run_address>
         <size>0x6</size>
         <input_file_ref idref="fl-3f"/>
      </object_component>
      <object_component id="oc-2a9">
         <name>.data</name>
         <load_address>0x15000</load_address>
         <run_address>0x15000</run_address>
         <size>0x28e</size>
         <input_file_ref idref="fl-b"/>
      </object_component>
      <object_component id="oc-20a">
         <name>.data:_lock</name>
         <load_address>0x1532e</load_address>
         <run_address>0x1532e</run_address>
         <size>0x2</size>
         <input_file_ref idref="fl-40"/>
      </object_component>
      <object_component id="oc-3d4">
         <name>.data:ePWM</name>
         <load_address>0x152e8</load_address>
         <run_address>0x152e8</run_address>
         <size>0x12</size>
         <input_file_ref idref="fl-11"/>
      </object_component>
      <object_component id="oc-378">
         <name>.data</name>
         <load_address>0x152c0</load_address>
         <run_address>0x152c0</run_address>
         <size>0x28</size>
         <input_file_ref idref="fl-9"/>
      </object_component>
      <object_component id="oc-369">
         <name>.data:ModbusFunc</name>
         <load_address>0x1528e</load_address>
         <run_address>0x1528e</run_address>
         <size>0x32</size>
         <input_file_ref idref="fl-b"/>
      </object_component>
      <object_component id="oc-69">
         <name>.TI.ramfunc</name>
         <load_address>0x98000</load_address>
         <run_address>0xc000</run_address>
         <size>0x3bf</size>
         <input_file_ref idref="fl-3"/>
      </object_component>
      <object_component id="oc-2a3">
         <name>.TI.ramfunc</name>
         <load_address>0x983bf</load_address>
         <run_address>0xc3bf</run_address>
         <size>0xd5</size>
         <input_file_ref idref="fl-11"/>
      </object_component>
      <object_component id="oc-35">
         <name>.TI.ramfunc:retain</name>
         <load_address>0x98494</load_address>
         <run_address>0xc494</run_address>
         <size>0x73</size>
         <input_file_ref idref="fl-3"/>
      </object_component>
      <object_component id="oc-188">
         <name>.TI.ramfunc:Flash_initModule</name>
         <load_address>0x98507</load_address>
         <run_address>0xc507</run_address>
         <size>0x43</size>
         <input_file_ref idref="fl-23"/>
      </object_component>
      <object_component id="oc-2b2">
         <name>.TI.ramfunc</name>
         <load_address>0x9854a</load_address>
         <run_address>0xc54a</run_address>
         <size>0x2f</size>
         <input_file_ref idref="fl-4"/>
      </object_component>
      <object_component id="oc-224">
         <name>.TI.ramfunc:Flash_setBankPowerMode</name>
         <load_address>0x98579</load_address>
         <run_address>0xc579</run_address>
         <size>0x2c</size>
         <input_file_ref idref="fl-23"/>
      </object_component>
      <object_component id="oc-23c">
         <name>.TI.ramfunc:Flash_setWaitstates</name>
         <load_address>0x985a5</load_address>
         <run_address>0xc5a5</run_address>
         <size>0x24</size>
         <input_file_ref idref="fl-23"/>
      </object_component>
      <object_component id="oc-22a">
         <name>.TI.ramfunc:Flash_setPumpPowerMode</name>
         <load_address>0x985c9</load_address>
         <run_address>0xc5c9</run_address>
         <size>0x1d</size>
         <input_file_ref idref="fl-23"/>
      </object_component>
      <object_component id="oc-230">
         <name>.TI.ramfunc:Flash_disableCache</name>
         <load_address>0x985e6</load_address>
         <run_address>0xc5e6</run_address>
         <size>0x18</size>
         <input_file_ref idref="fl-23"/>
      </object_component>
      <object_component id="oc-236">
         <name>.TI.ramfunc:Flash_disablePrefetch</name>
         <load_address>0x985fe</load_address>
         <run_address>0xc5fe</run_address>
         <size>0x18</size>
         <input_file_ref idref="fl-23"/>
      </object_component>
      <object_component id="oc-242">
         <name>.TI.ramfunc:Flash_enableCache</name>
         <load_address>0x98616</load_address>
         <run_address>0xc616</run_address>
         <size>0x17</size>
         <input_file_ref idref="fl-23"/>
      </object_component>
      <object_component id="oc-248">
         <name>.TI.ramfunc:Flash_enablePrefetch</name>
         <load_address>0x9862d</load_address>
         <run_address>0xc62d</run_address>
         <size>0x17</size>
         <input_file_ref idref="fl-23"/>
      </object_component>
      <object_component id="oc-24e">
         <name>.TI.ramfunc:Flash_enableECC</name>
         <load_address>0x98644</load_address>
         <run_address>0xc644</run_address>
         <size>0x16</size>
         <input_file_ref idref="fl-23"/>
      </object_component>
      <object_component id="oc-95">
         <name>.TI.ramfunc</name>
         <load_address>0x9865a</load_address>
         <run_address>0xc65a</run_address>
         <size>0x4</size>
         <input_file_ref idref="fl-2a"/>
      </object_component>
      <object_component id="oc-e6">
         <name>.TI.ramfunc:isrTask100usec</name>
         <load_address>0x9865e</load_address>
         <run_address>0xc65e</run_address>
         <size>0x3</size>
         <input_file_ref idref="fl-3"/>
      </object_component>
      <object_component id="oc-313">
         <name>Cla1Prog:Cla1Task1</name>
         <load_address>0xa0000</load_address>
         <run_address>0x8000</run_address>
         <size>0x428</size>
         <input_file_ref idref="fl-2"/>
      </object_component>
      <object_component id="oc-3bc">
         <name>Cla1Prog:CLA_Measurement</name>
         <load_address>0xa0428</load_address>
         <run_address>0x8428</run_address>
         <size>0x104</size>
         <input_file_ref idref="fl-2"/>
      </object_component>
      <object_component id="oc-417">
         <name>Cla1Prog:CLA_getCaliData</name>
         <load_address>0xa052c</load_address>
         <run_address>0x852c</run_address>
         <size>0x14</size>
         <input_file_ref idref="fl-2"/>
      </object_component>
      <object_component id="oc-319">
         <name>Cla1Prog:Cla1Task2</name>
         <load_address>0xa0540</load_address>
         <run_address>0x8540</run_address>
         <size>0x8</size>
         <input_file_ref idref="fl-2"/>
      </object_component>
      <object_component id="oc-31f">
         <name>Cla1Prog:Cla1Task3</name>
         <load_address>0xa0548</load_address>
         <run_address>0x8548</run_address>
         <size>0x8</size>
         <input_file_ref idref="fl-2"/>
      </object_component>
      <object_component id="oc-325">
         <name>Cla1Prog:Cla1Task4</name>
         <load_address>0xa0550</load_address>
         <run_address>0x8550</run_address>
         <size>0x8</size>
         <input_file_ref idref="fl-2"/>
      </object_component>
      <object_component id="oc-32b">
         <name>Cla1Prog:Cla1Task5</name>
         <load_address>0xa0558</load_address>
         <run_address>0x8558</run_address>
         <size>0x8</size>
         <input_file_ref idref="fl-2"/>
      </object_component>
      <object_component id="oc-331">
         <name>Cla1Prog:Cla1Task6</name>
         <load_address>0xa0560</load_address>
         <run_address>0x8560</run_address>
         <size>0x8</size>
         <input_file_ref idref="fl-2"/>
      </object_component>
      <object_component id="oc-337">
         <name>Cla1Prog:Cla1Task7</name>
         <load_address>0xa0568</load_address>
         <run_address>0x8568</run_address>
         <size>0x8</size>
         <input_file_ref idref="fl-2"/>
      </object_component>
      <object_component id="oc-33d">
         <name>Cla1Prog:Cla1Task8</name>
         <load_address>0xa0570</load_address>
         <run_address>0x8570</run_address>
         <size>0x8</size>
         <input_file_ref idref="fl-2"/>
      </object_component>
      <object_component id="oc-416">
         <name>.scratchpad:Cla1Prog:CLA_Measurement</name>
         <uninitialized>true</uninitialized>
         <run_address>0x98e2</run_address>
         <size>0x2</size>
         <input_file_ref idref="fl-2"/>
      </object_component>
      <object_component id="oc-5d">
         <name>cla_shared</name>
         <uninitialized>true</uninitialized>
         <run_address>0x9800</run_address>
         <size>0xe2</size>
         <input_file_ref idref="fl-10"/>
      </object_component>
      <object_component id="oc-3c3">
         <name>.debug_types</name>
         <load_address>0x0</load_address>
         <run_address>0x0</run_address>
         <size>0xfe5</size>
         <input_file_ref idref="fl-2"/>
      </object_component>
      <object_component id="oc-70">
         <name>.debug_types</name>
         <load_address>0xfe5</load_address>
         <run_address>0xfe5</run_address>
         <size>0x1751</size>
         <input_file_ref idref="fl-3"/>
      </object_component>
      <object_component id="oc-e5">
         <name>.debug_types</name>
         <load_address>0x2736</load_address>
         <run_address>0x2736</run_address>
         <size>0x1607</size>
         <input_file_ref idref="fl-4"/>
      </object_component>
      <object_component id="oc-1a7">
         <name>.debug_types</name>
         <load_address>0x3d3d</load_address>
         <run_address>0x3d3d</run_address>
         <size>0xb62</size>
         <input_file_ref idref="fl-8"/>
      </object_component>
      <object_component id="oc-3d8">
         <name>.debug_types</name>
         <load_address>0x489f</load_address>
         <run_address>0x489f</run_address>
         <size>0x103</size>
         <input_file_ref idref="fl-1b"/>
      </object_component>
      <object_component id="oc-135">
         <name>.debug_types</name>
         <load_address>0x49a2</load_address>
         <run_address>0x49a2</run_address>
         <size>0x264</size>
         <input_file_ref idref="fl-1f"/>
      </object_component>
      <object_component id="oc-3cc">
         <name>.debug_types</name>
         <load_address>0x4c06</load_address>
         <run_address>0x4c06</run_address>
         <size>0x7c9</size>
         <input_file_ref idref="fl-20"/>
      </object_component>
      <object_component id="oc-13e">
         <name>.debug_types</name>
         <load_address>0x0</load_address>
         <run_address>0x0</run_address>
         <size>0x0</size>
         <input_file_ref idref="fl-21"/>
      </object_component>
      <object_component id="oc-14a">
         <name>.debug_types</name>
         <load_address>0x53cf</load_address>
         <run_address>0x53cf</run_address>
         <size>0xef</size>
         <input_file_ref idref="fl-22"/>
      </object_component>
      <object_component id="oc-255">
         <name>.debug_types</name>
         <load_address>0x54be</load_address>
         <run_address>0x54be</run_address>
         <size>0x1d7</size>
         <input_file_ref idref="fl-23"/>
      </object_component>
      <object_component id="oc-117">
         <name>.debug_types</name>
         <load_address>0x5695</load_address>
         <run_address>0x5695</run_address>
         <size>0x50d</size>
         <input_file_ref idref="fl-24"/>
      </object_component>
      <object_component id="oc-155">
         <name>.debug_types</name>
         <load_address>0x5ba2</load_address>
         <run_address>0x5ba2</run_address>
         <size>0x96</size>
         <input_file_ref idref="fl-25"/>
      </object_component>
      <object_component id="oc-16c">
         <name>.debug_types</name>
         <load_address>0x0</load_address>
         <run_address>0x0</run_address>
         <size>0x0</size>
         <input_file_ref idref="fl-26"/>
      </object_component>
      <object_component id="oc-3bb">
         <name>.debug_types</name>
         <load_address>0x5c38</load_address>
         <run_address>0x5c38</run_address>
         <size>0x19b</size>
         <input_file_ref idref="fl-27"/>
      </object_component>
      <object_component id="oc-108">
         <name>.debug_types</name>
         <load_address>0x5dd3</load_address>
         <run_address>0x5dd3</run_address>
         <size>0x3fa</size>
         <input_file_ref idref="fl-28"/>
      </object_component>
      <object_component id="oc-15e">
         <name>.debug_types</name>
         <load_address>0x61cd</load_address>
         <run_address>0x61cd</run_address>
         <size>0x4cf</size>
         <input_file_ref idref="fl-29"/>
      </object_component>
      <object_component id="oc-257">
         <name>.debug_types</name>
         <load_address>0x669c</load_address>
         <run_address>0x669c</run_address>
         <size>0x21d</size>
         <input_file_ref idref="fl-2a"/>
      </object_component>
      <object_component id="oc-27d">
         <name>.debug_types</name>
         <load_address>0x68b9</load_address>
         <run_address>0x68b9</run_address>
         <size>0x4e8</size>
         <input_file_ref idref="fl-3b"/>
      </object_component>
      <object_component id="oc-20e">
         <name>.debug_types</name>
         <load_address>0x6da1</load_address>
         <run_address>0x6da1</run_address>
         <size>0xbf</size>
         <input_file_ref idref="fl-3f"/>
      </object_component>
      <object_component id="oc-206">
         <name>.debug_types</name>
         <load_address>0x6e60</load_address>
         <run_address>0x6e60</run_address>
         <size>0xe1</size>
         <input_file_ref idref="fl-41"/>
      </object_component>
      <object_component id="oc-2f4">
         <name>.debug_types</name>
         <load_address>0x0</load_address>
         <run_address>0x0</run_address>
         <size>0x0</size>
         <input_file_ref idref="fl-44"/>
      </object_component>
      <object_component id="oc-43">
         <name>.debug_types</name>
         <load_address>0x6f41</load_address>
         <run_address>0x6f41</run_address>
         <size>0x438e</size>
         <input_file_ref idref="fl-45"/>
      </object_component>
      <object_component id="oc-33e">
         <name>.debug_info</name>
         <load_address>0x0</load_address>
         <run_address>0x0</run_address>
         <size>0x11f</size>
         <input_file_ref idref="fl-2"/>
      </object_component>
      <object_component id="oc-339">
         <name>.debug_info</name>
         <load_address>0x11f</load_address>
         <run_address>0x11f</run_address>
         <size>0x11d</size>
         <input_file_ref idref="fl-2"/>
      </object_component>
      <object_component id="oc-334">
         <name>.debug_info</name>
         <load_address>0x23c</load_address>
         <run_address>0x23c</run_address>
         <size>0x11d</size>
         <input_file_ref idref="fl-2"/>
      </object_component>
      <object_component id="oc-32e">
         <name>.debug_info</name>
         <load_address>0x359</load_address>
         <run_address>0x359</run_address>
         <size>0x11d</size>
         <input_file_ref idref="fl-2"/>
      </object_component>
      <object_component id="oc-327">
         <name>.debug_info</name>
         <load_address>0x476</load_address>
         <run_address>0x476</run_address>
         <size>0x11d</size>
         <input_file_ref idref="fl-2"/>
      </object_component>
      <object_component id="oc-322">
         <name>.debug_info</name>
         <load_address>0x593</load_address>
         <run_address>0x593</run_address>
         <size>0x11d</size>
         <input_file_ref idref="fl-2"/>
      </object_component>
      <object_component id="oc-31c">
         <name>.debug_info</name>
         <load_address>0x6b0</load_address>
         <run_address>0x6b0</run_address>
         <size>0x11d</size>
         <input_file_ref idref="fl-2"/>
      </object_component>
      <object_component id="oc-418">
         <name>.debug_info</name>
         <load_address>0x7cd</load_address>
         <run_address>0x7cd</run_address>
         <size>0x16a</size>
         <input_file_ref idref="fl-2"/>
      </object_component>
      <object_component id="oc-3bd">
         <name>.debug_info</name>
         <load_address>0x937</load_address>
         <run_address>0x937</run_address>
         <size>0x192</size>
         <input_file_ref idref="fl-2"/>
      </object_component>
      <object_component id="oc-314">
         <name>.debug_info</name>
         <load_address>0xac9</load_address>
         <run_address>0xac9</run_address>
         <size>0x22a</size>
         <input_file_ref idref="fl-2"/>
      </object_component>
      <object_component id="oc-61">
         <name>.debug_info</name>
         <load_address>0xcf3</load_address>
         <run_address>0xcf3</run_address>
         <size>0xe2</size>
         <input_file_ref idref="fl-3"/>
      </object_component>
      <object_component id="oc-67">
         <name>.debug_info</name>
         <load_address>0xdd5</load_address>
         <run_address>0xdd5</run_address>
         <size>0xdc</size>
         <input_file_ref idref="fl-3"/>
      </object_component>
      <object_component id="oc-6a">
         <name>.debug_info</name>
         <load_address>0xeb1</load_address>
         <run_address>0xeb1</run_address>
         <size>0x5fa</size>
         <input_file_ref idref="fl-3"/>
      </object_component>
      <object_component id="oc-e7">
         <name>.debug_info</name>
         <load_address>0x14ab</load_address>
         <run_address>0x14ab</run_address>
         <size>0x11f</size>
         <input_file_ref idref="fl-3"/>
      </object_component>
      <object_component id="oc-36">
         <name>.debug_info</name>
         <load_address>0x15ca</load_address>
         <run_address>0x15ca</run_address>
         <size>0x14b</size>
         <input_file_ref idref="fl-3"/>
      </object_component>
      <object_component id="oc-2c5">
         <name>.debug_info</name>
         <load_address>0x1715</load_address>
         <run_address>0x1715</run_address>
         <size>0xdd</size>
         <input_file_ref idref="fl-4"/>
      </object_component>
      <object_component id="oc-2b0">
         <name>.debug_info</name>
         <load_address>0x17f2</load_address>
         <run_address>0x17f2</run_address>
         <size>0xdf</size>
         <input_file_ref idref="fl-4"/>
      </object_component>
      <object_component id="oc-64">
         <name>.debug_info</name>
         <load_address>0x18d1</load_address>
         <run_address>0x18d1</run_address>
         <size>0xd5</size>
         <input_file_ref idref="fl-4"/>
      </object_component>
      <object_component id="oc-2b4">
         <name>.debug_info</name>
         <load_address>0x19a6</load_address>
         <run_address>0x19a6</run_address>
         <size>0x218</size>
         <input_file_ref idref="fl-4"/>
      </object_component>
      <object_component id="oc-200">
         <name>.debug_info</name>
         <load_address>0x1bbe</load_address>
         <run_address>0x1bbe</run_address>
         <size>0x1a2</size>
         <input_file_ref idref="fl-4"/>
      </object_component>
      <object_component id="oc-27">
         <name>.debug_info</name>
         <load_address>0x1d60</load_address>
         <run_address>0x1d60</run_address>
         <size>0x109</size>
         <input_file_ref idref="fl-7"/>
      </object_component>
      <object_component id="oc-59">
         <name>.debug_info</name>
         <load_address>0x1e69</load_address>
         <run_address>0x1e69</run_address>
         <size>0x10a</size>
         <input_file_ref idref="fl-7"/>
      </object_component>
      <object_component id="oc-186">
         <name>.debug_info</name>
         <load_address>0x1f73</load_address>
         <run_address>0x1f73</run_address>
         <size>0x154</size>
         <input_file_ref idref="fl-8"/>
      </object_component>
      <object_component id="oc-f4">
         <name>.debug_info</name>
         <load_address>0x20c7</load_address>
         <run_address>0x20c7</run_address>
         <size>0x64e</size>
         <input_file_ref idref="fl-8"/>
      </object_component>
      <object_component id="oc-3ce">
         <name>.debug_info</name>
         <load_address>0x2715</load_address>
         <run_address>0x2715</run_address>
         <size>0x12f</size>
         <input_file_ref idref="fl-1b"/>
      </object_component>
      <object_component id="oc-3d2">
         <name>.debug_info</name>
         <load_address>0x2844</load_address>
         <run_address>0x2844</run_address>
         <size>0x12d</size>
         <input_file_ref idref="fl-1b"/>
      </object_component>
      <object_component id="oc-34d">
         <name>.debug_info</name>
         <load_address>0x2971</load_address>
         <run_address>0x2971</run_address>
         <size>0x247</size>
         <input_file_ref idref="fl-1b"/>
      </object_component>
      <object_component id="oc-125">
         <name>.debug_info</name>
         <load_address>0x2bb8</load_address>
         <run_address>0x2bb8</run_address>
         <size>0x207</size>
         <input_file_ref idref="fl-1f"/>
      </object_component>
      <object_component id="oc-93">
         <name>.debug_info</name>
         <load_address>0x2dbf</load_address>
         <run_address>0x2dbf</run_address>
         <size>0x2bc</size>
         <input_file_ref idref="fl-1f"/>
      </object_component>
      <object_component id="oc-129">
         <name>.debug_info</name>
         <load_address>0x307b</load_address>
         <run_address>0x307b</run_address>
         <size>0x24a</size>
         <input_file_ref idref="fl-1f"/>
      </object_component>
      <object_component id="oc-12f">
         <name>.debug_info</name>
         <load_address>0x32c5</load_address>
         <run_address>0x32c5</run_address>
         <size>0x288</size>
         <input_file_ref idref="fl-1f"/>
      </object_component>
      <object_component id="oc-347">
         <name>.debug_info</name>
         <load_address>0x354d</load_address>
         <run_address>0x354d</run_address>
         <size>0x265</size>
         <input_file_ref idref="fl-20"/>
      </object_component>
      <object_component id="oc-13a">
         <name>.debug_info</name>
         <load_address>0x37b2</load_address>
         <run_address>0x37b2</run_address>
         <size>0x20d</size>
         <input_file_ref idref="fl-21"/>
      </object_component>
      <object_component id="oc-97">
         <name>.debug_info</name>
         <load_address>0x39bf</load_address>
         <run_address>0x39bf</run_address>
         <size>0x2d5</size>
         <input_file_ref idref="fl-21"/>
      </object_component>
      <object_component id="oc-9e">
         <name>.debug_info</name>
         <load_address>0x3c94</load_address>
         <run_address>0x3c94</run_address>
         <size>0x2d3</size>
         <input_file_ref idref="fl-21"/>
      </object_component>
      <object_component id="oc-a9">
         <name>.debug_info</name>
         <load_address>0x3f67</load_address>
         <run_address>0x3f67</run_address>
         <size>0x295</size>
         <input_file_ref idref="fl-21"/>
      </object_component>
      <object_component id="oc-a3">
         <name>.debug_info</name>
         <load_address>0x41fc</load_address>
         <run_address>0x41fc</run_address>
         <size>0x2ec</size>
         <input_file_ref idref="fl-21"/>
      </object_component>
      <object_component id="oc-146">
         <name>.debug_info</name>
         <load_address>0x44e8</load_address>
         <run_address>0x44e8</run_address>
         <size>0x219</size>
         <input_file_ref idref="fl-22"/>
      </object_component>
      <object_component id="oc-b0">
         <name>.debug_info</name>
         <load_address>0x4701</load_address>
         <run_address>0x4701</run_address>
         <size>0x265</size>
         <input_file_ref idref="fl-22"/>
      </object_component>
      <object_component id="oc-212">
         <name>.debug_info</name>
         <load_address>0x4966</load_address>
         <run_address>0x4966</run_address>
         <size>0x21d</size>
         <input_file_ref idref="fl-23"/>
      </object_component>
      <object_component id="oc-21a">
         <name>.debug_info</name>
         <load_address>0x4b83</load_address>
         <run_address>0x4b83</run_address>
         <size>0x219</size>
         <input_file_ref idref="fl-23"/>
      </object_component>
      <object_component id="oc-23e">
         <name>.debug_info</name>
         <load_address>0x4d9c</load_address>
         <run_address>0x4d9c</run_address>
         <size>0x279</size>
         <input_file_ref idref="fl-23"/>
      </object_component>
      <object_component id="oc-228">
         <name>.debug_info</name>
         <load_address>0x5015</load_address>
         <run_address>0x5015</run_address>
         <size>0x28f</size>
         <input_file_ref idref="fl-23"/>
      </object_component>
      <object_component id="oc-22d">
         <name>.debug_info</name>
         <load_address>0x52a4</load_address>
         <run_address>0x52a4</run_address>
         <size>0x26e</size>
         <input_file_ref idref="fl-23"/>
      </object_component>
      <object_component id="oc-24a">
         <name>.debug_info</name>
         <load_address>0x5512</load_address>
         <run_address>0x5512</run_address>
         <size>0x23f</size>
         <input_file_ref idref="fl-23"/>
      </object_component>
      <object_component id="oc-23a">
         <name>.debug_info</name>
         <load_address>0x5751</load_address>
         <run_address>0x5751</run_address>
         <size>0x241</size>
         <input_file_ref idref="fl-23"/>
      </object_component>
      <object_component id="oc-246">
         <name>.debug_info</name>
         <load_address>0x5992</load_address>
         <run_address>0x5992</run_address>
         <size>0x239</size>
         <input_file_ref idref="fl-23"/>
      </object_component>
      <object_component id="oc-232">
         <name>.debug_info</name>
         <load_address>0x5bcb</load_address>
         <run_address>0x5bcb</run_address>
         <size>0x23b</size>
         <input_file_ref idref="fl-23"/>
      </object_component>
      <object_component id="oc-251">
         <name>.debug_info</name>
         <load_address>0x5e06</load_address>
         <run_address>0x5e06</run_address>
         <size>0x232</size>
         <input_file_ref idref="fl-23"/>
      </object_component>
      <object_component id="oc-222">
         <name>.debug_info</name>
         <load_address>0x6038</load_address>
         <run_address>0x6038</run_address>
         <size>0x27b</size>
         <input_file_ref idref="fl-23"/>
      </object_component>
      <object_component id="oc-18a">
         <name>.debug_info</name>
         <load_address>0x62b3</load_address>
         <run_address>0x62b3</run_address>
         <size>0x397</size>
         <input_file_ref idref="fl-23"/>
      </object_component>
      <object_component id="oc-119">
         <name>.debug_info</name>
         <load_address>0x664a</load_address>
         <run_address>0x664a</run_address>
         <size>0x205</size>
         <input_file_ref idref="fl-24"/>
      </object_component>
      <object_component id="oc-b6">
         <name>.debug_info</name>
         <load_address>0x684f</load_address>
         <run_address>0x684f</run_address>
         <size>0x27d</size>
         <input_file_ref idref="fl-24"/>
      </object_component>
      <object_component id="oc-84">
         <name>.debug_info</name>
         <load_address>0x6acc</load_address>
         <run_address>0x6acc</run_address>
         <size>0x266</size>
         <input_file_ref idref="fl-24"/>
      </object_component>
      <object_component id="oc-8a">
         <name>.debug_info</name>
         <load_address>0x6d32</load_address>
         <run_address>0x6d32</run_address>
         <size>0x2ae</size>
         <input_file_ref idref="fl-24"/>
      </object_component>
      <object_component id="oc-bb">
         <name>.debug_info</name>
         <load_address>0x6fe0</load_address>
         <run_address>0x6fe0</run_address>
         <size>0x296</size>
         <input_file_ref idref="fl-24"/>
      </object_component>
      <object_component id="oc-7e">
         <name>.debug_info</name>
         <load_address>0x7276</load_address>
         <run_address>0x7276</run_address>
         <size>0x24f</size>
         <input_file_ref idref="fl-24"/>
      </object_component>
      <object_component id="oc-150">
         <name>.debug_info</name>
         <load_address>0x74c5</load_address>
         <run_address>0x74c5</run_address>
         <size>0x207</size>
         <input_file_ref idref="fl-25"/>
      </object_component>
      <object_component id="oc-c1">
         <name>.debug_info</name>
         <load_address>0x76cc</load_address>
         <run_address>0x76cc</run_address>
         <size>0x2c9</size>
         <input_file_ref idref="fl-25"/>
      </object_component>
      <object_component id="oc-168">
         <name>.debug_info</name>
         <load_address>0x7995</load_address>
         <run_address>0x7995</run_address>
         <size>0x1fe</size>
         <input_file_ref idref="fl-26"/>
      </object_component>
      <object_component id="oc-161">
         <name>.debug_info</name>
         <load_address>0x7b93</load_address>
         <run_address>0x7b93</run_address>
         <size>0x202</size>
         <input_file_ref idref="fl-26"/>
      </object_component>
      <object_component id="oc-2fb">
         <name>.debug_info</name>
         <load_address>0x7d95</load_address>
         <run_address>0x7d95</run_address>
         <size>0x21c</size>
         <input_file_ref idref="fl-26"/>
      </object_component>
      <object_component id="oc-308">
         <name>.debug_info</name>
         <load_address>0x7fb1</load_address>
         <run_address>0x7fb1</run_address>
         <size>0x202</size>
         <input_file_ref idref="fl-26"/>
      </object_component>
      <object_component id="oc-301">
         <name>.debug_info</name>
         <load_address>0x81b3</load_address>
         <run_address>0x81b3</run_address>
         <size>0x1e8</size>
         <input_file_ref idref="fl-26"/>
      </object_component>
      <object_component id="oc-28e">
         <name>.debug_info</name>
         <load_address>0x839b</load_address>
         <run_address>0x839b</run_address>
         <size>0x20f</size>
         <input_file_ref idref="fl-26"/>
      </object_component>
      <object_component id="oc-292">
         <name>.debug_info</name>
         <load_address>0x85aa</load_address>
         <run_address>0x85aa</run_address>
         <size>0x20a</size>
         <input_file_ref idref="fl-26"/>
      </object_component>
      <object_component id="oc-cd">
         <name>.debug_info</name>
         <load_address>0x87b4</load_address>
         <run_address>0x87b4</run_address>
         <size>0x2b2</size>
         <input_file_ref idref="fl-26"/>
      </object_component>
      <object_component id="oc-311">
         <name>.debug_info</name>
         <load_address>0x8a66</load_address>
         <run_address>0x8a66</run_address>
         <size>0x293</size>
         <input_file_ref idref="fl-27"/>
      </object_component>
      <object_component id="oc-fb">
         <name>.debug_info</name>
         <load_address>0x8cf9</load_address>
         <run_address>0x8cf9</run_address>
         <size>0x205</size>
         <input_file_ref idref="fl-28"/>
      </object_component>
      <object_component id="oc-110">
         <name>.debug_info</name>
         <load_address>0x8efe</load_address>
         <run_address>0x8efe</run_address>
         <size>0x225</size>
         <input_file_ref idref="fl-28"/>
      </object_component>
      <object_component id="oc-10a">
         <name>.debug_info</name>
         <load_address>0x9123</load_address>
         <run_address>0x9123</run_address>
         <size>0x227</size>
         <input_file_ref idref="fl-28"/>
      </object_component>
      <object_component id="oc-103">
         <name>.debug_info</name>
         <load_address>0x934a</load_address>
         <run_address>0x934a</run_address>
         <size>0x235</size>
         <input_file_ref idref="fl-28"/>
      </object_component>
      <object_component id="oc-7a">
         <name>.debug_info</name>
         <load_address>0x957f</load_address>
         <run_address>0x957f</run_address>
         <size>0x2b5</size>
         <input_file_ref idref="fl-28"/>
      </object_component>
      <object_component id="oc-74">
         <name>.debug_info</name>
         <load_address>0x9834</load_address>
         <run_address>0x9834</run_address>
         <size>0x268</size>
         <input_file_ref idref="fl-28"/>
      </object_component>
      <object_component id="oc-157">
         <name>.debug_info</name>
         <load_address>0x9a9c</load_address>
         <run_address>0x9a9c</run_address>
         <size>0x207</size>
         <input_file_ref idref="fl-29"/>
      </object_component>
      <object_component id="oc-c7">
         <name>.debug_info</name>
         <load_address>0x9ca3</load_address>
         <run_address>0x9ca3</run_address>
         <size>0x308</size>
         <input_file_ref idref="fl-29"/>
      </object_component>
      <object_component id="oc-267">
         <name>.debug_info</name>
         <load_address>0x9fab</load_address>
         <run_address>0x9fab</run_address>
         <size>0x1f2</size>
         <input_file_ref idref="fl-2a"/>
      </object_component>
      <object_component id="oc-25b">
         <name>.debug_info</name>
         <load_address>0xa19d</load_address>
         <run_address>0xa19d</run_address>
         <size>0x20e</size>
         <input_file_ref idref="fl-2a"/>
      </object_component>
      <object_component id="oc-3ae">
         <name>.debug_info</name>
         <load_address>0xa3ab</load_address>
         <run_address>0xa3ab</run_address>
         <size>0x1e4</size>
         <input_file_ref idref="fl-2a"/>
      </object_component>
      <object_component id="oc-401">
         <name>.debug_info</name>
         <load_address>0xa58f</load_address>
         <run_address>0xa58f</run_address>
         <size>0x217</size>
         <input_file_ref idref="fl-2a"/>
      </object_component>
      <object_component id="oc-39c">
         <name>.debug_info</name>
         <load_address>0xa7a6</load_address>
         <run_address>0xa7a6</run_address>
         <size>0x244</size>
         <input_file_ref idref="fl-2a"/>
      </object_component>
      <object_component id="oc-385">
         <name>.debug_info</name>
         <load_address>0xa9ea</load_address>
         <run_address>0xa9ea</run_address>
         <size>0x242</size>
         <input_file_ref idref="fl-2a"/>
      </object_component>
      <object_component id="oc-38b">
         <name>.debug_info</name>
         <load_address>0xac2c</load_address>
         <run_address>0xac2c</run_address>
         <size>0x24a</size>
         <input_file_ref idref="fl-2a"/>
      </object_component>
      <object_component id="oc-3a2">
         <name>.debug_info</name>
         <load_address>0xae76</load_address>
         <run_address>0xae76</run_address>
         <size>0x24d</size>
         <input_file_ref idref="fl-2a"/>
      </object_component>
      <object_component id="oc-391">
         <name>.debug_info</name>
         <load_address>0xb0c3</load_address>
         <run_address>0xb0c3</run_address>
         <size>0x24e</size>
         <input_file_ref idref="fl-2a"/>
      </object_component>
      <object_component id="oc-40d">
         <name>.debug_info</name>
         <load_address>0xb311</load_address>
         <run_address>0xb311</run_address>
         <size>0x258</size>
         <input_file_ref idref="fl-2a"/>
      </object_component>
      <object_component id="oc-396">
         <name>.debug_info</name>
         <load_address>0xb569</load_address>
         <run_address>0xb569</run_address>
         <size>0x27c</size>
         <input_file_ref idref="fl-2a"/>
      </object_component>
      <object_component id="oc-3a9">
[...]
         <name>SWTIRMER_init</name>
         <value>0x825e6</value>
         <object_component_ref idref="oc-3b"/>
      </symbol>
      <symbol id="sm-2bd">
         <name>initCLA</name>
         <value>0x84048</value>
         <object_component_ref idref="oc-297"/>
      </symbol>
      <symbol id="sm-2be">
         <name>enableAdcTriggerbyPWM</name>
         <value>0xc456</value>
         <object_component_ref idref="oc-2a3"/>
      </symbol>
      <symbol id="sm-2bf">
         <name>_lock</name>
         <value>0x1532e</value>
         <object_component_ref idref="oc-20a"/>
      </symbol>
      <symbol id="sm-2c0">
         <name>execPowerSequence</name>
         <value>0x844c9</value>
         <object_component_ref idref="oc-29d"/>
      </symbol>
      <symbol id="sm-2c1">
         <name>readHoldingRegister</name>
         <value>0x83747</value>
         <object_component_ref idref="oc-36f"/>
      </symbol>
      <symbol id="sm-2c2">
         <name>IO_SENSE_init</name>
         <value>0x8229e</value>
         <object_component_ref idref="oc-3b"/>
      </symbol>
      <symbol id="sm-2c3">
         <name>initMbusConfig</name>
         <value>0x8321d</value>
         <object_component_ref idref="oc-2b8"/>
      </symbol>
      <symbol id="sm-2c4">
         <name>rstEepormTimeout</name>
         <value>0x828e9</value>
         <object_component_ref idref="oc-2be"/>
      </symbol>
      <symbol id="sm-2c5">
         <name>mbcomm</name>
         <value>0x15040</value>
         <object_component_ref idref="oc-2a9"/>
      </symbol>
      <symbol id="sm-2c6">
         <name>__TI_zero_init_nomemset</name>
         <value>0x84bc9</value>
         <object_component_ref idref="oc-4b"/>
      </symbol>
      <symbol id="sm-2c7">
         <name>packCommon</name>
         <value>0xa8860</value>
         <object_component_ref idref="oc-37b"/>
      </symbol>
      <symbol id="sm-2c8">
         <name>IL_SENSE_init</name>
         <value>0x823d9</value>
         <object_component_ref idref="oc-3b"/>
      </symbol>
      <symbol id="sm-2c9">
         <name>rstModbusTimeout</name>
         <value>0x8320d</value>
         <object_component_ref idref="oc-2b8"/>
      </symbol>
      <symbol id="sm-2ca">
         <name>initPower</name>
         <value>0x8447e</value>
         <object_component_ref idref="oc-29d"/>
      </symbol>
      <symbol id="sm-2cb">
         <name>regUserRegs</name>
         <value>0xa8870</value>
         <object_component_ref idref="oc-3fa"/>
      </symbol>
      <symbol id="sm-2cc">
         <name>EPWM_init</name>
         <value>0x82681</value>
         <object_component_ref idref="oc-3b"/>
      </symbol>
      <symbol id="sm-2cd">
         <name>ModbusFunc</name>
         <value>0x1528e</value>
         <object_component_ref idref="oc-369"/>
      </symbol>
      <symbol id="sm-2ce">
         <name>pushModbusByte</name>
         <value>0x83726</value>
         <object_component_ref idref="oc-36f"/>
      </symbol>
      <symbol id="sm-2cf">
         <name>cpyVar2Blk</name>
         <value>0x828f9</value>
         <object_component_ref idref="oc-2be"/>
      </symbol>
      <symbol id="sm-2d0">
         <name>BUCK_sfoStatus</name>
         <value>0x1103c</value>
         <object_component_ref idref="oc-351"/>
      </symbol>
      <symbol id="sm-2d1">
         <name>regMbusData</name>
         <value>0x11040</value>
         <object_component_ref idref="oc-355"/>
      </symbol>
      <symbol id="sm-2d2">
         <name>initClaCtrlParam</name>
         <value>0x83f6d</value>
         <object_component_ref idref="oc-297"/>
      </symbol>
      <symbol id="sm-2d3">
         <name>__TI_decompress_lzss</name>
         <value>0x84832</value>
         <object_component_ref idref="oc-17"/>
      </symbol>
      <symbol id="sm-2d4">
         <name>chkValidAddress</name>
         <value>0x834b2</value>
         <object_component_ref idref="oc-3e5"/>
      </symbol>
      <symbol id="sm-2d5">
         <name>VO_SENSE_init</name>
         <value>0x824ab</value>
         <object_component_ref idref="oc-3b"/>
      </symbol>
      <symbol id="sm-2d6">
         <name>u16EEHeader</name>
         <value>0x11085</value>
         <object_component_ref idref="oc-3f4"/>
      </symbol>
      <symbol id="sm-2d7">
         <name>getModbusData</name>
         <value>0x835f0</value>
         <object_component_ref idref="oc-3e5"/>
      </symbol>
      <symbol id="sm-2d8">
         <name>blkUserRegs</name>
         <value>0x1108d</value>
         <object_component_ref idref="oc-3f7"/>
      </symbol>
      <symbol id="sm-2d9">
         <name>DACB_TP208_init</name>
         <value>0x82647</value>
         <object_component_ref idref="oc-3b"/>
      </symbol>
      <symbol id="sm-2da">
         <name>setModbusData</name>
         <value>0x834c1</value>
         <object_component_ref idref="oc-3e5"/>
      </symbol>
      <symbol id="sm-2db">
         <name>exeModbusSlave</name>
         <value>0x83271</value>
         <object_component_ref idref="oc-2b8"/>
      </symbol>
      <symbol id="sm-2dc">
         <name>__TI_decompress_none</name>
         <value>0x84bfe</value>
         <object_component_ref idref="oc-1d"/>
      </symbol>
      <symbol id="sm-2dd">
         <name>_system_pre_init</name>
         <value>0x84c11</value>
         <object_component_ref idref="oc-16d"/>
      </symbol>
      <symbol id="sm-2de">
         <name>sEE</name>
         <value>0x152c0</value>
         <object_component_ref idref="oc-378"/>
      </symbol>
      <symbol id="sm-357">
         <name>Cla1Task2</name>
         <value>0x8540</value>
         <object_component_ref idref="oc-319"/>
      </symbol>
      <symbol id="sm-358">
         <name>Cla1Task3</name>
         <value>0x8548</value>
         <object_component_ref idref="oc-31f"/>
      </symbol>
      <symbol id="sm-359">
         <name>Cla1Task1</name>
         <value>0x8000</value>
         <object_component_ref idref="oc-313"/>
      </symbol>
      <symbol id="sm-35a">
         <name>Cla1Task6</name>
         <value>0x8560</value>
         <object_component_ref idref="oc-331"/>
      </symbol>
      <symbol id="sm-35b">
         <name>Cla1Task7</name>
         <value>0x8568</value>
         <object_component_ref idref="oc-337"/>
      </symbol>
      <symbol id="sm-35c">
         <name>Cla1Task4</name>
         <value>0x8550</value>
         <object_component_ref idref="oc-325"/>
      </symbol>
      <symbol id="sm-35d">
         <name>Cla1Task5</name>
         <value>0x8558</value>
         <object_component_ref idref="oc-32b"/>
      </symbol>
      <symbol id="sm-35e">
         <name>Cla1Task8</name>
         <value>0x8570</value>
         <object_component_ref idref="oc-33d"/>
      </symbol>
      <symbol id="sm-3b1">
         <name>DAC_WriteData</name>
         <value>0xc2db</value>
         <object_component_ref idref="oc-69"/>
      </symbol>
      <symbol id="sm-3b2">
         <name>isr_task</name>
         <value>0x152fa</value>
         <object_component_ref idref="oc-66"/>
      </symbol>
      <symbol id="sm-3b3">
         <name>ctrlVrefRamp</name>
         <value>0xc066</value>
         <object_component_ref idref="oc-69"/>
      </symbol>
      <symbol id="sm-3b4">
         <name>isrTask100usec</name>
         <value>0xc65e</value>
         <object_component_ref idref="oc-e6"/>
      </symbol>
      <symbol id="sm-3b5">
         <name>eLoadScanError</name>
         <value>0xc0c8</value>
         <object_component_ref idref="oc-69"/>
      </symbol>
      <symbol id="sm-3b6">
         <name>scanBrownInOut</name>
         <value>0xc000</value>
         <object_component_ref idref="oc-69"/>
      </symbol>
      <symbol id="sm-3b7">
         <name>eLoadControl</name>
         <value>0xc0e7</value>
         <object_component_ref idref="oc-69"/>
      </symbol>
      <symbol id="sm-3b8">
         <name>isrTask1msec</name>
         <value>0xc21f</value>
         <object_component_ref idref="oc-69"/>
      </symbol>
      <symbol id="sm-3b9">
         <name>execCalibration</name>
         <value>0xc11c</value>
         <object_component_ref idref="oc-69"/>
      </symbol>
      <symbol id="sm-3ba">
         <name>id_isr_task</name>
         <value>0x15331</value>
         <object_component_ref idref="oc-60"/>
      </symbol>
      <symbol id="sm-3bb">
         <name>C28_Measurement</name>
         <value>0xc2a2</value>
         <object_component_ref idref="oc-69"/>
      </symbol>
      <symbol id="sm-3bc">
         <name>debugDAC</name>
         <value>0xc249</value>
         <object_component_ref idref="oc-69"/>
      </symbol>
      <symbol id="sm-3bd">
         <name>INT_ADC_EOC_ISR</name>
         <value>0xc494</value>
         <object_component_ref idref="oc-35"/>
      </symbol>
      <symbol id="sm-3be">
         <name>isrTimeTask</name>
         <value>0xc228</value>
         <object_component_ref idref="oc-69"/>
      </symbol>
      <symbol id="sm-3e8">
         <name>sDrv</name>
         <value>0x11000</value>
         <object_component_ref idref="oc-63"/>
      </symbol>
      <symbol id="sm-3e9">
         <name>id_ttask</name>
         <value>0x1532a</value>
         <object_component_ref idref="oc-2c4"/>
      </symbol>
      <symbol id="sm-3ea">
         <name>main</name>
         <value>0x8479d</value>
         <object_component_ref idref="oc-1ff"/>
      </symbol>
      <symbol id="sm-3eb">
         <name>task25msec</name>
         <value>0xc553</value>
         <object_component_ref idref="oc-2b2"/>
      </symbol>
      <symbol id="sm-3ec">
         <name>time_task</name>
         <value>0x1530c</value>
         <object_component_ref idref="oc-2af"/>
      </symbol>
      <symbol id="sm-3ed">
         <name>task2D5msec</name>
         <value>0xc54a</value>
         <object_component_ref idref="oc-2b2"/>
      </symbol>
      <symbol id="sm-3ee">
         <name>scanTimeTask</name>
         <value>0xc554</value>
         <object_component_ref idref="oc-2b2"/>
      </symbol>
      <symbol id="sm-3fd">
         <name>code_start</name>
         <value>0x80000</value>
         <object_component_ref idref="oc-24"/>
      </symbol>
      <symbol id="sm-415">
         <name>Device_enableAllPeripherals</name>
         <value>0x83e35</value>
         <object_component_ref idref="oc-f0"/>
      </symbol>
      <symbol id="sm-416">
         <name>Device_initGPIO</name>
         <value>0x83de4</value>
         <object_component_ref idref="oc-f0"/>
      </symbol>
      <symbol id="sm-417">
         <name>Example_Fail</name>
         <value>0x15322</value>
         <object_component_ref idref="oc-185"/>
      </symbol>
      <symbol id="sm-418">
         <name>Example_setResultFail</name>
         <value>0x83d8e</value>
         <object_component_ref idref="oc-f0"/>
      </symbol>
      <symbol id="sm-419">
         <name>Device_init</name>
         <value>0x83f13</value>
         <object_component_ref idref="oc-f0"/>
      </symbol>
      <symbol id="sm-41a">
         <name>Example_Result</name>
         <value>0x1531e</value>
         <object_component_ref idref="oc-185"/>
      </symbol>
      <symbol id="sm-41b">
         <name>Device_enableUnbondedGPIOPullups</name>
         <value>0x83dc4</value>
         <object_component_ref idref="oc-f0"/>
      </symbol>
      <symbol id="sm-41c">
         <name>__error__</name>
         <value>0x83d86</value>
         <object_component_ref idref="oc-f0"/>
      </symbol>
      <symbol id="sm-41d">
         <name>Example_setResultPass</name>
         <value>0x83d89</value>
         <object_component_ref idref="oc-f0"/>
      </symbol>
      <symbol id="sm-41e">
         <name>Device_configureTMXAnalogTrim</name>
         <value>0x83e02</value>
         <object_component_ref idref="oc-f0"/>
      </symbol>
      <symbol id="sm-41f">
         <name>Device_enableUnbondedGPIOPullupsFor176Pin</name>
         <value>0x83d94</value>
         <object_component_ref idref="oc-f0"/>
      </symbol>
      <symbol id="sm-420">
         <name>Example_done</name>
         <value>0x83d93</value>
         <object_component_ref idref="oc-f0"/>
      </symbol>
      <symbol id="sm-421">
         <name>Example_PassCount</name>
         <value>0x15320</value>
         <object_component_ref idref="oc-185"/>
      </symbol>
      <symbol id="sm-422">
         <name>Device_enableUnbondedGPIOPullupsFor100Pin</name>
         <value>0x83da7</value>
         <object_component_ref idref="oc-f0"/>
      </symbol>
      <symbol id="sm-44f">
         <name>MEP_SF</name>
         <value>0x1107c</value>
         <object_component_ref idref="oc-3d1"/>
      </symbol>
      <symbol id="sm-450">
         <name>SFO_CAL</name>
         <value>0x11094</value>
         <object_component_ref idref="oc-3cd"/>
      </symbol>
      <symbol id="sm-451">
         <name>SFO</name>
         <value>0x83b95</value>
         <object_component_ref idref="oc-34b"/>
      </symbol>
      <symbol id="sm-492">
         <name>ADC_setOffsetTrim</name>
         <value>0x8431f</value>
         <object_component_ref idref="oc-12e"/>
      </symbol>
      <symbol id="sm-493">
         <name>ADC_setMode</name>
         <value>0x84803</value>
         <object_component_ref idref="oc-8f"/>
      </symbol>
      <symbol id="sm-494">
         <name>ADC_setINLTrim</name>
         <value>0x841e4</value>
         <object_component_ref idref="oc-128"/>
      </symbol>
      <symbol id="sm-4a3">
         <name>CLA_setTriggerSource</name>
         <value>0x8490a</value>
         <object_component_ref idref="oc-343"/>
      </symbol>
      <symbol id="sm-4e0">
         <name>CMPSS_configFilterHigh</name>
         <value>0x8461a</value>
         <object_component_ref idref="oc-96"/>
      </symbol>
      <symbol id="sm-4e1">
         <name>CMPSS_configFilterLow</name>
         <value>0x84652</value>
         <object_component_ref idref="oc-9c"/>
      </symbol>
      <symbol id="sm-4e2">
         <name>CMPSS_configLatchOnPWMSYNC</name>
         <value>0x84860</value>
         <object_component_ref idref="oc-a8"/>
      </symbol>
      <symbol id="sm-4e3">
         <name>CMPSS_configRamp</name>
         <value>0x844ca</value>
         <object_component_ref idref="oc-a2"/>
      </symbol>
      <symbol id="sm-4fd">
         <name>CPUTimer_setEmulationMode</name>
         <value>0x84b05</value>
         <object_component_ref idref="oc-ae"/>
      </symbol>
      <symbol id="sm-577">
         <name>Flash_initModule</name>
         <value>0xc507</value>
         <object_component_ref idref="oc-188"/>
      </symbol>
      <symbol id="sm-5b9">
         <name>GPIO_setQualificationMode</name>
         <value>0x846f8</value>
         <object_component_ref idref="oc-89"/>
      </symbol>
      <symbol id="sm-5ba">
         <name>GPIO_setPadConfig</name>
         <value>0x843db</value>
         <object_component_ref idref="oc-83"/>
      </symbol>
      <symbol id="sm-5bb">
         <name>GPIO_setDirectionMode</name>
         <value>0x847d2</value>
         <object_component_ref idref="oc-b4"/>
      </symbol>
      <symbol id="sm-5bc">
         <name>GPIO_setPinConfig</name>
         <value>0x846c1</value>
         <object_component_ref idref="oc-7d"/>
      </symbol>
      <symbol id="sm-5bd">
         <name>GPIO_setControllerCore</name>
         <value>0x8468a</value>
         <object_component_ref idref="oc-ba"/>
      </symbol>
      <symbol id="sm-5df">
         <name>I2C_initController</name>
         <value>0x842bb</value>
         <object_component_ref idref="oc-c0"/>
      </symbol>
      <symbol id="sm-631">
         <name>Interrupt_initModule</name>
         <value>0x845dd</value>
         <object_component_ref idref="oc-28b"/>
      </symbol>
      <symbol id="sm-632">
         <name>Interrupt_enable</name>
         <value>0x8472f</value>
         <object_component_ref idref="oc-cc"/>
      </symbol>
      <symbol id="sm-633">
         <name>Interrupt_initVectorTable</name>
         <value>0x84996</value>
         <object_component_ref idref="oc-291"/>
      </symbol>
      <symbol id="sm-645">
         <name>MemCfg_setLSRAMControllerSel</name>
         <value>0x84766</value>
         <object_component_ref idref="oc-30d"/>
      </symbol>
      <symbol id="sm-689">
         <name>SCI_clearInterruptStatus</name>
         <value>0x8455a</value>
         <object_component_ref idref="oc-71"/>
      </symbol>
      <symbol id="sm-68a">
         <name>SCI_setConfig</name>
         <value>0x8459f</value>
         <object_component_ref idref="oc-77"/>
      </symbol>
      <symbol id="sm-6aa">
         <name>SPI_setConfig</name>
         <value>0x8437f</value>
         <object_component_ref idref="oc-c6"/>
      </symbol>
      <symbol id="sm-783">
         <name>SysCtl_delay</name>
         <value>0xc65a</value>
         <object_component_ref idref="oc-95"/>
      </symbol>
      <symbol id="sm-784">
         <name>SysCtl_getDeviceParametric</name>
         <value>0x84253</value>
         <object_component_ref idref="oc-18e"/>
      </symbol>
      <symbol id="sm-785">
         <name>SysCtl_selectXTAL</name>
         <value>0x840d2</value>
         <object_component_ref idref="oc-2ea"/>
      </symbol>
      <symbol id="sm-786">
         <name>SysCtl_selectOscSource</name>
         <value>0x84512</value>
         <object_component_ref idref="oc-25f"/>
      </symbol>
      <symbol id="sm-787">
         <name>SysCtl_getLowSpeedClock</name>
         <value>0x84a21</value>
         <object_component_ref idref="oc-1a0"/>
      </symbol>
      <symbol id="sm-788">
         <name>SysCtl_setClock</name>
         <value>0x8398f</value>
         <object_component_ref idref="oc-194"/>
      </symbol>
      <symbol id="sm-789">
         <name>SysCtl_getClock</name>
         <value>0x8442d</value>
         <object_component_ref idref="oc-19a"/>
      </symbol>
      <symbol id="sm-793">
         <name>_c_int00</name>
         <value>0x84ab0</value>
         <object_component_ref idref="oc-d9"/>
      </symbol>
      <symbol id="sm-794">
         <name>__stack</name>
         <value>0x400</value>
         <object_component_ref idref="oc-41"/>
      </symbol>
      <symbol id="sm-7a1">
         <name>__c28xabi_divf</name>
         <value>0x8415c</value>
         <object_component_ref idref="oc-26b"/>
      </symbol>
      <symbol id="sm-7b1">
         <name>__TI_auto_init_nobinit_nopinit</name>
         <value>0x848b6</value>
         <object_component_ref idref="oc-1cf"/>
      </symbol>
      <symbol id="sm-7c7">
         <name>C$$EXIT</name>
         <value>0x848e1</value>
         <object_component_ref idref="oc-17a"/>
      </symbol>
      <symbol id="sm-7c8">
         <name>abort</name>
         <value>0x848e1</value>
         <object_component_ref idref="oc-17a"/>
      </symbol>
      <symbol id="sm-7c9">
         <name>exit</name>
         <value>0x848e3</value>
         <object_component_ref idref="oc-17a"/>
      </symbol>
      <symbol id="sm-7ca">
         <name>__TI_dtors_ptr</name>
         <value>0x15328</value>
         <object_component_ref idref="oc-207"/>
      </symbol>
      <symbol id="sm-7cb">
         <name>__TI_cleanup_ptr</name>
         <value>0x15326</value>
         <object_component_ref idref="oc-207"/>
      </symbol>
      <symbol id="sm-7cc">
         <name>__TI_enable_exit_profile_output</name>
         <value>0x15324</value>
         <object_component_ref idref="oc-207"/>
      </symbol>
      <symbol id="sm-7db">
         <name>_args_main</name>
         <value>0x84bd6</value>
         <object_component_ref idref="oc-174"/>
      </symbol>
      <symbol id="sm-7e8">
         <name>_system_post_cinit</name>
         <value>0x84c14</value>
         <object_component_ref idref="oc-276"/>
      </symbol>
      <symbol id="sm-7ea">
         <name>__c_args__</name>
         <value>0x0</value>
      </symbol>
   </symbol_table>
   <title>Link successful</title>
</link_info>
