******************************************************************************
             TMS320C2000 Linker PC v22.6.0                     
******************************************************************************
>> Linked Wed Apr  3 15:04:21 2024

OUTPUT FILE NAME:   <F280049_100pz_SPI_SLAVE_CLA.out>
ENTRY POINT SYMBOL: "code_start"  address: 00080000


MEMORY CONFIGURATION

         name            origin    length      used     unused   attr    fill
----------------------  --------  ---------  --------  --------  ----  --------
PAGE 0:
  RAMM0                 000000f6   0000030a  00000000  0000030a  RWIX
  RAMLS0_S3             00008000   00002000  0000133c  00000cc4  RWIX
  RAMGS0_S1             0000c000   00004000  00000129  00003ed7  RWIX
  BEGIN                 00080000   00000002  00000002  00000000  RWIX
  FLASH_BANK0_SEC0      00080002   00000ffe  00000000  00000ffe  RWIX
  FLASH_BANK0_SEC1_5    00081000   00005000  000024c4  00002b3c  RWIX
  FLASH_BANK0_SEC6      00086000   00001000  0000012c  00000ed4  RWIX
  FLASH_BANK0_SEC7      00087000   00001000  00000129  00000ed7  RWIX
  FLASH_BANK0_SEC8_9    00088000   00002000  0000133c  00000cc4  RWIX
  FLASH_BANK0_SEC10_11  0008a000   00002000  00000976  0000168a  RWIX
  FLASH_BANK0_SEC12_13  0008c000   00002000  00000078  00001f88  RWIX
  FLASH_BANK0_SEC14     0008e000   00001000  00000000  00001000  RWIX
  FLASH_BANK0_SEC15     0008f000   00001000  00000000  00001000  RWIX
  FLASH_BANK1_SEC0      00090000   00001000  00000000  00001000  RWIX
  FLASH_BANK1_SEC1_5    00091000   00005000  00000000  00005000  RWIX
  FLASH_BANK1_SEC6      00096000   00001000  00000000  00001000  RWIX
  FLASH_BANK1_SEC7      00097000   00001000  00000000  00001000  RWIX
  FLASH_BANK1_SEC8_9    00098000   00002000  00000000  00002000  RWIX
  FLASH_BANK1_SEC10_11  0009a000   00002000  00000000  00002000  RWIX
  FLASH_BANK1_SEC12_13  0009c000   00002000  00000000  00002000  RWIX
  FLASH_BANK1_SEC14     0009e000   00001000  00000000  00001000  RWIX
  FLASH_BANK1_SEC15     0009f000   00000ff0  00000000  00000ff0  RWIX
  RESET                 003fffc0   00000002  00000000  00000002  RWIX

PAGE 1:
  BOOT_RSVD             00000002   000000f1  00000000  000000f1  RWIX
  RAMM1                 00000400   000003f8  00000100  000002f8  RWIX
  CLA1_MSGRAMLOW        00001480   00000080  00000000  00000080  RWIX
  CLA1_MSGRAMHIGH       00001500   00000080  00000000  00000080  RWIX
  RAMLS4_S7             0000a000   00002000  0000010a  00001ef6  RWIX
  RAMGS2                00010000   00002000  0000003e  00001fc2  RWIX
  RAMGS3                00012000   00001ff8  00000344  00001cb4  RWIX


SECTION ALLOCATION MAP

 output                                  attributes/
section   page    origin      length       input sections
--------  ----  ----------  ----------   ----------------
codestart 
*          0    00080000    00000002     
                  00080000    00000002     f28004x_codestartbranch.obj (codestart)

.reset     0    003fffc0    00000000     DSECT

.text      0    00081000    000024c4     
                  00081000    0000062e     board.obj (.text)
                  0008162e    0000040d     ModbusFunction.obj (.text)
                  00081a3b    0000034f     tbmenu.obj (.text)
                  00081d8a    00000305     main.obj (.text)
                  0008208f    00000253     ModbusSlave.obj (.text)
                  000822e2    0000020d     device.obj (.text)
                  000824ef    000001be     initCLA.obj (.text)
                  000826ad    000000cb     driverlib_eabi.lib : dcc.obj (.text:DCC_verifyClockFrequency)
                  00082778    000000ca     linkVariables.obj (.text)
                  00082842    000000c0     driverlib_eabi.lib : sysctl.obj (.text:SysCtl_setClock)
                  00082902    000000bd                        : sysctl.obj (.text:SysCtl_isPLLValid)
                  000829bf    000000b3     ModbusPort.obj (.text)
                  00082a72    00000088     rts2800_fpu32_eabi.lib : fs_div28.asm.obj (.text)
                  00082afa    00000073     driverlib_eabi.lib : dcc.obj (.text:DCC_setCounterSeeds)
                  00082b6d    00000073                        : sysctl.obj (.text:DCC_setCounterSeeds)
                  00082be0    0000005e                        : sysctl.obj (.text:SysCtl_getClock)
                  00082c3e    0000005c                        : spi.obj (.text:SPI_setConfig)
                  00082c9a    00000052                        : gpio.obj (.text:GPIO_setPadConfig)
                  00082cec    00000049                        : sysctl.obj (.text:SysCtl_selectOscSource)
                  00082d35    00000045                        : sci.obj (.text:SCI_clearInterruptStatus)
                  00082d7a    00000045                        : sysctl.obj (.text:SysCtl_pollX1Counter)
                  00082dbf    0000003e                        : sci.obj (.text:SCI_setConfig)
                  00082dfd    0000003d                        : interrupt.obj (.text:Interrupt_initModule)
                  00082e3a    0000003a                        : gpio.obj (.text:GPIO_setAnalogMode)
                  00082e74    00000039                        : memcfg.obj (.text:MemCfg_setLSRAMControllerSel)
                  00082ead    00000037                        : gpio.obj (.text:GPIO_setControllerCore)
                  00082ee4    00000037                        : gpio.obj (.text:GPIO_setPinConfig)
                  00082f1b    00000037                        : gpio.obj (.text:GPIO_setQualificationMode)
                  00082f52    00000036                        : sysctl.obj (.text:SysCtl_selectXTAL)
                  00082f88    00000031                        : gpio.obj (.text:GPIO_setDirectionMode)
                  00082fb9    0000002e     rts2800_fpu32_eabi.lib : copy_decompress_lzss.c.obj (.text:decompress:lzss)
                  00082fe7    0000002b                            : autoinit.c.obj (.text:__TI_auto_init_nobinit_nopinit)
                  00083012    00000029                            : exit.c.obj (.text)
                  0008303b    00000026     driverlib_eabi.lib : cla.obj (.text:CLA_setTriggerSource)
                  00083061    00000024                        : dcc.obj (.text:DCC_enableSingleShotMode)
                  00083085    00000024                        : sysctl.obj (.text:DCC_enableSingleShotMode)
                  000830a9    00000020                        : sysctl.obj (.text:SysCtl_selectXTALSingleEnded)
                  000830c9    0000001e                        : dcc.obj (.text:DCC_setCounter1ClkSource)
                  000830e7    0000001e                        : sysctl.obj (.text:DCC_setCounter1ClkSource)
                  00083105    0000001e                        : interrupt.obj (.text:Interrupt_initVectorTable)
                  00083123    0000001d     rts2800_fpu32_eabi.lib : memcpy.c.obj (.text)
                  00083140    0000001c     driverlib_eabi.lib : dcc.obj (.text:DCC_getErrorStatus)
                  0008315c    0000001c                        : dcc.obj (.text:DCC_getSingleShotStatus)
                  00083178    0000001c                        : dcc.obj (.text:DCC_setCounter0ClkSource)
                  00083194    0000001c                        : sysctl.obj (.text:DCC_setCounter0ClkSource)
                  000831b0    0000001a                        : sysctl.obj (.text:SysCtl_getLowSpeedClock)
                  000831ca    00000018                        : sci.obj (.text:SCI_disableModule)
                  000831e2    00000018                        : sci.obj (.text:SCI_performSoftwareReset)
                  000831fa    00000017                        : cputimer.obj (.text:CPUTimer_isBaseValid)
                  00083211    00000017                        : sysctl.obj (.text:SysCtl_enablePeripheral)
                  00083228    00000017     rts2800_fpu32_eabi.lib : boot28.asm.obj (.text)
                  0008323f    00000016     CRC16.obj (.text)
                  00083255    00000016     driverlib_eabi.lib : dcc.obj (.text:DCC_disableDoneSignal)
                  0008326b    00000016                        : sysctl.obj (.text:DCC_disableDoneSignal)
                  00083281    00000016                        : dcc.obj (.text:DCC_enableDoneSignal)
                  00083297    00000016                        : sysctl.obj (.text:DCC_enableDoneSignal)
                  000832ad    00000016                        : interrupt.obj (.text:Interrupt_defaultHandler)
                  000832c3    00000015                        : dcc.obj (.text:DCC_clearDoneFlag)
                  000832d8    00000015                        : sysctl.obj (.text:DCC_clearDoneFlag)
                  000832ed    00000015                        : dcc.obj (.text:DCC_clearErrorFlag)
                  00083302    00000015                        : sysctl.obj (.text:DCC_clearErrorFlag)
                  00083317    00000015                        : dcc.obj (.text:DCC_disableErrorSignal)
                  0008332c    00000015                        : sysctl.obj (.text:DCC_disableErrorSignal)
                  00083341    00000015                        : dcc.obj (.text:DCC_enableErrorSignal)
                  00083356    00000015                        : sysctl.obj (.text:DCC_enableErrorSignal)
                  0008336b    00000014                        : dcc.obj (.text:DCC_disableModule)
                  0008337f    00000014                        : sysctl.obj (.text:DCC_disableModule)
                  00083393    00000014                        : dcc.obj (.text:DCC_enableModule)
                  000833a7    00000014                        : sysctl.obj (.text:DCC_enableModule)
                  000833bb    00000014                        : gpio.obj (.text:GPIO_isPinValid)
                  000833cf    00000013                        : cputimer.obj (.text:CPUTimer_setEmulationMode)
                  000833e2    00000013                        : sci.obj (.text:SCI_enableModule)
                  000833f5    00000013                        : sci.obj (.text:SCI_isBaseValid)
                  00083408    00000013                        : spi.obj (.text:SPI_isBaseValid)
                  0008341b    00000010                        : dcc.obj (.text:DCC_isBaseValid)
                  0008342b    00000010                        : sysctl.obj (.text:DCC_isBaseValid)
                  0008343b    00000010                        : flash.obj (.text:Flash_isCtrlBaseValid)
                  0008344b    00000010                        : flash.obj (.text:Flash_isECCBaseValid)
                  0008345b    0000000d                        : interrupt.obj (.text:Interrupt_disableGlobal)
                  00083468    0000000d     rts2800_fpu32_eabi.lib : copy_zero_init.c.obj (.text:decompress:ZI:__TI_zero_init_nomemset)
                  00083475    0000000c                            : args_main.c.obj (.text)
                  00083481    0000000b     driverlib_eabi.lib : sysctl.obj (.text:SysCtl_isMCDClockFailureDetected)
                  0008348c    0000000a                        : interrupt.obj (.text:Interrupt_illegalOperationHandler)
                  00083496    0000000a                        : interrupt.obj (.text:Interrupt_nmiHandler)
                  000834a0    00000009     rts2800_fpu32_eabi.lib : _lock.c.obj (.text)
                  000834a9    00000008                            : copy_decompress_none.c.obj (.text:decompress:none)
                  000834b1    00000008     f28004x_codestartbranch.obj (.text)
                  000834b9    00000007     driverlib_eabi.lib : sysctl.obj (.text:SysCtl_resetMCD)
                  000834c0    00000002     rts2800_fpu32_eabi.lib : pre_init.c.obj (.text)
                  000834c2    00000001     c2000ware_libraries.obj (.text)
                  000834c3    00000001     rts2800_fpu32_eabi.lib : startup.c.obj (.text)

.switch    0    00086000    0000012c     
                  00086000    00000064     tbmenu.obj (.switch:chkValidAddress)
                  00086064    00000064     tbmenu.obj (.switch:getModbusData)
                  000860c8    00000064     tbmenu.obj (.switch:setModbusData)

.const_cla 
*          0    00089330    0000000c     RUN ADDR = 00009330
                  00089330    00000004     cla_task.obj (.const_cla)
                  00089334    00000004     rts2800_fpu32_eabi.lib : cvtfd.cla.obj (.const_cla)
                  00089338    00000004                            : mpyd.cla.obj (.const_cla)

.const     0    0008a000    00000976     
                  0008a000    00000113     board.obj (.const:.string)
                  0008a113    00000100     CRC16.obj (.const:wCRCTable)
                  0008a213    00000001     --HOLE-- [fill = 0]
                  0008a214    000000cf     main.obj (.const:.string)
                  0008a2e3    0000001d     --HOLE-- [fill = 0]
                  0008a300    000000a6     ModbusSlave.obj (.const)
                  0008a3a6    0000009b     driverlib_eabi.lib : flash.obj (.const:.string)
                  0008a441    00000001     --HOLE-- [fill = 0]
                  0008a442    0000009a                        : sysctl.obj (.const:.string)
                  0008a4dc    00000098                        : gpio.obj (.const:.string)
                  0008a574    00000097                        : dcc.obj (.const:.string)
                  0008a60b    00000001     --HOLE-- [fill = 0]
                  0008a60c    00000097                        : sci.obj (.const:.string)
                  0008a6a3    00000001     --HOLE-- [fill = 0]
                  0008a6a4    00000097                        : spi.obj (.const:.string)
                  0008a73b    00000001     --HOLE-- [fill = 0]
                  0008a73c    0000008a     initCLA.obj (.const:.string)
                  0008a7c6    00000059     device.obj (.const:.string)
                  0008a81f    00000001     --HOLE-- [fill = 0]
                  0008a820    00000050     driverlib_eabi.lib : cputimer.obj (.const:.string)
                  0008a870    0000004e                        : memcfg.obj (.const:.string)
                  0008a8be    00000048     ModbusSlave.obj (.const:.string)
                  0008a906    00000043     ModbusFunction.obj (.const:.string)
                  0008a949    00000001     --HOLE-- [fill = 0]
                  0008a94a    0000002c     ModbusFunction.obj (.const)

.cinit     0    0008c000    00000078     
                  0008c000    00000054     (.cinit..data.load) [load image, compression = lzss]
                  0008c054    00000006     (__TI_handler_table)
                  0008c05a    00000004     (.cinit..bss.load) [load image, compression = zero_init]
                  0008c05e    00000004     (.cinit..scratchpad.load) [load image, compression = zero_init]
                  0008c062    00000004     (.cinit.cla_shared.load) [load image, compression = zero_init]
                  0008c066    00000002     --HOLE-- [fill = 0]
                  0008c068    00000010     (__TI_cinit_table)

.init_array 
*          0    0008e000    00000000     UNINITIALIZED

.stack     1    00000400    00000100     UNINITIALIZED
                  00000400    00000100     --HOLE--

.bss       1    00010000    0000003e     UNINITIALIZED
                  00010000    0000003c     tbmenu.obj (.bss)
                  0001003c    00000002     main.obj (.bss)

.data      1    00012000    00000344     UNINITIALIZED
                  00012000    00000156     main.obj (.data)
                  00012156    00000018     main.obj (.data:time_task)
                  0001216e    0000000a     main.obj (.data:u32Test)
                  00012178    00000006     rts2800_fpu32_eabi.lib : exit.c.obj (.data)
                  0001217e    00000002                            : _lock.c.obj (.data:_lock)
                  00012180    0000010c     ModbusFunction.obj (.data)
                  0001228c    00000032     ModbusFunction.obj (.data:ModbusFunc)
                  000122be    00000002     rts2800_fpu32_eabi.lib : _lock.c.obj (.data:_unlock)
                  000122c0    00000084     ModbusPort.obj (.data)

.TI.ramfunc 
*          0    00087000    00000129     RUN ADDR = 0000c000
                  00087000    00000044     driverlib_eabi.lib : flash.obj (.TI.ramfunc:Flash_initModule)
                  00087044    0000002c                        : flash.obj (.TI.ramfunc:Flash_setBankPowerMode)
                  00087070    00000024                        : flash.obj (.TI.ramfunc:Flash_setWaitstates)
                  00087094    0000001d                        : flash.obj (.TI.ramfunc:Flash_setPumpPowerMode)
                  000870b1    00000018                        : flash.obj (.TI.ramfunc:Flash_disableCache)
                  000870c9    00000018                        : flash.obj (.TI.ramfunc:Flash_disablePrefetch)
                  000870e1    00000017                        : flash.obj (.TI.ramfunc:Flash_enableCache)
                  000870f8    00000017                        : flash.obj (.TI.ramfunc:Flash_enablePrefetch)
                  0008710f    00000016                        : flash.obj (.TI.ramfunc:Flash_enableECC)
                  00087125    00000004                        : sysctl.obj (.TI.ramfunc)

Cla1Prog   0    00088000    00001330     RUN ADDR = 00008000
                  00088000    000003ec     rts2800_fpu32_eabi.lib : mpyd.cla.obj (Cla1Prog:__claabi_mpyd)
                  000883ec    0000024e     cla_task.obj (Cla1Prog:CLA_UpdatePWM)
                  0008863a    00000194     rts2800_fpu32_eabi.lib : mpyll.c.obj (Cla1Prog:__claabi_mpyll)
                  000887ce    00000182                            : frcmpyd.cla.obj (Cla1Prog:__TI_frcmpyd)
                  00088950    00000130                            : cmplli.c.obj (Cla1Prog:__claabi_cmpull)
                  00088a80    0000011e     cla_task.obj (Cla1Prog:CLA_Measurement)
                  00088b9e    00000106     rts2800_fpu32_eabi.lib : lslll.c.obj (Cla1Prog:__claabi_lslll)
                  00088ca4    00000102                            : lsrll.c.obj (Cla1Prog:__claabi_lsrll)
                  00088da6    000000f6     cla_task.obj (Cla1Prog:Cla1Task1)
                  00088e9c    000000d6     cla_task.obj (Cla1Prog:CLA_mPiLoop)
                  00088f72    000000c2     rts2800_fpu32_eabi.lib : cvtdf.cla.obj (Cla1Prog:__claabi_cvtdf)
                  00089034    000000a8     cla_task.obj (Cla1Prog:GPIO_writePin)
                  000890dc    00000092     rts2800_fpu32_eabi.lib : cvtfd.cla.obj (Cla1Prog:__claabi_cvtfd)
                  0008916e    00000070     cla_task.obj (Cla1Prog:GPIO_isPinValid)
                  000891de    0000006e     rts2800_fpu32_eabi.lib : addll.c.obj (Cla1Prog:__claabi_addll)
                  0008924c    00000040     cla_task.obj (Cla1Prog:CLA_csatf)
                  0008928c    0000003a     cla_task.obj (Cla1Prog:CLA_getCaliData)
                  000892c6    00000032     rts2800_fpu32_eabi.lib : cla_memset.cla.obj (Cla1Prog:__claabi_memset)
                  000892f8    00000008     cla_task.obj (Cla1Prog:Cla1Task2)
                  00089300    00000008     cla_task.obj (Cla1Prog:Cla1Task3)
                  00089308    00000008     cla_task.obj (Cla1Prog:Cla1Task4)
                  00089310    00000008     cla_task.obj (Cla1Prog:Cla1Task5)
                  00089318    00000008     cla_task.obj (Cla1Prog:Cla1Task6)
                  00089320    00000008     cla_task.obj (Cla1Prog:Cla1Task7)
                  00089328    00000008     cla_task.obj (Cla1Prog:Cla1Task8)

.scratchpad 
*          1    0000a000    0000005c     UNINITIALIZED
                  0000a000    0000000a     cla_task.obj (.scratchpad:Cla1Prog:GPIO_writePin)
                  0000a000    00000020     rts2800_fpu32_eabi.lib : mpyd.cla.obj (.scratchpad:Cla1Prog:__claabi_mpyd)
                  0000a000    00000006     cla_task.obj (.scratchpad:Cla1Prog:CLA_csatf)
                  0000a000    00000002     cla_task.obj (.scratchpad:Cla1Prog:CLA_UpdatePWM)
                  0000a000    00000006     rts2800_fpu32_eabi.lib : cvtfd.cla.obj (.scratchpad:Cla1Prog:__claabi_cvtfd)
                  0000a000    00000008                            : cvtdf.cla.obj (.scratchpad:Cla1Prog:__claabi_cvtdf)
                  0000a000    00000002     cla_task.obj (.scratchpad:Cla1Prog:CLA_getCaliData)
                  0000a006    00000004     cla_task.obj (.scratchpad:Cla1Prog:CLA_mPiLoop)
                  0000a00a    00000004     cla_task.obj (.scratchpad:Cla1Prog:GPIO_isPinValid)
                  0000a020    0000000e     rts2800_fpu32_eabi.lib : cmplli.c.obj (.scratchpad:Cla1Prog:__claabi_cmpull)
                  0000a020    0000000e                            : addll.c.obj (.scratchpad:Cla1Prog:__claabi_addll)
                  0000a020    00000006                            : lslll.c.obj (.scratchpad:Cla1Prog:__claabi_lslll)
                  0000a020    0000001e                            : mpyll.c.obj (.scratchpad:Cla1Prog:__claabi_mpyll)
                  0000a020    00000006                            : lsrll.c.obj (.scratchpad:Cla1Prog:__claabi_lsrll)
                  0000a03e    0000001a                            : frcmpyd.cla.obj (.scratchpad:Cla1Prog:__TI_frcmpyd)
                  0000a058    00000002     cla_task.obj (.scratchpad:Cla1Prog:CLA_Measurement)
                  0000a05a    00000002     rts2800_fpu32_eabi.lib : cla_memset.cla.obj (.scratchpad:Cla1Prog:__claabi_memset)

cla_shared 
*          1    0000a080    000000ae     UNINITIALIZED
                  0000a080    000000ae     initCLA.obj (cla_shared)

MODULE SUMMARY

       Module                        code    ro data   rw data
       ------                        ----    -------   -------
    .\
       cla_task.obj                  3588    8         30     
       main.obj                      773     207       378    
    +--+-----------------------------+-------+---------+---------+
       Total:                        4361    215       408    
                                                              
    .\device\
       device.obj                    525     89        0      
       f28004x_codestartbranch.obj   10      0         0      
    +--+-----------------------------+-------+---------+---------+
       Total:                        535     89        0      
                                                              
    .\mb_slave\
       ModbusFunction.obj            1037    111       318    
       tbmenu.obj                    847     300       60     
       ModbusSlave.obj               595     238       0      
       ModbusPort.obj                179     0         132    
       CRC16.obj                     22      256       0      
       linkVariables.obj             202     0         0      
    +--+-----------------------------+-------+---------+---------+
       Total:                        2882    905       510    
                                                              
    .\peripherals\
       initCLA.obj                   446     138       174    
    +--+-----------------------------+-------+---------+---------+
       Total:                        446     138       174    
                                                              
    .\syscfg\
       board.obj                     1582    275       0      
       c2000ware_libraries.obj       1       0         0      
    +--+-----------------------------+-------+---------+---------+
       Total:                        1583    275       0      
                                                              
    C:\ti\c2000\C2000Ware_5_01_00_00\driverlib\f28004x\driverlib\ccs\Debug\driverlib_eabi.lib
       sysctl.obj                    1171    154       0      
       dcc.obj                       652     151       0      
       flash.obj                     618     155       0      
       gpio.obj                      374     152       0      
       sci.obj                       217     151       0      
       spi.obj                       111     151       0      
       interrupt.obj                 146     0         0      
       memcfg.obj                    57      78        0      
       cputimer.obj                  42      80        0      
       cla.obj                       38      0         0      
    +--+-----------------------------+-------+---------+---------+
       Total:                        3426    1072      0      
                                                              
    C:\ti\ccs1240\ccs\tools\compiler\ti-cgt-c2000_22.6.0.LTS\lib\rts2800_fpu32_eabi.lib
       mpyd.cla.obj                  2008    8         32     
       mpyll.c.obj                   808     0         30     
       frcmpyd.cla.obj               772     0         26     
       cmplli.c.obj                  608     0         14     
       lslll.c.obj                   524     0         6      
       lsrll.c.obj                   516     0         6      
       cvtdf.cla.obj                 388     0         8      
       cvtfd.cla.obj                 292     8         6      
       addll.c.obj                   220     0         14     
       fs_div28.asm.obj              136     0         0      
       cla_memset.cla.obj            100     0         2      
       exit.c.obj                    41      0         6      
       copy_decompress_lzss.c.obj    46      0         0      
       autoinit.c.obj                43      0         0      
       memcpy.c.obj                  29      0         0      
       boot28.asm.obj                23      0         0      
       _lock.c.obj                   9       0         4      
       copy_zero_init.c.obj          13      0         0      
       args_main.c.obj               12      0         0      
       copy_decompress_none.c.obj    8       0         0      
       pre_init.c.obj                2       0         0      
       startup.c.obj                 1       0         0      
    +--+-----------------------------+-------+---------+---------+
       Total:                        6599    16        154    
                                                              
       Stack:                        0       0         256    
       Linker Generated:             0       118       0      
    +--+-----------------------------+-------+---------+---------+
       Grand Total:                  19832   2828      1502   


LINKER GENERATED COPY TABLES

__TI_cinit_table @ 0008c068 records: 4, size/record: 4, table size: 16
	.data: load addr=0008c000, load size=00000054 bytes, run addr=00012000, run size=00000344 bytes, compression=lzss
	.bss: load addr=0008c05a, load size=00000004 bytes, run addr=00010000, run size=0000003e bytes, compression=zero_init
	.scratchpad: load addr=0008c05e, load size=00000004 bytes, run addr=0000a000, run size=0000005c bytes, compression=zero_init
	cla_shared: load addr=0008c062, load size=00000004 bytes, run addr=0000a080, run size=000000ae bytes, compression=zero_init


LINKER GENERATED HANDLER TABLE

__TI_handler_table @ 0008c054 records: 3, size/record: 2, table size: 6
	index: 0, handler: __TI_zero_init
	index: 1, handler: __TI_decompress_lzss
	index: 2, handler: __TI_decompress_none


GLOBAL DATA SYMBOLS: SORTED BY DATA PAGE

address     data page           name
--------    ----------------    ----
00000400      10 (00000400)     __stack

0000a000     280 (0000a000)     __cla__claabi_mpyd_sp
0000a020     280 (0000a000)     __cla__claabi_addll_sp
0000a020     280 (0000a000)     __cla__claabi_cmpull_sp
0000a020     280 (0000a000)     __cla__claabi_mpyll_sp
0000a03e     280 (0000a000)     __cla__TI_frcmpyd_sp

0000a080     282 (0000a080)     sCLA

00010000     400 (00010000)     regMbusData

00012000     480 (00012000)     id_ttask

00012040     481 (00012040)     sSpiS

00012156     485 (00012140)     time_task
0001216e     485 (00012140)     u32Test
00012178     485 (00012140)     __TI_enable_exit_profile_output
0001217a     485 (00012140)     __TI_cleanup_ptr
0001217c     485 (00012140)     __TI_dtors_ptr
0001217e     485 (00012140)     _lock

000121c0     487 (000121c0)     mbcomm

0001228c     48a (00012280)     ModbusFunc
000122be     48a (00012280)     _unlock

000122c0     48b (000122c0)     sPort


GLOBAL SYMBOLS: SORTED ALPHABETICALLY BY Name 

page  address   name                             
----  -------   ----                             
0     00081415  Board_init                       
0     00083012  C$$EXIT                          
0     000834c2  C2000Ware_libraries_init         
0     0008303b  CLA_setTriggerSource             
0     000814a1  CPUTIMER_init                    
0     000833cf  CPUTimer_setEmulationMode        
abs   0000000c  Cla1ConstLoadSize                
0     00089330  Cla1ConstLoadStart               
0     00009330  Cla1ConstRunStart                
abs   00001330  Cla1ProgLoadSize                 
0     00088000  Cla1ProgLoadStart                
0     00008000  Cla1ProgRunStart                 
0     00008da6  Cla1Task1                        
0     000092f8  Cla1Task2                        
0     00009300  Cla1Task3                        
0     00009308  Cla1Task4                        
0     00009310  Cla1Task5                        
0     00009318  Cla1Task6                        
0     00009320  Cla1Task7                        
0     00009328  Cla1Task8                        
0     000826ad  DCC_verifyClockFrequency         
0     000815a3  DEBUG_SCI_init                   
0     000823c5  Device_enableAllPeripherals      
0     00082363  Device_init                      
0     000824a5  Device_initGPIO                  
0     000824b5  Device_verifyXTAL                
0     000814ca  EPWM_init                        
0     0000c000  Flash_initModule                 
0     00081573  GPIO_init                        
0     00082e3a  GPIO_setAnalogMode               
0     00082ead  GPIO_setControllerCore           
0     00082f88  GPIO_setDirectionMode            
0     00082c9a  GPIO_setPadConfig                
0     00082ee4  GPIO_setPinConfig                
0     00082f1b  GPIO_setQualificationMode        
0     000832ad  Interrupt_defaultHandler         
0     0008348c  Interrupt_illegalOperationHandler
0     00082dfd  Interrupt_initModule             
0     00083105  Interrupt_initVectorTable        
0     00083496  Interrupt_nmiHandler             
0     0008158c  LED_GPIO31_init                  
0     00081578  LED_GPIO34_init                  
0     00082e74  MemCfg_setLSRAMControllerSel     
0     000819c9  ModbusCommError                  
1     0001228c  ModbusFunc                       
0     00081426  PinMux_init                      
0     00087129  RamfuncsLoadEnd                  
abs   00000129  RamfuncsLoadSize                 
0     00087000  RamfuncsLoadStart                
0     0000c129  RamfuncsRunEnd                   
abs   00000129  RamfuncsRunSize                  
0     0000c000  RamfuncsRunStart                 
0     000816ae  ReservedFunction                 
0     00082d35  SCI_clearInterruptStatus         
0     000815a0  SCI_init                         
0     00082dbf  SCI_setConfig                    
0     000815e3  SPIA_SLAVE_init                  
0     000815e0  SPI_init                         
0     00082c3e  SPI_setConfig                    
0     000814a4  SWTIRMER_init                    
0     00081610  SYNC_init                        
0     0000c125  SysCtl_delay                     
0     00082be0  SysCtl_getClock                  
0     000831b0  SysCtl_getLowSpeedClock          
0     00082902  SysCtl_isPLLValid                
0     00082cec  SysCtl_selectOscSource           
0     00082f52  SysCtl_selectXTAL                
0     000830a9  SysCtl_selectXTALSingleEnded     
0     00082842  SysCtl_setClock                  
0     0008c068  __TI_CINIT_Base                  
0     0008c078  __TI_CINIT_Limit                 
0     0008c078  __TI_CINIT_Warm                  
0     0008c054  __TI_Handler_Table_Base          
0     0008c05a  __TI_Handler_Table_Limit         
1     00000500  __TI_STACK_END                   
abs   00000100  __TI_STACK_SIZE                  
0     00082fe7  __TI_auto_init_nobinit_nopinit   
1     0001217a  __TI_cleanup_ptr                 
0     00082fb9  __TI_decompress_lzss             
0     000834a9  __TI_decompress_none             
1     0001217c  __TI_dtors_ptr                   
1     00012178  __TI_enable_exit_profile_output  
0     000087ce  __TI_frcmpyd                     
abs   ffffffff  __TI_pprof_out_hndl              
abs   ffffffff  __TI_prof_data_size              
abs   ffffffff  __TI_prof_data_start             
0     00083468  __TI_zero_init_nomemset          
0     00082a72  __c28xabi_divf                   
n/a   UNDEFED   __c_args__                       
1     0000a03e  __cla__TI_frcmpyd_sp             
1     0000a020  __cla__claabi_addll_sp           
1     0000a020  __cla__claabi_cmpull_sp          
1     0000a000  __cla__claabi_mpyd_sp            
1     0000a020  __cla__claabi_mpyll_sp           
0     000091de  __claabi_addll                   
0     00008950  __claabi_cmpull                  
0     00008f72  __claabi_cvtdf                   
0     000090dc  __claabi_cvtfd                   
0     00008b9e  __claabi_lslll                   
0     00008ca4  __claabi_lsrll                   
0     000092c6  __claabi_memset                  
0     00008000  __claabi_mpyd                    
0     0000863a  __claabi_mpyll                   
0     000824e8  __error__                        
1     00000400  __stack                          
0     00083475  _args_main                       
0     00083228  _c_int00                         
1     0001217e  _lock                            
0     000834a8  _nop                             
0     000834a4  _register_lock                   
0     000834a0  _register_unlock                 
0     000834c3  _system_post_cinit               
0     000834c0  _system_pre_init                 
1     000122be  _unlock                          
0     00083012  abort                            
0     00081a3b  chkValidAddress                  
0     000820b6  cntModbusTimeout                 
0     00080000  code_start                       
0     00082241  exeModbusSlave                   
0     00083014  exit                             
0     000829d4  getMbusReadByte                  
0     00082197  getMbusRxFIFO                    
0     000829ee  getMbusRxSize                    
0     00081a7e  getModbusData                    
1     00012000  id_ttask                         
0     0008260d  initCLA                          
0     0008254e  initClaCtrlParam                 
0     0008213d  initMbusConfig                   
0     00082778  initRegN                         
0     00082059  main                             
1     000121c0  mbcomm                           
0     00083123  memcpy                           
0     00082a50  pollModbusPort                   
0     00082a1f  popFIFOtoTxData                  
0     0008168e  pushModbusByte                   
0     000829fb  pushRxByteToFIFO                 
0     000816b9  readHoldingRegister              
0     00082833  readRegN                         
1     00010000  regMbusData                      
0     00082124  rstModbusError                   
0     0008210d  rstModbusTimeout                 
0     0008223b  runModbus                        
1     0000a080  sCLA                             
1     000122c0  sPort                            
1     00012040  sSpiS                            
0     000829bf  setMbusSendByte                  
0     000821dc  setMbusTxData                    
0     00081be4  setModbusData                    
0     00082236  stopModbus                       
0     0008203e  task25msec                       
0     00082045  task2D5msec                      
0     00082055  task500usec                      
1     00012156  time_task                        
1     0001216e  u32Test                          
0     0008323f  ucMBCRC16                        
0     000818b3  writeHoldingNRegister            
0     0008179d  writeHoldingRegister             
0     00082837  writeReg                         
0     0008283e  writeRegN                        


GLOBAL SYMBOLS: SORTED BY Symbol Address 

page  address   name                             
----  -------   ----                             
0     00008000  Cla1ProgRunStart                 
0     00008000  __claabi_mpyd                    
0     0000863a  __claabi_mpyll                   
0     000087ce  __TI_frcmpyd                     
0     00008950  __claabi_cmpull                  
0     00008b9e  __claabi_lslll                   
0     00008ca4  __claabi_lsrll                   
0     00008da6  Cla1Task1                        
0     00008f72  __claabi_cvtdf                   
0     000090dc  __claabi_cvtfd                   
0     000091de  __claabi_addll                   
0     000092c6  __claabi_memset                  
0     000092f8  Cla1Task2                        
0     00009300  Cla1Task3                        
0     00009308  Cla1Task4                        
0     00009310  Cla1Task5                        
0     00009318  Cla1Task6                        
0     00009320  Cla1Task7                        
0     00009328  Cla1Task8                        
0     00009330  Cla1ConstRunStart                
0     0000c000  Flash_initModule                 
0     0000c000  RamfuncsRunStart                 
0     0000c125  SysCtl_delay                     
0     0000c129  RamfuncsRunEnd                   
0     00080000  code_start                       
0     00081415  Board_init                       
0     00081426  PinMux_init                      
0     000814a1  CPUTIMER_init                    
0     000814a4  SWTIRMER_init                    
0     000814ca  EPWM_init                        
0     00081573  GPIO_init                        
0     00081578  LED_GPIO34_init                  
0     0008158c  LED_GPIO31_init                  
0     000815a0  SCI_init                         
0     000815a3  DEBUG_SCI_init                   
0     000815e0  SPI_init                         
0     000815e3  SPIA_SLAVE_init                  
0     00081610  SYNC_init                        
0     0008168e  pushModbusByte                   
0     000816ae  ReservedFunction                 
0     000816b9  readHoldingRegister              
0     0008179d  writeHoldingRegister             
0     000818b3  writeHoldingNRegister            
0     000819c9  ModbusCommError                  
0     00081a3b  chkValidAddress                  
0     00081a7e  getModbusData                    
0     00081be4  setModbusData                    
0     0008203e  task25msec                       
0     00082045  task2D5msec                      
0     00082055  task500usec                      
0     00082059  main                             
0     000820b6  cntModbusTimeout                 
0     0008210d  rstModbusTimeout                 
0     00082124  rstModbusError                   
0     0008213d  initMbusConfig                   
0     00082197  getMbusRxFIFO                    
0     000821dc  setMbusTxData                    
0     00082236  stopModbus                       
0     0008223b  runModbus                        
0     00082241  exeModbusSlave                   
0     00082363  Device_init                      
0     000823c5  Device_enableAllPeripherals      
0     000824a5  Device_initGPIO                  
0     000824b5  Device_verifyXTAL                
0     000824e8  __error__                        
0     0008254e  initClaCtrlParam                 
0     0008260d  initCLA                          
0     000826ad  DCC_verifyClockFrequency         
0     00082778  initRegN                         
0     00082833  readRegN                         
0     00082837  writeReg                         
0     0008283e  writeRegN                        
0     00082842  SysCtl_setClock                  
0     00082902  SysCtl_isPLLValid                
0     000829bf  setMbusSendByte                  
0     000829d4  getMbusReadByte                  
0     000829ee  getMbusRxSize                    
0     000829fb  pushRxByteToFIFO                 
0     00082a1f  popFIFOtoTxData                  
0     00082a50  pollModbusPort                   
0     00082a72  __c28xabi_divf                   
0     00082be0  SysCtl_getClock                  
0     00082c3e  SPI_setConfig                    
0     00082c9a  GPIO_setPadConfig                
0     00082cec  SysCtl_selectOscSource           
0     00082d35  SCI_clearInterruptStatus         
0     00082dbf  SCI_setConfig                    
0     00082dfd  Interrupt_initModule             
0     00082e3a  GPIO_setAnalogMode               
0     00082e74  MemCfg_setLSRAMControllerSel     
0     00082ead  GPIO_setControllerCore           
0     00082ee4  GPIO_setPinConfig                
0     00082f1b  GPIO_setQualificationMode        
0     00082f52  SysCtl_selectXTAL                
0     00082f88  GPIO_setDirectionMode            
0     00082fb9  __TI_decompress_lzss             
0     00082fe7  __TI_auto_init_nobinit_nopinit   
0     00083012  C$$EXIT                          
0     00083012  abort                            
0     00083014  exit                             
0     0008303b  CLA_setTriggerSource             
0     000830a9  SysCtl_selectXTALSingleEnded     
0     00083105  Interrupt_initVectorTable        
0     00083123  memcpy                           
0     000831b0  SysCtl_getLowSpeedClock          
0     00083228  _c_int00                         
0     0008323f  ucMBCRC16                        
0     000832ad  Interrupt_defaultHandler         
0     000833cf  CPUTimer_setEmulationMode        
0     00083468  __TI_zero_init_nomemset          
0     00083475  _args_main                       
0     0008348c  Interrupt_illegalOperationHandler
0     00083496  Interrupt_nmiHandler             
0     000834a0  _register_unlock                 
0     000834a4  _register_lock                   
0     000834a8  _nop                             
0     000834a9  __TI_decompress_none             
0     000834c0  _system_pre_init                 
0     000834c2  C2000Ware_libraries_init         
0     000834c3  _system_post_cinit               
0     00087000  RamfuncsLoadStart                
0     00087129  RamfuncsLoadEnd                  
0     00088000  Cla1ProgLoadStart                
0     00089330  Cla1ConstLoadStart               
0     0008c054  __TI_Handler_Table_Base          
0     0008c05a  __TI_Handler_Table_Limit         
0     0008c068  __TI_CINIT_Base                  
0     0008c078  __TI_CINIT_Limit                 
0     0008c078  __TI_CINIT_Warm                  
1     00000400  __stack                          
1     00000500  __TI_STACK_END                   
1     0000a000  __cla__claabi_mpyd_sp            
1     0000a020  __cla__claabi_addll_sp           
1     0000a020  __cla__claabi_cmpull_sp          
1     0000a020  __cla__claabi_mpyll_sp           
1     0000a03e  __cla__TI_frcmpyd_sp             
1     0000a080  sCLA                             
1     00010000  regMbusData                      
1     00012000  id_ttask                         
1     00012040  sSpiS                            
1     00012156  time_task                        
1     0001216e  u32Test                          
1     00012178  __TI_enable_exit_profile_output  
1     0001217a  __TI_cleanup_ptr                 
1     0001217c  __TI_dtors_ptr                   
1     0001217e  _lock                            
1     000121c0  mbcomm                           
1     0001228c  ModbusFunc                       
1     000122be  _unlock                          
1     000122c0  sPort                            
abs   0000000c  Cla1ConstLoadSize                
abs   00000100  __TI_STACK_SIZE                  
abs   00000129  RamfuncsLoadSize                 
abs   00000129  RamfuncsRunSize                  
abs   00001330  Cla1ProgLoadSize                 
abs   ffffffff  __TI_pprof_out_hndl              
abs   ffffffff  __TI_prof_data_size              
abs   ffffffff  __TI_prof_data_start             
n/a   UNDEFED   __c_args__                       

[159 symbols]
