******************************************************************************
             TMS320C2000 Linker PC v22.6.0                     
******************************************************************************
>> Linked Thu Aug 10 15:13:50 2023

OUTPUT FILE NAME:   <F28379D_SCI_MODBUS.out>
ENTRY POINT SYMBOL: "code_start"  address: 00080000


MEMORY CONFIGURATION

         name            origin    length      used     unused   attr    fill
----------------------  --------  ---------  --------  --------  ----  --------
PAGE 0:
  RAMM0                 00000123   000002dd  00000000  000002dd  RWIX
  RAMLS0_S2             00008000   00001800  00000172  0000168e  RWIX
  RAMD0                 0000b000   00000800  00000000  00000800  RWIX
  RAMGS0_S4             0000c000   00005000  000004f1  00004b0f  RWIX
  BEGIN                 00080000   00000002  00000002  00000000  RWIX
  FLASHA                00080002   00001ffe  00000000  00001ffe  RWIX
  FLASHBCDE             00082000   00008000  000025a6  00005a5a  RWIX
  FLASHF                00090000   00008000  00000090  00007f70  RWIX
  FLASHG                00098000   00008000  000004f1  00007b0f  RWIX
  FLASHH                000a0000   00008000  00000172  00007e8e  RWIX
  FLASHI                000a8000   00008000  000008ac  00007754  RWIX
  FLASHJ                000b0000   00008000  00000074  00007f8c  RWIX
  FLASHKLMN             000b8000   00008000  00000000  00008000  RWIX
  FLASHO                000c0000   00002000  00000000  00002000  RWIX
  FLASHPQRS             000c2000   00008000  00000000  00008000  RWIX
  FLASHU                000d8000   00008000  00000000  00008000  RWIX
  FLASHV                000e0000   00008000  00000000  00008000  RWIX
  FLASHW                000e8000   00008000  00000000  00008000  RWIX
  FLASHX                000f0000   00008000  00000000  00008000  RWIX
  FLASHY                000f8000   00008000  00000000  00008000  RWIX
  RESET                 003fffc0   00000002  00000000  00000002  RWIX

PAGE 1:
  BOOT_RSVD             00000002   00000121  00000000  00000121  RWIX
  RAMM1                 00000400   000003f8  000003f8  00000000  RWIX
  CLA1_MSGRAMLOW        00001480   00000080  00000000  00000080  RWIX
  CLA1_MSGRAMHIGH       00001500   00000080  00000000  00000080  RWIX
  RAMLS3_S5             00009800   00001800  000000d2  0000172e  RWIX
  RAMD1                 0000b800   00000800  00000000  00000800  RWIX
  RAMGS5                00011000   00001000  00000068  00000f98  RWIX
  RAMGS6                00012000   00001000  00000000  00001000  RWIX
  RAMGS7                00013000   00001000  00000000  00001000  RWIX
  RAMGS8                00014000   00001000  00000000  00001000  RWIX
  RAMGS9                00015000   00001000  0000030a  00000cf6  RWIX
  RAMGS10               00016000   00001000  00000000  00001000  RWIX
  RAMGS11               00017000   00001000  00000000  00001000  RWIX
  RAMGS12               00018000   00001000  00000000  00001000  RWIX
  RAMGS13               00019000   00001000  00000000  00001000  RWIX
  CPU2TOCPU1RAM         0003f800   00000400  00000000  00000400  RWIX
  CPU1TOCPU2RAM         0003fc00   00000400  00000000  00000400  RWIX


SECTION ALLOCATION MAP

 output                                  attributes/
section   page    origin      length       input sections
--------  ----  ----------  ----------   ----------------
codestart 
*          0    00080000    00000002     
                  00080000    00000002     F2837xD_CodeStartBranch.obj (codestart)

.reset     0    003fffc0    00000000     DSECT

.text      0    00082000    000025a6     
                  00082000    0000086c     board.obj (.text)
                  0008286c    00000355     device.obj (.text)
                  00082bc1    000002a5     ModbusSlave.obj (.text)
                  00082e66    00000289     linkVariables.obj (.text)
                  000830ef    00000269     ModbusFunction.obj (.text)
                  00083358    00000206     driverlib_eabi.lib : sysctl.obj (.text:SysCtl_setClock)
                  0008355e    000001f1     SFO_v8_fpu_lib_build_c28_driverlib_eabi.lib : SFO_v8_fpu_lib_build_c28_driverlib.obj (.text:SFO)
                  0008374f    000001d9     tbmenu.obj (.text)
                  00083928    0000014a     initCLA.obj (.text)
                  00083a72    0000008a     driverlib_eabi.lib : sysctl.obj (.text:SysCtl_selectXTAL)
                  00083afc    00000088     rts2800_fpu32_eabi.lib : fs_div28.asm.obj (.text)
                  00083b84    0000006f     driverlib_eabi.lib : adc.obj (.text:ADC_setINLTrim)
                  00083bf3    00000068                        : sysctl.obj (.text:SysCtl_getDeviceParametric)
                  00083c5b    00000064                        : i2c.obj (.text:I2C_initController)
                  00083cbf    00000060                        : adc.obj (.text:ADC_setOffsetTrim)
                  00083d1f    0000005c                        : spi.obj (.text:SPI_setConfig)
                  00083d7b    00000052                        : gpio.obj (.text:GPIO_setPadConfig)
                  00083dcd    00000051                        : sysctl.obj (.text:SysCtl_getClock)
                  00083e1e    00000049     PowerSequence.obj (.text)
                  00083e67    00000048     driverlib_eabi.lib : cmpss.obj (.text:CMPSS_configRamp)
                  00083eaf    00000048                        : sysctl.obj (.text:SysCtl_selectOscSource)
                  00083ef7    00000045                        : sci.obj (.text:SCI_clearInterruptStatus)
                  00083f3c    0000003e                        : sci.obj (.text:SCI_setConfig)
                  00083f7a    0000003d                        : interrupt.obj (.text:Interrupt_initModule)
                  00083fb7    00000038                        : cmpss.obj (.text:CMPSS_configFilterHigh)
                  00083fef    00000038                        : cmpss.obj (.text:CMPSS_configFilterLow)
                  00084027    00000037                        : gpio.obj (.text:GPIO_setControllerCore)
                  0008405e    00000037                        : gpio.obj (.text:GPIO_setPinConfig)
                  00084095    00000037                        : gpio.obj (.text:GPIO_setQualificationMode)
                  000840cc    00000037                        : interrupt.obj (.text:Interrupt_enable)
                  00084103    00000037                        : memcfg.obj (.text:MemCfg_setLSRAMControllerSel)
                  0008413a    00000033     main.obj (.text)
                  0008416d    00000031     driverlib_eabi.lib : gpio.obj (.text:GPIO_setDirectionMode)
                  0008419e    0000002f                        : adc.obj (.text:ADC_setMode)
                  000841cd    0000002e     rts2800_fpu32_eabi.lib : copy_decompress_lzss.c.obj (.text:decompress:lzss)
                  000841fb    0000002b     driverlib_eabi.lib : cmpss.obj (.text:CMPSS_configLatchOnPWMSYNC)
                  00084226    0000002b                        : cmpss.obj (.text:CMPSS_isBaseValid)
                  00084251    0000002b     rts2800_fpu32_eabi.lib : autoinit.c.obj (.text:__TI_auto_init_nobinit_nopinit)
                  0008427c    00000029                            : exit.c.obj (.text)
                  000842a5    00000026     driverlib_eabi.lib : cla.obj (.text:CLA_setTriggerSource)
                  000842cb    00000026                        : flash.obj (.text:Flash_setBankPowerUpDelay)
                  000842f1    00000021                        : sysctl.obj (.text:CPUTimer_selectClockSource)
                  00084312    0000001f                        : sysctl.obj (.text:CPUTimer_getTimerOverflowStatus)
                  00084331    0000001e                        : interrupt.obj (.text:Interrupt_initVectorTable)
                  0008434f    0000001d     rts2800_fpu32_eabi.lib : memcpy.c.obj (.text)
                  0008436c    0000001b     driverlib_eabi.lib : adc.obj (.text:ADC_isBaseValid)
                  00084387    0000001b                        : sci.obj (.text:SCI_isBaseValid)
                  000843a2    0000001a                        : sysctl.obj (.text:CPUTimer_startTimer)
                  000843bc    0000001a                        : sysctl.obj (.text:SysCtl_getLowSpeedClock)
                  000843d6    00000018                        : sci.obj (.text:SCI_disableModule)
                  000843ee    00000018                        : sci.obj (.text:SCI_performSoftwareReset)
                  00084406    00000017                        : cputimer.obj (.text:CPUTimer_isBaseValid)
                  0008441d    00000017                        : sysctl.obj (.text:CPUTimer_isBaseValid)
                  00084434    00000017                        : spi.obj (.text:SPI_isBaseValid)
                  0008444b    00000017     rts2800_fpu32_eabi.lib : boot28.asm.obj (.text)
                  00084462    00000014     driverlib_eabi.lib : sysctl.obj (.text:CPUTimer_stopTimer)
                  00084476    00000013                        : cputimer.obj (.text:CPUTimer_setEmulationMode)
                  00084489    00000013                        : i2c.obj (.text:I2C_isBaseValid)
                  0008449c    00000013                        : sci.obj (.text:SCI_enableModule)
                  000844af    00000012                        : sysctl.obj (.text:CPUTimer_clearOverflowFlag)
                  000844c1    00000012                        : sysctl.obj (.text:CPUTimer_disableInterrupt)
                  000844d3    00000011                        : sysctl.obj (.text:CPUTimer_setPeriod)
                  000844e4    00000011     CRC16.obj (.text)
                  000844f5    00000010     driverlib_eabi.lib : flash.obj (.text:Flash_isCtrlBaseValid)
                  00084505    00000010                        : flash.obj (.text:Flash_isECCBaseValid)
                  00084515    0000000f                        : sysctl.obj (.text:SysCtl_pollCpuTimer)
                  00084524    0000000e                        : gpio.obj (.text:GPIO_isPinValid)
                  00084532    0000000e                        : interrupt.obj (.text:Interrupt_defaultHandler)
                  00084540    0000000d                        : interrupt.obj (.text:Interrupt_disableGlobal)
                  0008454d    0000000d                        : interrupt.obj (.text:Interrupt_enableGlobal)
                  0008455a    0000000d     rts2800_fpu32_eabi.lib : copy_zero_init.c.obj (.text:decompress:ZI:__TI_zero_init_nomemset)
                  00084567    0000000c                            : args_main.c.obj (.text)
                  00084573    0000000b     driverlib_eabi.lib : sysctl.obj (.text:SysCtl_isMCDClockFailureDetected)
                  0008457e    00000009                        : sysctl.obj (.text:SysCtl_serviceWatchdog)
                  00084587    00000008     F2837xD_CodeStartBranch.obj (.text)
                  0008458f    00000008     rts2800_fpu32_eabi.lib : copy_decompress_none.c.obj (.text:decompress:none)
                  00084597    00000007     driverlib_eabi.lib : sysctl.obj (.text:SysCtl_resetMCD)
                  0008459e    00000002                        : interrupt.obj (.text:Interrupt_illegalOperationHandler)
                  000845a0    00000002                        : interrupt.obj (.text:Interrupt_nmiHandler)
                  000845a2    00000002     rts2800_fpu32_eabi.lib : pre_init.c.obj (.text)
                  000845a4    00000001                            : _lock.c.obj (.text)
                  000845a5    00000001                            : startup.c.obj (.text)

.switch    0    00090000    00000090     
                  00090000    00000048     <whole-program> (.switch:getModbusData)
                  00090048    00000048     <whole-program> (.switch:setModbusData)

.const     0    000a8000    000008ac     
                  000a8000    00000100     CRC16.obj (.const:.string:aucCRCHi$3)
                  000a8100    00000100     CRC16.obj (.const:.string:aucCRCLo$3)
                  000a8200    000000c2     driverlib_eabi.lib : sysctl.obj (.const:.string)
                  000a82c2    000000bf                        : flash.obj (.const:.string)
                  000a8381    00000001     --HOLE-- [fill = 0]
                  000a8382    000000bc                        : gpio.obj (.const:.string)
                  000a843e    000000bb                        : sci.obj (.const:.string)
                  000a84f9    00000001     --HOLE-- [fill = 0]
                  000a84fa    000000bb                        : spi.obj (.const:.string)
                  000a85b5    00000001     --HOLE-- [fill = 0]
                  000a85b6    00000087     <whole-program> (.const:.string)
                  000a863d    00000001     --HOLE-- [fill = 0]
                  000a863e    00000062     driverlib_eabi.lib : cputimer.obj (.const:.string)
                  000a86a0    00000060                        : memcfg.obj (.const:.string)
                  000a8700    0000005f                        : cmpss.obj (.const:.string)
                  000a875f    00000001     --HOLE-- [fill = 0]
                  000a8760    0000005d                        : adc.obj (.const:.string)
                  000a87bd    00000001     --HOLE-- [fill = 0]
                  000a87be    0000005d                        : i2c.obj (.const:.string)
                  000a881b    00000025     --HOLE-- [fill = 0]
                  000a8840    00000036     ModbusFunction.obj (.const)
                  000a8876    0000000a     --HOLE-- [fill = 0]
                  000a8880    0000002c     ModbusSlave.obj (.const)

.cinit     0    000b0000    00000074     
                  000b0000    00000051     (.cinit..data.load) [load image, compression = lzss]
                  000b0051    00000001     --HOLE-- [fill = 0]
                  000b0052    00000006     (__TI_handler_table)
                  000b0058    00000004     (.cinit..bss.load) [load image, compression = zero_init]
                  000b005c    00000004     (.cinit..scratchpad.load) [load image, compression = zero_init]
                  000b0060    00000004     (.cinit.cla_shared.load) [load image, compression = zero_init]
                  000b0064    00000010     (__TI_cinit_table)

.init_array 
*          0    000f8000    00000000     UNINITIALIZED

.stack     1    00000400    000003f8     UNINITIALIZED
                  00000400    000003f8     --HOLE--

.bss       1    00011000    00000068     UNINITIALIZED
                  00011000    0000002e     main.obj (.bss)
                  0001102e    00000009     SFO_v8_fpu_lib_build_c28_driverlib_eabi.lib : SFO_v8_fpu_lib_build_c28_driverlib.obj (.bss:MEP_SF)
                  00011037    00000005                                                 : SFO_v8_fpu_lib_build_c28_driverlib.obj (.bss)
                  0001103c    00000004     initPWM.obj (.bss)
                  00011040    00000028     tbmenu.obj (.bss)

.data      1    00015000    0000030a     UNINITIALIZED
                  00015000    0000028e     ModbusFunction.obj (.data)
                  0001528e    00000032     ModbusFunction.obj (.data:ModbusFunc)
                  000152c0    00000012     initPWM.obj (.data:ePWM)
                  000152d2    00000012     isr.obj (.data:isr_task)
                  000152e4    00000012     main.obj (.data:time_task)
                  000152f6    00000006     device.obj (.data)
                  000152fc    00000004     main.obj (.data)
                  00015300    00000006     rts2800_fpu32_eabi.lib : exit.c.obj (.data)
                  00015306    00000002                            : _lock.c.obj (.data:_lock)
                  00015308    00000001     SFO_v8_fpu_lib_build_c28_driverlib_eabi.lib : SFO_v8_fpu_lib_build_c28_driverlib.obj (.data)
                  00015309    00000001     isr.obj (.data)

.const_cla 
*          0    00008000    00000000     UNINITIALIZED

.TI.ramfunc 
*          0    00098000    000004f1     RUN ADDR = 0000c000
                  00098000    00000261     isr.obj (.TI.ramfunc)
                  00098261    000000d5     initPWM.obj (.TI.ramfunc)
                  00098336    00000064     isr.obj (.TI.ramfunc:retain)
                  0009839a    00000043     driverlib_eabi.lib : flash.obj (.TI.ramfunc:Flash_initModule)
                  000983dd    0000002f     main.obj (.TI.ramfunc)
                  0009840c    0000002c     driverlib_eabi.lib : flash.obj (.TI.ramfunc:Flash_setBankPowerMode)
                  00098438    00000024                        : flash.obj (.TI.ramfunc:Flash_setWaitstates)
                  0009845c    0000001d                        : flash.obj (.TI.ramfunc:Flash_setPumpPowerMode)
                  00098479    00000018                        : flash.obj (.TI.ramfunc:Flash_disableCache)
                  00098491    00000018                        : flash.obj (.TI.ramfunc:Flash_disablePrefetch)
                  000984a9    00000017                        : flash.obj (.TI.ramfunc:Flash_enableCache)
                  000984c0    00000017                        : flash.obj (.TI.ramfunc:Flash_enablePrefetch)
                  000984d7    00000016                        : flash.obj (.TI.ramfunc:Flash_enableECC)
                  000984ed    00000004                        : sysctl.obj (.TI.ramfunc)

Cla1Prog   0    000a0000    00000172     RUN ADDR = 00008000
                  000a0000    000000d2     cla_task.obj (Cla1Prog:CLA_Measurement)
                  000a00d2    00000054     cla_task.obj (Cla1Prog:Cla1Task1)
                  000a0126    00000014     cla_task.obj (Cla1Prog:CLA_getCaliData)
                  000a013a    00000008     cla_task.obj (Cla1Prog:Cla1Task2)
                  000a0142    00000008     cla_task.obj (Cla1Prog:Cla1Task3)
                  000a014a    00000008     cla_task.obj (Cla1Prog:Cla1Task4)
                  000a0152    00000008     cla_task.obj (Cla1Prog:Cla1Task5)
                  000a015a    00000008     cla_task.obj (Cla1Prog:Cla1Task6)
                  000a0162    00000008     cla_task.obj (Cla1Prog:Cla1Task7)
                  000a016a    00000008     cla_task.obj (Cla1Prog:Cla1Task8)

.scratchpad 
*          1    000098d0    00000002     UNINITIALIZED
                  000098d0    00000002     cla_task.obj (.scratchpad:Cla1Prog:CLA_Measurement)

cla_shared 
*          1    00009800    000000d0     UNINITIALIZED
                  00009800    000000d0     initCLA.obj (cla_shared)

MODULE SUMMARY

       Module                                   code    ro data   rw data
       ------                                   ----    -------   -------
    .\
       isr.obj                                  1418    0         19     
       cla_task.obj                             740     0         2      
       main.obj                                 145     0         68     
    +--+----------------------------------------+-------+---------+---------+
       Total:                                   2303    0         89     
                                                                         
    .\device\
       device.obj                               853     0         6      
       F2837xD_CodeStartBranch.obj              10      0         0      
    +--+----------------------------------------+-------+---------+---------+
       Total:                                   863     0         6      
                                                                         
    .\mb_slave\
       ModbusFunction.obj                       617     54        704    
       ModbusSlave.obj                          677     44        0      
       linkVariables.obj                        649     0         0      
       CRC16.obj                                17      512       0      
       tbmenu.obj                               473     0         40     
    +--+----------------------------------------+-------+---------+---------+
       Total:                                   2433    610       744    
                                                                         
    .\peripherals\
       initCLA.obj                              330     0         208    
       initPWM.obj                              426     0         22     
       PowerSequence.obj                        73      0         0      
    +--+----------------------------------------+-------+---------+---------+
       Total:                                   829     0         230    
                                                                         
    .\syscfg\
       board.obj                                2156    0         0      
    +--+----------------------------------------+-------+---------+---------+
       Total:                                   2156    0         0      
                                                                         
    C:\Users\ROGER_~1\AppData\Local\Temp\
       {DF82A40D-CFA7-4F1C-B745-60DB696C0A79}   0       279       0      
    +--+----------------------------------------+-------+---------+---------+
       Total:                                   0       279       0      
                                                                         
    C:\ti\c2000\C2000Ware_4_03_00_00\driverlib\f2837xd\driverlib\ccs\Debug\driverlib_eabi.lib
       sysctl.obj                               1175    194       0      
       flash.obj                                654     191       0      
       gpio.obj                                 310     188       0      
       sci.obj                                  225     187       0      
       adc.obj                                  281     93        0      
       cmpss.obj                                270     95        0      
       spi.obj                                  115     187       0      
       i2c.obj                                  119     93        0      
       interrupt.obj                            190     0         0      
       memcfg.obj                               55      96        0      
       cputimer.obj                             42      98        0      
       cla.obj                                  38      0         0      
    +--+----------------------------------------+-------+---------+---------+
       Total:                                   3474    1422      0      
                                                                         
    C:\ti\c2000\C2000Ware_4_03_00_00\libraries\calibration\hrpwm\f2837xd\lib\SFO_v8_fpu_lib_build_c28_driverlib_eabi.lib
       SFO_v8_fpu_lib_build_c28_driverlib.obj   497     0         15     
    +--+----------------------------------------+-------+---------+---------+
       Total:                                   497     0         15     
                                                                         
    C:\ti\ccs1230\ccs\tools\compiler\ti-cgt-c2000_22.6.0.LTS\lib\rts2800_fpu32_eabi.lib
       fs_div28.asm.obj                         136     0         0      
       exit.c.obj                               41      0         6      
       copy_decompress_lzss.c.obj               46      0         0      
       autoinit.c.obj                           43      0         0      
       memcpy.c.obj                             29      0         0      
       boot28.asm.obj                           23      0         0      
       copy_zero_init.c.obj                     13      0         0      
       args_main.c.obj                          12      0         0      
       copy_decompress_none.c.obj               8       0         0      
       _lock.c.obj                              1       0         2      
       pre_init.c.obj                           2       0         0      
       startup.c.obj                            1       0         0      
    +--+----------------------------------------+-------+---------+---------+
       Total:                                   355     0         8      
                                                                         
       Stack:                                   0       0         1016   
       Linker Generated:                        0       115       0      
    +--+----------------------------------------+-------+---------+---------+
       Grand Total:                             12910   2426      2108   


LINKER GENERATED COPY TABLES

__TI_cinit_table @ 000b0064 records: 4, size/record: 4, table size: 16
	.data: load addr=000b0000, load size=00000051 bytes, run addr=00015000, run size=0000030a bytes, compression=lzss
	.bss: load addr=000b0058, load size=00000004 bytes, run addr=00011000, run size=00000068 bytes, compression=zero_init
	.scratchpad: load addr=000b005c, load size=00000004 bytes, run addr=000098d0, run size=00000002 bytes, compression=zero_init
	cla_shared: load addr=000b0060, load size=00000004 bytes, run addr=00009800, run size=000000d0 bytes, compression=zero_init


LINKER GENERATED HANDLER TABLE

__TI_handler_table @ 000b0052 records: 3, size/record: 2, table size: 6
	index: 0, handler: __TI_zero_init
	index: 1, handler: __TI_decompress_lzss
	index: 2, handler: __TI_decompress_none


GLOBAL DATA SYMBOLS: SORTED BY DATA PAGE

address     data page           name
--------    ----------------    ----
00000400      10 (00000400)     __stack

00009800     260 (00009800)     sCLA

00011000     440 (00011000)     sDrv
0001102e     440 (00011000)     MEP_SF
00011037     440 (00011000)     SFO_CAL
0001103c     440 (00011000)     BUCK_sfoStatus
0001103e     440 (00011000)     MEP_ScaleFactor

00011040     441 (00011040)     regMbusData

00015040     541 (00015040)     mbcomm

0001528e     54a (00015280)     ModbusFunc

000152c0     54b (000152c0)     ePWM
000152d2     54b (000152c0)     isr_task
000152e4     54b (000152c0)     time_task
000152f6     54b (000152c0)     Example_Result
000152f8     54b (000152c0)     Example_PassCount
000152fa     54b (000152c0)     Example_Fail
000152fc     54b (000152c0)     id_ttask

00015300     54c (00015300)     __TI_enable_exit_profile_output
00015302     54c (00015300)     __TI_cleanup_ptr
00015304     54c (00015300)     __TI_dtors_ptr
00015306     54c (00015300)     _lock
00015309     54c (00015300)     id_isr_task


GLOBAL SYMBOLS: SORTED ALPHABETICALLY BY Name 

page  address   name                                     
----  -------   ----                                     
0     00083b84  ADC_setINLTrim                           
0     0008419e  ADC_setMode                              
0     00083cbf  ADC_setOffsetTrim                        
0     00082130  AD_A_init                                
0     0008219d  AD_B_init                                
0     000821f3  AD_C_init                                
1     0001103c  BUCK_sfoStatus                           
0     00082806  Board_init                               
0     0008427c  C$$EXIT                                  
0     0000c1e0  C28_Measurement                          
0     000842a5  CLA_setTriggerSource                     
0     00083fb7  CMPSS_configFilterHigh                   
0     00083fef  CMPSS_configFilterLow                    
0     000841fb  CMPSS_configLatchOnPWMSYNC               
0     00083e67  CMPSS_configRamp                         
0     00084476  CPUTimer_setEmulationMode                
abs   00000000  Cla1ConstLoadSize                        
0     00008000  Cla1ConstLoadStart                       
0     00008000  Cla1ConstRunStart                        
abs   00000172  Cla1ProgLoadSize                         
0     000a0000  Cla1ProgLoadStart                        
0     00008000  Cla1ProgRunStart                         
0     000080d2  Cla1Task1                                
0     0000813a  Cla1Task2                                
0     00008142  Cla1Task3                                
0     0000814a  Cla1Task4                                
0     00008152  Cla1Task5                                
0     0000815a  Cla1Task6                                
0     00008162  Cla1Task7                                
0     0000816a  Cla1Task8                                
0     000827c8  DAC8812_init                             
0     000825d7  DACA_TP209_init                          
0     000825f4  DACB_TP208_init                          
0     00082611  DACC_TP210_init                          
0     00082000  DEBUG_SCI_init                           
0     00082a51  Device_bootCPU2                          
0     000828e8  Device_configureTMXAnalogTrim            
0     0008291b  Device_enableAllPeripherals              
0     000828aa  Device_enableUnbondedGPIOPullups         
0     0008288d  Device_enableUnbondedGPIOPullupsFor100Pin
0     0008287a  Device_enableUnbondedGPIOPullupsFor176Pin
0     000829f9  Device_init                              
0     000828ca  Device_initGPIO                          
0     0008277b  EEPROM_init                              
0     0008262e  EPWM_init                                
1     000152fa  Example_Fail                             
1     000152f8  Example_PassCount                        
1     000152f6  Example_Result                           
0     00082879  Example_done                             
0     00082874  Example_setResultFail                    
0     0008286f  Example_setResultPass                    
0     0000c39a  Flash_initModule                         
0     000826a5  GPIO_init                                
0     00084027  GPIO_setControllerCore                   
0     0008416d  GPIO_setDirectionMode                    
0     00083d7b  GPIO_setPadConfig                        
0     0008405e  GPIO_setPinConfig                        
0     00084095  GPIO_setQualificationMode                
0     00083c5b  I2C_initController                       
0     0008252a  IEL_SENSE_init                           
0     00082386  IL_SENSE_init                            
0     0000c336  INT_ADC_EOC_ISR                          
0     0008224b  IO_SENSE_init                            
0     000822b4  IO_SHARE_init                            
0     000840cc  Interrupt_enable                         
0     00083f7a  Interrupt_initModule                     
0     00084331  Interrupt_initVectorTable                
1     0001102e  MEP_SF                                   
1     0001103e  MEP_ScaleFactor                          
0     00084103  MemCfg_setLSRAMControllerSel             
1     0001528e  ModbusFunc                               
0     000823ef  OVP_SENSE_init                           
0     00082069  PinMux_init                              
0     000984f1  RamfuncsLoadEnd                          
abs   000004f1  RamfuncsLoadSize                         
0     00098000  RamfuncsLoadStart                        
0     0000c4f1  RamfuncsRunEnd                           
abs   000004f1  RamfuncsRunSize                          
0     0000c000  RamfuncsRunStart                         
0     00083109  ReservedFunction                         
0     00083ef7  SCI_clearInterruptStatus                 
0     00083f3c  SCI_setConfig                            
0     0008355e  SFO                                      
1     00011037  SFO_CAL                                  
0     00083d1f  SPI_setConfig                            
0     00082593  SWTIRMER_init                            
0     0000c4ed  SysCtl_delay                             
0     00083dcd  SysCtl_getClock                          
0     00083bf3  SysCtl_getDeviceParametric               
0     000843bc  SysCtl_getLowSpeedClock                  
0     00083eaf  SysCtl_selectOscSource                   
0     00083a72  SysCtl_selectXTAL                        
0     00083358  SysCtl_setClock                          
0     0008231d  VIN_SENSE_init                           
0     00082458  VO_SENSE_init                            
0     000824c1  VO_SHARE_init                            
0     000b0064  __TI_CINIT_Base                          
0     000b0074  __TI_CINIT_Limit                         
0     000b0074  __TI_CINIT_Warm                          
0     000b0052  __TI_Handler_Table_Base                  
0     000b0058  __TI_Handler_Table_Limit                 
1     000007f8  __TI_STACK_END                           
abs   000003f8  __TI_STACK_SIZE                          
0     00084251  __TI_auto_init_nobinit_nopinit           
1     00015302  __TI_cleanup_ptr                         
0     000841cd  __TI_decompress_lzss                     
0     0008458f  __TI_decompress_none                     
1     00015304  __TI_dtors_ptr                           
1     00015300  __TI_enable_exit_profile_output          
abs   ffffffff  __TI_pprof_out_hndl                      
abs   ffffffff  __TI_prof_data_size                      
abs   ffffffff  __TI_prof_data_start                     
0     0008455a  __TI_zero_init_nomemset                  
0     00083afc  __c28xabi_divf                           
n/a   UNDEFED   __c_args__                               
0     0008286c  __error__                                
1     00000400  __stack                                  
0     00084567  _args_main                               
0     0008444b  _c_int00                                 
1     00015306  _lock                                    
0     000845a4  _nop                                     
0     000845a5  _system_post_cinit                       
0     000845a2  _system_pre_init                         
0     0008427c  abort                                    
0     0008374f  chkValidAddress                          
0     00080000  code_start                               
0     0000c219  debugDAC                                 
1     000152c0  ePWM                                     
0     0000c2f8  enableAdcTriggerbyPWM                    
0     00082c25  exeModbusSlave                           
0     0000c0e2  execCalibration                          
0     00083e66  execPowerSequence                        
0     0008427e  exit                                     
0     00083842  getModbusData                            
1     00015309  id_isr_task                              
1     000152fc  id_ttask                                 
0     000839e8  initCLA                                  
0     00083928  initClaCtrlParam                         
0     00082bd1  initMbusConfig                           
0     0000c319  initPWM                                  
0     0000c261  initPWMxAB                               
0     00083e1e  initPower                                
0     00083097  initRegN                                 
0     0000c000  isrTask100usec                           
0     0000c1a1  isrTask1msec                             
0     0000c1ae  isrTimeTask                              
1     000152d2  isr_task                                 
0     0008413a  main                                     
1     00015040  mbcomm                                   
0     0008434f  memcpy                                   
0     000830ef  pushModbusByte                           
0     00083110  readHoldingRegister                      
0     0008300a  readRegN                                 
1     00011040  regMbusData                              
0     00082bc1  rstModbusTimeout                         
1     00009800  sCLA                                     
1     00011000  sDrv                                     
0     0000c06b  scanBrownInOut                           
0     0000c3e7  scanTimeTask                             
0     00083763  setModbusData                            
0     0000c3e6  task25msec                               
0     0000c3dd  task2D5msec                              
1     000152e4  time_task                                
0     000844e4  ucMBCRC16                                
0     000831c6  writeHoldingNRegister                    
0     0008328c  writeHoldingRegister                     
0     00082ec9  writeReg                                 
0     00082e66  writeRegN                                


GLOBAL SYMBOLS: SORTED BY Symbol Address 

page  address   name                                     
----  -------   ----                                     
0     00008000  Cla1ConstLoadStart                       
0     00008000  Cla1ConstRunStart                        
0     00008000  Cla1ProgRunStart                         
0     000080d2  Cla1Task1                                
0     0000813a  Cla1Task2                                
0     00008142  Cla1Task3                                
0     0000814a  Cla1Task4                                
0     00008152  Cla1Task5                                
0     0000815a  Cla1Task6                                
0     00008162  Cla1Task7                                
0     0000816a  Cla1Task8                                
0     0000c000  RamfuncsRunStart                         
0     0000c000  isrTask100usec                           
0     0000c06b  scanBrownInOut                           
0     0000c0e2  execCalibration                          
0     0000c1a1  isrTask1msec                             
0     0000c1ae  isrTimeTask                              
0     0000c1e0  C28_Measurement                          
0     0000c219  debugDAC                                 
0     0000c261  initPWMxAB                               
0     0000c2f8  enableAdcTriggerbyPWM                    
0     0000c319  initPWM                                  
0     0000c336  INT_ADC_EOC_ISR                          
0     0000c39a  Flash_initModule                         
0     0000c3dd  task2D5msec                              
0     0000c3e6  task25msec                               
0     0000c3e7  scanTimeTask                             
0     0000c4ed  SysCtl_delay                             
0     0000c4f1  RamfuncsRunEnd                           
0     00080000  code_start                               
0     00082000  DEBUG_SCI_init                           
0     00082069  PinMux_init                              
0     00082130  AD_A_init                                
0     0008219d  AD_B_init                                
0     000821f3  AD_C_init                                
0     0008224b  IO_SENSE_init                            
0     000822b4  IO_SHARE_init                            
0     0008231d  VIN_SENSE_init                           
0     00082386  IL_SENSE_init                            
0     000823ef  OVP_SENSE_init                           
0     00082458  VO_SENSE_init                            
0     000824c1  VO_SHARE_init                            
0     0008252a  IEL_SENSE_init                           
0     00082593  SWTIRMER_init                            
0     000825d7  DACA_TP209_init                          
0     000825f4  DACB_TP208_init                          
0     00082611  DACC_TP210_init                          
0     0008262e  EPWM_init                                
0     000826a5  GPIO_init                                
0     0008277b  EEPROM_init                              
0     000827c8  DAC8812_init                             
0     00082806  Board_init                               
0     0008286c  __error__                                
0     0008286f  Example_setResultPass                    
0     00082874  Example_setResultFail                    
0     00082879  Example_done                             
0     0008287a  Device_enableUnbondedGPIOPullupsFor176Pin
0     0008288d  Device_enableUnbondedGPIOPullupsFor100Pin
0     000828aa  Device_enableUnbondedGPIOPullups         
0     000828ca  Device_initGPIO                          
0     000828e8  Device_configureTMXAnalogTrim            
0     0008291b  Device_enableAllPeripherals              
0     000829f9  Device_init                              
0     00082a51  Device_bootCPU2                          
0     00082bc1  rstModbusTimeout                         
0     00082bd1  initMbusConfig                           
0     00082c25  exeModbusSlave                           
0     00082e66  writeRegN                                
0     00082ec9  writeReg                                 
0     0008300a  readRegN                                 
0     00083097  initRegN                                 
0     000830ef  pushModbusByte                           
0     00083109  ReservedFunction                         
0     00083110  readHoldingRegister                      
0     000831c6  writeHoldingNRegister                    
0     0008328c  writeHoldingRegister                     
0     00083358  SysCtl_setClock                          
0     0008355e  SFO                                      
0     0008374f  chkValidAddress                          
0     00083763  setModbusData                            
0     00083842  getModbusData                            
0     00083928  initClaCtrlParam                         
0     000839e8  initCLA                                  
0     00083a72  SysCtl_selectXTAL                        
0     00083afc  __c28xabi_divf                           
0     00083b84  ADC_setINLTrim                           
0     00083bf3  SysCtl_getDeviceParametric               
0     00083c5b  I2C_initController                       
0     00083cbf  ADC_setOffsetTrim                        
0     00083d1f  SPI_setConfig                            
0     00083d7b  GPIO_setPadConfig                        
0     00083dcd  SysCtl_getClock                          
0     00083e1e  initPower                                
0     00083e66  execPowerSequence                        
0     00083e67  CMPSS_configRamp                         
0     00083eaf  SysCtl_selectOscSource                   
0     00083ef7  SCI_clearInterruptStatus                 
0     00083f3c  SCI_setConfig                            
0     00083f7a  Interrupt_initModule                     
0     00083fb7  CMPSS_configFilterHigh                   
0     00083fef  CMPSS_configFilterLow                    
0     00084027  GPIO_setControllerCore                   
0     0008405e  GPIO_setPinConfig                        
0     00084095  GPIO_setQualificationMode                
0     000840cc  Interrupt_enable                         
0     00084103  MemCfg_setLSRAMControllerSel             
0     0008413a  main                                     
0     0008416d  GPIO_setDirectionMode                    
0     0008419e  ADC_setMode                              
0     000841cd  __TI_decompress_lzss                     
0     000841fb  CMPSS_configLatchOnPWMSYNC               
0     00084251  __TI_auto_init_nobinit_nopinit           
0     0008427c  C$$EXIT                                  
0     0008427c  abort                                    
0     0008427e  exit                                     
0     000842a5  CLA_setTriggerSource                     
0     00084331  Interrupt_initVectorTable                
0     0008434f  memcpy                                   
0     000843bc  SysCtl_getLowSpeedClock                  
0     0008444b  _c_int00                                 
0     00084476  CPUTimer_setEmulationMode                
0     000844e4  ucMBCRC16                                
0     0008455a  __TI_zero_init_nomemset                  
0     00084567  _args_main                               
0     0008458f  __TI_decompress_none                     
0     000845a2  _system_pre_init                         
0     000845a4  _nop                                     
0     000845a5  _system_post_cinit                       
0     00098000  RamfuncsLoadStart                        
0     000984f1  RamfuncsLoadEnd                          
0     000a0000  Cla1ProgLoadStart                        
0     000b0052  __TI_Handler_Table_Base                  
0     000b0058  __TI_Handler_Table_Limit                 
0     000b0064  __TI_CINIT_Base                          
0     000b0074  __TI_CINIT_Limit                         
0     000b0074  __TI_CINIT_Warm                          
1     00000400  __stack                                  
1     000007f8  __TI_STACK_END                           
1     00009800  sCLA                                     
1     00011000  sDrv                                     
1     0001102e  MEP_SF                                   
1     00011037  SFO_CAL                                  
1     0001103c  BUCK_sfoStatus                           
1     0001103e  MEP_ScaleFactor                          
1     00011040  regMbusData                              
1     00015040  mbcomm                                   
1     0001528e  ModbusFunc                               
1     000152c0  ePWM                                     
1     000152d2  isr_task                                 
1     000152e4  time_task                                
1     000152f6  Example_Result                           
1     000152f8  Example_PassCount                        
1     000152fa  Example_Fail                             
1     000152fc  id_ttask                                 
1     00015300  __TI_enable_exit_profile_output          
1     00015302  __TI_cleanup_ptr                         
1     00015304  __TI_dtors_ptr                           
1     00015306  _lock                                    
1     00015309  id_isr_task                              
abs   00000000  Cla1ConstLoadSize                        
abs   00000172  Cla1ProgLoadSize                         
abs   000003f8  __TI_STACK_SIZE                          
abs   000004f1  RamfuncsLoadSize                         
abs   000004f1  RamfuncsRunSize                          
abs   ffffffff  __TI_pprof_out_hndl                      
abs   ffffffff  __TI_prof_data_size                      
abs   ffffffff  __TI_prof_data_start                     
n/a   UNDEFED   __c_args__                               

[168 symbols]
