******************************************************************************
            TI ARM Clang Linker PC v2.1.3                      
******************************************************************************
>> Linked Wed Mar 13 13:25:36 2024

OUTPUT FILE NAME:   <M0G3507_Flash_Ex01_SimpleWriteRead.out>
ENTRY POINT SYMBOL: "_c_int00_noargs"  address: 00000b95


MEMORY CONFIGURATION

         name            origin    length      used     unused   attr    fill
----------------------  --------  ---------  --------  --------  ----  --------
  FLASH                 00000000   00020000  00000e68  0001f198  R  X
  SRAM                  20200000   00008000  00000340  00007cc0  RW X
  BCR_CONFIG            41c00000   00000080  00000000  00000080  R   
  BSL_CONFIG            41c00100   00000080  00000000  00000080  R   


SEGMENT ALLOCATION MAP

run origin  load origin   length   init length attrs members
----------  ----------- ---------- ----------- ----- -------
00000000    00000000    00000d88   00000d88    r-x
  00000000    00000000    000000c0   000000c0    r-- .intvecs
  000000c0    000000c0    00000cc8   00000cc8    r-x .text
00000dc8    00000dc8    000000a0   000000a0    r--
  00000dc8    00000dc8    00000040   00000040    r-- .rodata
  00000e08    00000e08    00000050   00000050    r-- .cinit
  00000e58    00000e58    00000010   00000010    r-- .binit
20200000    20200000    00000102   00000000    rw-
  20200000    20200000    000000be   00000000    rw- .bss
  202000c0    202000c0    00000042   00000000    rw- .data
20200108    00000d88    00000040   00000040    r-x
  20200108    00000d88    00000040   00000040    r-x .TI.ramfunc
20207e00    20207e00    00000200   00000000    rw-
  20207e00    20207e00    00000200   00000000    rw- .stack


SECTION ALLOCATION MAP

 output                                  attributes/
section   page    origin      length       input sections
--------  ----  ----------  ----------   ----------------
.intvecs   0    00000000    000000c0     
                  00000000    000000c0     startup_mspm0g350x_ticlang.o (.intvecs)

.text      0    000000c0    00000cc8     
                  000000c0    0000015c     driverlib.a : dl_flashctl.o (.text.DL_FlashCTL_unprotectSector)
                  0000021c    00000100                 : dl_timer.o (.text.DL_Timer_initTimerMode)
                  0000031c    000000ec                 : dl_sysctl_mspm0g1x0x_g3x0x.o (.text.DL_SYSCTL_configSYSPLL)
                  00000408    000000ac     main.o (.text.writeUncorrectedSingleBitErrorDataToFlash)
                  000004b4    0000009a     libc.a : memcpy16.S.obj (.text:memcpy)
                  0000054e    00000002     startup_mspm0g350x_ticlang.o (.text.Default_Handler)
                  00000550    00000094     main.o (.text.task2D5msec)
                  000005e4    0000007c     main.o (.text.writeCorrectedDataToFlash)
                  00000660    00000078     main.o (.text.main)
                  000006d8    00000068     libc.a : copy_decompress_lzss.c.obj (.text:decompress:lzss)
                  00000740    0000005c     ti_msp_dl_config.o (.text.SYSCFG_DL_SYSCTL_init)
                  0000079c    00000052     driverlib.a : dl_flashctl.o (.text.DL_FlashCTL_getFlashSectorNumberInBank)
                  000007ee    00000002     libclang_rt.builtins.a : aeabi_div0.c.obj (.text.__aeabi_idiv0)
                  000007f0    0000004c     driverlib.a : dl_sysctl_mspm0g1x0x_g3x0x.o (.text.DL_SYSCTL_switchMCLKfromSYSOSCtoHSCLK)
                  0000083c    0000004c     libc.a : autoinit.c.obj (.text:__TI_auto_init_nopinit)
                  00000888    00000048            : cpy_tbl.c.obj (.text.copy_in)
                  000008d0    00000040     libclang_rt.builtins.a : aeabi_uidivmod.S.obj (.text)
                  00000910    0000003c     driverlib.a : dl_flashctl.o (.text.DL_FactoryRegion_getNumBanks)
                  0000094c    0000003c                 : dl_timer.o (.text.DL_Timer_setCaptureCompareCtl)
                  00000988    00000038                 : dl_flashctl.o (.text.DL_FactoryRegion_getMAINFlashSize)
                  000009c0    00000038                 : dl_flashctl.o (.text.DL_FlashCTL_programMemory64Config)
                  000009f8    00000034                 : dl_flashctl.o (.text.DL_FlashCTL_programMemoryFromRAM64WithECCManual)
                  00000a2c    00000034                 : dl_timer.o (.text.DL_Timer_setClockConfig)
                  00000a60    00000030                 : dl_flashctl.o (.text.DL_FlashCTL_eraseMemoryFromRAM)
                  00000a90    00000030                 : dl_flashctl.o (.text.DL_FlashCTL_programMemoryConfig)
                  00000ac0    0000002c                 : dl_timer.o (.text.DL_Timer_setCaptureCompareValue)
                  00000aec    0000002c     ti_msp_dl_config.o (.text.SYSCFG_DL_SWTIMER_init)
                  00000b18    0000002c     ti_msp_dl_config.o (.text.SYSCFG_DL_initPower)
                  00000b44    00000028     driverlib.a : dl_sysctl_mspm0g1x0x_g3x0x.o (.text.DL_Common_updateReg)
                  00000b6c    00000028                 : dl_timer.o (.text.DL_Common_updateReg)
                  00000b94    00000028     libc.a : boot_cortex_m.c.obj (.text:_c_int00_noargs)
                  00000bbc    00000024     driverlib.a : dl_flashctl.o (.text.DL_FlashCTL_programMemoryFromRAM64WithECCGenerated)
                  00000be0    00000020                 : dl_flashctl.o (.text.DL_CORE_configInstruction)
                  00000c00    00000020                 : dl_sysctl_mspm0g1x0x_g3x0x.o (.text.DL_CORE_configInstruction)
                  00000c20    00000020                 : dl_timer.o (.text.DL_Timer_setCounterValueAfterEnable)
                  00000c40    00000020     ti_msp_dl_config.o (.text.SYSCFG_DL_init)
                  00000c60    0000001c     ti_msp_dl_config.o (.text.SYSCFG_DL_GPIO_init)
                  00000c7c    00000018     driverlib.a : dl_sysctl_mspm0g1x0x_g3x0x.o (.text.DL_SYSCTL_setHSCLKSource)
                  00000c94    00000018                 : dl_timer.o (.text.DL_Timer_setLoadValue)
                  00000cac    00000014                 : dl_common.o (.text.DL_Common_delayCycles)
                  00000cc0    00000014                 : dl_flashctl.o (.text.DL_FlashCTL_setCommandAddress)
                  00000cd4    00000014                 : dl_sysctl_mspm0g1x0x_g3x0x.o (.text.DL_SYSCTL_disableSYSPLL)
                  00000ce8    00000014     libc.a : copy_zero_init.c.obj (.text:decompress:ZI:__TI_zero_init_nomemset)
                  00000cfc    00000012            : copy_decompress_none.c.obj (.text:decompress:none)
                  00000d0e    00000002     --HOLE-- [fill = 0]
                  00000d10    00000010     driverlib.a : dl_flashctl.o (.text.DL_CORE_getInstructionConfig)
                  00000d20    00000010                 : dl_sysctl_mspm0g1x0x_g3x0x.o (.text.DL_CORE_getInstructionConfig)
                  00000d30    00000010     main.o (.text.task25msec)
                  00000d40    0000000e     driverlib.a : dl_flashctl.o (.text.DL_FlashCTL_getFlashSectorNumber)
                  00000d4e    00000002     --HOLE-- [fill = 0]
                  00000d50    0000000c                 : dl_sysctl_mspm0g1x0x_g3x0x.o (.text.DL_SYSCTL_getClockStatus)
                  00000d5c    00000008     libclang_rt.builtins.a : aeabi_memcpy.S.obj (.text)
                  00000d64    00000004     driverlib.a : dl_flashctl.o (.text.DL_SYSCTL_isExecuteFromUpperFlashBank)
                  00000d68    00000004     startup_mspm0g350x_ticlang.o (.text.Reset_Handler)
                  00000d6c    00000004     libc.a : pre_init.c.obj (.text._system_pre_init)
                  00000d70    00000004            : exit.c.obj (.text:abort)
                  00000d74    00000010     driverlib.a : dl_flashctl.o (.tramp.DL_FlashCTL_executeCommandFromRAM.1)
                  00000d84    00000004     --HOLE-- [fill = 0]

.TI.ramfunc 
*          0    00000d88    00000040     RUN ADDR = 20200108
                  00000d88    00000040     driverlib.a : dl_flashctl.o (.TI.ramfunc)

.cinit     0    00000e08    00000050     
                  00000e08    0000002a     (.cinit..data.load) [load image, compression = lzss]
                  00000e32    00000002     --HOLE-- [fill = 0]
                  00000e34    0000000c     (__TI_handler_table)
                  00000e40    00000008     (.cinit..bss.load) [load image, compression = zero_init]
                  00000e48    00000010     (__TI_cinit_table)

.rodata    0    00000dc8    00000040     
                  00000dc8    00000028     ti_msp_dl_config.o (.rodata.gSYSPLLConfig)
                  00000df0    00000014     ti_msp_dl_config.o (.rodata.gSWTIMERTimerConfig)
                  00000e04    00000003     ti_msp_dl_config.o (.rodata.gSWTIMERClockConfig)
                  00000e07    00000001     --HOLE-- [fill = 0]

.init_array 
*          0    00000000    00000000     UNINITIALIZED

.binit     0    00000e58    00000010     
                  00000e58    00000010     (.binit)

.bss       0    20200000    000000be     UNINITIALIZED
                  20200000    000000bc     (.common:gSWTIMERBackup)
                  202000bc    00000001     (.common:gCmdStatus)
                  202000bd    00000001     (.common:gECCCode)

.data      0    202000c0    00000042     UNINITIALIZED
                  202000c0    00000024     main.o (.data.time_task)
                  202000e4    00000008     main.o (.data.gDataArray64)
                  202000ec    00000008     main.o (.data.gDataArray64SEC)
                  202000f4    00000004     main.o (.data.evTest)
                  202000f8    00000004     main.o (.data.gECCCodeAddress)
                  202000fc    00000004     main.o (.data.scanTimeTask.u32Cnt)
                  20200100    00000002     main.o (.data.id_ttask)

.stack     0    20207e00    00000200     UNINITIALIZED
                  20207e00    00000004     libc.a : boot_cortex_m.c.obj (.stack)
                  20207e04    000001fc     --HOLE--

__llvm_prf_cnts 
*          0    20200000    00000000     UNINITIALIZED

__llvm_prf_bits 
*          0    20200000    00000000     UNINITIALIZED

MODULE SUMMARY

       Module                         code   ro data   rw data
       ------                         ----   -------   -------
    .\
       main.o                         580    0         68     
       ti_msp_dl_config.o             240    63        188    
       startup_mspm0g350x_ticlang.o   6      192       0      
    +--+------------------------------+------+---------+---------+
       Total:                         826    255       256    
                                                              
    C:/ti/mspm0_sdk_1_30_00_03/source/ti/driverlib/lib/ticlang/m0p/mspm0g1x0x_g3x0x/driverlib.a
       dl_flashctl.o                  1016   0         0      
       dl_timer.o                     508    0         0      
       dl_sysctl_mspm0g1x0x_g3x0x.o   456    0         0      
       dl_common.o                    20     0         0      
    +--+------------------------------+------+---------+---------+
       Total:                         2000   0         0      
                                                              
    C:\ti\ccs1230\ccs\tools\compiler\ti-cgt-armllvm_2.1.3.LTS\lib\armv6m-ti-none-eabi/c/libc.a
       memcpy16.S.obj                 154    0         0      
       copy_decompress_lzss.c.obj     104    0         0      
       autoinit.c.obj                 76     0         0      
       cpy_tbl.c.obj                  72     0         0      
       boot_cortex_m.c.obj            40     0         0      
       copy_zero_init.c.obj           20     0         0      
       copy_decompress_none.c.obj     18     0         0      
       exit.c.obj                     4      0         0      
       pre_init.c.obj                 4      0         0      
    +--+------------------------------+------+---------+---------+
       Total:                         492    0         0      
                                                              
    C:\ti\ccs1230\ccs\tools\compiler\ti-cgt-armllvm_2.1.3.LTS\lib\clang/14.0.6/lib/armv6m-ti-none-eabi/libclang_rt.builtins.a
       aeabi_uidivmod.S.obj           64     0         0      
       aeabi_memcpy.S.obj             8      0         0      
       aeabi_div0.c.obj               2      0         0      
    +--+------------------------------+------+---------+---------+
       Total:                         74     0         0      
                                                              
       Stack:                         0      0         512    
       Linker Generated:              0      94        0      
    +--+------------------------------+------+---------+---------+
       Grand Total:                   3392   349       768    


LINKER GENERATED COPY TABLES

__TI_cinit_table @ 00000e48 records: 2, size/record: 8, table size: 16
	.data: load addr=00000e08, load size=0000002a bytes, run addr=202000c0, run size=00000042 bytes, compression=lzss
	.bss: load addr=00000e40, load size=00000008 bytes, run addr=20200000, run size=000000be bytes, compression=zero_init
binit @ 00000e58 records: 1, size/record: 12, table size: 16
	.TI.ramfunc: load addr=00000d88, load size=00000040, run addr=20200108, run size=00000040, compression=none


LINKER GENERATED HANDLER TABLE

__TI_handler_table @ 00000e34 records: 3, size/record: 4, table size: 12
	index: 0, handler: __TI_decompress_lzss
	index: 1, handler: __TI_decompress_none
	index: 2, handler: __TI_zero_init


FAR CALL TRAMPOLINES

callee name               trampoline name
   callee addr  tramp addr   call addr  call info
--------------  -----------  ---------  ----------------
DL_FlashCTL_executeCommandFromRAM  $Tramp$TT$L$PI$$DL_FlashCTL_executeCommandFromRAM
   20200109     00000d74     00000a1c   driverlib.a : dl_flashctl.o (.text.DL_FlashCTL_programMemoryFromRAM64WithECCManual)
                             00000a82               : dl_flashctl.o (.text.DL_FlashCTL_eraseMemoryFromRAM)
                             00000bd4               : dl_flashctl.o (.text.DL_FlashCTL_programMemoryFromRAM64WithECCGenerated)

[1 trampolines]
[3 trampoline calls]


GLOBAL SYMBOLS: SORTED ALPHABETICALLY BY Name 

address   name                                              
-------   ----                                              
0000054f  ADC0_IRQHandler                                   
0000054f  ADC1_IRQHandler                                   
0000054f  AES_IRQHandler                                    
00000d70  C$$EXIT                                           
0000054f  CANFD0_IRQHandler                                 
0000054f  DAC0_IRQHandler                                   
00000cad  DL_Common_delayCycles                             
00000a61  DL_FlashCTL_eraseMemoryFromRAM                    
00000bbd  DL_FlashCTL_programMemoryFromRAM64WithECCGenerated
000009f9  DL_FlashCTL_programMemoryFromRAM64WithECCManual   
000000c1  DL_FlashCTL_unprotectSector                       
0000031d  DL_SYSCTL_configSYSPLL                            
000007f1  DL_SYSCTL_switchMCLKfromSYSOSCtoHSCLK             
0000021d  DL_Timer_initTimerMode                            
0000094d  DL_Timer_setCaptureCompareCtl                     
00000ac1  DL_Timer_setCaptureCompareValue                   
00000a2d  DL_Timer_setClockConfig                           
0000054f  DMA_IRQHandler                                    
0000054f  Default_Handler                                   
0000054f  GROUP0_IRQHandler                                 
0000054f  GROUP1_IRQHandler                                 
0000054f  HardFault_Handler                                 
0000054f  I2C0_IRQHandler                                   
0000054f  I2C1_IRQHandler                                   
0000054f  NMI_Handler                                       
0000054f  PendSV_Handler                                    
0000054f  RTC_IRQHandler                                    
00000d69  Reset_Handler                                     
0000054f  SPI0_IRQHandler                                   
0000054f  SPI1_IRQHandler                                   
0000054f  SVC_Handler                                       
00000c61  SYSCFG_DL_GPIO_init                               
00000aed  SYSCFG_DL_SWTIMER_init                            
00000741  SYSCFG_DL_SYSCTL_init                             
00000c41  SYSCFG_DL_init                                    
00000b19  SYSCFG_DL_initPower                               
0000054f  SysTick_Handler                                   
0000054f  TIMA0_IRQHandler                                  
0000054f  TIMA1_IRQHandler                                  
0000054f  TIMG0_IRQHandler                                  
0000054f  TIMG12_IRQHandler                                 
0000054f  TIMG6_IRQHandler                                  
0000054f  TIMG7_IRQHandler                                  
0000054f  TIMG8_IRQHandler                                  
0000054f  UART0_IRQHandler                                  
0000054f  UART1_IRQHandler                                  
0000054f  UART2_IRQHandler                                  
0000054f  UART3_IRQHandler                                  
20208000  __STACK_END                                       
00000200  __STACK_SIZE                                      
00000e48  __TI_CINIT_Base                                   
00000e58  __TI_CINIT_Limit                                  
00000e58  __TI_CINIT_Warm                                   
00000e34  __TI_Handler_Table_Base                           
00000e40  __TI_Handler_Table_Limit                          
0000083d  __TI_auto_init_nopinit                            
000006d9  __TI_decompress_lzss                              
00000cfd  __TI_decompress_none                              
ffffffff  __TI_pprof_out_hndl                               
ffffffff  __TI_prof_data_size                               
ffffffff  __TI_prof_data_start                              
00000000  __TI_static_base__                                
00000e58  __TI_table_binit                                  
00000ce9  __TI_zero_init_nomemset                           
000007ef  __aeabi_idiv0                                     
00000d5d  __aeabi_memcpy                                    
00000d5d  __aeabi_memcpy4                                   
00000d5d  __aeabi_memcpy8                                   
000008d1  __aeabi_uidiv                                     
000008d1  __aeabi_uidivmod                                  
00000e58  __binit__                                         
UNDEFED   __mpu_init                                        
20207e00  __stack                                           
20200000  __start___llvm_prf_bits                           
20200000  __start___llvm_prf_cnts                           
20200000  __stop___llvm_prf_bits                            
20200000  __stop___llvm_prf_cnts                            
00000b95  _c_int00_noargs                                   
UNDEFED   _system_post_cinit                                
00000d6d  _system_pre_init                                  
00000d71  abort                                             
00000e58  binit                                             
00000889  copy_in                                           
202000f4  evTest                                            
202000bc  gCmdStatus                                        
202000e4  gDataArray64                                      
202000ec  gDataArray64SEC                                   
202000bd  gECCCode                                          
202000f8  gECCCodeAddress                                   
20200000  gSWTIMERBackup                                    
20200100  id_ttask                                          
00000000  interruptVectors                                  
00000661  main                                              
000004b5  memcpy                                            
00000d31  task25msec                                        
00000551  task2D5msec                                       
202000c0  time_task                                         
000005e5  writeCorrectedDataToFlash                         
00000409  writeUncorrectedSingleBitErrorDataToFlash         


GLOBAL SYMBOLS: SORTED BY Symbol Address 

address   name                                              
-------   ----                                              
00000000  __TI_static_base__                                
00000000  interruptVectors                                  
000000c1  DL_FlashCTL_unprotectSector                       
00000200  __STACK_SIZE                                      
0000021d  DL_Timer_initTimerMode                            
0000031d  DL_SYSCTL_configSYSPLL                            
00000409  writeUncorrectedSingleBitErrorDataToFlash         
000004b5  memcpy                                            
0000054f  ADC0_IRQHandler                                   
0000054f  ADC1_IRQHandler                                   
0000054f  AES_IRQHandler                                    
0000054f  CANFD0_IRQHandler                                 
0000054f  DAC0_IRQHandler                                   
0000054f  DMA_IRQHandler                                    
0000054f  Default_Handler                                   
0000054f  GROUP0_IRQHandler                                 
0000054f  GROUP1_IRQHandler                                 
0000054f  HardFault_Handler                                 
0000054f  I2C0_IRQHandler                                   
0000054f  I2C1_IRQHandler                                   
0000054f  NMI_Handler                                       
0000054f  PendSV_Handler                                    
0000054f  RTC_IRQHandler                                    
0000054f  SPI0_IRQHandler                                   
0000054f  SPI1_IRQHandler                                   
0000054f  SVC_Handler                                       
0000054f  SysTick_Handler                                   
0000054f  TIMA0_IRQHandler                                  
0000054f  TIMA1_IRQHandler                                  
0000054f  TIMG0_IRQHandler                                  
0000054f  TIMG12_IRQHandler                                 
0000054f  TIMG6_IRQHandler                                  
0000054f  TIMG7_IRQHandler                                  
0000054f  TIMG8_IRQHandler                                  
0000054f  UART0_IRQHandler                                  
0000054f  UART1_IRQHandler                                  
0000054f  UART2_IRQHandler                                  
0000054f  UART3_IRQHandler                                  
00000551  task2D5msec                                       
000005e5  writeCorrectedDataToFlash                         
00000661  main                                              
000006d9  __TI_decompress_lzss                              
00000741  SYSCFG_DL_SYSCTL_init                             
000007ef  __aeabi_idiv0                                     
000007f1  DL_SYSCTL_switchMCLKfromSYSOSCtoHSCLK             
0000083d  __TI_auto_init_nopinit                            
00000889  copy_in                                           
000008d1  __aeabi_uidiv                                     
000008d1  __aeabi_uidivmod                                  
0000094d  DL_Timer_setCaptureCompareCtl                     
000009f9  DL_FlashCTL_programMemoryFromRAM64WithECCManual   
00000a2d  DL_Timer_setClockConfig                           
00000a61  DL_FlashCTL_eraseMemoryFromRAM                    
00000ac1  DL_Timer_setCaptureCompareValue                   
00000aed  SYSCFG_DL_SWTIMER_init                            
00000b19  SYSCFG_DL_initPower                               
00000b95  _c_int00_noargs                                   
00000bbd  DL_FlashCTL_programMemoryFromRAM64WithECCGenerated
00000c41  SYSCFG_DL_init                                    
00000c61  SYSCFG_DL_GPIO_init                               
00000cad  DL_Common_delayCycles                             
00000ce9  __TI_zero_init_nomemset                           
00000cfd  __TI_decompress_none                              
00000d31  task25msec                                        
00000d5d  __aeabi_memcpy                                    
00000d5d  __aeabi_memcpy4                                   
00000d5d  __aeabi_memcpy8                                   
00000d69  Reset_Handler                                     
00000d6d  _system_pre_init                                  
00000d70  C$$EXIT                                           
00000d71  abort                                             
00000e34  __TI_Handler_Table_Base                           
00000e40  __TI_Handler_Table_Limit                          
00000e48  __TI_CINIT_Base                                   
00000e58  __TI_CINIT_Limit                                  
00000e58  __TI_CINIT_Warm                                   
00000e58  __TI_table_binit                                  
00000e58  __binit__                                         
00000e58  binit                                             
20200000  __start___llvm_prf_bits                           
20200000  __start___llvm_prf_cnts                           
20200000  __stop___llvm_prf_bits                            
20200000  __stop___llvm_prf_cnts                            
20200000  gSWTIMERBackup                                    
202000bc  gCmdStatus                                        
202000bd  gECCCode                                          
202000c0  time_task                                         
202000e4  gDataArray64                                      
202000ec  gDataArray64SEC                                   
202000f4  evTest                                            
202000f8  gECCCodeAddress                                   
20200100  id_ttask                                          
20207e00  __stack                                           
20208000  __STACK_END                                       
ffffffff  __TI_pprof_out_hndl                               
ffffffff  __TI_prof_data_size                               
ffffffff  __TI_prof_data_start                              
UNDEFED   __mpu_init                                        
UNDEFED   _system_post_cinit                                

[99 symbols]
