<html>
<body>
<pre>
<h1>µVision Build Log</h1>
<h2>Tool Versions:</h2>
IDE-Version: £gVision V5.38.0.0
Copyright (C) 2022 ARM Ltd and ARM Germany GmbH. All rights reserved.
License Information: 1 11, 1, LIC=----
 
Tool Versions:
Toolchain:       MDK-Lite  Version: 5.38.0.0
Toolchain Path:  C:\Keil_v5\ARM\ARMCC\Bin
C Compiler:      Armcc.exe V5.06 update 7 (build 960)
Assembler:       Armasm.exe V5.06 update 7 (build 960)
Linker/Locator:  ArmLink.exe V5.06 update 7 (build 960)
Library Manager: ArmAr.exe V5.06 update 7 (build 960)
Hex Converter:   FromElf.exe V5.06 update 7 (build 960)
CPU DLL:         SARMCM3.DLL V5.38.0.0
Dialog DLL:      DARMCM1.DLL V1.19.6.0
Target DLL:      Nu_Link.dll V3.13
Dialog DLL:      TARMCM1.DLL V1.14.6.0
 
<h2>Project:</h2>
D:\Nuvoton\20231020_M0A21_Series_BSP_CMSIS_V3.01.000\SampleCode\StdDriver\SimpleModbus\KEIL\SimpleModbus.uvprojx
Project File Date:  10/13/2023

<h2>Output:</h2>
*** Using Compiler 'V5.06 update 7 (build 960)', folder: 'C:\Keil_v5\ARM\ARMCC\Bin'
Rebuild target 'SimpleModbus'
creating preprocessor file for system_M0A21.c...
creating preprocessor file for i2c_eeprom.c...
assembling startup_M0A21.s...
creating preprocessor file for g_timer.c...
creating preprocessor file for g_uart.c...
creating preprocessor file for main.c...
creating preprocessor file for emu_eeprom.c...
creating preprocessor file for tstBlock.c...
creating preprocessor file for dl_flashctrl.c...
creating preprocessor file for retarget.c...
creating preprocessor file for clk.c...
compiling i2c_eeprom.c...
compiling g_uart.c...
compiling main.c...
compiling system_M0A21.c...
compiling g_timer.c...
compiling dl_flashctrl.c...
compiling tstBlock.c...
creating preprocessor file for sys.c...
creating preprocessor file for uart.c...
compiling emu_eeprom.c...
creating preprocessor file for timer.c...
compiling retarget.c...
creating preprocessor file for gpio.c...
creating preprocessor file for fmc.c...
creating preprocessor file for usci_i2c.c...
creating preprocessor file for ModbusSlave.c...
compiling clk.c...
creating preprocessor file for CRC16.c...
compiling CRC16.c...
compiling uart.c...
compiling gpio.c...
compiling timer.c...
creating preprocessor file for linkVariables.c...
creating preprocessor file for ModbusFunction.c...
compiling sys.c...
compiling fmc.c...
creating preprocessor file for tbmenu.c...
compiling ModbusSlave.c...
compiling usci_i2c.c...
compiling linkVariables.c...
compiling ModbusFunction.c...
compiling tbmenu.c...
linking...
Program Size: Code=8472 RO-data=960 RW-data=652 ZI-data=1740  
After Build - User command #1: fromelf --bin ".\obj\SimpleModbus.axf" --output ".\obj\SimpleModbus.bin"
After Build - User command #2: fromelf --text -c ".\obj\SimpleModbus.axf" --output ".\obj\SimpleModbus.txt"
".\obj\SimpleModbus.axf" - 0 Error(s), 0 Warning(s).

<h2>Software Packages used:</h2>

Package Vendor: ARM
                http://www.keil.com/pack/ARM.CMSIS.5.9.0.pack
                ARM.CMSIS.5.9.0
                CMSIS (Common Microcontroller Software Interface Standard)
   * Component: CORE Version: 5.6.0

Package Vendor: Nuvoton
                https://github.com/OpenNuvoton/cmsis-packs/raw/master/Nuvoton_DFP/Nuvoton.NuMicro_DFP.1.3.21.pack
                Nuvoton.NuMicro_DFP.1.3.21
                Nuvoton ARM Cortex-M NuMicro Family Device Support

<h2>Collection of Component include folders:</h2>
  ./RTE/_SimpleModbus
  C:/Users/roger_lin/AppData/Local/Arm/Packs/ARM/CMSIS/5.9.0/CMSIS/Core/Include
  C:/Users/roger_lin/AppData/Local/Arm/Packs/Nuvoton/NuMicro_DFP/1.3.21/Device/M0A21/Include

<h2>Collection of Component Files used:</h2>

   * Component: ARM::CMSIS:CORE:5.6.0
Build Time Elapsed:  00:00:02
</pre>
</body>
</html>
