<html>
<body>
<pre>
<h1>µVision Build Log</h1>
<h2>Tool Versions:</h2>
IDE-Version: £gVision V5.38.0.0
Copyright (C) 2022 ARM Ltd and ARM Germany GmbH. All rights reserved.
License Information: 1 11, 1, LIC=----
 
Tool Versions:
Toolchain:       MDK-Lite  Version: 5.38.0.0
Toolchain Path:  C:\Keil_v5\ARM\ARMCC\Bin
C Compiler:      Armcc.exe V5.06 update 7 (build 960)
Assembler:       Armasm.exe V5.06 update 7 (build 960)
Linker/Locator:  ArmLink.exe V5.06 update 7 (build 960)
Library Manager: ArmAr.exe V5.06 update 7 (build 960)
Hex Converter:   FromElf.exe V5.06 update 7 (build 960)
CPU DLL:         SARMCM3.DLL V5.38.0.0
Dialog DLL:      DARMCM1.DLL V1.19.6.0
Target DLL:      Nu_Link.dll V3.13
Dialog DLL:      TARMCM1.DLL V1.14.6.0
 
<h2>Project:</h2>
D:\Nuvoton\M0A21_Series_BSP_CMSIS_V3.01.000\SampleCode\Template\Keil\Template.uvproj
Project File Date:  09/25/2023

<h2>Output:</h2>
*** Using Compiler 'V5.06 update 7 (build 960)', folder: 'C:\Keil_v5\ARM\ARMCC\Bin'
Rebuild target 'Template'
assembling startup_M0A21.s...
creating preprocessor file for retarget.c...
creating preprocessor file for system_M0A21.c...
creating preprocessor file for main.c...
creating preprocessor file for uart.c...
creating preprocessor file for clk.c...
compiling retarget.c...
compiling system_M0A21.c...
compiling main.c...
compiling clk.c...
compiling uart.c...
linking...
Program Size: Code=2164 RO-data=384 RW-data=12 ZI-data=516  
After Build - User command #1: fromelf --bin ".\obj\Template.axf" --output ".\obj\Template.bin"
After Build - User command #2: fromelf --text -c ".\obj\Template.axf" --output ".\obj\Template.txt"
".\obj\Template.axf" - 0 Error(s), 0 Warning(s).
Build Time Elapsed:  00:00:01
</pre>
</body>
</html>
