******************************************************************************
            TI ARM Clang Linker PC v2.1.3                      
******************************************************************************
>> Linked Wed Mar 13 19:17:40 2024

OUTPUT FILE NAME:   <M0G3507_Uart_ModbusRTU.out>
ENTRY POINT SYMBOL: "_c_int00_noargs"  address: 000017ad


MEMORY CONFIGURATION

         name            origin    length      used     unused   attr    fill
----------------------  --------  ---------  --------  --------  ----  --------
  FLASH                 00000000   00020000  00001d28  0001e2d8  R  X
  SRAM                  20200000   00008000  00000678  00007988  RW X
  BCR_CONFIG            41c00000   00000080  00000000  00000080  R   
  BSL_CONFIG            41c00100   00000080  00000000  00000080  R   


SEGMENT ALLOCATION MAP

run origin  load origin   length   init length attrs members
----------  ----------- ---------- ----------- ----- -------
00000000    00000000    00001d28   00001d28    r-x
  00000000    00000000    000000c0   000000c0    r-- .intvecs
  000000c0    000000c0    00001988   00001988    r-x .text
  00001a48    00001a48    00000250   00000250    r-- .rodata
  00001c98    00001c98    00000090   00000090    r-- .cinit
20200000    20200000    00000478   00000000    rw-
  20200000    20200000    00000344   00000000    rw- .data
  20200344    20200344    00000134   00000000    rw- .bss
20207e00    20207e00    00000200   00000000    rw-
  20207e00    20207e00    00000200   00000000    rw- .stack


SECTION ALLOCATION MAP

 output                                  attributes/
section   page    origin      length       input sections
--------  ----  ----------  ----------   ----------------
.intvecs   0    00000000    000000c0     
                  00000000    000000c0     startup_mspm0g350x_ticlang.o (.intvecs)

.text      0    000000c0    00001988     
                  000000c0    000002ac     tbmenu.o (.text.setModbusData)
                  0000036c    00000268     tbmenu.o (.text.getModbusData)
                  000005d4    00000200     ModbusFunction.o (.text.writeHoldingNRegister)
                  000007d4    000001e8     ModbusFunction.o (.text.writeHoldingRegister)
                  000009bc    000001bc     ModbusFunction.o (.text.readHoldingRegister)
                  00000b78    00000194     ModbusSlave.o (.text.exeModbusSlave)
                  00000d0c    00000108     ModbusFunction.o (.text.ModbusCommError)
                  00000e14    00000100     driverlib.a : dl_timer.o (.text.DL_Timer_initTimerMode)
                  00000f14    000000ec                 : dl_sysctl_mspm0g1x0x_g3x0x.o (.text.DL_SYSCTL_configSYSPLL)
                  00001000    000000ac     linkVariables.o (.text.initRegN)
                  000010ac    0000009c     ModbusPort.o (.text.pollModbusPort)
                  00001148    0000009a     libc.a : memcpy16.S.obj (.text:memcpy)
                  000011e2    00000002     startup_mspm0g350x_ticlang.o (.text.Default_Handler)
                  000011e4    00000080     ti_msp_dl_config.o (.text.SYSCFG_DL_DEBUG_SCI_init)
                  00001264    00000080     main.o (.text.main)
                  000012e4    0000006c     ModbusSlave.o (.text.getMbusRxFIFO)
                  00001350    00000068     libc.a : copy_decompress_lzss.c.obj (.text:decompress:lzss)
                  000013b8    00000062            : memset16.S.obj (.text:memset)
                  0000141a    00000002     linkVariables.o (.text.readRegN)
                  0000141c    0000005c     ti_msp_dl_config.o (.text.SYSCFG_DL_SYSCTL_init)
                  00001478    0000004c     driverlib.a : dl_sysctl_mspm0g1x0x_g3x0x.o (.text.DL_SYSCTL_switchMCLKfromSYSOSCtoHSCLK)
                  000014c4    0000004c                 : dl_uart.o (.text.DL_UART_init)
                  00001510    00000046                 : dl_uart.o (.text.DL_UART_fillTXFIFO)
                  00001556    00000002     main.o (.text.task2D5msec)
                  00001558    0000003c     driverlib.a : dl_timer.o (.text.DL_Timer_setCaptureCompareCtl)
                  00001594    0000003c     libc.a : autoinit.c.obj (.text:__TI_auto_init_nobinit_nopinit)
                  000015d0    00000034     driverlib.a : dl_timer.o (.text.DL_Timer_setClockConfig)
                  00001604    00000034     ti_msp_dl_config.o (.text.SYSCFG_DL_initPower)
                  00001638    0000002c     driverlib.a : dl_timer.o (.text.DL_Timer_setCaptureCompareValue)
                  00001664    0000002c     ti_msp_dl_config.o (.text.SYSCFG_DL_GPIO_init)
                  00001690    0000002c     ti_msp_dl_config.o (.text.SYSCFG_DL_SWTIMER_init)
                  000016bc    00000028     driverlib.a : dl_sysctl_mspm0g1x0x_g3x0x.o (.text.DL_Common_updateReg)
                  000016e4    00000028                 : dl_timer.o (.text.DL_Common_updateReg)
                  0000170c    00000028                 : dl_uart.o (.text.DL_Common_updateReg)
                  00001734    00000028     tbmenu.o (.text.chkValidAddress)
                  0000175c    00000028     ModbusPort.o (.text.getMbusReadByte)
                  00001784    00000028     CRC16.o (.text.ucMBCRC16)
                  000017ac    00000028     libc.a : boot_cortex_m.c.obj (.text:_c_int00_noargs)
                  000017d4    00000024     driverlib.a : dl_uart.o (.text.DL_UART_setClockConfig)
                  000017f8    00000024     ti_msp_dl_config.o (.text.SYSCFG_DL_init)
                  0000181c    00000020     driverlib.a : dl_sysctl_mspm0g1x0x_g3x0x.o (.text.DL_CORE_configInstruction)
                  0000183c    00000020                 : dl_timer.o (.text.DL_Timer_setCounterValueAfterEnable)
                  0000185c    00000020                 : dl_uart.o (.text.DL_UART_receiveDataBlocking)
                  0000187c    00000020     ModbusPort.o (.text.setMbusSendByte)
                  0000189c    0000001c     libclang_rt.builtins.a : aeabi_memset.S.obj (.text)
                  000018b8    00000018     driverlib.a : dl_sysctl_mspm0g1x0x_g3x0x.o (.text.DL_SYSCTL_setHSCLKSource)
                  000018d0    00000018                 : dl_timer.o (.text.DL_Timer_setLoadValue)
                  000018e8    00000018                 : dl_uart.o (.text.DL_UART_isRXFIFOEmpty)
                  00001900    00000018                 : dl_uart.o (.text.DL_UART_isTXFIFOFull)
                  00001918    00000016                 : dl_uart.o (.text.DL_UART_disable)
                  0000192e    00000016                 : dl_uart.o (.text.DL_UART_transmitData)
                  00001944    00000014                 : dl_common.o (.text.DL_Common_delayCycles)
                  00001958    00000014                 : dl_sysctl_mspm0g1x0x_g3x0x.o (.text.DL_SYSCTL_disableSYSPLL)
                  0000196c    00000014                 : dl_uart.o (.text.DL_UART_receiveData)
                  00001980    00000014     ModbusFunction.o (.text.VSCI_writeCharNonBlocking)
                  00001994    00000014     libc.a : copy_zero_init.c.obj (.text:decompress:ZI:__TI_zero_init_nomemset)
                  000019a8    00000012            : copy_decompress_none.c.obj (.text:decompress:none)
                  000019ba    00000002     linkVariables.o (.text.writeReg)
                  000019bc    00000010     driverlib.a : dl_sysctl_mspm0g1x0x_g3x0x.o (.text.DL_CORE_getInstructionConfig)
                  000019cc    00000010     ModbusFunction.o (.text.VSCI_getRxFIFOStatus)
                  000019dc    00000010     ModbusFunction.o (.text.VSCI_getTxFIFOStatus)
                  000019ec    00000010     ModbusPort.o (.text.getMbusRxSize)
                  000019fc    00000010     main.o (.text.task25msec)
                  00001a0c    0000000c     driverlib.a : dl_sysctl_mspm0g1x0x_g3x0x.o (.text.DL_SYSCTL_getClockStatus)
                  00001a18    0000000c     ModbusFunction.o (.text.ReservedFunction)
                  00001a24    00000008     ModbusFunction.o (.text.VSCI_readCharNonBlocking)
                  00001a2c    00000008     libclang_rt.builtins.a : aeabi_memcpy.S.obj (.text)
                  00001a34    00000006     ModbusSlave.o (.text.runModbus)
                  00001a3a    00000004     startup_mspm0g350x_ticlang.o (.text.Reset_Handler)
                  00001a3e    00000004     libc.a : pre_init.c.obj (.text._system_pre_init)
                  00001a42    00000004            : exit.c.obj (.text:abort)
                  00001a46    00000002     linkVariables.o (.text.writeRegN)

.cinit     0    00001c98    00000090     
                  00001c98    00000068     (.cinit..data.load) [load image, compression = lzss]
                  00001d00    0000000c     (__TI_handler_table)
                  00001d0c    00000008     (.cinit..bss.load) [load image, compression = zero_init]
                  00001d14    00000010     (__TI_cinit_table)
                  00001d24    00000004     --HOLE-- [fill = 0]

.rodata    0    00001a48    00000250     
                  00001a48    00000100     CRC16.o (.rodata.aucCRCHi)
                  00001b48    00000100     CRC16.o (.rodata.aucCRCLo)
                  00001c48    00000028     ti_msp_dl_config.o (.rodata.gSYSPLLConfig)
                  00001c70    00000014     ti_msp_dl_config.o (.rodata.gSWTIMERTimerConfig)
                  00001c84    0000000a     ti_msp_dl_config.o (.rodata.gDEBUG_SCIConfig)
                  00001c8e    00000003     ti_msp_dl_config.o (.rodata.gSWTIMERClockConfig)
                  00001c91    00000002     ti_msp_dl_config.o (.rodata.gDEBUG_SCIClockConfig)
                  00001c93    00000005     --HOLE-- [fill = 0]

.init_array 
*          0    00000000    00000000     UNINITIALIZED

.binit     0    00000000    00000000     

.data      0    20200000    00000344     UNINITIALIZED
                  20200000    0000019c     ModbusFunction.o (.data.mbcomm)
                  2020019c    00000108     ModbusPort.o (.data.sPort)
                  202002a4    00000064     ModbusFunction.o (.data.ModbusFunc)
                  20200308    00000024     main.o (.data.time_task)
                  2020032c    00000004     ModbusFunction.o (.data.ModbusCommError.pack)
                  20200330    00000004     ModbusFunction.o (.data.readHoldingRegister.pack)
                  20200334    00000004     main.o (.data.scanTimeTask.u32Cnt)
                  20200338    00000004     ModbusFunction.o (.data.writeHoldingNRegister.pack)
                  2020033c    00000004     ModbusFunction.o (.data.writeHoldingRegister.pack)
                  20200340    00000002     main.o (.data.id_ttask)
                  20200342    00000002     ModbusFunction.o (.data.readHoldingRegister.u16Word)

.bss       0    20200344    00000134     UNINITIALIZED
                  20200344    000000bc     (.common:gSWTIMERBackup)
                  20200400    00000078     (.common:regMbusData)

.stack     0    20207e00    00000200     UNINITIALIZED
                  20207e00    00000004     libc.a : boot_cortex_m.c.obj (.stack)
                  20207e04    000001fc     --HOLE--

__llvm_prf_cnts 
*          0    20200000    00000000     UNINITIALIZED

__llvm_prf_bits 
*          0    20200000    00000000     UNINITIALIZED

MODULE SUMMARY

       Module                         code   ro data   rw data
       ------                         ----   -------   -------
    .\
       ti_msp_dl_config.o             396    75        188    
       startup_mspm0g350x_ticlang.o   6      192       0      
       main.o                         146    0         42     
    +--+------------------------------+------+---------+---------+
       Total:                         548    267       230    
                                                              
    .\mb_slave\
       ModbusFunction.o               1780   0         530    
       tbmenu.o                       1340   0         120    
       CRC16.o                        40     512       0      
       ModbusSlave.o                  518    0         0      
       ModbusPort.o                   244    0         264    
       linkVariables.o                178    0         0      
    +--+------------------------------+------+---------+---------+
       Total:                         4100   512       914    
                                                              
    C:/ti/mspm0_sdk_1_30_00_03/source/ti/driverlib/lib/ticlang/m0p/mspm0g1x0x_g3x0x/driverlib.a
       dl_timer.o                     508    0         0      
       dl_sysctl_mspm0g1x0x_g3x0x.o   456    0         0      
       dl_uart.o                      366    0         0      
       dl_common.o                    20     0         0      
    +--+------------------------------+------+---------+---------+
       Total:                         1350   0         0      
                                                              
    C:\ti\ccs1230\ccs\tools\compiler\ti-cgt-armllvm_2.1.3.LTS\lib\armv6m-ti-none-eabi/c/libc.a
       memcpy16.S.obj                 154    0         0      
       copy_decompress_lzss.c.obj     104    0         0      
       memset16.S.obj                 98     0         0      
       autoinit.c.obj                 60     0         0      
       boot_cortex_m.c.obj            40     0         0      
       copy_zero_init.c.obj           20     0         0      
       copy_decompress_none.c.obj     18     0         0      
       exit.c.obj                     4      0         0      
       pre_init.c.obj                 4      0         0      
    +--+------------------------------+------+---------+---------+
       Total:                         502    0         0      
                                                              
    C:\ti\ccs1230\ccs\tools\compiler\ti-cgt-armllvm_2.1.3.LTS\lib\clang/14.0.6/lib/armv6m-ti-none-eabi/libclang_rt.builtins.a
       aeabi_memset.S.obj             28     0         0      
       aeabi_memcpy.S.obj             8      0         0      
    +--+------------------------------+------+---------+---------+
       Total:                         36     0         0      
                                                              
       Stack:                         0      0         512    
       Linker Generated:              0      140       0      
    +--+------------------------------+------+---------+---------+
       Grand Total:                   6536   919       1656   


LINKER GENERATED COPY TABLES

__TI_cinit_table @ 00001d14 records: 2, size/record: 8, table size: 16
	.data: load addr=00001c98, load size=00000068 bytes, run addr=20200000, run size=00000344 bytes, compression=lzss
	.bss: load addr=00001d0c, load size=00000008 bytes, run addr=20200344, run size=00000134 bytes, compression=zero_init


LINKER GENERATED HANDLER TABLE

__TI_handler_table @ 00001d00 records: 3, size/record: 4, table size: 12
	index: 0, handler: __TI_decompress_lzss
	index: 1, handler: __TI_decompress_none
	index: 2, handler: __TI_zero_init


GLOBAL SYMBOLS: SORTED ALPHABETICALLY BY Name 

address   name                                 
-------   ----                                 
000011e3  ADC0_IRQHandler                      
000011e3  ADC1_IRQHandler                      
000011e3  AES_IRQHandler                       
00001a42  C$$EXIT                              
000011e3  CANFD0_IRQHandler                    
000011e3  DAC0_IRQHandler                      
00001945  DL_Common_delayCycles                
00000f15  DL_SYSCTL_configSYSPLL               
00001479  DL_SYSCTL_switchMCLKfromSYSOSCtoHSCLK
00000e15  DL_Timer_initTimerMode               
00001559  DL_Timer_setCaptureCompareCtl        
00001639  DL_Timer_setCaptureCompareValue      
000015d1  DL_Timer_setClockConfig              
00001511  DL_UART_fillTXFIFO                   
000014c5  DL_UART_init                         
0000185d  DL_UART_receiveDataBlocking          
000017d5  DL_UART_setClockConfig               
000011e3  DMA_IRQHandler                       
000011e3  Default_Handler                      
000011e3  GROUP0_IRQHandler                    
000011e3  GROUP1_IRQHandler                    
000011e3  HardFault_Handler                    
000011e3  I2C0_IRQHandler                      
000011e3  I2C1_IRQHandler                      
00000d0d  ModbusCommError                      
202002a4  ModbusFunc                           
000011e3  NMI_Handler                          
000011e3  PendSV_Handler                       
000011e3  RTC_IRQHandler                       
00001a19  ReservedFunction                     
00001a3b  Reset_Handler                        
000011e3  SPI0_IRQHandler                      
000011e3  SPI1_IRQHandler                      
000011e3  SVC_Handler                          
000011e5  SYSCFG_DL_DEBUG_SCI_init             
00001665  SYSCFG_DL_GPIO_init                  
00001691  SYSCFG_DL_SWTIMER_init               
0000141d  SYSCFG_DL_SYSCTL_init                
000017f9  SYSCFG_DL_init                       
00001605  SYSCFG_DL_initPower                  
000011e3  SysTick_Handler                      
000011e3  TIMA0_IRQHandler                     
000011e3  TIMA1_IRQHandler                     
000011e3  TIMG0_IRQHandler                     
000011e3  TIMG12_IRQHandler                    
000011e3  TIMG6_IRQHandler                     
000011e3  TIMG7_IRQHandler                     
000011e3  TIMG8_IRQHandler                     
000011e3  UART0_IRQHandler                     
000011e3  UART1_IRQHandler                     
000011e3  UART2_IRQHandler                     
000011e3  UART3_IRQHandler                     
20208000  __STACK_END                          
00000200  __STACK_SIZE                         
00001d14  __TI_CINIT_Base                      
00001d24  __TI_CINIT_Limit                     
00001d24  __TI_CINIT_Warm                      
00001d00  __TI_Handler_Table_Base              
00001d0c  __TI_Handler_Table_Limit             
00001595  __TI_auto_init_nobinit_nopinit       
00001351  __TI_decompress_lzss                 
000019a9  __TI_decompress_none                 
ffffffff  __TI_pprof_out_hndl                  
ffffffff  __TI_prof_data_size                  
ffffffff  __TI_prof_data_start                 
00000000  __TI_static_base__                   
00001995  __TI_zero_init_nomemset              
000018ad  __aeabi_memclr                       
000018ad  __aeabi_memclr4                      
000018ad  __aeabi_memclr8                      
00001a2d  __aeabi_memcpy                       
00001a2d  __aeabi_memcpy4                      
00001a2d  __aeabi_memcpy8                      
0000189d  __aeabi_memset                       
0000189d  __aeabi_memset4                      
0000189d  __aeabi_memset8                      
ffffffff  __binit__                            
UNDEFED   __mpu_init                           
20207e00  __stack                              
20200000  __start___llvm_prf_bits              
20200000  __start___llvm_prf_cnts              
20200000  __stop___llvm_prf_bits               
20200000  __stop___llvm_prf_cnts               
000017ad  _c_int00_noargs                      
UNDEFED   _system_post_cinit                   
00001a3f  _system_pre_init                     
00001a43  abort                                
ffffffff  binit                                
00001735  chkValidAddress                      
00000b79  exeModbusSlave                       
20200344  gSWTIMERBackup                       
0000175d  getMbusReadByte                      
000012e5  getMbusRxFIFO                        
000019ed  getMbusRxSize                        
0000036d  getModbusData                        
20200340  id_ttask                             
00001001  initRegN                             
00000000  interruptVectors                     
00001265  main                                 
20200000  mbcomm                               
00001149  memcpy                               
000013b9  memset                               
000010ad  pollModbusPort                       
000009bd  readHoldingRegister                  
0000141b  readRegN                             
20200400  regMbusData                          
00001a35  runModbus                            
2020019c  sPort                                
0000187d  setMbusSendByte                      
000000c1  setModbusData                        
000019fd  task25msec                           
00001557  task2D5msec                          
20200308  time_task                            
00001785  ucMBCRC16                            
000005d5  writeHoldingNRegister                
000007d5  writeHoldingRegister                 
000019bb  writeReg                             
00001a47  writeRegN                            


GLOBAL SYMBOLS: SORTED BY Symbol Address 

address   name                                 
-------   ----                                 
00000000  __TI_static_base__                   
00000000  interruptVectors                     
000000c1  setModbusData                        
00000200  __STACK_SIZE                         
0000036d  getModbusData                        
000005d5  writeHoldingNRegister                
000007d5  writeHoldingRegister                 
000009bd  readHoldingRegister                  
00000b79  exeModbusSlave                       
00000d0d  ModbusCommError                      
00000e15  DL_Timer_initTimerMode               
00000f15  DL_SYSCTL_configSYSPLL               
00001001  initRegN                             
000010ad  pollModbusPort                       
00001149  memcpy                               
000011e3  ADC0_IRQHandler                      
000011e3  ADC1_IRQHandler                      
000011e3  AES_IRQHandler                       
000011e3  CANFD0_IRQHandler                    
000011e3  DAC0_IRQHandler                      
000011e3  DMA_IRQHandler                       
000011e3  Default_Handler                      
000011e3  GROUP0_IRQHandler                    
000011e3  GROUP1_IRQHandler                    
000011e3  HardFault_Handler                    
000011e3  I2C0_IRQHandler                      
000011e3  I2C1_IRQHandler                      
000011e3  NMI_Handler                          
000011e3  PendSV_Handler                       
000011e3  RTC_IRQHandler                       
000011e3  SPI0_IRQHandler                      
000011e3  SPI1_IRQHandler                      
000011e3  SVC_Handler                          
000011e3  SysTick_Handler                      
000011e3  TIMA0_IRQHandler                     
000011e3  TIMA1_IRQHandler                     
000011e3  TIMG0_IRQHandler                     
000011e3  TIMG12_IRQHandler                    
000011e3  TIMG6_IRQHandler                     
000011e3  TIMG7_IRQHandler                     
000011e3  TIMG8_IRQHandler                     
000011e3  UART0_IRQHandler                     
000011e3  UART1_IRQHandler                     
000011e3  UART2_IRQHandler                     
000011e3  UART3_IRQHandler                     
000011e5  SYSCFG_DL_DEBUG_SCI_init             
00001265  main                                 
000012e5  getMbusRxFIFO                        
00001351  __TI_decompress_lzss                 
000013b9  memset                               
0000141b  readRegN                             
0000141d  SYSCFG_DL_SYSCTL_init                
00001479  DL_SYSCTL_switchMCLKfromSYSOSCtoHSCLK
000014c5  DL_UART_init                         
00001511  DL_UART_fillTXFIFO                   
00001557  task2D5msec                          
00001559  DL_Timer_setCaptureCompareCtl        
00001595  __TI_auto_init_nobinit_nopinit       
000015d1  DL_Timer_setClockConfig              
00001605  SYSCFG_DL_initPower                  
00001639  DL_Timer_setCaptureCompareValue      
00001665  SYSCFG_DL_GPIO_init                  
00001691  SYSCFG_DL_SWTIMER_init               
00001735  chkValidAddress                      
0000175d  getMbusReadByte                      
00001785  ucMBCRC16                            
000017ad  _c_int00_noargs                      
000017d5  DL_UART_setClockConfig               
000017f9  SYSCFG_DL_init                       
0000185d  DL_UART_receiveDataBlocking          
0000187d  setMbusSendByte                      
0000189d  __aeabi_memset                       
0000189d  __aeabi_memset4                      
0000189d  __aeabi_memset8                      
000018ad  __aeabi_memclr                       
000018ad  __aeabi_memclr4                      
000018ad  __aeabi_memclr8                      
00001945  DL_Common_delayCycles                
00001995  __TI_zero_init_nomemset              
000019a9  __TI_decompress_none                 
000019bb  writeReg                             
000019ed  getMbusRxSize                        
000019fd  task25msec                           
00001a19  ReservedFunction                     
00001a2d  __aeabi_memcpy                       
00001a2d  __aeabi_memcpy4                      
00001a2d  __aeabi_memcpy8                      
00001a35  runModbus                            
00001a3b  Reset_Handler                        
00001a3f  _system_pre_init                     
00001a42  C$$EXIT                              
00001a43  abort                                
00001a47  writeRegN                            
00001d00  __TI_Handler_Table_Base              
00001d0c  __TI_Handler_Table_Limit             
00001d14  __TI_CINIT_Base                      
00001d24  __TI_CINIT_Limit                     
00001d24  __TI_CINIT_Warm                      
20200000  __start___llvm_prf_bits              
20200000  __start___llvm_prf_cnts              
20200000  __stop___llvm_prf_bits               
20200000  __stop___llvm_prf_cnts               
20200000  mbcomm                               
2020019c  sPort                                
202002a4  ModbusFunc                           
20200308  time_task                            
20200340  id_ttask                             
20200344  gSWTIMERBackup                       
20200400  regMbusData                          
20207e00  __stack                              
20208000  __STACK_END                          
ffffffff  __TI_pprof_out_hndl                  
ffffffff  __TI_prof_data_size                  
ffffffff  __TI_prof_data_start                 
ffffffff  __binit__                            
ffffffff  binit                                
UNDEFED   __mpu_init                           
UNDEFED   _system_post_cinit                   

[118 symbols]
