******************************************************************************
            TI ARM Clang Linker PC v2.1.3                      
******************************************************************************
>> Linked Mon Mar 25 16:47:30 2024

OUTPUT FILE NAME:   <20240322a_G3507_emu_EEPROM.out>
ENTRY POINT SYMBOL: "_c_int00_noargs"  address: 00002559


MEMORY CONFIGURATION

         name            origin    length      used     unused   attr    fill
----------------------  --------  ---------  --------  --------  ----  --------
  FLASH                 00000000   00020000  00002b90  0001d470  R  X
  SRAM                  20200000   00008000  000008a3  0000775d  RW X
  BCR_CONFIG            41c00000   00000080  00000000  00000080  R   
  BSL_CONFIG            41c00100   00000080  00000000  00000080  R   


SEGMENT ALLOCATION MAP

run origin  load origin   length   init length attrs members
----------  ----------- ---------- ----------- ----- -------
00000000    00000000    00002ab0   00002ab0    r-x
  00000000    00000000    000000c0   000000c0    r-- .intvecs
  000000c0    000000c0    00002788   00002788    r-x .text
  00002848    00002848    00000268   00000268    r-- .rodata
00002ae0    00002ae0    000000b0   000000b0    r--
  00002ae0    00002ae0    000000a0   000000a0    r-- .cinit
  00002b80    00002b80    00000010   00000010    r-- .binit
20200000    20200000    00000678   00000000    rw-
  20200000    20200000    0000035b   00000000    rw- .data
  20200360    20200360    00000318   00000000    rw- .bss
20200678    00002ab0    00000030   00000030    r-x
  20200678    00002ab0    00000030   00000030    r-x .TI.ramfunc
20207e00    20207e00    00000200   00000000    rw-
  20207e00    20207e00    00000200   00000000    rw- .stack


SECTION ALLOCATION MAP

 output                                  attributes/
section   page    origin      length       input sections
--------  ----  ----------  ----------   ----------------
.intvecs   0    00000000    000000c0     
                  00000000    000000c0     startup_mspm0g350x_ticlang.o (.intvecs)

.text      0    000000c0    00002788     
                  000000c0    000002f0     emu_eeprom.o (.text.progEmuEeprom)
                  000003b0    000002ac     tbmenu.o (.text.setModbusData)
                  0000065c    00000268     tbmenu.o (.text.getModbusData)
                  000008c4    00000200     ModbusFunction.o (.text.writeHoldingNRegister)
                  00000ac4    000001e8     ModbusFunction.o (.text.writeHoldingRegister)
                  00000cac    000001bc     ModbusFunction.o (.text.readHoldingRegister)
                  00000e68    00000194     ModbusSlave.o (.text.exeModbusSlave)
                  00000ffc    0000017c     emu_eeprom.o (.text.varifyFlashByRAM)
                  00001178    00000168     emu_eeprom.o (.text.callbackFromFlash)
                  000012e0    00000150     tstBlock.o (.text.tstEmuEeprom)
                  00001430    00000108     ModbusFunction.o (.text.ModbusCommError)
                  00001538    000000e8     driverlib.a : dl_timer.o (.text.DL_Timer_initTimerMode)
                  00001620    000000e4     i2c_eeprom.o (.text.I2C0_IRQHandler)
                  00001704    000000dc     driverlib.a : dl_sysctl_mspm0g1x0x_g3x0x.o (.text.DL_SYSCTL_configSYSPLL)
                  000017e0    000000d8                 : dl_flashctl.o (.text.DL_FlashCTL_unprotectSector)
                  000018b8    000000c4     ti_msp_dl_config.o (.text.SYSCFG_DL_DEBUG_SCI_init)
                  0000197c    000000c0     emu_eeprom.o (.text.execEmuEeprom)
                  00001a3c    000000b8     CheckEEPROM.o (.text.tstWrite)
                  00001af4    000000ac     linkVariables.o (.text.initRegN)
                  00001ba0    0000009c     ti_msp_dl_config.o (.text.SYSCFG_DL_I2C_EEPROM_init)
                  00001c3c    0000009c     ModbusPort.o (.text.pollModbusPort)
                  00001cd8    0000009a     libc.a : memcpy16.S.obj (.text:memcpy)
                  00001d72    00000002     startup_mspm0g350x_ticlang.o (.text.Default_Handler)
                  00001d74    00000098     main.o (.text.main)
                  00001e0c    00000090     i2c_eeprom.o (.text.execI2cSlave)
                  00001e9c    0000006c     ModbusSlave.o (.text.getMbusRxFIFO)
                  00001f08    00000068     libc.a : copy_decompress_lzss.c.obj (.text:decompress:lzss)
                  00001f70    00000062            : memset16.S.obj (.text:memset)
                  00001fd2    00000002     libclang_rt.builtins.a : aeabi_div0.c.obj (.text.__aeabi_idiv0)
                  00001fd4    00000060     driverlib.a : dl_i2c.o (.text.DL_I2C_fillTargetTXFIFO)
                  00002034    0000005c     ti_msp_dl_config.o (.text.SYSCFG_DL_SYSCTL_init)
                  00002090    00000056     libclang_rt.builtins.a : aeabi_idivmod.S.obj (.text)
                  000020e6    00000002     --HOLE-- [fill = 0]
                  000020e8    00000054     driverlib.a : dl_uart.o (.text.DL_UART_fillTXFIFO)
                  0000213c    0000004c                 : dl_dma.o (.text.DL_DMA_initChannel)
                  00002188    0000004c     CheckEEPROM.o (.text.checkI2CBus)
                  000021d4    0000004c     libc.a : autoinit.c.obj (.text:__TI_auto_init_nopinit)
                  00002220    00000048     driverlib.a : dl_uart.o (.text.DL_UART_init)
                  00002268    00000048     ti_msp_dl_config.o (.text.SYSCFG_DL_GPIO_init)
                  000022b0    00000048     libc.a : cpy_tbl.c.obj (.text.copy_in)
                  000022f8    00000044     driverlib.a : dl_sysctl_mspm0g1x0x_g3x0x.o (.text.DL_SYSCTL_switchMCLKfromSYSOSCtoHSCLK)
                  0000233c    00000040     ti_msp_dl_config.o (.text.SYSCFG_DL_initPower)
                  0000237c    00000040     libclang_rt.builtins.a : aeabi_uidivmod.S.obj (.text)
                  000023bc    0000003c     driverlib.a : dl_i2c.o (.text.DL_I2C_flushTargetTXFIFO)
                  000023f8    0000003c     linkVariables.o (.text.writeReg)
                  00002434    0000002c     ti_msp_dl_config.o (.text.SYSCFG_DL_DMA_CH0_init)
                  00002460    0000002c     ti_msp_dl_config.o (.text.SYSCFG_DL_SWTIMER_init)
                  0000248c    0000002c     ti_msp_dl_config.o (.text.SYSCFG_DL_init)
                  000024b8    00000028     driverlib.a : dl_flashctl.o (.text.DL_FlashCTL_programMemoryFromRAM64WithECCGenerated)
                  000024e0    00000028     tbmenu.o (.text.chkValidAddress)
                  00002508    00000028     ModbusPort.o (.text.getMbusReadByte)
                  00002530    00000028     CRC16.o (.text.ucMBCRC16)
                  00002558    00000028     libc.a : boot_cortex_m.c.obj (.text:_c_int00_noargs)
                  00002580    00000026     driverlib.a : dl_i2c.o (.text.DL_I2C_setClockConfig)
                  000025a6    00000002     --HOLE-- [fill = 0]
                  000025a8    00000024     emu_eeprom.o (.text.readEmuEeprom)
                  000025cc    00000020     driverlib.a : dl_uart.o (.text.DL_UART_receiveDataBlocking)
                  000025ec    00000020     linkVariables.o (.text.readRegN)
                  0000260c    00000020     ModbusPort.o (.text.setMbusSendByte)
                  0000262c    00000020     main.o (.text.task50msec)
                  0000264c    0000001c     driverlib.a : dl_i2c.o (.text.DL_I2C_transmitTargetDataCheck)
                  00002668    0000001c                 : dl_timer.o (.text.DL_Timer_setClockConfig)
                  00002684    0000001c     emu_eeprom.o (.text.writeEmuEeprom)
                  000026a0    0000001c     linkVariables.o (.text.writeRegN)
                  000026bc    0000001c     libclang_rt.builtins.a : aeabi_memset.S.obj (.text)
                  000026d8    00000018     driverlib.a : dl_flashctl.o (.text.DL_FlashCTL_eraseMemoryFromRAM)
                  000026f0    00000018     emu_eeprom.o (.text.setProgramEmuEeprom)
                  00002708    00000018     emu_eeprom.o (.text.setVerifyEmuEeprom)
                  00002720    00000014     ModbusFunction.o (.text.VSCI_writeCharNonBlocking)
                  00002734    00000014     emu_eeprom.o (.text.getEepromErrorStatus)
                  00002748    00000014     CheckEEPROM.o (.text.writeEEPROM)
                  0000275c    00000014     libc.a : copy_zero_init.c.obj (.text:decompress:ZI:__TI_zero_init_nomemset)
                  00002770    00000012     driverlib.a : dl_uart.o (.text.DL_UART_setClockConfig)
                  00002782    00000012     libc.a : copy_decompress_none.c.obj (.text:decompress:none)
                  00002794    00000010     ModbusFunction.o (.text.VSCI_getRxFIFOStatus)
                  000027a4    00000010     ModbusFunction.o (.text.VSCI_getTxFIFOStatus)
                  000027b4    00000010     ModbusPort.o (.text.getMbusRxSize)
                  000027c4    00000010     emu_eeprom.o (.text.isEmuEepromFree)
                  000027d4    00000010     main.o (.text.task25msec)
                  000027e4    00000010     emu_eeprom.o (.text.waittingEmuEeprom)
                  000027f4    0000000c     ModbusFunction.o (.text.ReservedFunction)
                  00002800    0000000a     driverlib.a : dl_common.o (.text.DL_Common_delayCycles)
                  0000280a    00000008     ti_msp_dl_config.o (.text.SYSCFG_DL_DMA_init)
                  00002812    00000008     ModbusFunction.o (.text.VSCI_readCharNonBlocking)
                  0000281a    00000002     --HOLE-- [fill = 0]
                  0000281c    00000008     libclang_rt.builtins.a : aeabi_memcpy.S.obj (.text)
                  00002824    00000006     ModbusSlave.o (.text.runModbus)
                  0000282a    00000004     startup_mspm0g350x_ticlang.o (.text.Reset_Handler)
                  0000282e    00000004     libc.a : pre_init.c.obj (.text._system_pre_init)
                  00002832    00000004            : exit.c.obj (.text:abort)
                  00002836    00000002     --HOLE-- [fill = 0]
                  00002838    00000010     driverlib.a : dl_flashctl.o (.tramp.DL_FlashCTL_executeCommandFromRAM.1)

.TI.ramfunc 
*          0    00002ab0    00000030     RUN ADDR = 20200678
                  00002ab0    0000002c     driverlib.a : dl_flashctl.o (.TI.ramfunc)
                  00002adc    00000004     --HOLE-- [fill = 0]

.cinit     0    00002ae0    000000a0     
                  00002ae0    00000076     (.cinit..data.load) [load image, compression = lzss]
                  00002b56    00000002     --HOLE-- [fill = 0]
                  00002b58    0000000c     (__TI_handler_table)
                  00002b64    00000008     (.cinit..bss.load) [load image, compression = zero_init]
                  00002b6c    00000010     (__TI_cinit_table)
                  00002b7c    00000004     --HOLE-- [fill = 0]

.rodata    0    00002848    00000268     
                  00002848    00000100     CRC16.o (.rodata.aucCRCHi)
                  00002948    00000100     CRC16.o (.rodata.aucCRCLo)
                  00002a48    00000028     ti_msp_dl_config.o (.rodata.gSYSPLLConfig)
                  00002a70    00000018     ti_msp_dl_config.o (.rodata.gDMA_CH0Config)
                  00002a88    00000014     ti_msp_dl_config.o (.rodata.gSWTIMERTimerConfig)
                  00002a9c    0000000a     ti_msp_dl_config.o (.rodata.gDEBUG_SCIConfig)
                  00002aa6    00000003     ti_msp_dl_config.o (.rodata.gSWTIMERClockConfig)
                  00002aa9    00000002     ti_msp_dl_config.o (.rodata.gDEBUG_SCIClockConfig)
                  00002aab    00000002     ti_msp_dl_config.o (.rodata.gI2C_EEPROMClockConfig)
                  00002aad    00000003     --HOLE-- [fill = 0]

.init_array 
*          0    00000000    00000000     UNINITIALIZED

.binit     0    00002b80    00000010     
                  00002b80    00000010     (.binit)

.data      0    20200000    0000035b     UNINITIALIZED
                  20200000    0000019c     ModbusFunction.o (.data.mbcomm)
                  2020019c    00000108     ModbusPort.o (.data.sPort)
                  202002a4    00000064     ModbusFunction.o (.data.ModbusFunc)
                  20200308    00000024     main.o (.data.time_task)
                  2020032c    00000004     ModbusFunction.o (.data.ModbusCommError.pack)
                  20200330    00000004     tstBlock.o (.data.UNCORRECTED_ADDRESS_SPACE)
                  20200334    00000004     tstBlock.o (.data.beginAddress)
                  20200338    00000004     tstBlock.o (.data.endAddress)
                  2020033c    00000004     tstBlock.o (.data.procBytes)
                  20200340    00000004     tstBlock.o (.data.ptrAddress)
                  20200344    00000004     ModbusFunction.o (.data.readHoldingRegister.pack)
                  20200348    00000004     tstBlock.o (.data.testBytes)
                  2020034c    00000004     ModbusFunction.o (.data.writeHoldingNRegister.pack)
                  20200350    00000004     ModbusFunction.o (.data.writeHoldingRegister.pack)
                  20200354    00000002     main.o (.data.id_ttask)
                  20200356    00000002     ModbusFunction.o (.data.readHoldingRegister.u16Word)
                  20200358    00000001     tstBlock.o (.data.regInitTstBlock)
                  20200359    00000001     tstBlock.o (.data.regRESTstBlock)
                  2020035a    00000001     tstBlock.o (.data.tstfsm)

.bss       0    20200360    00000318     UNINITIALIZED
                  20200360    00000160     (.common:stEmuEE)
                  202004c0    000000bc     (.common:gSWTIMERBackup)
                  2020057c    00000078     (.common:regMbusData)
                  202005f4    00000030     (.common:stI2cS)
                  20200624    00000020     (.common:L)
                  20200644    0000001c     (.common:pkg)
                  20200660    00000014     (.common:TestEEPROM)
                  20200674    00000004     (.common:address_ptr)

.stack     0    20207e00    00000200     UNINITIALIZED
                  20207e00    00000004     libc.a : boot_cortex_m.c.obj (.stack)
                  20207e04    000001fc     --HOLE--

__llvm_prf_cnts 
*          0    20200000    00000000     UNINITIALIZED

__llvm_prf_bits 
*          0    20200000    00000000     UNINITIALIZED

MODULE SUMMARY

       Module                         code    ro data   rw data
       ------                         ----    -------   -------
    .\
       emu_eeprom.o                   1848    0         384    
       ti_msp_dl_config.o             720     101       188    
       i2c_eeprom.o                   372     0         48     
       tstBlock.o                     336     0         31     
       main.o                         200     0         66     
       startup_mspm0g350x_ticlang.o   6       192       0      
    +--+------------------------------+-------+---------+---------+
       Total:                         3482    293       717    
                                                               
    .\I2C_EEPROM\
       CheckEEPROM.o                  280     0         20     
    +--+------------------------------+-------+---------+---------+
       Total:                         280     0         20     
                                                               
    .\mb_slave\
       ModbusFunction.o               1780    0         530    
       tbmenu.o                       1340    0         120    
       CRC16.o                        40      512       0      
       ModbusSlave.o                  518     0         0      
       ModbusPort.o                   244     0         264    
       linkVariables.o                292     0         0      
    +--+------------------------------+-------+---------+---------+
       Total:                         4214    512       914    
                                                               
    C:/ti/mspm0_sdk_1_30_00_03/source/ti/driverlib/lib/ticlang/m0p/mspm0g1x0x_g3x0x/driverlib.a
       dl_flashctl.o                  384     0         0      
       dl_sysctl_mspm0g1x0x_g3x0x.o   288     0         0      
       dl_timer.o                     260     0         0      
       dl_i2c.o                       222     0         0      
       dl_uart.o                      206     0         0      
       dl_dma.o                       76      0         0      
       dl_common.o                    10      0         0      
    +--+------------------------------+-------+---------+---------+
       Total:                         1446    0         0      
                                                               
    C:\ti\ccs1240\ccs\tools\compiler\ti-cgt-armllvm_2.1.3.LTS\lib\armv6m-ti-none-eabi/c/libc.a
       memcpy16.S.obj                 154     0         0      
       copy_decompress_lzss.c.obj     104     0         0      
       memset16.S.obj                 98      0         0      
       autoinit.c.obj                 76      0         0      
       cpy_tbl.c.obj                  72      0         0      
       boot_cortex_m.c.obj            40      0         0      
       copy_zero_init.c.obj           20      0         0      
       copy_decompress_none.c.obj     18      0         0      
       exit.c.obj                     4       0         0      
       pre_init.c.obj                 4       0         0      
    +--+------------------------------+-------+---------+---------+
       Total:                         590     0         0      
                                                               
    C:\ti\ccs1240\ccs\tools\compiler\ti-cgt-armllvm_2.1.3.LTS\lib\clang/14.0.6/lib/armv6m-ti-none-eabi/libclang_rt.builtins.a
       aeabi_idivmod.S.obj            86      0         0      
       aeabi_uidivmod.S.obj           64      0         0      
       aeabi_memset.S.obj             28      0         0      
       aeabi_memcpy.S.obj             8       0         0      
       aeabi_div0.c.obj               2       0         0      
    +--+------------------------------+-------+---------+---------+
       Total:                         188     0         0      
                                                               
       Stack:                         0       0         512    
       Linker Generated:              0       170       0      
    +--+------------------------------+-------+---------+---------+
       Grand Total:                   10200   975       2163   


LINKER GENERATED COPY TABLES

__TI_cinit_table @ 00002b6c records: 2, size/record: 8, table size: 16
	.data: load addr=00002ae0, load size=00000076 bytes, run addr=20200000, run size=0000035b bytes, compression=lzss
	.bss: load addr=00002b64, load size=00000008 bytes, run addr=20200360, run size=00000318 bytes, compression=zero_init
binit @ 00002b80 records: 1, size/record: 12, table size: 16
	.TI.ramfunc: load addr=00002ab0, load size=00000030, run addr=20200678, run size=00000030, compression=none


LINKER GENERATED HANDLER TABLE

__TI_handler_table @ 00002b58 records: 3, size/record: 4, table size: 12
	index: 0, handler: __TI_decompress_lzss
	index: 1, handler: __TI_decompress_none
	index: 2, handler: __TI_zero_init


FAR CALL TRAMPOLINES

callee name               trampoline name
   callee addr  tramp addr   call addr  call info
--------------  -----------  ---------  ----------------
DL_FlashCTL_executeCommandFromRAM  $Tramp$TT$L$PI$$DL_FlashCTL_executeCommandFromRAM
   20200679     00002838     000024d0   driverlib.a : dl_flashctl.o (.text.DL_FlashCTL_programMemoryFromRAM64WithECCGenerated)
                             000026e6               : dl_flashctl.o (.text.DL_FlashCTL_eraseMemoryFromRAM)

[1 trampolines]
[2 trampoline calls]


GLOBAL SYMBOLS: SORTED ALPHABETICALLY BY Name 

address   name                                              
-------   ----                                              
00001d73  ADC0_IRQHandler                                   
00001d73  ADC1_IRQHandler                                   
00001d73  AES_IRQHandler                                    
00002832  C$$EXIT                                           
00001d73  CANFD0_IRQHandler                                 
00001d73  DAC0_IRQHandler                                   
00002801  DL_Common_delayCycles                             
0000213d  DL_DMA_initChannel                                
000026d9  DL_FlashCTL_eraseMemoryFromRAM                    
000024b9  DL_FlashCTL_programMemoryFromRAM64WithECCGenerated
000017e1  DL_FlashCTL_unprotectSector                       
00001fd5  DL_I2C_fillTargetTXFIFO                           
000023bd  DL_I2C_flushTargetTXFIFO                          
00002581  DL_I2C_setClockConfig                             
0000264d  DL_I2C_transmitTargetDataCheck                    
00001705  DL_SYSCTL_configSYSPLL                            
000022f9  DL_SYSCTL_switchMCLKfromSYSOSCtoHSCLK             
00001539  DL_Timer_initTimerMode                            
00002669  DL_Timer_setClockConfig                           
000020e9  DL_UART_fillTXFIFO                                
00002221  DL_UART_init                                      
000025cd  DL_UART_receiveDataBlocking                       
00002771  DL_UART_setClockConfig                            
00001d73  DMA_IRQHandler                                    
00001d73  Default_Handler                                   
00001d73  GROUP0_IRQHandler                                 
00001d73  GROUP1_IRQHandler                                 
00001d73  HardFault_Handler                                 
00001621  I2C0_IRQHandler                                   
00001d73  I2C1_IRQHandler                                   
20200624  L                                                 
00001431  ModbusCommError                                   
202002a4  ModbusFunc                                        
00001d73  NMI_Handler                                       
00001d73  PendSV_Handler                                    
00001d73  RTC_IRQHandler                                    
000027f5  ReservedFunction                                  
0000282b  Reset_Handler                                     
00001d73  SPI0_IRQHandler                                   
00001d73  SPI1_IRQHandler                                   
00001d73  SVC_Handler                                       
000018b9  SYSCFG_DL_DEBUG_SCI_init                          
00002435  SYSCFG_DL_DMA_CH0_init                            
0000280b  SYSCFG_DL_DMA_init                                
00002269  SYSCFG_DL_GPIO_init                               
00001ba1  SYSCFG_DL_I2C_EEPROM_init                         
00002461  SYSCFG_DL_SWTIMER_init                            
00002035  SYSCFG_DL_SYSCTL_init                             
0000248d  SYSCFG_DL_init                                    
0000233d  SYSCFG_DL_initPower                               
00001d73  SysTick_Handler                                   
00001d73  TIMA0_IRQHandler                                  
00001d73  TIMA1_IRQHandler                                  
00001d73  TIMG0_IRQHandler                                  
00001d73  TIMG12_IRQHandler                                 
00001d73  TIMG6_IRQHandler                                  
00001d73  TIMG7_IRQHandler                                  
00001d73  TIMG8_IRQHandler                                  
20200660  TestEEPROM                                        
00001d73  UART0_IRQHandler                                  
00001d73  UART1_IRQHandler                                  
00001d73  UART2_IRQHandler                                  
00001d73  UART3_IRQHandler                                  
20200330  UNCORRECTED_ADDRESS_SPACE                         
20208000  __STACK_END                                       
00000200  __STACK_SIZE                                      
00002b6c  __TI_CINIT_Base                                   
00002b7c  __TI_CINIT_Limit                                  
00002b7c  __TI_CINIT_Warm                                   
00002b58  __TI_Handler_Table_Base                           
00002b64  __TI_Handler_Table_Limit                          
000021d5  __TI_auto_init_nopinit                            
00001f09  __TI_decompress_lzss                              
00002783  __TI_decompress_none                              
ffffffff  __TI_pprof_out_hndl                               
ffffffff  __TI_prof_data_size                               
ffffffff  __TI_prof_data_start                              
00000000  __TI_static_base__                                
00002b80  __TI_table_binit                                  
0000275d  __TI_zero_init_nomemset                           
00002091  __aeabi_idiv                                      
00001fd3  __aeabi_idiv0                                     
00002091  __aeabi_idivmod                                   
000026cd  __aeabi_memclr                                    
000026cd  __aeabi_memclr4                                   
000026cd  __aeabi_memclr8                                   
0000281d  __aeabi_memcpy                                    
0000281d  __aeabi_memcpy4                                   
0000281d  __aeabi_memcpy8                                   
000026bd  __aeabi_memset                                    
000026bd  __aeabi_memset4                                   
000026bd  __aeabi_memset8                                   
0000237d  __aeabi_uidiv                                     
0000237d  __aeabi_uidivmod                                  
00002b80  __binit__                                         
UNDEFED   __mpu_init                                        
20207e00  __stack                                           
20200000  __start___llvm_prf_bits                           
20200000  __start___llvm_prf_cnts                           
20200000  __stop___llvm_prf_bits                            
20200000  __stop___llvm_prf_cnts                            
00002559  _c_int00_noargs                                   
UNDEFED   _system_post_cinit                                
0000282f  _system_pre_init                                  
00002833  abort                                             
20200674  address_ptr                                       
20200334  beginAddress                                      
00002b80  binit                                             
00001179  callbackFromFlash                                 
00002189  checkI2CBus                                       
000024e1  chkValidAddress                                   
000022b1  copy_in                                           
20200338  endAddress                                        
00000e69  exeModbusSlave                                    
0000197d  execEmuEeprom                                     
00001e0d  execI2cSlave                                      
202004c0  gSWTIMERBackup                                    
00002735  getEepromErrorStatus                              
00002509  getMbusReadByte                                   
00001e9d  getMbusRxFIFO                                     
000027b5  getMbusRxSize                                     
0000065d  getModbusData                                     
20200354  id_ttask                                          
00001af5  initRegN                                          
00000000  interruptVectors                                  
000027c5  isEmuEepromFree                                   
00001d75  main                                              
20200000  mbcomm                                            
00001cd9  memcpy                                            
00001f71  memset                                            
20200644  pkg                                               
00001c3d  pollModbusPort                                    
2020033c  procBytes                                         
000000c1  progEmuEeprom                                     
20200340  ptrAddress                                        
000025a9  readEmuEeprom                                     
00000cad  readHoldingRegister                               
000025ed  readRegN                                          
20200358  regInitTstBlock                                   
2020057c  regMbusData                                       
20200359  regRESTstBlock                                    
00002825  runModbus                                         
2020019c  sPort                                             
0000260d  setMbusSendByte                                   
000003b1  setModbusData                                     
000026f1  setProgramEmuEeprom                               
00002709  setVerifyEmuEeprom                                
20200360  stEmuEE                                           
202005f4  stI2cS                                            
000027d5  task25msec                                        
0000262d  task50msec                                        
20200348  testBytes                                         
20200308  time_task                                         
000012e1  tstEmuEeprom                                      
00001a3d  tstWrite                                          
2020035a  tstfsm                                            
00002531  ucMBCRC16                                         
00000ffd  varifyFlashByRAM                                  
000027e5  waittingEmuEeprom                                 
00002749  writeEEPROM                                       
00002685  writeEmuEeprom                                    
000008c5  writeHoldingNRegister                             
00000ac5  writeHoldingRegister                              
000023f9  writeReg                                          
000026a1  writeRegN                                         


GLOBAL SYMBOLS: SORTED BY Symbol Address 

address   name                                              
-------   ----                                              
00000000  __TI_static_base__                                
00000000  interruptVectors                                  
000000c1  progEmuEeprom                                     
00000200  __STACK_SIZE                                      
000003b1  setModbusData                                     
0000065d  getModbusData                                     
000008c5  writeHoldingNRegister                             
00000ac5  writeHoldingRegister                              
00000cad  readHoldingRegister                               
00000e69  exeModbusSlave                                    
00000ffd  varifyFlashByRAM                                  
00001179  callbackFromFlash                                 
000012e1  tstEmuEeprom                                      
00001431  ModbusCommError                                   
00001539  DL_Timer_initTimerMode                            
00001621  I2C0_IRQHandler                                   
00001705  DL_SYSCTL_configSYSPLL                            
000017e1  DL_FlashCTL_unprotectSector                       
000018b9  SYSCFG_DL_DEBUG_SCI_init                          
0000197d  execEmuEeprom                                     
00001a3d  tstWrite                                          
00001af5  initRegN                                          
00001ba1  SYSCFG_DL_I2C_EEPROM_init                         
00001c3d  pollModbusPort                                    
00001cd9  memcpy                                            
00001d73  ADC0_IRQHandler                                   
00001d73  ADC1_IRQHandler                                   
00001d73  AES_IRQHandler                                    
00001d73  CANFD0_IRQHandler                                 
00001d73  DAC0_IRQHandler                                   
00001d73  DMA_IRQHandler                                    
00001d73  Default_Handler                                   
00001d73  GROUP0_IRQHandler                                 
00001d73  GROUP1_IRQHandler                                 
00001d73  HardFault_Handler                                 
00001d73  I2C1_IRQHandler                                   
00001d73  NMI_Handler                                       
00001d73  PendSV_Handler                                    
00001d73  RTC_IRQHandler                                    
00001d73  SPI0_IRQHandler                                   
00001d73  SPI1_IRQHandler                                   
00001d73  SVC_Handler                                       
00001d73  SysTick_Handler                                   
00001d73  TIMA0_IRQHandler                                  
00001d73  TIMA1_IRQHandler                                  
00001d73  TIMG0_IRQHandler                                  
00001d73  TIMG12_IRQHandler                                 
00001d73  TIMG6_IRQHandler                                  
00001d73  TIMG7_IRQHandler                                  
00001d73  TIMG8_IRQHandler                                  
00001d73  UART0_IRQHandler                                  
00001d73  UART1_IRQHandler                                  
00001d73  UART2_IRQHandler                                  
00001d73  UART3_IRQHandler                                  
00001d75  main                                              
00001e0d  execI2cSlave                                      
00001e9d  getMbusRxFIFO                                     
00001f09  __TI_decompress_lzss                              
00001f71  memset                                            
00001fd3  __aeabi_idiv0                                     
00001fd5  DL_I2C_fillTargetTXFIFO                           
00002035  SYSCFG_DL_SYSCTL_init                             
00002091  __aeabi_idiv                                      
00002091  __aeabi_idivmod                                   
000020e9  DL_UART_fillTXFIFO                                
0000213d  DL_DMA_initChannel                                
00002189  checkI2CBus                                       
000021d5  __TI_auto_init_nopinit                            
00002221  DL_UART_init                                      
00002269  SYSCFG_DL_GPIO_init                               
000022b1  copy_in                                           
000022f9  DL_SYSCTL_switchMCLKfromSYSOSCtoHSCLK             
0000233d  SYSCFG_DL_initPower                               
0000237d  __aeabi_uidiv                                     
0000237d  __aeabi_uidivmod                                  
000023bd  DL_I2C_flushTargetTXFIFO                          
000023f9  writeReg                                          
00002435  SYSCFG_DL_DMA_CH0_init                            
00002461  SYSCFG_DL_SWTIMER_init                            
0000248d  SYSCFG_DL_init                                    
000024b9  DL_FlashCTL_programMemoryFromRAM64WithECCGenerated
000024e1  chkValidAddress                                   
00002509  getMbusReadByte                                   
00002531  ucMBCRC16                                         
00002559  _c_int00_noargs                                   
00002581  DL_I2C_setClockConfig                             
000025a9  readEmuEeprom                                     
000025cd  DL_UART_receiveDataBlocking                       
000025ed  readRegN                                          
0000260d  setMbusSendByte                                   
0000262d  task50msec                                        
0000264d  DL_I2C_transmitTargetDataCheck                    
00002669  DL_Timer_setClockConfig                           
00002685  writeEmuEeprom                                    
000026a1  writeRegN                                         
000026bd  __aeabi_memset                                    
000026bd  __aeabi_memset4                                   
000026bd  __aeabi_memset8                                   
000026cd  __aeabi_memclr                                    
000026cd  __aeabi_memclr4                                   
000026cd  __aeabi_memclr8                                   
000026d9  DL_FlashCTL_eraseMemoryFromRAM                    
000026f1  setProgramEmuEeprom                               
00002709  setVerifyEmuEeprom                                
00002735  getEepromErrorStatus                              
00002749  writeEEPROM                                       
0000275d  __TI_zero_init_nomemset                           
00002771  DL_UART_setClockConfig                            
00002783  __TI_decompress_none                              
000027b5  getMbusRxSize                                     
000027c5  isEmuEepromFree                                   
000027d5  task25msec                                        
000027e5  waittingEmuEeprom                                 
000027f5  ReservedFunction                                  
00002801  DL_Common_delayCycles                             
0000280b  SYSCFG_DL_DMA_init                                
0000281d  __aeabi_memcpy                                    
0000281d  __aeabi_memcpy4                                   
0000281d  __aeabi_memcpy8                                   
00002825  runModbus                                         
0000282b  Reset_Handler                                     
0000282f  _system_pre_init                                  
00002832  C$$EXIT                                           
00002833  abort                                             
00002b58  __TI_Handler_Table_Base                           
00002b64  __TI_Handler_Table_Limit                          
00002b6c  __TI_CINIT_Base                                   
00002b7c  __TI_CINIT_Limit                                  
00002b7c  __TI_CINIT_Warm                                   
00002b80  __TI_table_binit                                  
00002b80  __binit__                                         
00002b80  binit                                             
20200000  __start___llvm_prf_bits                           
20200000  __start___llvm_prf_cnts                           
20200000  __stop___llvm_prf_bits                            
20200000  __stop___llvm_prf_cnts                            
20200000  mbcomm                                            
2020019c  sPort                                             
202002a4  ModbusFunc                                        
20200308  time_task                                         
20200330  UNCORRECTED_ADDRESS_SPACE                         
20200334  beginAddress                                      
20200338  endAddress                                        
2020033c  procBytes                                         
20200340  ptrAddress                                        
20200348  testBytes                                         
20200354  id_ttask                                          
20200358  regInitTstBlock                                   
20200359  regRESTstBlock                                    
2020035a  tstfsm                                            
20200360  stEmuEE                                           
202004c0  gSWTIMERBackup                                    
2020057c  regMbusData                                       
202005f4  stI2cS                                            
20200624  L                                                 
20200644  pkg                                               
20200660  TestEEPROM                                        
20200674  address_ptr                                       
20207e00  __stack                                           
20208000  __STACK_END                                       
ffffffff  __TI_pprof_out_hndl                               
ffffffff  __TI_prof_data_size                               
ffffffff  __TI_prof_data_start                              
UNDEFED   __mpu_init                                        
UNDEFED   _system_post_cinit                                

[165 symbols]
