Component: ARM Compiler 5.06 update 7 (build 960) Tool: armlink [4d3601]

==============================================================================

Small function inlining results

Inlined total of 0 calls.

==============================================================================

Section Cross References

    system_m0a21.o(i.SystemCoreClockUpdate) refers to uidiv.o(.text) for __aeabi_uidivmod
    system_m0a21.o(i.SystemCoreClockUpdate) refers to system_m0a21.o(.constdata) for .constdata
    system_m0a21.o(i.SystemCoreClockUpdate) refers to system_m0a21.o(.data) for .data
    startup_m0a21.o(RESET) refers to startup_m0a21.o(STACK) for __initial_sp
    startup_m0a21.o(RESET) refers to startup_m0a21.o(.text) for Reset_Handler
    startup_m0a21.o(RESET) refers to retarget.o(.emb_text) for HardFault_Handler
    startup_m0a21.o(.text) refers to system_m0a21.o(i.SystemInit) for SystemInit
    startup_m0a21.o(.text) refers to entry.o(.ARM.Collect$$$$00000000) for __main
    main.o(i.SYS_Init) refers to main.o(i.SYS_UnlockReg) for SYS_UnlockReg
    main.o(i.SYS_Init) refers to clk.o(i.CLK_EnableXtalRC) for CLK_EnableXtalRC
    main.o(i.SYS_Init) refers to clk.o(i.CLK_WaitClockReady) for CLK_WaitClockReady
    main.o(i.SYS_Init) refers to clk.o(i.CLK_SetHCLK) for CLK_SetHCLK
    main.o(i.SYS_Init) refers to clk.o(i.CLK_EnableModuleClock) for CLK_EnableModuleClock
    main.o(i.SYS_Init) refers to clk.o(i.CLK_SetModuleClock) for CLK_SetModuleClock
    main.o(i.SYS_Init) refers to system_m0a21.o(i.SystemCoreClockUpdate) for SystemCoreClockUpdate
    main.o(i.fill_data_pattern) refers to fmc.o(i.FMC_Write) for FMC_Write
    main.o(i.flash_test) refers to printf8.o(i.__0printf$8) for __2printf
    main.o(i.flash_test) refers to fmc.o(i.FMC_Erase) for FMC_Erase
    main.o(i.flash_test) refers to main.o(i.verify_data) for verify_data
    main.o(i.flash_test) refers to main.o(i.fill_data_pattern) for fill_data_pattern
    main.o(i.main) refers to main.o(i.SYS_UnlockReg) for SYS_UnlockReg
    main.o(i.main) refers to main.o(i.SYS_Init) for SYS_Init
    main.o(i.main) refers to uart.o(i.UART_Open) for UART_Open
    main.o(i.main) refers to printf8.o(i.__0printf$8) for __2printf
    main.o(i.main) refers to fmc.o(i.FMC_Open) for FMC_Open
    main.o(i.main) refers to main.o(i.set_data_flash_base) for set_data_flash_base
    main.o(i.main) refers to fmc.o(i.FMC_GetBootSource) for FMC_GetBootSource
    main.o(i.main) refers to fmc.o(i.FMC_Read) for FMC_Read
    main.o(i.main) refers to fmc.o(i.FMC_ReadDataFlashBaseAddr) for FMC_ReadDataFlashBaseAddr
    main.o(i.main) refers to main.o(i.run_crc32_checksum) for run_crc32_checksum
    main.o(i.main) refers to main.o(i.flash_test) for flash_test
    main.o(i.main) refers to fmc.o(i.FMC_Close) for FMC_Close
    main.o(i.main) refers to main.o(.data) for .data
    main.o(i.run_crc32_checksum) refers to fmc.o(i.FMC_GetChkSum) for FMC_GetChkSum
    main.o(i.run_crc32_checksum) refers to printf8.o(i.__0printf$8) for __2printf
    main.o(i.run_crc32_checksum) refers to main.o(.data) for .data
    main.o(i.set_data_flash_base) refers to fmc.o(i.FMC_ReadConfig) for FMC_ReadConfig
    main.o(i.set_data_flash_base) refers to printf8.o(i.__0printf$8) for __2printf
    main.o(i.set_data_flash_base) refers to fmc.o(i.FMC_Erase) for FMC_Erase
    main.o(i.set_data_flash_base) refers to fmc.o(i.FMC_WriteConfig) for FMC_WriteConfig
    main.o(i.set_data_flash_base) refers to retarget.o(i.IsDebugFifoEmpty) for IsDebugFifoEmpty
    main.o(i.verify_data) refers to fmc.o(i.FMC_Read) for FMC_Read
    main.o(i.verify_data) refers to printf8.o(i.__0printf$8) for __2printf
    main.o(i.verify_data) refers to main.o(.conststring) for .conststring
    retarget.o(.emb_text) refers to retarget.o(i.Hard_Fault_Handler) for Hard_Fault_Handler
    retarget.o(i.Hard_Fault_Handler) refers to printf8.o(i.__0printf$8) for __2printf
    retarget.o(i.Hard_Fault_Handler) refers to retarget.o(i.stackDump) for stackDump
    retarget.o(i._ttywrch) refers to retarget.o(i.SendChar) for SendChar
    retarget.o(i.fputc) refers to retarget.o(i.SendChar) for SendChar
    retarget.o(i.stackDump) refers to printf8.o(i.__0printf$8) for __2printf
    uart.o(i.UART_Open) refers to memcpya.o(.text) for __aeabi_memcpy4
    uart.o(i.UART_Open) refers to clk.o(i.CLK_GetPCLK0Freq) for CLK_GetPCLK0Freq
    uart.o(i.UART_Open) refers to clk.o(i.CLK_GetPCLK1Freq) for CLK_GetPCLK1Freq
    uart.o(i.UART_Open) refers to uidiv.o(.text) for __aeabi_uidivmod
    uart.o(i.UART_Open) refers to uart.o(.constdata) for .constdata
    uart.o(i.UART_SelectIrDAMode) refers to memcpya.o(.text) for __aeabi_memcpy4
    uart.o(i.UART_SelectIrDAMode) refers to clk.o(i.CLK_GetPCLK0Freq) for CLK_GetPCLK0Freq
    uart.o(i.UART_SelectIrDAMode) refers to clk.o(i.CLK_GetPCLK1Freq) for CLK_GetPCLK1Freq
    uart.o(i.UART_SelectIrDAMode) refers to uidiv.o(.text) for __aeabi_uidivmod
    uart.o(i.UART_SelectIrDAMode) refers to uart.o(.constdata) for .constdata
    uart.o(i.UART_SetLine_Config) refers to memcpya.o(.text) for __aeabi_memcpy4
    uart.o(i.UART_SetLine_Config) refers to clk.o(i.CLK_GetPCLK0Freq) for CLK_GetPCLK0Freq
    uart.o(i.UART_SetLine_Config) refers to clk.o(i.CLK_GetPCLK1Freq) for CLK_GetPCLK1Freq
    uart.o(i.UART_SetLine_Config) refers to uidiv.o(.text) for __aeabi_uidivmod
    uart.o(i.UART_SetLine_Config) refers to uart.o(.constdata) for .constdata
    fmc.o(i.FMC_ReadConfig) refers to fmc.o(i.FMC_Read) for FMC_Read
    fmc.o(i.FMC_WriteConfig) refers to fmc.o(i.FMC_Write) for FMC_Write
    fmc.o(i.FMC_WriteConfig) refers to fmc.o(i.FMC_Read) for FMC_Read
    clk.o(i.CLK_DisableModuleClock) refers to clk.o(.constdata) for .constdata
    clk.o(i.CLK_EnableModuleClock) refers to clk.o(.constdata) for .constdata
    clk.o(i.CLK_GetCPUFreq) refers to system_m0a21.o(i.SystemCoreClockUpdate) for SystemCoreClockUpdate
    clk.o(i.CLK_GetCPUFreq) refers to system_m0a21.o(.data) for SystemCoreClock
    clk.o(i.CLK_GetHCLKFreq) refers to system_m0a21.o(i.SystemCoreClockUpdate) for SystemCoreClockUpdate
    clk.o(i.CLK_GetHCLKFreq) refers to system_m0a21.o(.data) for SystemCoreClock
    clk.o(i.CLK_GetPCLK0Freq) refers to system_m0a21.o(i.SystemCoreClockUpdate) for SystemCoreClockUpdate
    clk.o(i.CLK_GetPCLK0Freq) refers to system_m0a21.o(.data) for SystemCoreClock
    clk.o(i.CLK_GetPCLK1Freq) refers to system_m0a21.o(i.SystemCoreClockUpdate) for SystemCoreClockUpdate
    clk.o(i.CLK_GetPCLK1Freq) refers to system_m0a21.o(.data) for SystemCoreClock
    clk.o(i.CLK_SetCoreClock) refers to clk.o(i.CLK_WaitClockReady) for CLK_WaitClockReady
    clk.o(i.CLK_SetHCLK) refers to clk.o(i.CLK_WaitClockReady) for CLK_WaitClockReady
    clk.o(i.CLK_SetHCLK) refers to system_m0a21.o(i.SystemCoreClockUpdate) for SystemCoreClockUpdate
    clk.o(i.CLK_SetModuleClock) refers to clk.o(.constdata) for .constdata
    entry.o(.ARM.Collect$$$$00000000) refers (Special) to entry10a.o(.ARM.Collect$$$$0000000F) for __rt_final_cpp
    entry.o(.ARM.Collect$$$$00000000) refers (Special) to entry11a.o(.ARM.Collect$$$$00000011) for __rt_final_exit
    entry.o(.ARM.Collect$$$$00000000) refers (Special) to entry12b.o(.ARM.Collect$$$$0000000E) for __rt_lib_shutdown_fini
    entry.o(.ARM.Collect$$$$00000000) refers (Special) to entry7b.o(.ARM.Collect$$$$00000008) for _main_clock
    entry.o(.ARM.Collect$$$$00000000) refers (Special) to entry8b.o(.ARM.Collect$$$$0000000A) for _main_cpp_init
    entry.o(.ARM.Collect$$$$00000000) refers (Special) to entry9a.o(.ARM.Collect$$$$0000000B) for _main_init
    entry.o(.ARM.Collect$$$$00000000) refers (Special) to entry5.o(.ARM.Collect$$$$00000004) for _main_scatterload
    entry.o(.ARM.Collect$$$$00000000) refers (Special) to entry2.o(.ARM.Collect$$$$00000001) for _main_stk
    printfb.o(i.__0fprintf$bare) refers to printfb.o(i._printf_core) for _printf_core
    printfb.o(i.__0fprintf$bare) refers to retarget.o(i.fputc) for fputc
    printfb.o(i.__0printf$bare) refers to printfb.o(i._printf_core) for _printf_core
    printfb.o(i.__0printf$bare) refers to retarget.o(i.fputc) for fputc
    printfb.o(i.__0printf$bare) refers to retarget.o(.data) for __stdout
    printfb.o(i.__0snprintf$bare) refers to printfb.o(i._printf_core) for _printf_core
    printfb.o(i.__0snprintf$bare) refers to printfb.o(i._snputc) for _snputc
    printfb.o(i.__0sprintf$bare) refers to printfb.o(i._printf_core) for _printf_core
    printfb.o(i.__0sprintf$bare) refers to printfb.o(i._sputc) for _sputc
    printfb.o(i.__0vfprintf$bare) refers to printfb.o(i._printf_core) for _printf_core
    printfb.o(i.__0vfprintf$bare) refers to retarget.o(i.fputc) for fputc
    printfb.o(i.__0vprintf$bare) refers to printfb.o(i._printf_core) for _printf_core
    printfb.o(i.__0vprintf$bare) refers to retarget.o(i.fputc) for fputc
    printfb.o(i.__0vprintf$bare) refers to retarget.o(.data) for __stdout
    printfb.o(i.__0vsnprintf$bare) refers to printfb.o(i._printf_core) for _printf_core
    printfb.o(i.__0vsnprintf$bare) refers to printfb.o(i._snputc) for _snputc
    printfb.o(i.__0vsprintf$bare) refers to printfb.o(i._printf_core) for _printf_core
    printfb.o(i.__0vsprintf$bare) refers to printfb.o(i._sputc) for _sputc
    printf0.o(i.__0fprintf$0) refers to printf0.o(i._printf_core) for _printf_core
    printf0.o(i.__0fprintf$0) refers to retarget.o(i.fputc) for fputc
    printf0.o(i.__0printf$0) refers to printf0.o(i._printf_core) for _printf_core
    printf0.o(i.__0printf$0) refers to retarget.o(i.fputc) for fputc
    printf0.o(i.__0printf$0) refers to retarget.o(.data) for __stdout
    printf0.o(i.__0snprintf$0) refers to printf0.o(i._printf_core) for _printf_core
    printf0.o(i.__0snprintf$0) refers to printf0.o(i._snputc) for _snputc
    printf0.o(i.__0sprintf$0) refers to printf0.o(i._printf_core) for _printf_core
    printf0.o(i.__0sprintf$0) refers to printf0.o(i._sputc) for _sputc
    printf0.o(i.__0vfprintf$0) refers to printf0.o(i._printf_core) for _printf_core
    printf0.o(i.__0vfprintf$0) refers to retarget.o(i.fputc) for fputc
    printf0.o(i.__0vprintf$0) refers to printf0.o(i._printf_core) for _printf_core
    printf0.o(i.__0vprintf$0) refers to retarget.o(i.fputc) for fputc
    printf0.o(i.__0vprintf$0) refers to retarget.o(.data) for __stdout
    printf0.o(i.__0vsnprintf$0) refers to printf0.o(i._printf_core) for _printf_core
    printf0.o(i.__0vsnprintf$0) refers to printf0.o(i._snputc) for _snputc
    printf0.o(i.__0vsprintf$0) refers to printf0.o(i._printf_core) for _printf_core
    printf0.o(i.__0vsprintf$0) refers to printf0.o(i._sputc) for _sputc
    printf1.o(i.__0fprintf$1) refers to printf1.o(i._printf_core) for _printf_core
    printf1.o(i.__0fprintf$1) refers to retarget.o(i.fputc) for fputc
    printf1.o(i.__0printf$1) refers to printf1.o(i._printf_core) for _printf_core
    printf1.o(i.__0printf$1) refers to retarget.o(i.fputc) for fputc
    printf1.o(i.__0printf$1) refers to retarget.o(.data) for __stdout
    printf1.o(i.__0snprintf$1) refers to printf1.o(i._printf_core) for _printf_core
    printf1.o(i.__0snprintf$1) refers to printf1.o(i._snputc) for _snputc
    printf1.o(i.__0sprintf$1) refers to printf1.o(i._printf_core) for _printf_core
    printf1.o(i.__0sprintf$1) refers to printf1.o(i._sputc) for _sputc
    printf1.o(i.__0vfprintf$1) refers to printf1.o(i._printf_core) for _printf_core
    printf1.o(i.__0vfprintf$1) refers to retarget.o(i.fputc) for fputc
    printf1.o(i.__0vprintf$1) refers to printf1.o(i._printf_core) for _printf_core
    printf1.o(i.__0vprintf$1) refers to retarget.o(i.fputc) for fputc
    printf1.o(i.__0vprintf$1) refers to retarget.o(.data) for __stdout
    printf1.o(i.__0vsnprintf$1) refers to printf1.o(i._printf_core) for _printf_core
    printf1.o(i.__0vsnprintf$1) refers to printf1.o(i._snputc) for _snputc
    printf1.o(i.__0vsprintf$1) refers to printf1.o(i._printf_core) for _printf_core
    printf1.o(i.__0vsprintf$1) refers to printf1.o(i._sputc) for _sputc
    printf1.o(i._printf_core) refers to uidiv.o(.text) for __aeabi_uidivmod
    printf2.o(i.__0fprintf$2) refers to printf2.o(i._printf_core) for _printf_core
    printf2.o(i.__0fprintf$2) refers to retarget.o(i.fputc) for fputc
    printf2.o(i.__0printf$2) refers to printf2.o(i._printf_core) for _printf_core
    printf2.o(i.__0printf$2) refers to retarget.o(i.fputc) for fputc
    printf2.o(i.__0printf$2) refers to retarget.o(.data) for __stdout
    printf2.o(i.__0snprintf$2) refers to printf2.o(i._printf_core) for _printf_core
    printf2.o(i.__0snprintf$2) refers to printf2.o(i._snputc) for _snputc
    printf2.o(i.__0sprintf$2) refers to printf2.o(i._printf_core) for _printf_core
    printf2.o(i.__0sprintf$2) refers to printf2.o(i._sputc) for _sputc
    printf2.o(i.__0vfprintf$2) refers to printf2.o(i._printf_core) for _printf_core
    printf2.o(i.__0vfprintf$2) refers to retarget.o(i.fputc) for fputc
    printf2.o(i.__0vprintf$2) refers to printf2.o(i._printf_core) for _printf_core
    printf2.o(i.__0vprintf$2) refers to retarget.o(i.fputc) for fputc
    printf2.o(i.__0vprintf$2) refers to retarget.o(.data) for __stdout
    printf2.o(i.__0vsnprintf$2) refers to printf2.o(i._printf_core) for _printf_core
    printf2.o(i.__0vsnprintf$2) refers to printf2.o(i._snputc) for _snputc
    printf2.o(i.__0vsprintf$2) refers to printf2.o(i._printf_core) for _printf_core
    printf2.o(i.__0vsprintf$2) refers to printf2.o(i._sputc) for _sputc
    printf3.o(i.__0fprintf$3) refers to printf3.o(i._printf_core) for _printf_core
    printf3.o(i.__0fprintf$3) refers to retarget.o(i.fputc) for fputc
    printf3.o(i.__0printf$3) refers to printf3.o(i._printf_core) for _printf_core
    printf3.o(i.__0printf$3) refers to retarget.o(i.fputc) for fputc
    printf3.o(i.__0printf$3) refers to retarget.o(.data) for __stdout
    printf3.o(i.__0snprintf$3) refers to printf3.o(i._printf_core) for _printf_core
    printf3.o(i.__0snprintf$3) refers to printf3.o(i._snputc) for _snputc
    printf3.o(i.__0sprintf$3) refers to printf3.o(i._printf_core) for _printf_core
    printf3.o(i.__0sprintf$3) refers to printf3.o(i._sputc) for _sputc
    printf3.o(i.__0vfprintf$3) refers to printf3.o(i._printf_core) for _printf_core
    printf3.o(i.__0vfprintf$3) refers to retarget.o(i.fputc) for fputc
    printf3.o(i.__0vprintf$3) refers to printf3.o(i._printf_core) for _printf_core
    printf3.o(i.__0vprintf$3) refers to retarget.o(i.fputc) for fputc
    printf3.o(i.__0vprintf$3) refers to retarget.o(.data) for __stdout
    printf3.o(i.__0vsnprintf$3) refers to printf3.o(i._printf_core) for _printf_core
    printf3.o(i.__0vsnprintf$3) refers to printf3.o(i._snputc) for _snputc
    printf3.o(i.__0vsprintf$3) refers to printf3.o(i._printf_core) for _printf_core
    printf3.o(i.__0vsprintf$3) refers to printf3.o(i._sputc) for _sputc
    printf3.o(i._printf_core) refers to uidiv.o(.text) for __aeabi_uidivmod
    printf4.o(i.__0fprintf$4) refers to printf4.o(i._printf_core) for _printf_core
    printf4.o(i.__0fprintf$4) refers to retarget.o(i.fputc) for fputc
    printf4.o(i.__0printf$4) refers to printf4.o(i._printf_core) for _printf_core
    printf4.o(i.__0printf$4) refers to retarget.o(i.fputc) for fputc
    printf4.o(i.__0printf$4) refers to retarget.o(.data) for __stdout
    printf4.o(i.__0snprintf$4) refers to printf4.o(i._printf_core) for _printf_core
    printf4.o(i.__0snprintf$4) refers to printf4.o(i._snputc) for _snputc
    printf4.o(i.__0sprintf$4) refers to printf4.o(i._printf_core) for _printf_core
    printf4.o(i.__0sprintf$4) refers to printf4.o(i._sputc) for _sputc
    printf4.o(i.__0vfprintf$4) refers to printf4.o(i._printf_core) for _printf_core
    printf4.o(i.__0vfprintf$4) refers to retarget.o(i.fputc) for fputc
    printf4.o(i.__0vprintf$4) refers to printf4.o(i._printf_core) for _printf_core
    printf4.o(i.__0vprintf$4) refers to retarget.o(i.fputc) for fputc
    printf4.o(i.__0vprintf$4) refers to retarget.o(.data) for __stdout
    printf4.o(i.__0vsnprintf$4) refers to printf4.o(i._printf_core) for _printf_core
    printf4.o(i.__0vsnprintf$4) refers to printf4.o(i._snputc) for _snputc
    printf4.o(i.__0vsprintf$4) refers to printf4.o(i._printf_core) for _printf_core
    printf4.o(i.__0vsprintf$4) refers to printf4.o(i._sputc) for _sputc
    printf4.o(i._printf_core) refers to uldiv.o(.text) for __aeabi_uldivmod
    printf5.o(i.__0fprintf$5) refers to printf5.o(i._printf_core) for _printf_core
    printf5.o(i.__0fprintf$5) refers to retarget.o(i.fputc) for fputc
    printf5.o(i.__0printf$5) refers to printf5.o(i._printf_core) for _printf_core
    printf5.o(i.__0printf$5) refers to retarget.o(i.fputc) for fputc
    printf5.o(i.__0printf$5) refers to retarget.o(.data) for __stdout
    printf5.o(i.__0snprintf$5) refers to printf5.o(i._printf_core) for _printf_core
    printf5.o(i.__0snprintf$5) refers to printf5.o(i._snputc) for _snputc
    printf5.o(i.__0sprintf$5) refers to printf5.o(i._printf_core) for _printf_core
    printf5.o(i.__0sprintf$5) refers to printf5.o(i._sputc) for _sputc
    printf5.o(i.__0vfprintf$5) refers to printf5.o(i._printf_core) for _printf_core
    printf5.o(i.__0vfprintf$5) refers to retarget.o(i.fputc) for fputc
    printf5.o(i.__0vprintf$5) refers to printf5.o(i._printf_core) for _printf_core
    printf5.o(i.__0vprintf$5) refers to retarget.o(i.fputc) for fputc
    printf5.o(i.__0vprintf$5) refers to retarget.o(.data) for __stdout
    printf5.o(i.__0vsnprintf$5) refers to printf5.o(i._printf_core) for _printf_core
    printf5.o(i.__0vsnprintf$5) refers to printf5.o(i._snputc) for _snputc
    printf5.o(i.__0vsprintf$5) refers to printf5.o(i._printf_core) for _printf_core
    printf5.o(i.__0vsprintf$5) refers to printf5.o(i._sputc) for _sputc
    printf5.o(i._printf_core) refers to uldiv.o(.text) for __aeabi_uldivmod
    printf6.o(i.__0fprintf$6) refers to printf6.o(i._printf_core) for _printf_core
    printf6.o(i.__0fprintf$6) refers to retarget.o(i.fputc) for fputc
    printf6.o(i.__0printf$6) refers to printf6.o(i._printf_core) for _printf_core
    printf6.o(i.__0printf$6) refers to retarget.o(i.fputc) for fputc
    printf6.o(i.__0printf$6) refers to retarget.o(.data) for __stdout
    printf6.o(i.__0snprintf$6) refers to printf6.o(i._printf_core) for _printf_core
    printf6.o(i.__0snprintf$6) refers to printf6.o(i._snputc) for _snputc
    printf6.o(i.__0sprintf$6) refers to printf6.o(i._printf_core) for _printf_core
    printf6.o(i.__0sprintf$6) refers to printf6.o(i._sputc) for _sputc
    printf6.o(i.__0vfprintf$6) refers to printf6.o(i._printf_core) for _printf_core
    printf6.o(i.__0vfprintf$6) refers to retarget.o(i.fputc) for fputc
    printf6.o(i.__0vprintf$6) refers to printf6.o(i._printf_core) for _printf_core
    printf6.o(i.__0vprintf$6) refers to retarget.o(i.fputc) for fputc
    printf6.o(i.__0vprintf$6) refers to retarget.o(.data) for __stdout
    printf6.o(i.__0vsnprintf$6) refers to printf6.o(i._printf_core) for _printf_core
    printf6.o(i.__0vsnprintf$6) refers to printf6.o(i._snputc) for _snputc
    printf6.o(i.__0vsprintf$6) refers to printf6.o(i._printf_core) for _printf_core
    printf6.o(i.__0vsprintf$6) refers to printf6.o(i._sputc) for _sputc
    printf6.o(i._printf_core) refers to printf6.o(i._printf_pre_padding) for _printf_pre_padding
    printf6.o(i._printf_core) refers to printf6.o(i._printf_post_padding) for _printf_post_padding
    printf6.o(i._printf_core) refers to uidiv.o(.text) for __aeabi_uidivmod
    printf7.o(i.__0fprintf$7) refers to printf7.o(i._printf_core) for _printf_core
    printf7.o(i.__0fprintf$7) refers to retarget.o(i.fputc) for fputc
    printf7.o(i.__0printf$7) refers to printf7.o(i._printf_core) for _printf_core
    printf7.o(i.__0printf$7) refers to retarget.o(i.fputc) for fputc
    printf7.o(i.__0printf$7) refers to retarget.o(.data) for __stdout
    printf7.o(i.__0snprintf$7) refers to printf7.o(i._printf_core) for _printf_core
    printf7.o(i.__0snprintf$7) refers to printf7.o(i._snputc) for _snputc
    printf7.o(i.__0sprintf$7) refers to printf7.o(i._printf_core) for _printf_core
    printf7.o(i.__0sprintf$7) refers to printf7.o(i._sputc) for _sputc
    printf7.o(i.__0vfprintf$7) refers to printf7.o(i._printf_core) for _printf_core
    printf7.o(i.__0vfprintf$7) refers to retarget.o(i.fputc) for fputc
    printf7.o(i.__0vprintf$7) refers to printf7.o(i._printf_core) for _printf_core
    printf7.o(i.__0vprintf$7) refers to retarget.o(i.fputc) for fputc
    printf7.o(i.__0vprintf$7) refers to retarget.o(.data) for __stdout
    printf7.o(i.__0vsnprintf$7) refers to printf7.o(i._printf_core) for _printf_core
    printf7.o(i.__0vsnprintf$7) refers to printf7.o(i._snputc) for _snputc
    printf7.o(i.__0vsprintf$7) refers to printf7.o(i._printf_core) for _printf_core
    printf7.o(i.__0vsprintf$7) refers to printf7.o(i._sputc) for _sputc
    printf7.o(i._printf_core) refers to printf7.o(i._printf_pre_padding) for _printf_pre_padding
    printf7.o(i._printf_core) refers to printf7.o(i._printf_post_padding) for _printf_post_padding
    printf7.o(i._printf_core) refers to uldiv.o(.text) for __aeabi_uldivmod
    printf8.o(i.__0fprintf$8) refers to printf8.o(i._printf_core) for _printf_core
    printf8.o(i.__0fprintf$8) refers to retarget.o(i.fputc) for fputc
    printf8.o(i.__0printf$8) refers to printf8.o(i._printf_core) for _printf_core
    printf8.o(i.__0printf$8) refers to retarget.o(i.fputc) for fputc
    printf8.o(i.__0printf$8) refers to retarget.o(.data) for __stdout
    printf8.o(i.__0snprintf$8) refers to printf8.o(i._printf_core) for _printf_core
    printf8.o(i.__0snprintf$8) refers to printf8.o(i._snputc) for _snputc
    printf8.o(i.__0sprintf$8) refers to printf8.o(i._printf_core) for _printf_core
    printf8.o(i.__0sprintf$8) refers to printf8.o(i._sputc) for _sputc
    printf8.o(i.__0vfprintf$8) refers to printf8.o(i._printf_core) for _printf_core
    printf8.o(i.__0vfprintf$8) refers to retarget.o(i.fputc) for fputc
    printf8.o(i.__0vprintf$8) refers to printf8.o(i._printf_core) for _printf_core
    printf8.o(i.__0vprintf$8) refers to retarget.o(i.fputc) for fputc
    printf8.o(i.__0vprintf$8) refers to retarget.o(.data) for __stdout
    printf8.o(i.__0vsnprintf$8) refers to printf8.o(i._printf_core) for _printf_core
    printf8.o(i.__0vsnprintf$8) refers to printf8.o(i._snputc) for _snputc
    printf8.o(i.__0vsprintf$8) refers to printf8.o(i._printf_core) for _printf_core
    printf8.o(i.__0vsprintf$8) refers to printf8.o(i._sputc) for _sputc
    printf8.o(i._printf_core) refers to printf8.o(i._printf_pre_padding) for _printf_pre_padding
    printf8.o(i._printf_core) refers to printf8.o(i._printf_post_padding) for _printf_post_padding
    printf8.o(i._printf_core) refers to uldiv.o(.text) for __aeabi_uldivmod
    printfa.o(i.__0fprintf) refers (Special) to iusefp.o(.text) for __I$use$fp
    printfa.o(i.__0fprintf) refers to printfa.o(i._printf_core) for _printf_core
    printfa.o(i.__0fprintf) refers to retarget.o(i.fputc) for fputc
    printfa.o(i.__0printf) refers (Special) to iusefp.o(.text) for __I$use$fp
    printfa.o(i.__0printf) refers to printfa.o(i._printf_core) for _printf_core
    printfa.o(i.__0printf) refers to retarget.o(i.fputc) for fputc
    printfa.o(i.__0printf) refers to retarget.o(.data) for __stdout
    printfa.o(i.__0snprintf) refers (Special) to iusefp.o(.text) for __I$use$fp
    printfa.o(i.__0snprintf) refers to printfa.o(i._printf_core) for _printf_core
    printfa.o(i.__0snprintf) refers to printfa.o(i._snputc) for _snputc
    printfa.o(i.__0sprintf) refers (Special) to iusefp.o(.text) for __I$use$fp
    printfa.o(i.__0sprintf) refers to printfa.o(i._printf_core) for _printf_core
    printfa.o(i.__0sprintf) refers to printfa.o(i._sputc) for _sputc
    printfa.o(i.__0vfprintf) refers (Special) to iusefp.o(.text) for __I$use$fp
    printfa.o(i.__0vfprintf) refers to printfa.o(i._printf_core) for _printf_core
    printfa.o(i.__0vfprintf) refers to retarget.o(i.fputc) for fputc
    printfa.o(i.__0vprintf) refers (Special) to iusefp.o(.text) for __I$use$fp
    printfa.o(i.__0vprintf) refers to printfa.o(i._printf_core) for _printf_core
    printfa.o(i.__0vprintf) refers to retarget.o(i.fputc) for fputc
    printfa.o(i.__0vprintf) refers to retarget.o(.data) for __stdout
    printfa.o(i.__0vsnprintf) refers (Special) to iusefp.o(.text) for __I$use$fp
    printfa.o(i.__0vsnprintf) refers to printfa.o(i._printf_core) for _printf_core
    printfa.o(i.__0vsnprintf) refers to printfa.o(i._snputc) for _snputc
    printfa.o(i.__0vsprintf) refers (Special) to iusefp.o(.text) for __I$use$fp
    printfa.o(i.__0vsprintf) refers to printfa.o(i._printf_core) for _printf_core
    printfa.o(i.__0vsprintf) refers to printfa.o(i._sputc) for _sputc
    printfa.o(i._fp_digits) refers (Special) to iusefp.o(.text) for __I$use$fp
    printfa.o(i._fp_digits) refers to dmul.o(.text) for __aeabi_dmul
    printfa.o(i._fp_digits) refers to ddiv.o(.text) for __aeabi_ddiv
    printfa.o(i._fp_digits) refers to cdrcmple.o(.text) for __aeabi_cdrcmple
    printfa.o(i._fp_digits) refers to dadd.o(.text) for __aeabi_dadd
    printfa.o(i._fp_digits) refers to dfixul.o(.text) for __aeabi_d2ulz
    printfa.o(i._fp_digits) refers to uldiv.o(.text) for __aeabi_uldivmod
    printfa.o(i._printf_core) refers (Special) to iusefp.o(.text) for __I$use$fp
    printfa.o(i._printf_core) refers to printfa.o(i._printf_pre_padding) for _printf_pre_padding
    printfa.o(i._printf_core) refers to uldiv.o(.text) for __aeabi_uldivmod
    printfa.o(i._printf_core) refers to printfa.o(i._printf_post_padding) for _printf_post_padding
    printfa.o(i._printf_core) refers to printfa.o(i._fp_digits) for _fp_digits
    printfa.o(i._printf_core) refers to uidiv.o(.text) for __aeabi_uidivmod
    printfa.o(i._printf_post_padding) refers (Special) to iusefp.o(.text) for __I$use$fp
    printfa.o(i._printf_pre_padding) refers (Special) to iusefp.o(.text) for __I$use$fp
    printfa.o(i._snputc) refers (Special) to iusefp.o(.text) for __I$use$fp
    printfa.o(i._sputc) refers (Special) to iusefp.o(.text) for __I$use$fp
    entry2.o(.ARM.Collect$$$$00000001) refers to entry2.o(.ARM.Collect$$$$00002712) for __lit__00000000
    entry2.o(.ARM.Collect$$$$00002712) refers to startup_m0a21.o(STACK) for __initial_sp
    entry2.o(__vectab_stack_and_reset_area) refers to startup_m0a21.o(STACK) for __initial_sp
    entry2.o(__vectab_stack_and_reset_area) refers to entry.o(.ARM.Collect$$$$00000000) for __main
    entry5.o(.ARM.Collect$$$$00000004) refers to init.o(.text) for __scatterload
    entry9a.o(.ARM.Collect$$$$0000000B) refers to main.o(i.main) for main
    entry9b.o(.ARM.Collect$$$$0000000C) refers to main.o(i.main) for main
    uldiv.o(.text) refers to llushr.o(.text) for __aeabi_llsr
    uldiv.o(.text) refers to llshl.o(.text) for __aeabi_llsl
    dadd.o(.text) refers to llshl.o(.text) for __aeabi_llsl
    dadd.o(.text) refers to llsshr.o(.text) for __aeabi_lasr
    dadd.o(.text) refers to depilogue.o(.text) for _double_epilogue
    dmul.o(.text) refers to depilogue.o(.text) for _double_epilogue
    ddiv.o(.text) refers to depilogue.o(.text) for _double_round
    dfixul.o(.text) refers to llushr.o(.text) for __aeabi_llsr
    dfixul.o(.text) refers to llshl.o(.text) for __aeabi_llsl
    init.o(.text) refers to entry5.o(.ARM.Collect$$$$00000004) for __main_after_scatterload
    depilogue.o(.text) refers to depilogue.o(i.__ARM_clz) for __ARM_clz
    depilogue.o(.text) refers to llshl.o(.text) for __aeabi_llsl
    depilogue.o(.text) refers to llushr.o(.text) for __aeabi_llsr


==============================================================================

Removing Unused input sections from the image.

    Removing system_m0a21.o(.rev16_text), (4 bytes).
    Removing system_m0a21.o(.revsh_text), (4 bytes).
    Removing startup_m0a21.o(HEAP), (0 bytes).
    Removing main.o(.rev16_text), (4 bytes).
    Removing main.o(.revsh_text), (4 bytes).
    Removing retarget.o(.rev16_text), (4 bytes).
    Removing retarget.o(.revsh_text), (4 bytes).
    Removing retarget.o(i._ttywrch), (8 bytes).
    Removing retarget.o(i.ferror), (6 bytes).
    Removing retarget.o(i.fgetc), (20 bytes).
    Removing retarget.o(i.kbhit), (16 bytes).
    Removing retarget.o(.data), (4 bytes).
    Removing uart.o(.rev16_text), (4 bytes).
    Removing uart.o(.revsh_text), (4 bytes).
    Removing uart.o(i.UART_ClearIntFlag), (80 bytes).
    Removing uart.o(i.UART_Close), (6 bytes).
    Removing uart.o(i.UART_DisableFlowCtrl), (12 bytes).
    Removing uart.o(i.UART_DisableInt), (8 bytes).
    Removing uart.o(i.UART_EnableFlowCtrl), (30 bytes).
    Removing uart.o(i.UART_EnableInt), (8 bytes).
    Removing uart.o(i.UART_Read), (46 bytes).
    Removing uart.o(i.UART_SelectIrDAMode), (184 bytes).
    Removing uart.o(i.UART_SelectLINMode), (24 bytes).
    Removing uart.o(i.UART_SelectRS485Mode), (32 bytes).
    Removing uart.o(i.UART_SelectSingleWireMode), (12 bytes).
    Removing uart.o(i.UART_SetLine_Config), (180 bytes).
    Removing uart.o(i.UART_SetTimeoutCnt), (22 bytes).
    Removing uart.o(i.UART_Write), (46 bytes).
    Removing sys.o(.rev16_text), (4 bytes).
    Removing sys.o(.revsh_text), (4 bytes).
    Removing sys.o(i.SYS_ClearResetSrc), (8 bytes).
    Removing sys.o(i.SYS_DisableBOD), (14 bytes).
    Removing sys.o(i.SYS_EnableBOD), (38 bytes).
    Removing sys.o(i.SYS_GetBODStatus), (12 bytes).
    Removing sys.o(i.SYS_GetResetSrc), (8 bytes).
    Removing sys.o(i.SYS_IsRegLocked), (16 bytes).
    Removing sys.o(i.SYS_ReadPDID), (8 bytes).
    Removing sys.o(i.SYS_ResetCPU), (14 bytes).
    Removing sys.o(i.SYS_ResetChip), (14 bytes).
    Removing sys.o(i.SYS_ResetModule), (26 bytes).
    Removing sys.o(i.SYS_SetVRef), (16 bytes).
    Removing fmc.o(.rev16_text), (4 bytes).
    Removing fmc.o(.revsh_text), (4 bytes).
    Removing fmc.o(i.FMC_SetBootSource), (24 bytes).
    Removing clk.o(.rev16_text), (4 bytes).
    Removing clk.o(.revsh_text), (4 bytes).
    Removing clk.o(i.CLK_DisableCKO), (16 bytes).
    Removing clk.o(i.CLK_DisableModuleClock), (48 bytes).
    Removing clk.o(i.CLK_DisableSysTick), (12 bytes).
    Removing clk.o(i.CLK_DisableXtalRC), (16 bytes).
    Removing clk.o(i.CLK_EnableCKO), (40 bytes).
    Removing clk.o(i.CLK_EnableSysTick), (56 bytes).
    Removing clk.o(i.CLK_GetCPUFreq), (16 bytes).
    Removing clk.o(i.CLK_GetHCLKFreq), (16 bytes).
    Removing clk.o(i.CLK_GetHXTFreq), (20 bytes).
    Removing clk.o(i.CLK_GetLXTFreq), (24 bytes).
    Removing clk.o(i.CLK_Idle), (32 bytes).
    Removing clk.o(i.CLK_PowerDown), (84 bytes).
    Removing clk.o(i.CLK_SetCoreClock), (48 bytes).
    Removing clk.o(i.CLK_SetSysTickClockSrc), (20 bytes).
    Removing dadd.o(.text), (360 bytes).
    Removing dmul.o(.text), (208 bytes).
    Removing ddiv.o(.text), (240 bytes).
    Removing dfixul.o(.text), (64 bytes).
    Removing cdrcmple.o(.text), (40 bytes).
    Removing depilogue.o(.text), (190 bytes).
    Removing depilogue.o(i.__ARM_clz), (46 bytes).

67 unused section(s) (total 2594 bytes) removed from the image.

==============================================================================

Image Symbol Table

    Local Symbols

    Symbol Name                              Value     Ov Type        Size  Object(Section)

    RESET                                    0x00000000   Section      192  startup_m0a21.o(RESET)
    ../clib/microlib/division.c              0x00000000   Number         0  uldiv.o ABSOLUTE
    ../clib/microlib/division.c              0x00000000   Number         0  uidiv.o ABSOLUTE
    ../clib/microlib/init/entry.s            0x00000000   Number         0  entry11a.o ABSOLUTE
    ../clib/microlib/init/entry.s            0x00000000   Number         0  entry.o ABSOLUTE
    ../clib/microlib/init/entry.s            0x00000000   Number         0  entry9b.o ABSOLUTE
    ../clib/microlib/init/entry.s            0x00000000   Number         0  entry12b.o ABSOLUTE
    ../clib/microlib/init/entry.s            0x00000000   Number         0  entry9a.o ABSOLUTE
    ../clib/microlib/init/entry.s            0x00000000   Number         0  entry5.o ABSOLUTE
    ../clib/microlib/init/entry.s            0x00000000   Number         0  entry8b.o ABSOLUTE
    ../clib/microlib/init/entry.s            0x00000000   Number         0  entry12a.o ABSOLUTE
    ../clib/microlib/init/entry.s            0x00000000   Number         0  entry11b.o ABSOLUTE
    ../clib/microlib/init/entry.s            0x00000000   Number         0  entry2.o ABSOLUTE
    ../clib/microlib/init/entry.s            0x00000000   Number         0  entry8a.o ABSOLUTE
    ../clib/microlib/init/entry.s            0x00000000   Number         0  entry10b.o ABSOLUTE
    ../clib/microlib/init/entry.s            0x00000000   Number         0  entry7b.o ABSOLUTE
    ../clib/microlib/init/entry.s            0x00000000   Number         0  entry10a.o ABSOLUTE
    ../clib/microlib/init/entry.s            0x00000000   Number         0  entry7a.o ABSOLUTE
    ../clib/microlib/longlong.c              0x00000000   Number         0  llshl.o ABSOLUTE
    ../clib/microlib/longlong.c              0x00000000   Number         0  llushr.o ABSOLUTE
    ../clib/microlib/longlong.c              0x00000000   Number         0  llsshr.o ABSOLUTE
    ../clib/microlib/printf/printf.c         0x00000000   Number         0  printf6.o ABSOLUTE
    ../clib/microlib/printf/printf.c         0x00000000   Number         0  printf7.o ABSOLUTE
    ../clib/microlib/printf/printf.c         0x00000000   Number         0  printfa.o ABSOLUTE
    ../clib/microlib/printf/printf.c         0x00000000   Number         0  printf5.o ABSOLUTE
    ../clib/microlib/printf/printf.c         0x00000000   Number         0  printf3.o ABSOLUTE
    ../clib/microlib/printf/printf.c         0x00000000   Number         0  printf2.o ABSOLUTE
    ../clib/microlib/printf/printf.c         0x00000000   Number         0  printf1.o ABSOLUTE
    ../clib/microlib/printf/printf.c         0x00000000   Number         0  printf0.o ABSOLUTE
    ../clib/microlib/printf/printf.c         0x00000000   Number         0  printfb.o ABSOLUTE
    ../clib/microlib/printf/printf.c         0x00000000   Number         0  printf4.o ABSOLUTE
    ../clib/microlib/printf/printf.c         0x00000000   Number         0  printf8.o ABSOLUTE
    ../clib/microlib/printf/stubs.s          0x00000000   Number         0  stubs.o ABSOLUTE
    ../clib/microlib/string/memcpy.c         0x00000000   Number         0  memcpyb.o ABSOLUTE
    ../clib/microlib/string/memcpy.c         0x00000000   Number         0  memcpya.o ABSOLUTE
    ../clib/microlib/stubs.s                 0x00000000   Number         0  iusefp.o ABSOLUTE
    ../fplib/microlib/fpadd.c                0x00000000   Number         0  dadd.o ABSOLUTE
    ../fplib/microlib/fpdiv.c                0x00000000   Number         0  ddiv.o ABSOLUTE
    ../fplib/microlib/fpepilogue.c           0x00000000   Number         0  depilogue.o ABSOLUTE
    ../fplib/microlib/fpfix.c                0x00000000   Number         0  dfixul.o ABSOLUTE
    ../fplib/microlib/fpmul.c                0x00000000   Number         0  dmul.o ABSOLUTE
    ..\..\..\..\Library\Device\Nuvoton\M0A21\Source\ARM\startup_M0A21.s 0x00000000   Number         0  startup_m0a21.o ABSOLUTE
    ..\..\..\..\Library\Device\Nuvoton\M0A21\Source\system_M0A21.c 0x00000000   Number         0  system_m0a21.o ABSOLUTE
    ..\..\..\..\Library\StdDriver\src\clk.c  0x00000000   Number         0  clk.o ABSOLUTE
    ..\..\..\..\Library\StdDriver\src\fmc.c  0x00000000   Number         0  fmc.o ABSOLUTE
    ..\..\..\..\Library\StdDriver\src\retarget.c 0x00000000   Number         0  retarget.o ABSOLUTE
    ..\..\..\..\Library\StdDriver\src\sys.c  0x00000000   Number         0  sys.o ABSOLUTE
    ..\..\..\..\Library\StdDriver\src\uart.c 0x00000000   Number         0  uart.o ABSOLUTE
    ..\\..\\..\\..\\Library\\Device\\Nuvoton\\M0A21\\Source\\system_M0A21.c 0x00000000   Number         0  system_m0a21.o ABSOLUTE
    ..\\..\\..\\..\\Library\\StdDriver\\src\\clk.c 0x00000000   Number         0  clk.o ABSOLUTE
    ..\\..\\..\\..\\Library\\StdDriver\\src\\fmc.c 0x00000000   Number         0  fmc.o ABSOLUTE
    ..\\..\\..\\..\\Library\\StdDriver\\src\\retarget.c 0x00000000   Number         0  retarget.o ABSOLUTE
    ..\\..\\..\\..\\Library\\StdDriver\\src\\sys.c 0x00000000   Number         0  sys.o ABSOLUTE
    ..\\..\\..\\..\\Library\\StdDriver\\src\\uart.c 0x00000000   Number         0  uart.o ABSOLUTE
    ..\\main.c                               0x00000000   Number         0  main.o ABSOLUTE
    ..\main.c                                0x00000000   Number         0  main.o ABSOLUTE
    cdrcmple.s                               0x00000000   Number         0  cdrcmple.o ABSOLUTE
    handlers.s                               0x00000000   Number         0  handlers.o ABSOLUTE
    init.s                                   0x00000000   Number         0  init.o ABSOLUTE
    .ARM.Collect$$$$00000000                 0x000000c0   Section        0  entry.o(.ARM.Collect$$$$00000000)
    .ARM.Collect$$$$00000001                 0x000000c0   Section        4  entry2.o(.ARM.Collect$$$$00000001)
    .ARM.Collect$$$$00000004                 0x000000c4   Section        4  entry5.o(.ARM.Collect$$$$00000004)
    .ARM.Collect$$$$00000008                 0x000000c8   Section        0  entry7b.o(.ARM.Collect$$$$00000008)
    .ARM.Collect$$$$0000000A                 0x000000c8   Section        0  entry8b.o(.ARM.Collect$$$$0000000A)
    .ARM.Collect$$$$0000000B                 0x000000c8   Section        8  entry9a.o(.ARM.Collect$$$$0000000B)
    .ARM.Collect$$$$0000000E                 0x000000d0   Section        4  entry12b.o(.ARM.Collect$$$$0000000E)
    .ARM.Collect$$$$0000000F                 0x000000d4   Section        0  entry10a.o(.ARM.Collect$$$$0000000F)
    .ARM.Collect$$$$00000011                 0x000000d4   Section        0  entry11a.o(.ARM.Collect$$$$00000011)
    .ARM.Collect$$$$00002712                 0x000000d4   Section        4  entry2.o(.ARM.Collect$$$$00002712)
    __lit__00000000                          0x000000d4   Data           4  entry2.o(.ARM.Collect$$$$00002712)
    .emb_text                                0x000000d8   Section       28  retarget.o(.emb_text)
    .text                                    0x000000f4   Section       28  startup_m0a21.o(.text)
    Default_Handler                          0x00000107   Thumb Code     2  startup_m0a21.o(.text)
    .text                                    0x00000110   Section        0  uidiv.o(.text)
    .text                                    0x0000013c   Section        0  memcpya.o(.text)
    .text                                    0x00000160   Section        0  uldiv.o(.text)
    .text                                    0x000001c0   Section       36  init.o(.text)
    .text                                    0x000001e4   Section        0  llshl.o(.text)
    .text                                    0x00000204   Section        0  llushr.o(.text)
    i.CLK_EnableModuleClock                  0x00000228   Section        0  clk.o(i.CLK_EnableModuleClock)
    i.CLK_EnableXtalRC                       0x00000258   Section        0  clk.o(i.CLK_EnableXtalRC)
    i.CLK_GetPCLK0Freq                       0x00000268   Section        0  clk.o(i.CLK_GetPCLK0Freq)
    i.CLK_GetPCLK1Freq                       0x00000288   Section        0  clk.o(i.CLK_GetPCLK1Freq)
    i.CLK_SetHCLK                            0x000002a8   Section        0  clk.o(i.CLK_SetHCLK)
    i.CLK_SetModuleClock                     0x000002f8   Section        0  clk.o(i.CLK_SetModuleClock)
    i.CLK_WaitClockReady                     0x00000368   Section        0  clk.o(i.CLK_WaitClockReady)
    i.FMC_Close                              0x00000394   Section        0  fmc.o(i.FMC_Close)
    i.FMC_Erase                              0x000003a4   Section        0  fmc.o(i.FMC_Erase)
    i.FMC_GetBootSource                      0x000003d4   Section        0  fmc.o(i.FMC_GetBootSource)
    i.FMC_GetChkSum                          0x000003e8   Section        0  fmc.o(i.FMC_GetChkSum)
    i.FMC_Open                               0x00000428   Section        0  fmc.o(i.FMC_Open)
    i.FMC_Read                               0x00000438   Section        0  fmc.o(i.FMC_Read)
    i.FMC_ReadConfig                         0x00000454   Section        0  fmc.o(i.FMC_ReadConfig)
    i.FMC_ReadDataFlashBaseAddr              0x00000490   Section        0  fmc.o(i.FMC_ReadDataFlashBaseAddr)
    i.FMC_Write                              0x0000049c   Section        0  fmc.o(i.FMC_Write)
    i.FMC_WriteConfig                        0x000004b8   Section        0  fmc.o(i.FMC_WriteConfig)
    i.Hard_Fault_Handler                     0x000004f4   Section        0  retarget.o(i.Hard_Fault_Handler)
    __tagsym$$used                           0x000004f5   Number         0  retarget.o(i.Hard_Fault_Handler)
    i.IsDebugFifoEmpty                       0x0000051c   Section        0  retarget.o(i.IsDebugFifoEmpty)
    i.SYS_Init                               0x0000052c   Section        0  main.o(i.SYS_Init)
    i.SYS_UnlockReg                          0x00000588   Section        0  main.o(i.SYS_UnlockReg)
    SYS_UnlockReg                            0x00000589   Thumb Code    24  main.o(i.SYS_UnlockReg)
    i.SendChar                               0x000005a4   Section        0  retarget.o(i.SendChar)
    SendChar                                 0x000005a5   Thumb Code    26  retarget.o(i.SendChar)
    i.SystemCoreClockUpdate                  0x000005c4   Section        0  system_m0a21.o(i.SystemCoreClockUpdate)
    i.SystemInit                             0x00000600   Section        0  system_m0a21.o(i.SystemInit)
    i.UART_Open                              0x00000604   Section        0  uart.o(i.UART_Open)
    i.__0printf$8                            0x000006c0   Section        0  printf8.o(i.__0printf$8)
    i.__scatterload_copy                     0x000006e0   Section       14  handlers.o(i.__scatterload_copy)
    i.__scatterload_null                     0x000006ee   Section        2  handlers.o(i.__scatterload_null)
    i.__scatterload_zeroinit                 0x000006f0   Section       14  handlers.o(i.__scatterload_zeroinit)
    i._printf_core                           0x00000700   Section        0  printf8.o(i._printf_core)
    _printf_core                             0x00000701   Thumb Code  1020  printf8.o(i._printf_core)
    i._printf_post_padding                   0x00000b28   Section        0  printf8.o(i._printf_post_padding)
    _printf_post_padding                     0x00000b29   Thumb Code    32  printf8.o(i._printf_post_padding)
    i._printf_pre_padding                    0x00000b48   Section        0  printf8.o(i._printf_pre_padding)
    _printf_pre_padding                      0x00000b49   Thumb Code    44  printf8.o(i._printf_pre_padding)
    i.fill_data_pattern                      0x00000b74   Section        0  main.o(i.fill_data_pattern)
    i.flash_test                             0x00000b90   Section        0  main.o(i.flash_test)
    i.fputc                                  0x00000cb8   Section        0  retarget.o(i.fputc)
    i.main                                   0x00000cc4   Section        0  main.o(i.main)
    i.run_crc32_checksum                     0x000011a4   Section        0  main.o(i.run_crc32_checksum)
    i.set_data_flash_base                    0x00001284   Section        0  main.o(i.set_data_flash_base)
    set_data_flash_base                      0x00001285   Thumb Code   112  main.o(i.set_data_flash_base)
    i.stackDump                              0x00001334   Section        0  retarget.o(i.stackDump)
    stackDump                                0x00001335   Thumb Code    70  retarget.o(i.stackDump)
    i.verify_data                            0x000013dc   Section        0  main.o(i.verify_data)
    .constdata                               0x00001410   Section       32  system_m0a21.o(.constdata)
    .constdata                               0x00001430   Section       72  uart.o(.constdata)
    .constdata                               0x00001478   Section       56  clk.o(.constdata)
    .conststring                             0x000014b0   Section       70  main.o(.conststring)
    .data                                    0x20000000   Section        8  system_m0a21.o(.data)
    .data                                    0x20000008   Section       12  main.o(.data)
    .data                                    0x20000014   Section        4  retarget.o(.data)
    STACK                                    0x20000018   Section      512  startup_m0a21.o(STACK)

    Global Symbols

    Symbol Name                              Value     Ov Type        Size  Object(Section)

    BuildAttributes$$THM_ISAv3M$S$PE$A:L22$X:L11$S22$IEEE1$IW$USESV6$~STKCKD$USESV7$~SHL$OSPACE$ROPI$EBA8$MICROLIB$REQ8$PRES8$EABIv2 0x00000000   Number         0  anon$$obj.o ABSOLUTE
    __ARM_use_no_argv                        0x00000000   Number         0  main.o ABSOLUTE
    __Vectors                                0x00000000   Data           4  startup_m0a21.o(RESET)
    _printf_a                                0x00000000   Number         0  stubs.o ABSOLUTE
    _printf_c                                0x00000000   Number         0  stubs.o ABSOLUTE
    _printf_charcount                        0x00000000   Number         0  stubs.o ABSOLUTE
    _printf_d                                0x00000000   Number         0  stubs.o ABSOLUTE
    _printf_e                                0x00000000   Number         0  stubs.o ABSOLUTE
    _printf_f                                0x00000000   Number         0  stubs.o ABSOLUTE
    _printf_flags                            0x00000000   Number         0  stubs.o ABSOLUTE
    _printf_fp_dec                           0x00000000   Number         0  stubs.o ABSOLUTE
    _printf_fp_hex                           0x00000000   Number         0  stubs.o ABSOLUTE
    _printf_g                                0x00000000   Number         0  stubs.o ABSOLUTE
    _printf_i                                0x00000000   Number         0  stubs.o ABSOLUTE
    _printf_int_dec                          0x00000000   Number         0  stubs.o ABSOLUTE
    _printf_l                                0x00000000   Number         0  stubs.o ABSOLUTE
    _printf_lc                               0x00000000   Number         0  stubs.o ABSOLUTE
    _printf_ll                               0x00000000   Number         0  stubs.o ABSOLUTE
    _printf_lld                              0x00000000   Number         0  stubs.o ABSOLUTE
    _printf_lli                              0x00000000   Number         0  stubs.o ABSOLUTE
    _printf_llo                              0x00000000   Number         0  stubs.o ABSOLUTE
    _printf_llu                              0x00000000   Number         0  stubs.o ABSOLUTE
    _printf_llx                              0x00000000   Number         0  stubs.o ABSOLUTE
    _printf_longlong_dec                     0x00000000   Number         0  stubs.o ABSOLUTE
    _printf_longlong_hex                     0x00000000   Number         0  stubs.o ABSOLUTE
    _printf_longlong_oct                     0x00000000   Number         0  stubs.o ABSOLUTE
    _printf_ls                               0x00000000   Number         0  stubs.o ABSOLUTE
    _printf_mbtowc                           0x00000000   Number         0  stubs.o ABSOLUTE
    _printf_n                                0x00000000   Number         0  stubs.o ABSOLUTE
    _printf_o                                0x00000000   Number         0  stubs.o ABSOLUTE
    _printf_p                                0x00000000   Number         0  stubs.o ABSOLUTE
    _printf_percent                          0x00000000   Number         0  stubs.o ABSOLUTE
    _printf_pre_padding                      0x00000000   Number         0  stubs.o ABSOLUTE
    _printf_return_value                     0x00000000   Number         0  stubs.o ABSOLUTE
    _printf_s                                0x00000000   Number         0  stubs.o ABSOLUTE
    _printf_sizespec                         0x00000000   Number         0  stubs.o ABSOLUTE
    _printf_str                              0x00000000   Number         0  stubs.o ABSOLUTE
    _printf_truncate_signed                  0x00000000   Number         0  stubs.o ABSOLUTE
    _printf_truncate_unsigned                0x00000000   Number         0  stubs.o ABSOLUTE
    _printf_u                                0x00000000   Number         0  stubs.o ABSOLUTE
    _printf_wc                               0x00000000   Number         0  stubs.o ABSOLUTE
    _printf_wctomb                           0x00000000   Number         0  stubs.o ABSOLUTE
    _printf_widthprec                        0x00000000   Number         0  stubs.o ABSOLUTE
    _printf_x                                0x00000000   Number         0  stubs.o ABSOLUTE
    __arm_fini_                               - Undefined Weak Reference
    __cpp_initialize__aeabi_                  - Undefined Weak Reference
    __cxa_finalize                            - Undefined Weak Reference
    __decompress                              - Undefined Weak Reference
    _clock_init                               - Undefined Weak Reference
    _microlib_exit                            - Undefined Weak Reference
    __main                                   0x000000c1   Thumb Code     0  entry.o(.ARM.Collect$$$$00000000)
    _main_stk                                0x000000c1   Thumb Code     0  entry2.o(.ARM.Collect$$$$00000001)
    _main_scatterload                        0x000000c5   Thumb Code     0  entry5.o(.ARM.Collect$$$$00000004)
    __main_after_scatterload                 0x000000c9   Thumb Code     0  entry5.o(.ARM.Collect$$$$00000004)
    _main_clock                              0x000000c9   Thumb Code     0  entry7b.o(.ARM.Collect$$$$00000008)
    _main_cpp_init                           0x000000c9   Thumb Code     0  entry8b.o(.ARM.Collect$$$$0000000A)
    _main_init                               0x000000c9   Thumb Code     0  entry9a.o(.ARM.Collect$$$$0000000B)
    __rt_lib_shutdown_fini                   0x000000d1   Thumb Code     0  entry12b.o(.ARM.Collect$$$$0000000E)
    __rt_final_cpp                           0x000000d5   Thumb Code     0  entry10a.o(.ARM.Collect$$$$0000000F)
    __rt_final_exit                          0x000000d5   Thumb Code     0  entry11a.o(.ARM.Collect$$$$00000011)
    HardFault_Handler                        0x000000d9   Thumb Code    24  retarget.o(.emb_text)
    Reset_Handler                            0x000000f5   Thumb Code     8  startup_m0a21.o(.text)
    NMI_Handler                              0x000000fd   Thumb Code     2  startup_m0a21.o(.text)
    SVC_Handler                              0x00000101   Thumb Code     2  startup_m0a21.o(.text)
    PendSV_Handler                           0x00000103   Thumb Code     2  startup_m0a21.o(.text)
    SysTick_Handler                          0x00000105   Thumb Code     2  startup_m0a21.o(.text)
    ACMP01_IRQHandler                        0x00000107   Thumb Code     0  startup_m0a21.o(.text)
    ADC_IRQHandler                           0x00000107   Thumb Code     0  startup_m0a21.o(.text)
    BOD_IRQHandler                           0x00000107   Thumb Code     0  startup_m0a21.o(.text)
    CAN0_IRQHandler                          0x00000107   Thumb Code     0  startup_m0a21.o(.text)
    CKFAIL_IRQHandler                        0x00000107   Thumb Code     0  startup_m0a21.o(.text)
    DAC0_IRQHandler                          0x00000107   Thumb Code     0  startup_m0a21.o(.text)
    EINT024_IRQHandler                       0x00000107   Thumb Code     0  startup_m0a21.o(.text)
    EINT135_IRQHandler                       0x00000107   Thumb Code     0  startup_m0a21.o(.text)
    GPAB_IRQHandler                          0x00000107   Thumb Code     0  startup_m0a21.o(.text)
    GPCD_IRQHandler                          0x00000107   Thumb Code     0  startup_m0a21.o(.text)
    PDMA_IRQHandler                          0x00000107   Thumb Code     0  startup_m0a21.o(.text)
    PWM0_IRQHandler                          0x00000107   Thumb Code     0  startup_m0a21.o(.text)
    PWRWU_IRQHandler                         0x00000107   Thumb Code     0  startup_m0a21.o(.text)
    TMR0_IRQHandler                          0x00000107   Thumb Code     0  startup_m0a21.o(.text)
    TMR1_IRQHandler                          0x00000107   Thumb Code     0  startup_m0a21.o(.text)
    TMR2_IRQHandler                          0x00000107   Thumb Code     0  startup_m0a21.o(.text)
    TMR3_IRQHandler                          0x00000107   Thumb Code     0  startup_m0a21.o(.text)
    UART0_IRQHandler                         0x00000107   Thumb Code     0  startup_m0a21.o(.text)
    UART1_IRQHandler                         0x00000107   Thumb Code     0  startup_m0a21.o(.text)
    USCI0_IRQHandler                         0x00000107   Thumb Code     0  startup_m0a21.o(.text)
    USCI1_IRQHandler                         0x00000107   Thumb Code     0  startup_m0a21.o(.text)
    WDT_IRQHandler                           0x00000107   Thumb Code     0  startup_m0a21.o(.text)
    __aeabi_uidiv                            0x00000111   Thumb Code     0  uidiv.o(.text)
    __aeabi_uidivmod                         0x00000111   Thumb Code    44  uidiv.o(.text)
    __aeabi_memcpy                           0x0000013d   Thumb Code    36  memcpya.o(.text)
    __aeabi_memcpy4                          0x0000013d   Thumb Code     0  memcpya.o(.text)
    __aeabi_memcpy8                          0x0000013d   Thumb Code     0  memcpya.o(.text)
    __aeabi_uldivmod                         0x00000161   Thumb Code    96  uldiv.o(.text)
    __scatterload                            0x000001c1   Thumb Code    28  init.o(.text)
    __scatterload_rt2                        0x000001c1   Thumb Code     0  init.o(.text)
    __aeabi_llsl                             0x000001e5   Thumb Code    32  llshl.o(.text)
    _ll_shift_l                              0x000001e5   Thumb Code     0  llshl.o(.text)
    __aeabi_llsr                             0x00000205   Thumb Code    34  llushr.o(.text)
    _ll_ushift_r                             0x00000205   Thumb Code     0  llushr.o(.text)
    CLK_EnableModuleClock                    0x00000229   Thumb Code    40  clk.o(i.CLK_EnableModuleClock)
    CLK_EnableXtalRC                         0x00000259   Thumb Code    10  clk.o(i.CLK_EnableXtalRC)
    CLK_GetPCLK0Freq                         0x00000269   Thumb Code    22  clk.o(i.CLK_GetPCLK0Freq)
    CLK_GetPCLK1Freq                         0x00000289   Thumb Code    22  clk.o(i.CLK_GetPCLK1Freq)
    CLK_SetHCLK                              0x000002a9   Thumb Code    76  clk.o(i.CLK_SetHCLK)
    CLK_SetModuleClock                       0x000002f9   Thumb Code   102  clk.o(i.CLK_SetModuleClock)
    CLK_WaitClockReady                       0x00000369   Thumb Code    34  clk.o(i.CLK_WaitClockReady)
    FMC_Close                                0x00000395   Thumb Code    12  fmc.o(i.FMC_Close)
    FMC_Erase                                0x000003a5   Thumb Code    42  fmc.o(i.FMC_Erase)
    FMC_GetBootSource                        0x000003d5   Thumb Code    14  fmc.o(i.FMC_GetBootSource)
    FMC_GetChkSum                            0x000003e9   Thumb Code    58  fmc.o(i.FMC_GetChkSum)
    FMC_Open                                 0x00000429   Thumb Code    12  fmc.o(i.FMC_Open)
    FMC_Read                                 0x00000439   Thumb Code    22  fmc.o(i.FMC_Read)
    FMC_ReadConfig                           0x00000455   Thumb Code    56  fmc.o(i.FMC_ReadConfig)
    FMC_ReadDataFlashBaseAddr                0x00000491   Thumb Code     6  fmc.o(i.FMC_ReadDataFlashBaseAddr)
    FMC_Write                                0x0000049d   Thumb Code    22  fmc.o(i.FMC_Write)
    FMC_WriteConfig                          0x000004b9   Thumb Code    60  fmc.o(i.FMC_WriteConfig)
    Hard_Fault_Handler                       0x000004f5   Thumb Code    16  retarget.o(i.Hard_Fault_Handler)
    IsDebugFifoEmpty                         0x0000051d   Thumb Code    10  retarget.o(i.IsDebugFifoEmpty)
    SYS_Init                                 0x0000052d   Thumb Code    74  main.o(i.SYS_Init)
    SystemCoreClockUpdate                    0x000005c5   Thumb Code    44  system_m0a21.o(i.SystemCoreClockUpdate)
    SystemInit                               0x00000601   Thumb Code     2  system_m0a21.o(i.SystemInit)
    UART_Open                                0x00000605   Thumb Code   162  uart.o(i.UART_Open)
    __0printf$8                              0x000006c1   Thumb Code    24  printf8.o(i.__0printf$8)
    __1printf$8                              0x000006c1   Thumb Code     0  printf8.o(i.__0printf$8)
    __2printf                                0x000006c1   Thumb Code     0  printf8.o(i.__0printf$8)
    __scatterload_copy                       0x000006e1   Thumb Code    14  handlers.o(i.__scatterload_copy)
    __scatterload_null                       0x000006ef   Thumb Code     2  handlers.o(i.__scatterload_null)
    __scatterload_zeroinit                   0x000006f1   Thumb Code    14  handlers.o(i.__scatterload_zeroinit)
    fill_data_pattern                        0x00000b75   Thumb Code    28  main.o(i.fill_data_pattern)
    flash_test                               0x00000b91   Thumb Code   136  main.o(i.flash_test)
    fputc                                    0x00000cb9   Thumb Code    12  retarget.o(i.fputc)
    main                                     0x00000cc5   Thumb Code   408  main.o(i.main)
    run_crc32_checksum                       0x000011a5   Thumb Code    62  main.o(i.run_crc32_checksum)
    verify_data                              0x000013dd   Thumb Code    48  main.o(i.verify_data)
    gau32ClkSrcTbl                           0x00001410   Data          32  system_m0a21.o(.constdata)
    Region$$Table$$Base                      0x000014f8   Number         0  anon$$obj.o(Region$$Table)
    Region$$Table$$Limit                     0x00001518   Number         0  anon$$obj.o(Region$$Table)
    SystemCoreClock                          0x20000000   Data           4  system_m0a21.o(.data)
    CyclesPerUs                              0x20000004   Data           4  system_m0a21.o(.data)
    APROM_TEST_END                           0x20000008   Data           4  main.o(.data)
    LDROM_TEST_SIZE                          0x2000000c   Data           4  main.o(.data)
    LDROM_TEST_END                           0x20000010   Data           4  main.o(.data)
    __stdout                                 0x20000014   Data           4  retarget.o(.data)
    __initial_sp                             0x20000218   Data           0  startup_m0a21.o(STACK)



==============================================================================

Memory Map of the image

  Image Entry point : 0x000000f5

  Load Region LR_1 (Base: 0x00000000, Size: 0x00001530, Max: 0xffffffff, ABSOLUTE)

    Execution Region ER_RO (Exec base: 0x00000000, Load base: 0x00000000, Size: 0x00001518, Max: 0xffffffff, ABSOLUTE)

    Exec Addr    Load Addr    Size         Type   Attr      Idx    E Section Name        Object

    0x00000000   0x00000000   0x000000c0   Data   RO          178    RESET               startup_m0a21.o
    0x000000c0   0x000000c0   0x00000000   Code   RO          745  * .ARM.Collect$$$$00000000  mc_p.l(entry.o)
    0x000000c0   0x000000c0   0x00000004   Code   RO         1013    .ARM.Collect$$$$00000001  mc_p.l(entry2.o)
    0x000000c4   0x000000c4   0x00000004   Code   RO         1016    .ARM.Collect$$$$00000004  mc_p.l(entry5.o)
    0x000000c8   0x000000c8   0x00000000   Code   RO         1018    .ARM.Collect$$$$00000008  mc_p.l(entry7b.o)
    0x000000c8   0x000000c8   0x00000000   Code   RO         1020    .ARM.Collect$$$$0000000A  mc_p.l(entry8b.o)
    0x000000c8   0x000000c8   0x00000008   Code   RO         1021    .ARM.Collect$$$$0000000B  mc_p.l(entry9a.o)
    0x000000d0   0x000000d0   0x00000004   Code   RO         1028    .ARM.Collect$$$$0000000E  mc_p.l(entry12b.o)
    0x000000d4   0x000000d4   0x00000000   Code   RO         1023    .ARM.Collect$$$$0000000F  mc_p.l(entry10a.o)
    0x000000d4   0x000000d4   0x00000000   Code   RO         1025    .ARM.Collect$$$$00000011  mc_p.l(entry11a.o)
    0x000000d4   0x000000d4   0x00000004   Code   RO         1014    .ARM.Collect$$$$00002712  mc_p.l(entry2.o)
    0x000000d8   0x000000d8   0x0000001c   Code   RO          258    .emb_text           retarget.o
    0x000000f4   0x000000f4   0x0000001c   Code   RO          179  * .text               startup_m0a21.o
    0x00000110   0x00000110   0x0000002c   Code   RO          746    .text               mc_p.l(uidiv.o)
    0x0000013c   0x0000013c   0x00000024   Code   RO          748    .text               mc_p.l(memcpya.o)
    0x00000160   0x00000160   0x00000060   Code   RO         1029    .text               mc_p.l(uldiv.o)
    0x000001c0   0x000001c0   0x00000024   Code   RO         1042    .text               mc_p.l(init.o)
    0x000001e4   0x000001e4   0x00000020   Code   RO         1044    .text               mc_p.l(llshl.o)
    0x00000204   0x00000204   0x00000022   Code   RO         1046    .text               mc_p.l(llushr.o)
    0x00000226   0x00000226   0x00000002   PAD
    0x00000228   0x00000228   0x00000030   Code   RO          611    i.CLK_EnableModuleClock  clk.o
    0x00000258   0x00000258   0x00000010   Code   RO          613    i.CLK_EnableXtalRC  clk.o
    0x00000268   0x00000268   0x00000020   Code   RO          618    i.CLK_GetPCLK0Freq  clk.o
    0x00000288   0x00000288   0x00000020   Code   RO          619    i.CLK_GetPCLK1Freq  clk.o
    0x000002a8   0x000002a8   0x00000050   Code   RO          623    i.CLK_SetHCLK       clk.o
    0x000002f8   0x000002f8   0x00000070   Code   RO          624    i.CLK_SetModuleClock  clk.o
    0x00000368   0x00000368   0x0000002c   Code   RO          626    i.CLK_WaitClockReady  clk.o
    0x00000394   0x00000394   0x00000010   Code   RO          527    i.FMC_Close         fmc.o
    0x000003a4   0x000003a4   0x00000030   Code   RO          528    i.FMC_Erase         fmc.o
    0x000003d4   0x000003d4   0x00000014   Code   RO          529    i.FMC_GetBootSource  fmc.o
    0x000003e8   0x000003e8   0x00000040   Code   RO          530    i.FMC_GetChkSum     fmc.o
    0x00000428   0x00000428   0x00000010   Code   RO          531    i.FMC_Open          fmc.o
    0x00000438   0x00000438   0x0000001c   Code   RO          532    i.FMC_Read          fmc.o
    0x00000454   0x00000454   0x0000003c   Code   RO          533    i.FMC_ReadConfig    fmc.o
    0x00000490   0x00000490   0x0000000c   Code   RO          534    i.FMC_ReadDataFlashBaseAddr  fmc.o
    0x0000049c   0x0000049c   0x0000001c   Code   RO          536    i.FMC_Write         fmc.o
    0x000004b8   0x000004b8   0x0000003c   Code   RO          537    i.FMC_WriteConfig   fmc.o
    0x000004f4   0x000004f4   0x00000028   Code   RO          259    i.Hard_Fault_Handler  retarget.o
    0x0000051c   0x0000051c   0x00000010   Code   RO          260    i.IsDebugFifoEmpty  retarget.o
    0x0000052c   0x0000052c   0x0000005c   Code   RO          185    i.SYS_Init          main.o
    0x00000588   0x00000588   0x0000001c   Code   RO          186    i.SYS_UnlockReg     main.o
    0x000005a4   0x000005a4   0x00000020   Code   RO          261    i.SendChar          retarget.o
    0x000005c4   0x000005c4   0x0000003c   Code   RO            3    i.SystemCoreClockUpdate  system_m0a21.o
    0x00000600   0x00000600   0x00000002   Code   RO            4    i.SystemInit        system_m0a21.o
    0x00000602   0x00000602   0x00000002   PAD
    0x00000604   0x00000604   0x000000bc   Code   RO          342    i.UART_Open         uart.o
    0x000006c0   0x000006c0   0x00000020   Code   RO          959    i.__0printf$8       mc_p.l(printf8.o)
    0x000006e0   0x000006e0   0x0000000e   Code   RO         1056    i.__scatterload_copy  mc_p.l(handlers.o)
    0x000006ee   0x000006ee   0x00000002   Code   RO         1057    i.__scatterload_null  mc_p.l(handlers.o)
    0x000006f0   0x000006f0   0x0000000e   Code   RO         1058    i.__scatterload_zeroinit  mc_p.l(handlers.o)
    0x000006fe   0x000006fe   0x00000002   PAD
    0x00000700   0x00000700   0x00000428   Code   RO          966    i._printf_core      mc_p.l(printf8.o)
    0x00000b28   0x00000b28   0x00000020   Code   RO          967    i._printf_post_padding  mc_p.l(printf8.o)
    0x00000b48   0x00000b48   0x0000002c   Code   RO          968    i._printf_pre_padding  mc_p.l(printf8.o)
    0x00000b74   0x00000b74   0x0000001c   Code   RO          187    i.fill_data_pattern  main.o
    0x00000b90   0x00000b90   0x00000128   Code   RO          188    i.flash_test        main.o
    0x00000cb8   0x00000cb8   0x0000000c   Code   RO          265    i.fputc             retarget.o
    0x00000cc4   0x00000cc4   0x000004e0   Code   RO          189    i.main              main.o
    0x000011a4   0x000011a4   0x000000e0   Code   RO          190    i.run_crc32_checksum  main.o
    0x00001284   0x00001284   0x000000b0   Code   RO          191    i.set_data_flash_base  main.o
    0x00001334   0x00001334   0x000000a8   Code   RO          267    i.stackDump         retarget.o
    0x000013dc   0x000013dc   0x00000034   Code   RO          192    i.verify_data       main.o
    0x00001410   0x00001410   0x00000020   Data   RO            5    .constdata          system_m0a21.o
    0x00001430   0x00001430   0x00000048   Data   RO          351    .constdata          uart.o
    0x00001478   0x00001478   0x00000038   Data   RO          627    .constdata          clk.o
    0x000014b0   0x000014b0   0x00000046   Data   RO          193    .conststring        main.o
    0x000014f6   0x000014f6   0x00000002   PAD
    0x000014f8   0x000014f8   0x00000020   Data   RO         1054    Region$$Table       anon$$obj.o


    Execution Region ER_RW (Exec base: 0x20000000, Load base: 0x00001518, Size: 0x00000018, Max: 0xffffffff, ABSOLUTE)

    Exec Addr    Load Addr    Size         Type   Attr      Idx    E Section Name        Object

    0x20000000   0x00001518   0x00000008   Data   RW            6    .data               system_m0a21.o
    0x20000008   0x00001520   0x0000000c   Data   RW          194    .data               main.o
    0x20000014   0x0000152c   0x00000004   Data   RW          268    .data               retarget.o


    Execution Region ER_ZI (Exec base: 0x20000018, Load base: 0x00001530, Size: 0x00000200, Max: 0xffffffff, ABSOLUTE)

    Exec Addr    Load Addr    Size         Type   Attr      Idx    E Section Name        Object

    0x20000018        -       0x00000200   Zero   RW          176    STACK               startup_m0a21.o


==============================================================================

Image component sizes


      Code (inc. data)   RO Data    RW Data    ZI Data      Debug   Object Name

       364         58         56          0          0       4881   clk.o
       352         48          0          0          0       6359   fmc.o
      2144       1252         70         12          0      52336   main.o
       296        138          0          4          0       5318   retarget.o
        28          8        192          0        512        716   startup_m0a21.o
        62         16         32          8          0      21034   system_m0a21.o
       188         26         72          0          0       1368   uart.o

    ----------------------------------------------------------------------
      3436       1546        456         24        512      92012   Object Totals
         0          0         32          0          0          0   (incl. Generated)
         2          0          2          0          0          0   (incl. Padding)

    ----------------------------------------------------------------------

      Code (inc. data)   RO Data    RW Data    ZI Data      Debug   Library Member Name

         0          0          0          0          0          0   entry.o
         0          0          0          0          0          0   entry10a.o
         0          0          0          0          0          0   entry11a.o
         4          0          0          0          0          0   entry12b.o
         8          4          0          0          0          0   entry2.o
         4          0          0          0          0          0   entry5.o
         0          0          0          0          0          0   entry7b.o
         0          0          0          0          0          0   entry8b.o
         8          4          0          0          0          0   entry9a.o
        30          0          0          0          0          0   handlers.o
        36          8          0          0          0         68   init.o
        32          0          0          0          0         68   llshl.o
        34          0          0          0          0         68   llushr.o
        36          0          0          0          0         60   memcpya.o
      1172         52          0          0          0        324   printf8.o
        44          0          0          0          0         72   uidiv.o
        96          0          0          0          0         84   uldiv.o

    ----------------------------------------------------------------------
      1508         68          0          0          0        744   Library Totals
         4          0          0          0          0          0   (incl. Padding)

    ----------------------------------------------------------------------

      Code (inc. data)   RO Data    RW Data    ZI Data      Debug   Library Name

      1504         68          0          0          0        744   mc_p.l

    ----------------------------------------------------------------------
      1508         68          0          0          0        744   Library Totals

    ----------------------------------------------------------------------

==============================================================================


      Code (inc. data)   RO Data    RW Data    ZI Data      Debug   

      4944       1614        456         24        512      91272   Grand Totals
      4944       1614        456         24        512      91272   ELF Image Totals
      4944       1614        456         24          0          0   ROM Totals

==============================================================================

    Total RO  Size (Code + RO Data)                 5400 (   5.27kB)
    Total RW  Size (RW Data + ZI Data)               536 (   0.52kB)
    Total ROM Size (Code + RO Data + RW Data)       5424 (   5.30kB)

==============================================================================

