******************************************************************************
             TMS320C2000 Linker PC v22.6.1                     
******************************************************************************
>> Linked Wed Feb  7 09:54:02 2024

OUTPUT FILE NAME:   <F280049_EEPROM.out>
ENTRY POINT SYMBOL: "code_start"  address: 00080000


MEMORY CONFIGURATION

         name            origin    length      used     unused   attr    fill
----------------------  --------  ---------  --------  --------  ----  --------
PAGE 0:
  RAMM0                 000000f6   0000030a  00000000  0000030a  RWIX
  RAMLS0_4              00008000   00002800  00000cea  00001b16  RWIX
  BEGIN                 00080000   00000002  00000002  00000000  RWIX
  FLASH_BANK0_SEC0      00080002   00000ffe  00000000  00000ffe  RWIX
  FLASH_BANK0_SEC1      00081000   00001000  00000d10  000002f0  RWIX
  FLASH_BANK0_SEC2      00082000   00001000  00000d82  0000027e  RWIX
  FLASH_BANK0_SEC3      00083000   00001000  00000000  00001000  RWIX
  FLASH_BANK0_SEC4      00084000   00001000  0000030a  00000cf6  RWIX
  FLASH_BANK0_SEC5      00085000   00001000  00000000  00001000  RWIX
  FLASH_BANK0_SEC6      00086000   00001000  00000000  00001000  RWIX
  FLASH_BANK0_SEC7      00087000   00001000  00000000  00001000  RWIX
  FLASH_BANK0_SEC8      00088000   00001000  00000000  00001000  RWIX
  FLASH_BANK0_SEC9      00089000   00001000  00000000  00001000  RWIX
  FLASH_BANK0_SEC10     0008a000   00001000  00000000  00001000  RWIX
  FLASH_BANK0_SEC11     0008b000   00001000  00000000  00001000  RWIX
  FLASH_BANK0_SEC12     0008c000   00001000  00000000  00001000  RWIX
  FLASH_BANK0_SEC13     0008d000   00001000  00000000  00001000  RWIX
  FLASH_BANK0_SEC14     0008e000   00001000  00000000  00001000  RWIX
  FLASH_BANK0_SEC15     0008f000   00001000  00000000  00001000  RWIX
  FLASH_BANK1_SEC0      00090000   00001000  00000000  00001000  RWIX
  FLASH_BANK1_SEC1      00091000   00001000  00000000  00001000  RWIX
  FLASH_BANK1_SEC2      00092000   00001000  00000000  00001000  RWIX
  FLASH_BANK1_SEC3      00093000   00001000  00000000  00001000  RWIX
  FLASH_BANK1_SEC4      00094000   00001000  00000000  00001000  RWIX
  FLASH_BANK1_SEC5      00095000   00001000  00000000  00001000  RWIX
  FLASH_BANK1_SEC6      00096000   00001000  00000000  00001000  RWIX
  FLASH_BANK1_SEC7      00097000   00001000  00000000  00001000  RWIX
  FLASH_BANK1_SEC8      00098000   00001000  00000000  00001000  RWIX
  FLASH_BANK1_SEC9      00099000   00001000  00000000  00001000  RWIX
  FLASH_BANK1_SEC10     0009a000   00001000  00000000  00001000  RWIX
  FLASH_BANK1_SEC11     0009b000   00001000  00000000  00001000  RWIX
  FLASH_BANK1_SEC12     0009c000   00001000  00000000  00001000  RWIX
  FLASH_BANK1_SEC13     0009d000   00001000  00000000  00001000  RWIX
  FLASH_BANK1_SEC14     0009e000   00001000  00000000  00001000  RWIX
  FLASH_BANK1_SEC15     0009f000   00000ff0  00000000  00000ff0  RWIX
  RESET                 003fffc0   00000002  00000000  00000002  RWIX

PAGE 1:
  BOOT_RSVD             00000002   000000f1  00000000  000000f1  RWIX
  RAMM1                 00000400   000003f8  00000100  000002f8  RWIX
  RAMLS5                0000a800   00000800  0000005b  000007a5  RWIX
  RAMLS6                0000b000   00000800  00000000  00000800  RWIX
  RAMLS7                0000b800   00000800  00000000  00000800  RWIX
  RAMGS0                0000c000   00002000  00000000  00002000  RWIX
  RAMGS1                0000e000   00002000  00000000  00002000  RWIX
  RAMGS2                00010000   00002000  00000000  00002000  RWIX
  RAMGS3                00012000   00001ff8  00000000  00001ff8  RWIX


SECTION ALLOCATION MAP

 output                                  attributes/
section   page    origin      length       input sections
--------  ----  ----------  ----------   ----------------
codestart 
*          0    00080000    00000002     
                  00080000    00000002     f28004x_codestartbranch.obj (codestart)

.cinit     0    00081cec    00000026     
                  00081cec    00000013     (.cinit..data.load) [load image, compression = lzss]
                  00081cff    00000001     --HOLE-- [fill = 0]
                  00081d00    00000006     (__TI_handler_table)
                  00081d06    00000004     (.cinit..bss.load) [load image, compression = zero_init]
                  00081d0a    00000008     (__TI_cinit_table)

.reset     0    003fffc0    00000000     DSECT

.stack     1    00000400    00000100     UNINITIALIZED
                  00000400    00000100     --HOLE--

.init_array 
*          0    00081000    00000000     UNINITIALIZED

.data      1    0000a800    0000005a     UNINITIALIZED
                  0000a800    00000042     emu_eeprom.obj (.data)
                  0000a842    0000000e     tstBlock.obj (.data)
                  0000a850    00000006     rts2800_fpu32_eabi.lib : exit.c.obj (.data)
                  0000a856    00000002                            : _lock.c.obj (.data:_lock)
                  0000a858    00000002                            : _lock.c.obj (.data:_unlock)

.const     0    00084000    0000030a     
                  00084000    0000009b     driverlib_eabi.lib : flash.obj (.const:.string)
                  0008409b    00000001     --HOLE-- [fill = 0]
                  0008409c    0000009a                        : sysctl.obj (.const:.string)
                  00084136    00000098                        : gpio.obj (.const:.string)
                  000841ce    00000097                        : dcc.obj (.const:.string)
                  00084265    00000001     --HOLE-- [fill = 0]
                  00084266    00000059     device.obj (.const:.string)
                  000842bf    00000001     --HOLE-- [fill = 0]
                  000842c0    00000045     main.obj (.const:.string)
                  00084305    00000001     --HOLE-- [fill = 0]
                  00084306    00000004     emu_eeprom.obj (.const)

.TI.ramfunc 
*          0    00081000    00000cea     RUN ADDR = 00008000
                  00081000    0000049e     emu_eeprom.obj (.TI.ramfunc)
                  0008149e    000000d0     tstBlock.obj (.TI.ramfunc)
                  0008156e    00000044     driverlib_eabi.lib : flash.obj (.TI.ramfunc:Flash_initModule)
                  000815b2    0000002c                        : flash.obj (.TI.ramfunc:Flash_setBankPowerMode)
                  000815de    00000024                        : flash.obj (.TI.ramfunc:Flash_setWaitstates)
                  00081602    0000001d                        : flash.obj (.TI.ramfunc:Flash_setPumpPowerMode)
                  0008161f    00000018                        : flash.obj (.TI.ramfunc:Flash_disableCache)
                  00081637    00000018                        : flash.obj (.TI.ramfunc:Flash_disablePrefetch)
                  0008164f    00000017                        : flash.obj (.TI.ramfunc:Flash_enableCache)
                  00081666    00000017                        : flash.obj (.TI.ramfunc:Flash_enablePrefetch)
                  0008167d    00000016                        : flash.obj (.TI.ramfunc:Flash_enableECC)
                  00081693    00000004                        : sysctl.obj (.TI.ramfunc)
                  00081697    00000001     --HOLE-- [fill = 0]
                  00081698    000002e3     F021_API_F28004x_FPU32_EABI.lib : FlashStateMachine.obj (.text:_Fapi_setupFlashStateMachine)
                  0008197b    000001e5                                     : Program.obj (.text:Fapi_issueProgrammingCommand)
                  00081b60    000000ab                                     : Init.obj (.text:Fapi_initializeAPI)
                  00081c0b    00000047                                     : FlashStateMachine.obj (.text:_Fapi_issueFsmCommand)
                  00081c52    00000031                                     : FlashStateMachine.obj (.text:Fapi_setActiveFlashBank)
                  00081c83    00000031                                     : FlashStateMachine.obj (.text:Fapi_setupBankSectorEnable)
                  00081cb4    0000001e                                     : FlashStateMachine.obj (.text:_Fapi_setupSectorsForWrite)
                  00081cd2    0000000b                                     : FlashStateMachine.obj (.text:Fapi_checkFsmForReady)
                  00081cdd    00000001     --HOLE-- [fill = 0]
                  00081cde    0000000a                                     : Init.obj (.bss) [fill = 0]
                  00081ce8    00000002                                     : FlashStateMachine.obj (.text:Fapi_serviceWatchdogTimer)

.text      0    00082000    00000d82     
                  00082000    0000020d     device.obj (.text)
                  0008220d    000000cb     driverlib_eabi.lib : dcc.obj (.text:DCC_verifyClockFrequency)
                  000822d8    000000c0                        : sysctl.obj (.text:SysCtl_setClock)
                  00082398    000000bd                        : sysctl.obj (.text:SysCtl_isPLLValid)
                  00082455    00000088     rts2800_fpu32_eabi.lib : fs_div28.asm.obj (.text)
                  000824dd    00000073     driverlib_eabi.lib : dcc.obj (.text:DCC_setCounterSeeds)
                  00082550    00000073                        : sysctl.obj (.text:DCC_setCounterSeeds)
                  000825c3    00000069     F021_API_F28004x_FPU32_EABI.lib : Async.obj (.text:Fapi_issueAsyncCommandWithAddress)
                  0008262c    0000005e     driverlib_eabi.lib : sysctl.obj (.text:SysCtl_getClock)
                  0008268a    00000052                        : gpio.obj (.text:GPIO_setPadConfig)
                  000826dc    00000049                        : sysctl.obj (.text:SysCtl_selectOscSource)
                  00082725    00000047     main.obj (.text)
                  0008276c    00000045     driverlib_eabi.lib : sysctl.obj (.text:SysCtl_pollX1Counter)
                  000827b1    0000003d                        : interrupt.obj (.text:Interrupt_initModule)
                  000827ee    0000003a                        : gpio.obj (.text:GPIO_setAnalogMode)
                  00082828    00000036                        : sysctl.obj (.text:SysCtl_selectXTAL)
                  0008285e    00000031                        : gpio.obj (.text:GPIO_setDirectionMode)
                  0008288f    00000030     rts2800_fpu32_eabi.lib : copy_decompress_lzss.c.obj (.text:decompress:lzss)
                  000828bf    0000002c     F021_API_F28004x_FPU32_EABI.lib : Utilities.obj (.text:Fapi_calculateFletcherChecksum)
                  000828eb    0000002b     rts2800_fpu32_eabi.lib : autoinit.c.obj (.text:__TI_auto_init_nobinit_nopinit)
                  00082916    0000002a     F021_API_F28004x_FPU32_EABI.lib : Utilities.obj (.text:_Fapi_divideUnsignedLong)
                  00082940    00000029     rts2800_fpu32_eabi.lib : exit.c.obj (.text)
                  00082969    00000024     driverlib_eabi.lib : dcc.obj (.text:DCC_enableSingleShotMode)
                  0008298d    00000024                        : sysctl.obj (.text:DCC_enableSingleShotMode)
                  000829b1    00000022     rts2800_fpu32_eabi.lib : i_div28.asm.obj (.text)
                  000829d3    00000020     driverlib_eabi.lib : sysctl.obj (.text:SysCtl_selectXTALSingleEnded)
                  000829f3    0000001e                        : dcc.obj (.text:DCC_setCounter1ClkSource)
                  00082a11    0000001e                        : sysctl.obj (.text:DCC_setCounter1ClkSource)
                  00082a2f    0000001e                        : interrupt.obj (.text:Interrupt_initVectorTable)
                  00082a4d    0000001e     rts2800_fpu32_eabi.lib : ll_cmp28.asm.obj (.text)
                  00082a6b    0000001d                            : memcpy.c.obj (.text)
                  00082a88    0000001c     driverlib_eabi.lib : dcc.obj (.text:DCC_getErrorStatus)
                  00082aa4    0000001c                        : dcc.obj (.text:DCC_getSingleShotStatus)
                  00082ac0    0000001c                        : dcc.obj (.text:DCC_setCounter0ClkSource)
                  00082adc    0000001c                        : sysctl.obj (.text:DCC_setCounter0ClkSource)
                  00082af8    0000001a                        : sysctl.obj (.text:SysCtl_getLowSpeedClock)
                  00082b12    00000017                        : sysctl.obj (.text:SysCtl_enablePeripheral)
                  00082b29    00000017     rts2800_fpu32_eabi.lib : boot28.asm.obj (.text)
                  00082b40    00000016     driverlib_eabi.lib : dcc.obj (.text:DCC_disableDoneSignal)
                  00082b56    00000016                        : sysctl.obj (.text:DCC_disableDoneSignal)
                  00082b6c    00000016                        : dcc.obj (.text:DCC_enableDoneSignal)
                  00082b82    00000016                        : sysctl.obj (.text:DCC_enableDoneSignal)
                  00082b98    00000016                        : interrupt.obj (.text:Interrupt_defaultHandler)
                  00082bae    00000015                        : dcc.obj (.text:DCC_clearDoneFlag)
                  00082bc3    00000015                        : sysctl.obj (.text:DCC_clearDoneFlag)
                  00082bd8    00000015                        : dcc.obj (.text:DCC_clearErrorFlag)
                  00082bed    00000015                        : sysctl.obj (.text:DCC_clearErrorFlag)
                  00082c02    00000015                        : dcc.obj (.text:DCC_disableErrorSignal)
                  00082c17    00000015                        : sysctl.obj (.text:DCC_disableErrorSignal)
                  00082c2c    00000015                        : dcc.obj (.text:DCC_enableErrorSignal)
                  00082c41    00000015                        : sysctl.obj (.text:DCC_enableErrorSignal)
                  00082c56    00000014                        : dcc.obj (.text:DCC_disableModule)
                  00082c6a    00000014                        : sysctl.obj (.text:DCC_disableModule)
                  00082c7e    00000014                        : dcc.obj (.text:DCC_enableModule)
                  00082c92    00000014                        : sysctl.obj (.text:DCC_enableModule)
                  00082ca6    00000014                        : gpio.obj (.text:GPIO_isPinValid)
                  00082cba    00000010                        : dcc.obj (.text:DCC_isBaseValid)
                  00082cca    00000010                        : sysctl.obj (.text:DCC_isBaseValid)
                  00082cda    00000010                        : flash.obj (.text:Flash_isCtrlBaseValid)
                  00082cea    00000010                        : flash.obj (.text:Flash_isECCBaseValid)
                  00082cfa    0000000e     F021_API_F28004x_FPU32_EABI.lib : Utilities.obj (.text:_Fapi_scaleCycleValues)
                  00082d08    0000000d     driverlib_eabi.lib : interrupt.obj (.text:Interrupt_disableGlobal)
                  00082d15    0000000d     rts2800_fpu32_eabi.lib : copy_zero_init.c.obj (.text:decompress:ZI:__TI_zero_init_nomemset)
                  00082d22    0000000c                            : args_main.c.obj (.text)
                  00082d2e    0000000b     driverlib_eabi.lib : sysctl.obj (.text:SysCtl_isMCDClockFailureDetected)
                  00082d39    0000000b     F021_API_F28004x_FPU32_EABI.lib : Utilities.obj (.text:_Fapi_calculateOtpChecksum)
                  00082d44    0000000a     driverlib_eabi.lib : interrupt.obj (.text:Interrupt_illegalOperationHandler)
                  00082d4e    0000000a                        : interrupt.obj (.text:Interrupt_nmiHandler)
                  00082d58    00000009     rts2800_fpu32_eabi.lib : _lock.c.obj (.text)
                  00082d61    00000008                            : copy_decompress_none.c.obj (.text:decompress:none)
                  00082d69    00000008     f28004x_codestartbranch.obj (.text)
                  00082d71    00000007     driverlib_eabi.lib : sysctl.obj (.text:SysCtl_resetMCD)
                  00082d78    00000006     board.obj (.text)
                  00082d7e    00000002     rts2800_fpu32_eabi.lib : pre_init.c.obj (.text)
                  00082d80    00000001     c2000ware_libraries.obj (.text)
                  00082d81    00000001     rts2800_fpu32_eabi.lib : startup.c.obj (.text)

.bss       1    0000a85a    00000001     UNINITIALIZED
                  0000a85a    00000001     emu_eeprom.obj (.bss)

MODULE SUMMARY

       Module                        code    ro data   rw data
       ------                        ----    -------   -------
    .\
       emu_eeprom.obj                2364    4         67     
       tstBlock.obj                  416     0         14     
       main.obj                      71      69        0      
    +--+-----------------------------+-------+---------+---------+
       Total:                        2851    73        81     
                                                              
    .\device\
       device.obj                    525     89        0      
       f28004x_codestartbranch.obj   10      0         0      
    +--+-----------------------------+-------+---------+---------+
       Total:                        535     89        0      
                                                              
    .\syscfg\
       board.obj                     6       0         0      
       c2000ware_libraries.obj       1       0         0      
    +--+-----------------------------+-------+---------+---------+
       Total:                        7       0         0      
                                                              
    C:/ti/c2000/C2000Ware_5_01_00_00/libraries/flash_api/f28004x/lib/F021_API_F28004x_FPU32_EABI.lib
       FlashStateMachine.obj         1902    0         0      
       Program.obj                   970     0         0      
       Init.obj                      342     0         20     
       Utilities.obj                 111     0         0      
       Async.obj                     105     0         0      
    +--+-----------------------------+-------+---------+---------+
       Total:                        3430    0         20     
                                                              
    C:\ti\c2000\C2000Ware_5_01_00_00\driverlib\f28004x\driverlib\ccs\Debug\driverlib_eabi.lib
       sysctl.obj                    1171    154       0      
       dcc.obj                       652     151       0      
       flash.obj                     618     155       0      
       gpio.obj                      209     152       0      
       interrupt.obj                 146     0         0      
    +--+-----------------------------+-------+---------+---------+
       Total:                        2796    612       0      
                                                              
    C:\ti\ccs1260\ccs\tools\compiler\ti-cgt-c2000_22.6.1.LTS\lib\rts2800_fpu32_eabi.lib
       fs_div28.asm.obj              136     0         0      
       copy_decompress_lzss.c.obj    48      0         0      
       exit.c.obj                    41      0         6      
       autoinit.c.obj                43      0         0      
       i_div28.asm.obj               34      0         0      
       ll_cmp28.asm.obj              30      0         0      
       memcpy.c.obj                  29      0         0      
       boot28.asm.obj                23      0         0      
       _lock.c.obj                   9       0         4      
       copy_zero_init.c.obj          13      0         0      
       args_main.c.obj               12      0         0      
       copy_decompress_none.c.obj    8       0         0      
       pre_init.c.obj                2       0         0      
       startup.c.obj                 1       0         0      
    +--+-----------------------------+-------+---------+---------+
       Total:                        429     0         10     
                                                              
       Stack:                        0       0         256    
       Linker Generated:             0       37        0      
    +--+-----------------------------+-------+---------+---------+
       Grand Total:                  10048   811       367    


LINKER GENERATED COPY TABLES

__TI_cinit_table @ 00081d0a records: 2, size/record: 4, table size: 8
	.data: load addr=00081cec, load size=00000013 bytes, run addr=0000a800, run size=0000005a bytes, compression=lzss
	.bss: load addr=00081d06, load size=00000004 bytes, run addr=0000a85a, run size=00000001 bytes, compression=zero_init


LINKER GENERATED HANDLER TABLE

__TI_handler_table @ 00081d00 records: 3, size/record: 2, table size: 6
	index: 0, handler: __TI_zero_init
	index: 1, handler: __TI_decompress_lzss
	index: 2, handler: __TI_decompress_none


GLOBAL DATA SYMBOLS: SORTED BY DATA PAGE

address     data page           name
--------    ----------------    ----
00000400      10 (00000400)     __stack

0000a800     2a0 (0000a800)     stEmuEE

0000a842     2a1 (0000a840)     regRESTstBlock
0000a844     2a1 (0000a840)     p
0000a846     2a1 (0000a840)     Test_ST
0000a850     2a1 (0000a840)     __TI_enable_exit_profile_output
0000a852     2a1 (0000a840)     __TI_cleanup_ptr
0000a854     2a1 (0000a840)     __TI_dtors_ptr
0000a856     2a1 (0000a840)     _lock
0000a858     2a1 (0000a840)     _unlock
0000a85a     2a1 (0000a840)     FlashAPIState

00084306    210c (00084300)     DEFAULT_FLASH_WORD


GLOBAL SYMBOLS: SORTED ALPHABETICALLY BY Name 

page  address   name                                              
----  -------   ----                                              
0     00082d78  Board_init                                        
0     00082940  C$$EXIT                                           
0     00082d80  C2000Ware_libraries_init                          
0     0008220d  DCC_verifyClockFrequency                          
0     00084306  DEFAULT_FLASH_WORD                                
0     00008000  DL_FlashCTL_programMemoryFromRAM64WithECCGenerated
0     000820e3  Device_enableAllPeripherals                       
0     00082081  Device_init                                       
0     000821c3  Device_initGPIO                                   
0     000821d3  Device_verifyXTAL                                 
0     00008cde  Fapi_GlobalInit                                   
0     000828bf  Fapi_calculateFletcherChecksum                    
0     00008cd2  Fapi_checkFsmForReady                             
0     00008b60  Fapi_initializeAPI                                
0     000825c3  Fapi_issueAsyncCommandWithAddress                 
0     0000897b  Fapi_issueProgrammingCommand                      
0     00008ce8  Fapi_serviceWatchdogTimer                         
0     00008c52  Fapi_setActiveFlashBank                           
0     00008c83  Fapi_setupBankSectorEnable                        
1     0000a85a  FlashAPIState                                     
0     0000856e  Flash_initModule                                  
0     000827ee  GPIO_setAnalogMode                                
0     0008285e  GPIO_setDirectionMode                             
0     0008268a  GPIO_setPadConfig                                 
0     00082b98  Interrupt_defaultHandler                          
0     00082d44  Interrupt_illegalOperationHandler                 
0     000827b1  Interrupt_initModule                              
0     00082a2f  Interrupt_initVectorTable                         
0     00082d4e  Interrupt_nmiHandler                              
0     00082d7d  PinMux_init                                       
0     00081cea  RamfuncsLoadEnd                                   
abs   00000cea  RamfuncsLoadSize                                  
0     00081000  RamfuncsLoadStart                                 
0     00008cea  RamfuncsRunEnd                                    
abs   00000cea  RamfuncsRunSize                                   
0     00008000  RamfuncsRunStart                                  
0     00008693  SysCtl_delay                                      
0     0008262c  SysCtl_getClock                                   
0     00082af8  SysCtl_getLowSpeedClock                           
0     00082398  SysCtl_isPLLValid                                 
0     000826dc  SysCtl_selectOscSource                            
0     00082828  SysCtl_selectXTAL                                 
0     000829d3  SysCtl_selectXTALSingleEnded                      
0     000822d8  SysCtl_setClock                                   
1     0000a846  Test_ST                                           
0     00082d39  _Fapi_calculateOtpChecksum                        
0     00082916  _Fapi_divideUnsignedLong                          
0     00008c0b  _Fapi_issueFsmCommand                             
0     00082cfa  _Fapi_scaleCycleValues                            
0     00008cb4  _Fapi_setupSectorsForWrite                        
0     00081d0a  __TI_CINIT_Base                                   
0     00081d12  __TI_CINIT_Limit                                  
0     00081d12  __TI_CINIT_Warm                                   
0     00081d00  __TI_Handler_Table_Base                           
0     00081d06  __TI_Handler_Table_Limit                          
1     00000500  __TI_STACK_END                                    
abs   00000100  __TI_STACK_SIZE                                   
0     000828eb  __TI_auto_init_nobinit_nopinit                    
1     0000a852  __TI_cleanup_ptr                                  
0     0008288f  __TI_decompress_lzss                              
0     00082d61  __TI_decompress_none                              
1     0000a854  __TI_dtors_ptr                                    
1     0000a850  __TI_enable_exit_profile_output                   
abs   ffffffff  __TI_pprof_out_hndl                               
abs   ffffffff  __TI_prof_data_size                               
abs   ffffffff  __TI_prof_data_start                              
0     00082d15  __TI_zero_init_nomemset                           
0     00082a4d  __c28xabi_cmpll                                   
0     00082a5f  __c28xabi_cmpull                                  
0     00082455  __c28xabi_divf                                    
0     000829b1  __c28xabi_divi                                    
0     000829c2  __c28xabi_modi                                    
n/a   UNDEFED   __c_args__                                        
0     00082206  __error__                                         
1     00000400  __stack                                           
0     00082d22  _args_main                                        
0     00082b29  _c_int00                                          
1     0000a856  _lock                                             
0     00082d60  _nop                                              
0     00082d5c  _register_lock                                    
0     00082d58  _register_unlock                                  
0     00082d81  _system_post_cinit                                
0     00082d7e  _system_pre_init                                  
1     0000a858  _unlock                                           
0     00082940  abort                                             
0     00008154  builtin_ctz64                                     
0     0000817e  callbackFromFlash                                 
0     000080ce  callbackRAMFromFlash                              
0     0000803e  clearBit                                          
0     00080000  code_start                                        
0     00008477  execEmuEeprom                                     
0     00082942  exit                                              
0     00008082  getAddressSection                                 
0     0000802a  getChecksum                                       
0     00008025  getEepromErrorStatus                              
0     00008071  getMask                                           
0     0000849e  initBlockRam                                      
0     00008117  initEmuEeprom                                     
0     0000810e  isEmuEepromFree                                   
0     0008274b  main                                              
0     00008058  markBit                                           
0     00082a6b  memcpy                                            
1     0000a844  p                                                 
0     000082fa  progEmuEeprom                                     
0     000080f7  readEmuEeprom                                     
1     0000a842  regRESTstBlock                                    
0     000084e1  resetBlockRam                                     
0     000080d9  setProgramEmuEeprom                               
0     000080e4  setVerifyEmuEeprom                                
1     0000a800  stEmuEE                                           
0     0000851b  tstEmuEeprom                                      
0     00008238  varifyFlashByRAM                                  
0     000080ef  waittingEmuEeprom                                 
0     000080b6  writeEmuEeprom                                    
0     00008089  writeEmuEepromBlock                               


GLOBAL SYMBOLS: SORTED BY Symbol Address 

page  address   name                                              
----  -------   ----                                              
0     00008000  DL_FlashCTL_programMemoryFromRAM64WithECCGenerated
0     00008000  RamfuncsRunStart                                  
0     00008025  getEepromErrorStatus                              
0     0000802a  getChecksum                                       
0     0000803e  clearBit                                          
0     00008058  markBit                                           
0     00008071  getMask                                           
0     00008082  getAddressSection                                 
0     00008089  writeEmuEepromBlock                               
0     000080b6  writeEmuEeprom                                    
0     000080ce  callbackRAMFromFlash                              
0     000080d9  setProgramEmuEeprom                               
0     000080e4  setVerifyEmuEeprom                                
0     000080ef  waittingEmuEeprom                                 
0     000080f7  readEmuEeprom                                     
0     0000810e  isEmuEepromFree                                   
0     00008117  initEmuEeprom                                     
0     00008154  builtin_ctz64                                     
0     0000817e  callbackFromFlash                                 
0     00008238  varifyFlashByRAM                                  
0     000082fa  progEmuEeprom                                     
0     00008477  execEmuEeprom                                     
0     0000849e  initBlockRam                                      
0     000084e1  resetBlockRam                                     
0     0000851b  tstEmuEeprom                                      
0     0000856e  Flash_initModule                                  
0     00008693  SysCtl_delay                                      
0     0000897b  Fapi_issueProgrammingCommand                      
0     00008b60  Fapi_initializeAPI                                
0     00008c0b  _Fapi_issueFsmCommand                             
0     00008c52  Fapi_setActiveFlashBank                           
0     00008c83  Fapi_setupBankSectorEnable                        
0     00008cb4  _Fapi_setupSectorsForWrite                        
0     00008cd2  Fapi_checkFsmForReady                             
0     00008cde  Fapi_GlobalInit                                   
0     00008ce8  Fapi_serviceWatchdogTimer                         
0     00008cea  RamfuncsRunEnd                                    
0     00080000  code_start                                        
0     00081000  RamfuncsLoadStart                                 
0     00081cea  RamfuncsLoadEnd                                   
0     00081d00  __TI_Handler_Table_Base                           
0     00081d06  __TI_Handler_Table_Limit                          
0     00081d0a  __TI_CINIT_Base                                   
0     00081d12  __TI_CINIT_Limit                                  
0     00081d12  __TI_CINIT_Warm                                   
0     00082081  Device_init                                       
0     000820e3  Device_enableAllPeripherals                       
0     000821c3  Device_initGPIO                                   
0     000821d3  Device_verifyXTAL                                 
0     00082206  __error__                                         
0     0008220d  DCC_verifyClockFrequency                          
0     000822d8  SysCtl_setClock                                   
0     00082398  SysCtl_isPLLValid                                 
0     00082455  __c28xabi_divf                                    
0     000825c3  Fapi_issueAsyncCommandWithAddress                 
0     0008262c  SysCtl_getClock                                   
0     0008268a  GPIO_setPadConfig                                 
0     000826dc  SysCtl_selectOscSource                            
0     0008274b  main                                              
0     000827b1  Interrupt_initModule                              
0     000827ee  GPIO_setAnalogMode                                
0     00082828  SysCtl_selectXTAL                                 
0     0008285e  GPIO_setDirectionMode                             
0     0008288f  __TI_decompress_lzss                              
0     000828bf  Fapi_calculateFletcherChecksum                    
0     000828eb  __TI_auto_init_nobinit_nopinit                    
0     00082916  _Fapi_divideUnsignedLong                          
0     00082940  C$$EXIT                                           
0     00082940  abort                                             
0     00082942  exit                                              
0     000829b1  __c28xabi_divi                                    
0     000829c2  __c28xabi_modi                                    
0     000829d3  SysCtl_selectXTALSingleEnded                      
0     00082a2f  Interrupt_initVectorTable                         
0     00082a4d  __c28xabi_cmpll                                   
0     00082a5f  __c28xabi_cmpull                                  
0     00082a6b  memcpy                                            
0     00082af8  SysCtl_getLowSpeedClock                           
0     00082b29  _c_int00                                          
0     00082b98  Interrupt_defaultHandler                          
0     00082cfa  _Fapi_scaleCycleValues                            
0     00082d15  __TI_zero_init_nomemset                           
0     00082d22  _args_main                                        
0     00082d39  _Fapi_calculateOtpChecksum                        
0     00082d44  Interrupt_illegalOperationHandler                 
0     00082d4e  Interrupt_nmiHandler                              
0     00082d58  _register_unlock                                  
0     00082d5c  _register_lock                                    
0     00082d60  _nop                                              
0     00082d61  __TI_decompress_none                              
0     00082d78  Board_init                                        
0     00082d7d  PinMux_init                                       
0     00082d7e  _system_pre_init                                  
0     00082d80  C2000Ware_libraries_init                          
0     00082d81  _system_post_cinit                                
0     00084306  DEFAULT_FLASH_WORD                                
1     00000400  __stack                                           
1     00000500  __TI_STACK_END                                    
1     0000a800  stEmuEE                                           
1     0000a842  regRESTstBlock                                    
1     0000a844  p                                                 
1     0000a846  Test_ST                                           
1     0000a850  __TI_enable_exit_profile_output                   
1     0000a852  __TI_cleanup_ptr                                  
1     0000a854  __TI_dtors_ptr                                    
1     0000a856  _lock                                             
1     0000a858  _unlock                                           
1     0000a85a  FlashAPIState                                     
abs   00000100  __TI_STACK_SIZE                                   
abs   00000cea  RamfuncsLoadSize                                  
abs   00000cea  RamfuncsRunSize                                   
abs   ffffffff  __TI_pprof_out_hndl                               
abs   ffffffff  __TI_prof_data_size                               
abs   ffffffff  __TI_prof_data_start                              
n/a   UNDEFED   __c_args__                                        

[115 symbols]
