Component: ARM Compiler 5.06 update 7 (build 960) Tool: armlink [4d3601]

==============================================================================

Small function inlining results

Inlined total of 0 calls.

==============================================================================

Image Symbol Table

    Local Symbols

    Symbol Name                              Value     Ov Type        Size  Object(Section)

    RESET                                    0x00000000   Section      192  startup_m0a21.o(RESET)
    ../clib/microlib/division.c              0x00000000   Number         0  uidiv.o ABSOLUTE
    ../clib/microlib/division.c              0x00000000   Number         0  uldiv.o ABSOLUTE
    ../clib/microlib/init/entry.s            0x00000000   Number         0  entry.o ABSOLUTE
    ../clib/microlib/init/entry.s            0x00000000   Number         0  entry12a.o ABSOLUTE
    ../clib/microlib/init/entry.s            0x00000000   Number         0  entry12b.o ABSOLUTE
    ../clib/microlib/init/entry.s            0x00000000   Number         0  entry5.o ABSOLUTE
    ../clib/microlib/init/entry.s            0x00000000   Number         0  entry11b.o ABSOLUTE
    ../clib/microlib/init/entry.s            0x00000000   Number         0  entry11a.o ABSOLUTE
    ../clib/microlib/init/entry.s            0x00000000   Number         0  entry10b.o ABSOLUTE
    ../clib/microlib/init/entry.s            0x00000000   Number         0  entry10a.o ABSOLUTE
    ../clib/microlib/init/entry.s            0x00000000   Number         0  entry9b.o ABSOLUTE
    ../clib/microlib/init/entry.s            0x00000000   Number         0  entry9a.o ABSOLUTE
    ../clib/microlib/init/entry.s            0x00000000   Number         0  entry8b.o ABSOLUTE
    ../clib/microlib/init/entry.s            0x00000000   Number         0  entry8a.o ABSOLUTE
    ../clib/microlib/init/entry.s            0x00000000   Number         0  entry7b.o ABSOLUTE
    ../clib/microlib/init/entry.s            0x00000000   Number         0  entry7a.o ABSOLUTE
    ../clib/microlib/init/entry.s            0x00000000   Number         0  entry2.o ABSOLUTE
    ../clib/microlib/longlong.c              0x00000000   Number         0  llshl.o ABSOLUTE
    ../clib/microlib/longlong.c              0x00000000   Number         0  llsshr.o ABSOLUTE
    ../clib/microlib/longlong.c              0x00000000   Number         0  llushr.o ABSOLUTE
    ../clib/microlib/printf/printf.c         0x00000000   Number         0  printf7.o ABSOLUTE
    ../clib/microlib/printf/printf.c         0x00000000   Number         0  printf6.o ABSOLUTE
    ../clib/microlib/printf/printf.c         0x00000000   Number         0  printfb.o ABSOLUTE
    ../clib/microlib/printf/printf.c         0x00000000   Number         0  printf0.o ABSOLUTE
    ../clib/microlib/printf/printf.c         0x00000000   Number         0  printf1.o ABSOLUTE
    ../clib/microlib/printf/printf.c         0x00000000   Number         0  printf2.o ABSOLUTE
    ../clib/microlib/printf/printf.c         0x00000000   Number         0  printf3.o ABSOLUTE
    ../clib/microlib/printf/printf.c         0x00000000   Number         0  printf4.o ABSOLUTE
    ../clib/microlib/printf/printf.c         0x00000000   Number         0  printfa.o ABSOLUTE
    ../clib/microlib/printf/printf.c         0x00000000   Number         0  printf5.o ABSOLUTE
    ../clib/microlib/printf/printf.c         0x00000000   Number         0  printf8.o ABSOLUTE
    ../clib/microlib/printf/stubs.s          0x00000000   Number         0  stubs.o ABSOLUTE
    ../clib/microlib/string/memcpy.c         0x00000000   Number         0  memcpyb.o ABSOLUTE
    ../clib/microlib/string/memcpy.c         0x00000000   Number         0  memcpya.o ABSOLUTE
    ../clib/microlib/stubs.s                 0x00000000   Number         0  iusefp.o ABSOLUTE
    ../fplib/microlib/fpadd.c                0x00000000   Number         0  dadd.o ABSOLUTE
    ../fplib/microlib/fpdiv.c                0x00000000   Number         0  ddiv.o ABSOLUTE
    ../fplib/microlib/fpepilogue.c           0x00000000   Number         0  depilogue.o ABSOLUTE
    ../fplib/microlib/fpfix.c                0x00000000   Number         0  dfixul.o ABSOLUTE
    ../fplib/microlib/fpmul.c                0x00000000   Number         0  dmul.o ABSOLUTE
    ..\..\..\Library\Device\Nuvoton\M0A21\Source\ARM\startup_M0A21.s 0x00000000   Number         0  startup_m0a21.o ABSOLUTE
    ..\..\..\Library\Device\Nuvoton\M0A21\Source\system_M0A21.c 0x00000000   Number         0  system_m0a21.o ABSOLUTE
    ..\..\..\Library\StdDriver\src\clk.c     0x00000000   Number         0  clk.o ABSOLUTE
    ..\..\..\Library\StdDriver\src\retarget.c 0x00000000   Number         0  retarget.o ABSOLUTE
    ..\..\..\Library\StdDriver\src\uart.c    0x00000000   Number         0  uart.o ABSOLUTE
    ..\\..\\..\\Library\\Device\\Nuvoton\\M0A21\\Source\\system_M0A21.c 0x00000000   Number         0  system_m0a21.o ABSOLUTE
    ..\\..\\..\\Library\\StdDriver\\src\\clk.c 0x00000000   Number         0  clk.o ABSOLUTE
    ..\\..\\..\\Library\\StdDriver\\src\\retarget.c 0x00000000   Number         0  retarget.o ABSOLUTE
    ..\\..\\..\\Library\\StdDriver\\src\\uart.c 0x00000000   Number         0  uart.o ABSOLUTE
    ..\\main.c                               0x00000000   Number         0  main.o ABSOLUTE
    ..\main.c                                0x00000000   Number         0  main.o ABSOLUTE
    cdrcmple.s                               0x00000000   Number         0  cdrcmple.o ABSOLUTE
    handlers.s                               0x00000000   Number         0  handlers.o ABSOLUTE
    init.s                                   0x00000000   Number         0  init.o ABSOLUTE
    .ARM.Collect$$$$00000000                 0x000000c0   Section        0  entry.o(.ARM.Collect$$$$00000000)
    .ARM.Collect$$$$00000001                 0x000000c0   Section        4  entry2.o(.ARM.Collect$$$$00000001)
    .ARM.Collect$$$$00000004                 0x000000c4   Section        4  entry5.o(.ARM.Collect$$$$00000004)
    .ARM.Collect$$$$00000008                 0x000000c8   Section        0  entry7b.o(.ARM.Collect$$$$00000008)
    .ARM.Collect$$$$0000000A                 0x000000c8   Section        0  entry8b.o(.ARM.Collect$$$$0000000A)
    .ARM.Collect$$$$0000000B                 0x000000c8   Section        8  entry9a.o(.ARM.Collect$$$$0000000B)
    .ARM.Collect$$$$0000000E                 0x000000d0   Section        4  entry12b.o(.ARM.Collect$$$$0000000E)
    .ARM.Collect$$$$0000000F                 0x000000d4   Section        0  entry10a.o(.ARM.Collect$$$$0000000F)
    .ARM.Collect$$$$00000011                 0x000000d4   Section        0  entry11a.o(.ARM.Collect$$$$00000011)
    .ARM.Collect$$$$00002712                 0x000000d4   Section        4  entry2.o(.ARM.Collect$$$$00002712)
    __lit__00000000                          0x000000d4   Data           4  entry2.o(.ARM.Collect$$$$00002712)
    .emb_text                                0x000000d8   Section       28  retarget.o(.emb_text)
    .text                                    0x000000f4   Section       28  startup_m0a21.o(.text)
    Default_Handler                          0x00000107   Thumb Code     2  startup_m0a21.o(.text)
    .text                                    0x00000110   Section        0  uidiv.o(.text)
    .text                                    0x0000013c   Section        0  memcpya.o(.text)
    .text                                    0x00000160   Section        0  uldiv.o(.text)
    .text                                    0x000001c0   Section       36  init.o(.text)
    .text                                    0x000001e4   Section        0  llshl.o(.text)
    .text                                    0x00000204   Section        0  llushr.o(.text)
    i.CLK_EnableModuleClock                  0x00000228   Section        0  clk.o(i.CLK_EnableModuleClock)
    i.CLK_EnableXtalRC                       0x00000258   Section        0  clk.o(i.CLK_EnableXtalRC)
    i.CLK_GetPCLK0Freq                       0x00000268   Section        0  clk.o(i.CLK_GetPCLK0Freq)
    i.CLK_GetPCLK1Freq                       0x00000288   Section        0  clk.o(i.CLK_GetPCLK1Freq)
    i.CLK_SetHCLK                            0x000002a8   Section        0  clk.o(i.CLK_SetHCLK)
    i.CLK_SetModuleClock                     0x000002f8   Section        0  clk.o(i.CLK_SetModuleClock)
    i.CLK_WaitClockReady                     0x00000368   Section        0  clk.o(i.CLK_WaitClockReady)
    i.Hard_Fault_Handler                     0x00000394   Section        0  retarget.o(i.Hard_Fault_Handler)
    __tagsym$$used                           0x00000395   Number         0  retarget.o(i.Hard_Fault_Handler)
    i.SYS_Init                               0x000003bc   Section        0  main.o(i.SYS_Init)
    i.SendChar                               0x00000424   Section        0  retarget.o(i.SendChar)
    SendChar                                 0x00000425   Thumb Code    26  retarget.o(i.SendChar)
    i.SystemCoreClockUpdate                  0x00000444   Section        0  system_m0a21.o(i.SystemCoreClockUpdate)
    i.SystemInit                             0x00000480   Section        0  system_m0a21.o(i.SystemInit)
    i.UART_Open                              0x00000484   Section        0  uart.o(i.UART_Open)
    i.__0printf$5                            0x00000540   Section        0  printf5.o(i.__0printf$5)
    i.__scatterload_copy                     0x00000560   Section       14  handlers.o(i.__scatterload_copy)
    i.__scatterload_null                     0x0000056e   Section        2  handlers.o(i.__scatterload_null)
    i.__scatterload_zeroinit                 0x00000570   Section       14  handlers.o(i.__scatterload_zeroinit)
    i._printf_core                           0x00000580   Section        0  printf5.o(i._printf_core)
    _printf_core                             0x00000581   Thumb Code   680  printf5.o(i._printf_core)
    i.fputc                                  0x00000854   Section        0  retarget.o(i.fputc)
    i.main                                   0x00000860   Section        0  main.o(i.main)
    i.stackDump                              0x0000088c   Section        0  retarget.o(i.stackDump)
    stackDump                                0x0000088d   Thumb Code    70  retarget.o(i.stackDump)
    .constdata                               0x00000934   Section       32  system_m0a21.o(.constdata)
    .constdata                               0x00000954   Section       72  uart.o(.constdata)
    .constdata                               0x0000099c   Section       56  clk.o(.constdata)
    .data                                    0x20000000   Section        8  system_m0a21.o(.data)
    .data                                    0x20000008   Section        4  retarget.o(.data)
    STACK                                    0x20000010   Section      512  startup_m0a21.o(STACK)

    Global Symbols

    Symbol Name                              Value     Ov Type        Size  Object(Section)

    BuildAttributes$$THM_ISAv3M$S$PE$A:L22$X:L11$S22$IEEE1$IW$USESV6$~STKCKD$USESV7$~SHL$OSPACE$ROPI$EBA8$MICROLIB$REQ8$PRES8$EABIv2 0x00000000   Number         0  anon$$obj.o ABSOLUTE
    __ARM_use_no_argv                        0x00000000   Number         0  main.o ABSOLUTE
    __Vectors                                0x00000000   Data           4  startup_m0a21.o(RESET)
    _printf_a                                0x00000000   Number         0  stubs.o ABSOLUTE
    _printf_c                                0x00000000   Number         0  stubs.o ABSOLUTE
    _printf_charcount                        0x00000000   Number         0  stubs.o ABSOLUTE
    _printf_d                                0x00000000   Number         0  stubs.o ABSOLUTE
    _printf_e                                0x00000000   Number         0  stubs.o ABSOLUTE
    _printf_f                                0x00000000   Number         0  stubs.o ABSOLUTE
    _printf_flags                            0x00000000   Number         0  stubs.o ABSOLUTE
    _printf_fp_dec                           0x00000000   Number         0  stubs.o ABSOLUTE
    _printf_fp_hex                           0x00000000   Number         0  stubs.o ABSOLUTE
    _printf_g                                0x00000000   Number         0  stubs.o ABSOLUTE
    _printf_i                                0x00000000   Number         0  stubs.o ABSOLUTE
    _printf_int_dec                          0x00000000   Number         0  stubs.o ABSOLUTE
    _printf_l                                0x00000000   Number         0  stubs.o ABSOLUTE
    _printf_lc                               0x00000000   Number         0  stubs.o ABSOLUTE
    _printf_ll                               0x00000000   Number         0  stubs.o ABSOLUTE
    _printf_lld                              0x00000000   Number         0  stubs.o ABSOLUTE
    _printf_lli                              0x00000000   Number         0  stubs.o ABSOLUTE
    _printf_llo                              0x00000000   Number         0  stubs.o ABSOLUTE
    _printf_llu                              0x00000000   Number         0  stubs.o ABSOLUTE
    _printf_llx                              0x00000000   Number         0  stubs.o ABSOLUTE
    _printf_longlong_dec                     0x00000000   Number         0  stubs.o ABSOLUTE
    _printf_longlong_hex                     0x00000000   Number         0  stubs.o ABSOLUTE
    _printf_longlong_oct                     0x00000000   Number         0  stubs.o ABSOLUTE
    _printf_ls                               0x00000000   Number         0  stubs.o ABSOLUTE
    _printf_mbtowc                           0x00000000   Number         0  stubs.o ABSOLUTE
    _printf_n                                0x00000000   Number         0  stubs.o ABSOLUTE
    _printf_o                                0x00000000   Number         0  stubs.o ABSOLUTE
    _printf_p                                0x00000000   Number         0  stubs.o ABSOLUTE
    _printf_percent                          0x00000000   Number         0  stubs.o ABSOLUTE
    _printf_pre_padding                      0x00000000   Number         0  stubs.o ABSOLUTE
    _printf_return_value                     0x00000000   Number         0  stubs.o ABSOLUTE
    _printf_s                                0x00000000   Number         0  stubs.o ABSOLUTE
    _printf_sizespec                         0x00000000   Number         0  stubs.o ABSOLUTE
    _printf_str                              0x00000000   Number         0  stubs.o ABSOLUTE
    _printf_truncate_signed                  0x00000000   Number         0  stubs.o ABSOLUTE
    _printf_truncate_unsigned                0x00000000   Number         0  stubs.o ABSOLUTE
    _printf_u                                0x00000000   Number         0  stubs.o ABSOLUTE
    _printf_wc                               0x00000000   Number         0  stubs.o ABSOLUTE
    _printf_wctomb                           0x00000000   Number         0  stubs.o ABSOLUTE
    _printf_widthprec                        0x00000000   Number         0  stubs.o ABSOLUTE
    _printf_x                                0x00000000   Number         0  stubs.o ABSOLUTE
    __arm_fini_                               - Undefined Weak Reference
    __cpp_initialize__aeabi_                  - Undefined Weak Reference
    __cxa_finalize                            - Undefined Weak Reference
    __decompress                              - Undefined Weak Reference
    _clock_init                               - Undefined Weak Reference
    _microlib_exit                            - Undefined Weak Reference
    __main                                   0x000000c1   Thumb Code     0  entry.o(.ARM.Collect$$$$00000000)
    _main_stk                                0x000000c1   Thumb Code     0  entry2.o(.ARM.Collect$$$$00000001)
    _main_scatterload                        0x000000c5   Thumb Code     0  entry5.o(.ARM.Collect$$$$00000004)
    __main_after_scatterload                 0x000000c9   Thumb Code     0  entry5.o(.ARM.Collect$$$$00000004)
    _main_clock                              0x000000c9   Thumb Code     0  entry7b.o(.ARM.Collect$$$$00000008)
    _main_cpp_init                           0x000000c9   Thumb Code     0  entry8b.o(.ARM.Collect$$$$0000000A)
    _main_init                               0x000000c9   Thumb Code     0  entry9a.o(.ARM.Collect$$$$0000000B)
    __rt_lib_shutdown_fini                   0x000000d1   Thumb Code     0  entry12b.o(.ARM.Collect$$$$0000000E)
    __rt_final_cpp                           0x000000d5   Thumb Code     0  entry10a.o(.ARM.Collect$$$$0000000F)
    __rt_final_exit                          0x000000d5   Thumb Code     0  entry11a.o(.ARM.Collect$$$$00000011)
    HardFault_Handler                        0x000000d9   Thumb Code    24  retarget.o(.emb_text)
    Reset_Handler                            0x000000f5   Thumb Code     8  startup_m0a21.o(.text)
    NMI_Handler                              0x000000fd   Thumb Code     2  startup_m0a21.o(.text)
    SVC_Handler                              0x00000101   Thumb Code     2  startup_m0a21.o(.text)
    PendSV_Handler                           0x00000103   Thumb Code     2  startup_m0a21.o(.text)
    SysTick_Handler                          0x00000105   Thumb Code     2  startup_m0a21.o(.text)
    ACMP01_IRQHandler                        0x00000107   Thumb Code     0  startup_m0a21.o(.text)
    ADC_IRQHandler                           0x00000107   Thumb Code     0  startup_m0a21.o(.text)
    BOD_IRQHandler                           0x00000107   Thumb Code     0  startup_m0a21.o(.text)
    CAN0_IRQHandler                          0x00000107   Thumb Code     0  startup_m0a21.o(.text)
    CKFAIL_IRQHandler                        0x00000107   Thumb Code     0  startup_m0a21.o(.text)
    DAC0_IRQHandler                          0x00000107   Thumb Code     0  startup_m0a21.o(.text)
    EINT024_IRQHandler                       0x00000107   Thumb Code     0  startup_m0a21.o(.text)
    EINT135_IRQHandler                       0x00000107   Thumb Code     0  startup_m0a21.o(.text)
    GPAB_IRQHandler                          0x00000107   Thumb Code     0  startup_m0a21.o(.text)
    GPCD_IRQHandler                          0x00000107   Thumb Code     0  startup_m0a21.o(.text)
    PDMA_IRQHandler                          0x00000107   Thumb Code     0  startup_m0a21.o(.text)
    PWM0_IRQHandler                          0x00000107   Thumb Code     0  startup_m0a21.o(.text)
    PWRWU_IRQHandler                         0x00000107   Thumb Code     0  startup_m0a21.o(.text)
    TMR0_IRQHandler                          0x00000107   Thumb Code     0  startup_m0a21.o(.text)
    TMR1_IRQHandler                          0x00000107   Thumb Code     0  startup_m0a21.o(.text)
    TMR2_IRQHandler                          0x00000107   Thumb Code     0  startup_m0a21.o(.text)
    TMR3_IRQHandler                          0x00000107   Thumb Code     0  startup_m0a21.o(.text)
    UART0_IRQHandler                         0x00000107   Thumb Code     0  startup_m0a21.o(.text)
    UART1_IRQHandler                         0x00000107   Thumb Code     0  startup_m0a21.o(.text)
    USCI0_IRQHandler                         0x00000107   Thumb Code     0  startup_m0a21.o(.text)
    USCI1_IRQHandler                         0x00000107   Thumb Code     0  startup_m0a21.o(.text)
    WDT_IRQHandler                           0x00000107   Thumb Code     0  startup_m0a21.o(.text)
    __aeabi_uidiv                            0x00000111   Thumb Code     0  uidiv.o(.text)
    __aeabi_uidivmod                         0x00000111   Thumb Code    44  uidiv.o(.text)
    __aeabi_memcpy                           0x0000013d   Thumb Code    36  memcpya.o(.text)
    __aeabi_memcpy4                          0x0000013d   Thumb Code     0  memcpya.o(.text)
    __aeabi_memcpy8                          0x0000013d   Thumb Code     0  memcpya.o(.text)
    __aeabi_uldivmod                         0x00000161   Thumb Code    96  uldiv.o(.text)
    __scatterload                            0x000001c1   Thumb Code    28  init.o(.text)
    __scatterload_rt2                        0x000001c1   Thumb Code     0  init.o(.text)
    __aeabi_llsl                             0x000001e5   Thumb Code    32  llshl.o(.text)
    _ll_shift_l                              0x000001e5   Thumb Code     0  llshl.o(.text)
    __aeabi_llsr                             0x00000205   Thumb Code    34  llushr.o(.text)
    _ll_ushift_r                             0x00000205   Thumb Code     0  llushr.o(.text)
    CLK_EnableModuleClock                    0x00000229   Thumb Code    40  clk.o(i.CLK_EnableModuleClock)
    CLK_EnableXtalRC                         0x00000259   Thumb Code    10  clk.o(i.CLK_EnableXtalRC)
    CLK_GetPCLK0Freq                         0x00000269   Thumb Code    22  clk.o(i.CLK_GetPCLK0Freq)
    CLK_GetPCLK1Freq                         0x00000289   Thumb Code    22  clk.o(i.CLK_GetPCLK1Freq)
    CLK_SetHCLK                              0x000002a9   Thumb Code    76  clk.o(i.CLK_SetHCLK)
    CLK_SetModuleClock                       0x000002f9   Thumb Code   102  clk.o(i.CLK_SetModuleClock)
    CLK_WaitClockReady                       0x00000369   Thumb Code    34  clk.o(i.CLK_WaitClockReady)
    Hard_Fault_Handler                       0x00000395   Thumb Code    16  retarget.o(i.Hard_Fault_Handler)
    SYS_Init                                 0x000003bd   Thumb Code    88  main.o(i.SYS_Init)
    SystemCoreClockUpdate                    0x00000445   Thumb Code    44  system_m0a21.o(i.SystemCoreClockUpdate)
    SystemInit                               0x00000481   Thumb Code     2  system_m0a21.o(i.SystemInit)
    UART_Open                                0x00000485   Thumb Code   162  uart.o(i.UART_Open)
    __0printf$5                              0x00000541   Thumb Code    24  printf5.o(i.__0printf$5)
    __1printf$5                              0x00000541   Thumb Code     0  printf5.o(i.__0printf$5)
    __2printf                                0x00000541   Thumb Code     0  printf5.o(i.__0printf$5)
    __scatterload_copy                       0x00000561   Thumb Code    14  handlers.o(i.__scatterload_copy)
    __scatterload_null                       0x0000056f   Thumb Code     2  handlers.o(i.__scatterload_null)
    __scatterload_zeroinit                   0x00000571   Thumb Code    14  handlers.o(i.__scatterload_zeroinit)
    fputc                                    0x00000855   Thumb Code    12  retarget.o(i.fputc)
    main                                     0x00000861   Thumb Code    22  main.o(i.main)
    gau32ClkSrcTbl                           0x00000934   Data          32  system_m0a21.o(.constdata)
    Region$$Table$$Base                      0x000009d4   Number         0  anon$$obj.o(Region$$Table)
    Region$$Table$$Limit                     0x000009f4   Number         0  anon$$obj.o(Region$$Table)
    SystemCoreClock                          0x20000000   Data           4  system_m0a21.o(.data)
    CyclesPerUs                              0x20000004   Data           4  system_m0a21.o(.data)
    __stdout                                 0x20000008   Data           4  retarget.o(.data)
    __initial_sp                             0x20000210   Data           0  startup_m0a21.o(STACK)



==============================================================================

Memory Map of the image

  Image Entry point : 0x000000f5

  Load Region LR_1 (Base: 0x00000000, Size: 0x00000a00, Max: 0xffffffff, ABSOLUTE)

    Execution Region ER_RO (Exec base: 0x00000000, Load base: 0x00000000, Size: 0x000009f4, Max: 0xffffffff, ABSOLUTE)

    Exec Addr    Load Addr    Size         Type   Attr      Idx    E Section Name        Object

    0x00000000   0x00000000   0x000000c0   Data   RO          178    RESET               startup_m0a21.o
    0x000000c0   0x000000c0   0x00000000   Code   RO          546  * .ARM.Collect$$$$00000000  mc_p.l(entry.o)
    0x000000c0   0x000000c0   0x00000004   Code   RO          814    .ARM.Collect$$$$00000001  mc_p.l(entry2.o)
    0x000000c4   0x000000c4   0x00000004   Code   RO          817    .ARM.Collect$$$$00000004  mc_p.l(entry5.o)
    0x000000c8   0x000000c8   0x00000000   Code   RO          819    .ARM.Collect$$$$00000008  mc_p.l(entry7b.o)
    0x000000c8   0x000000c8   0x00000000   Code   RO          821    .ARM.Collect$$$$0000000A  mc_p.l(entry8b.o)
    0x000000c8   0x000000c8   0x00000008   Code   RO          822    .ARM.Collect$$$$0000000B  mc_p.l(entry9a.o)
    0x000000d0   0x000000d0   0x00000004   Code   RO          829    .ARM.Collect$$$$0000000E  mc_p.l(entry12b.o)
    0x000000d4   0x000000d4   0x00000000   Code   RO          824    .ARM.Collect$$$$0000000F  mc_p.l(entry10a.o)
    0x000000d4   0x000000d4   0x00000000   Code   RO          826    .ARM.Collect$$$$00000011  mc_p.l(entry11a.o)
    0x000000d4   0x000000d4   0x00000004   Code   RO          815    .ARM.Collect$$$$00002712  mc_p.l(entry2.o)
    0x000000d8   0x000000d8   0x0000001c   Code   RO          185    .emb_text           retarget.o
    0x000000f4   0x000000f4   0x0000001c   Code   RO          179  * .text               startup_m0a21.o
    0x00000110   0x00000110   0x0000002c   Code   RO          547    .text               mc_p.l(uidiv.o)
    0x0000013c   0x0000013c   0x00000024   Code   RO          549    .text               mc_p.l(memcpya.o)
    0x00000160   0x00000160   0x00000060   Code   RO          830    .text               mc_p.l(uldiv.o)
    0x000001c0   0x000001c0   0x00000024   Code   RO          843    .text               mc_p.l(init.o)
    0x000001e4   0x000001e4   0x00000020   Code   RO          845    .text               mc_p.l(llshl.o)
    0x00000204   0x00000204   0x00000022   Code   RO          847    .text               mc_p.l(llushr.o)
    0x00000226   0x00000226   0x00000002   PAD
    0x00000228   0x00000228   0x00000030   Code   RO          377    i.CLK_EnableModuleClock  clk.o
    0x00000258   0x00000258   0x00000010   Code   RO          379    i.CLK_EnableXtalRC  clk.o
    0x00000268   0x00000268   0x00000020   Code   RO          384    i.CLK_GetPCLK0Freq  clk.o
    0x00000288   0x00000288   0x00000020   Code   RO          385    i.CLK_GetPCLK1Freq  clk.o
    0x000002a8   0x000002a8   0x00000050   Code   RO          389    i.CLK_SetHCLK       clk.o
    0x000002f8   0x000002f8   0x00000070   Code   RO          390    i.CLK_SetModuleClock  clk.o
    0x00000368   0x00000368   0x0000002c   Code   RO          392    i.CLK_WaitClockReady  clk.o
    0x00000394   0x00000394   0x00000028   Code   RO          186    i.Hard_Fault_Handler  retarget.o
    0x000003bc   0x000003bc   0x00000068   Code   RO          519    i.SYS_Init          main.o
    0x00000424   0x00000424   0x00000020   Code   RO          188    i.SendChar          retarget.o
    0x00000444   0x00000444   0x0000003c   Code   RO            3    i.SystemCoreClockUpdate  system_m0a21.o
    0x00000480   0x00000480   0x00000002   Code   RO            4    i.SystemInit        system_m0a21.o
    0x00000482   0x00000482   0x00000002   PAD
    0x00000484   0x00000484   0x000000bc   Code   RO          273    i.UART_Open         uart.o
    0x00000540   0x00000540   0x00000020   Code   RO          686    i.__0printf$5       mc_p.l(printf5.o)
    0x00000560   0x00000560   0x0000000e   Code   RO          857    i.__scatterload_copy  mc_p.l(handlers.o)
    0x0000056e   0x0000056e   0x00000002   Code   RO          858    i.__scatterload_null  mc_p.l(handlers.o)
    0x00000570   0x00000570   0x0000000e   Code   RO          859    i.__scatterload_zeroinit  mc_p.l(handlers.o)
    0x0000057e   0x0000057e   0x00000002   PAD
    0x00000580   0x00000580   0x000002d4   Code   RO          693    i._printf_core      mc_p.l(printf5.o)
    0x00000854   0x00000854   0x0000000c   Code   RO          192    i.fputc             retarget.o
    0x00000860   0x00000860   0x0000002c   Code   RO          520    i.main              main.o
    0x0000088c   0x0000088c   0x000000a8   Code   RO          194    i.stackDump         retarget.o
    0x00000934   0x00000934   0x00000020   Data   RO            5    .constdata          system_m0a21.o
    0x00000954   0x00000954   0x00000048   Data   RO          282    .constdata          uart.o
    0x0000099c   0x0000099c   0x00000038   Data   RO          393    .constdata          clk.o
    0x000009d4   0x000009d4   0x00000020   Data   RO          855    Region$$Table       anon$$obj.o


    Execution Region ER_RW (Exec base: 0x20000000, Load base: 0x000009f4, Size: 0x0000000c, Max: 0xffffffff, ABSOLUTE)

    Exec Addr    Load Addr    Size         Type   Attr      Idx    E Section Name        Object

    0x20000000   0x000009f4   0x00000008   Data   RW            6    .data               system_m0a21.o
    0x20000008   0x000009fc   0x00000004   Data   RW          195    .data               retarget.o


    Execution Region ER_ZI (Exec base: 0x2000000c, Load base: 0x00000a00, Size: 0x00000204, Max: 0xffffffff, ABSOLUTE)

    Exec Addr    Load Addr    Size         Type   Attr      Idx    E Section Name        Object

    0x2000000c   0x00000a00   0x00000004   PAD
    0x20000010        -       0x00000200   Zero   RW          176    STACK               startup_m0a21.o


==============================================================================

Image component sizes


      Code (inc. data)   RO Data    RW Data    ZI Data      Debug   Object Name

       364         58         56          0          0       4709   clk.o
       148         38          0          0          0      45066   main.o
       280        132          0          4          0       4651   retarget.o
        28          8        192          0        512        692   startup_m0a21.o
        62         16         32          8          0      20922   system_m0a21.o
       188         26         72          0          0       1324   uart.o

    ----------------------------------------------------------------------
      1072        278        384         12        516      77364   Object Totals
         0          0         32          0          0          0   (incl. Generated)
         2          0          0          0          4          0   (incl. Padding)

    ----------------------------------------------------------------------

      Code (inc. data)   RO Data    RW Data    ZI Data      Debug   Library Member Name

         0          0          0          0          0          0   entry.o
         0          0          0          0          0          0   entry10a.o
         0          0          0          0          0          0   entry11a.o
         4          0          0          0          0          0   entry12b.o
         8          4          0          0          0          0   entry2.o
         4          0          0          0          0          0   entry5.o
         0          0          0          0          0          0   entry7b.o
         0          0          0          0          0          0   entry8b.o
         8          4          0          0          0          0   entry9a.o
        30          0          0          0          0          0   handlers.o
        36          8          0          0          0         68   init.o
        32          0          0          0          0         68   llshl.o
        34          0          0          0          0         68   llushr.o
        36          0          0          0          0         60   memcpya.o
       756         52          0          0          0        168   printf5.o
        44          0          0          0          0         72   uidiv.o
        96          0          0          0          0         84   uldiv.o

    ----------------------------------------------------------------------
      1092         68          0          0          0        588   Library Totals
         4          0          0          0          0          0   (incl. Padding)

    ----------------------------------------------------------------------

      Code (inc. data)   RO Data    RW Data    ZI Data      Debug   Library Name

      1088         68          0          0          0        588   mc_p.l

    ----------------------------------------------------------------------
      1092         68          0          0          0        588   Library Totals

    ----------------------------------------------------------------------

==============================================================================


      Code (inc. data)   RO Data    RW Data    ZI Data      Debug   

      2164        346        384         12        516      77216   Grand Totals
      2164        346        384         12        516      77216   ELF Image Totals
      2164        346        384         12          0          0   ROM Totals

==============================================================================

    Total RO  Size (Code + RO Data)                 2548 (   2.49kB)
    Total RW  Size (RW Data + ZI Data)               528 (   0.52kB)
    Total ROM Size (Code + RO Data + RW Data)       2560 (   2.50kB)

==============================================================================

