<?xml version="1.0" encoding="ISO-8859-1" ?>
<link_info>
   <banner>TMS320C2000 Linker PC v22.6.0.LTS</banner>
   <copyright>Copyright (c) 1996-2018 Texas Instruments Incorporated</copyright>
   <link_time>0x64d49ddb</link_time>
   <link_errors>0x1</link_errors>
   <output_file>empty_sysconfig_100pz.out</output_file>
   <entry_point>
      <name>code_start</name>
      <address>0x0</address>
   </entry_point>
   <input_file_list>
      <input_file id="fl-2">
         <path>.\syscfg\</path>
         <kind>object</kind>
         <file>board.obj</file>
         <name>board.obj</name>
      </input_file>
      <input_file id="fl-3">
         <path>.\syscfg\</path>
         <kind>object</kind>
         <file>c2000ware_libraries.obj</file>
         <name>c2000ware_libraries.obj</name>
      </input_file>
      <input_file id="fl-4">
         <path>.\</path>
         <kind>object</kind>
         <file>cla_task.obj</file>
         <name>cla_task.obj</name>
      </input_file>
      <input_file id="fl-5">
         <path>.\</path>
         <kind>object</kind>
         <file>empty_sysconfig_main.obj</file>
         <name>empty_sysconfig_main.obj</name>
      </input_file>
      <input_file id="fl-6">
         <path>.\device\</path>
         <kind>object</kind>
         <file>device.obj</file>
         <name>device.obj</name>
      </input_file>
      <input_file id="fl-7">
         <path>.\device\</path>
         <kind>object</kind>
         <file>f28004x_codestartbranch.obj</file>
         <name>f28004x_codestartbranch.obj</name>
      </input_file>
      <input_file id="fl-8">
         <path>.\mb_slave\</path>
         <kind>object</kind>
         <file>CRC16.obj</file>
         <name>CRC16.obj</name>
      </input_file>
      <input_file id="fl-9">
         <path>.\mb_slave\</path>
         <kind>object</kind>
         <file>ModbusFunction.obj</file>
         <name>ModbusFunction.obj</name>
      </input_file>
      <input_file id="fl-a">
         <path>.\mb_slave\</path>
         <kind>object</kind>
         <file>ModbusSlave.obj</file>
         <name>ModbusSlave.obj</name>
      </input_file>
      <input_file id="fl-b">
         <path>.\mb_slave\</path>
         <kind>object</kind>
         <file>linkVariables.obj</file>
         <name>linkVariables.obj</name>
      </input_file>
      <input_file id="fl-c">
         <path>.\mb_slave\</path>
         <kind>object</kind>
         <file>tbmenu.obj</file>
         <name>tbmenu.obj</name>
      </input_file>
      <input_file id="fl-d">
         <path>.\peripherals\</path>
         <kind>object</kind>
         <file>PowerSequence.obj</file>
         <name>PowerSequence.obj</name>
      </input_file>
      <input_file id="fl-e">
         <path>.\peripherals\</path>
         <kind>object</kind>
         <file>initCLA.obj</file>
         <name>initCLA.obj</name>
      </input_file>
      <input_file id="fl-f">
         <path>.\peripherals\</path>
         <kind>object</kind>
         <file>initPWM.obj</file>
         <name>initPWM.obj</name>
      </input_file>
      <input_file id="fl-14">
         <kind>object</kind>
         <file>&lt;internal&gt;</file>
         <name>&lt;internal&gt;</name>
      </input_file>
      <input_file id="fl-18">
         <path>C:\ti\c2000\C2000Ware_4_03_00_00\driverlib\f28004x\driverlib\ccs\Debug\</path>
         <kind>archive</kind>
         <file>driverlib_eabi.lib</file>
         <name>cla.obj</name>
      </input_file>
      <input_file id="fl-19">
         <path>C:\ti\c2000\C2000Ware_4_03_00_00\driverlib\f28004x\driverlib\ccs\Debug\</path>
         <kind>archive</kind>
         <file>driverlib_eabi.lib</file>
         <name>cputimer.obj</name>
      </input_file>
      <input_file id="fl-1a">
         <path>C:\ti\c2000\C2000Ware_4_03_00_00\driverlib\f28004x\driverlib\ccs\Debug\</path>
         <kind>archive</kind>
         <file>driverlib_eabi.lib</file>
         <name>dcc.obj</name>
      </input_file>
      <input_file id="fl-1b">
         <path>C:\ti\c2000\C2000Ware_4_03_00_00\driverlib\f28004x\driverlib\ccs\Debug\</path>
         <kind>archive</kind>
         <file>driverlib_eabi.lib</file>
         <name>gpio.obj</name>
      </input_file>
      <input_file id="fl-1c">
         <path>C:\ti\c2000\C2000Ware_4_03_00_00\driverlib\f28004x\driverlib\ccs\Debug\</path>
         <kind>archive</kind>
         <file>driverlib_eabi.lib</file>
         <name>interrupt.obj</name>
      </input_file>
      <input_file id="fl-1d">
         <path>C:\ti\c2000\C2000Ware_4_03_00_00\driverlib\f28004x\driverlib\ccs\Debug\</path>
         <kind>archive</kind>
         <file>driverlib_eabi.lib</file>
         <name>memcfg.obj</name>
      </input_file>
      <input_file id="fl-1e">
         <path>C:\ti\c2000\C2000Ware_4_03_00_00\driverlib\f28004x\driverlib\ccs\Debug\</path>
         <kind>archive</kind>
         <file>driverlib_eabi.lib</file>
         <name>sci.obj</name>
      </input_file>
      <input_file id="fl-1f">
         <path>C:\ti\c2000\C2000Ware_4_03_00_00\driverlib\f28004x\driverlib\ccs\Debug\</path>
         <kind>archive</kind>
         <file>driverlib_eabi.lib</file>
         <name>sysctl.obj</name>
      </input_file>
      <input_file id="fl-2b">
         <path>C:\ti\ccs1230\ccs\tools\compiler\ti-cgt-c2000_22.6.0.LTS\lib\</path>
         <kind>archive</kind>
         <file>rts2800_fpu32_eabi.lib</file>
         <name>boot28.asm.obj</name>
      </input_file>
      <input_file id="fl-2c">
         <path>C:\ti\ccs1230\ccs\tools\compiler\ti-cgt-c2000_22.6.0.LTS\lib\</path>
         <kind>archive</kind>
         <file>rts2800_fpu32_eabi.lib</file>
         <name>fs_div28.asm.obj</name>
      </input_file>
      <input_file id="fl-2d">
         <path>C:\ti\ccs1230\ccs\tools\compiler\ti-cgt-c2000_22.6.0.LTS\lib\</path>
         <kind>archive</kind>
         <file>rts2800_fpu32_eabi.lib</file>
         <name>ll_cmp28.asm.obj</name>
      </input_file>
      <input_file id="fl-2e">
         <path>C:\ti\ccs1230\ccs\tools\compiler\ti-cgt-c2000_22.6.0.LTS\lib\</path>
         <kind>archive</kind>
         <file>rts2800_fpu32_eabi.lib</file>
         <name>pre_init.c.obj</name>
      </input_file>
      <input_file id="fl-2f">
         <path>C:\ti\ccs1230\ccs\tools\compiler\ti-cgt-c2000_22.6.0.LTS\lib\</path>
         <kind>archive</kind>
         <file>rts2800_fpu32_eabi.lib</file>
         <name>autoinit.c.obj</name>
      </input_file>
      <input_file id="fl-30">
         <path>C:\ti\ccs1230\ccs\tools\compiler\ti-cgt-c2000_22.6.0.LTS\lib\</path>
         <kind>archive</kind>
         <file>rts2800_fpu32_eabi.lib</file>
         <name>copy_zero_init.c.obj</name>
      </input_file>
      <input_file id="fl-31">
         <path>C:\ti\ccs1230\ccs\tools\compiler\ti-cgt-c2000_22.6.0.LTS\lib\</path>
         <kind>archive</kind>
         <file>rts2800_fpu32_eabi.lib</file>
         <name>copy_decompress_none.c.obj</name>
      </input_file>
      <input_file id="fl-32">
         <path>C:\ti\ccs1230\ccs\tools\compiler\ti-cgt-c2000_22.6.0.LTS\lib\</path>
         <kind>archive</kind>
         <file>rts2800_fpu32_eabi.lib</file>
         <name>copy_decompress_lzss.c.obj</name>
      </input_file>
      <input_file id="fl-33">
         <path>C:\ti\ccs1230\ccs\tools\compiler\ti-cgt-c2000_22.6.0.LTS\lib\</path>
         <kind>archive</kind>
         <file>rts2800_fpu32_eabi.lib</file>
         <name>exit.c.obj</name>
      </input_file>
      <input_file id="fl-34">
         <path>C:\ti\ccs1230\ccs\tools\compiler\ti-cgt-c2000_22.6.0.LTS\lib\</path>
         <kind>archive</kind>
         <file>rts2800_fpu32_eabi.lib</file>
         <name>_lock.c.obj</name>
      </input_file>
      <input_file id="fl-35">
         <path>C:\ti\ccs1230\ccs\tools\compiler\ti-cgt-c2000_22.6.0.LTS\lib\</path>
         <kind>archive</kind>
         <file>rts2800_fpu32_eabi.lib</file>
         <name>args_main.c.obj</name>
      </input_file>
      <input_file id="fl-36">
         <path>C:\ti\ccs1230\ccs\tools\compiler\ti-cgt-c2000_22.6.0.LTS\lib\</path>
         <kind>archive</kind>
         <file>rts2800_fpu32_eabi.lib</file>
         <name>memset.c.obj</name>
      </input_file>
      <input_file id="fl-37">
         <path>C:\ti\ccs1230\ccs\tools\compiler\ti-cgt-c2000_22.6.0.LTS\lib\</path>
         <kind>archive</kind>
         <file>rts2800_fpu32_eabi.lib</file>
         <name>cpy_tbl.c.obj</name>
      </input_file>
      <input_file id="fl-38">
         <path>C:\ti\ccs1230\ccs\tools\compiler\ti-cgt-c2000_22.6.0.LTS\lib\</path>
         <kind>archive</kind>
         <file>rts2800_fpu32_eabi.lib</file>
         <name>memcpy.c.obj</name>
      </input_file>
      <input_file id="fl-39">
         <path>C:\ti\ccs1230\ccs\tools\compiler\ti-cgt-c2000_22.6.0.LTS\lib\</path>
         <kind>archive</kind>
         <file>rts2800_fpu32_eabi.lib</file>
         <name>startup.c.obj</name>
      </input_file>
   </input_file_list>
   <object_component_list>
      <object_component id="oc-20">
         <name>codestart</name>
         <load_address>0x0</load_address>
         <run_address>0x0</run_address>
         <size>0x2</size>
         <input_file_ref idref="fl-7"/>
      </object_component>
      <object_component id="oc-119">
         <name>.TI.ramfunc</name>
         <load_address>0x1ce</load_address>
         <run_address>0x1ce</run_address>
         <size>0x4</size>
         <input_file_ref idref="fl-1f"/>
      </object_component>
      <object_component id="oc-19f">
         <name>.text</name>
         <load_address>0x8000</load_address>
         <run_address>0x8000</run_address>
         <size>0x403</size>
         <input_file_ref idref="fl-9"/>
      </object_component>
      <object_component id="oc-f4">
         <name>.text</name>
         <load_address>0x8403</load_address>
         <run_address>0x8403</run_address>
         <size>0x344</size>
         <input_file_ref idref="fl-a"/>
      </object_component>
      <object_component id="oc-aa">
         <name>.text</name>
         <load_address>0x8747</load_address>
         <run_address>0x8747</run_address>
         <size>0x8d</size>
         <input_file_ref idref="fl-5"/>
      </object_component>
      <object_component id="oc-7a">
         <name>.text:__TI_auto_init_nobinit_nopinit</name>
         <load_address>0x87d4</load_address>
         <run_address>0x87d4</run_address>
         <size>0x2b</size>
         <input_file_ref idref="fl-2f"/>
      </object_component>
      <object_component id="oc-bd">
         <name>.text</name>
         <load_address>0x87ff</load_address>
         <run_address>0x87ff</run_address>
         <size>0x1</size>
         <input_file_ref idref="fl-39"/>
      </object_component>
      <object_component id="oc-281">
         <name>.text</name>
         <load_address>0x8800</load_address>
         <run_address>0x8800</run_address>
         <size>0x273</size>
         <input_file_ref idref="fl-c"/>
      </object_component>
      <object_component id="oc-d3">
         <name>.text</name>
         <load_address>0x8a73</load_address>
         <run_address>0x8a73</run_address>
         <size>0x210</size>
         <input_file_ref idref="fl-6"/>
      </object_component>
      <object_component id="oc-e5">
         <name>.text</name>
         <load_address>0x8c83</load_address>
         <run_address>0x8c83</run_address>
         <size>0x20d</size>
         <input_file_ref idref="fl-2"/>
      </object_component>
      <object_component id="oc-13e">
         <name>.text:DCC_verifyClockFrequency</name>
         <load_address>0x8e90</load_address>
         <run_address>0x8e90</run_address>
         <size>0xcb</size>
         <input_file_ref idref="fl-1a"/>
      </object_component>
      <object_component id="oc-1de">
         <name>.text</name>
         <load_address>0x8f5b</load_address>
         <run_address>0x8f5b</run_address>
         <size>0x88</size>
         <input_file_ref idref="fl-2c"/>
      </object_component>
      <object_component id="oc-28">
         <name>.text</name>
         <load_address>0x8fe3</load_address>
         <run_address>0x8fe3</run_address>
         <size>0x1d</size>
         <input_file_ref idref="fl-38"/>
      </object_component>
      <object_component id="oc-11a">
         <name>.text:SysCtl_setClock</name>
         <load_address>0x9000</load_address>
         <run_address>0x9000</run_address>
         <size>0xc5</size>
         <input_file_ref idref="fl-1f"/>
      </object_component>
      <object_component id="oc-187">
         <name>.text</name>
         <load_address>0x90c5</load_address>
         <run_address>0x90c5</run_address>
         <size>0xc1</size>
         <input_file_ref idref="fl-b"/>
      </object_component>
      <object_component id="oc-1c2">
         <name>.text:SysCtl_isPLLValid</name>
         <load_address>0x9186</load_address>
         <run_address>0x9186</run_address>
         <size>0xbd</size>
         <input_file_ref idref="fl-1f"/>
      </object_component>
      <object_component id="oc-20d">
         <name>.text:DCC_setCounterSeeds</name>
         <load_address>0x9243</load_address>
         <run_address>0x9243</run_address>
         <size>0x73</size>
         <input_file_ref idref="fl-1a"/>
      </object_component>
      <object_component id="oc-2cd">
         <name>.text:DCC_setCounterSeeds</name>
         <load_address>0x92b6</load_address>
         <run_address>0x92b6</run_address>
         <size>0x73</size>
         <input_file_ref idref="fl-1f"/>
      </object_component>
      <object_component id="oc-196">
         <name>.text</name>
         <load_address>0x9329</load_address>
         <run_address>0x9329</run_address>
         <size>0x63</size>
         <input_file_ref idref="fl-8"/>
      </object_component>
      <object_component id="oc-120">
         <name>.text:SysCtl_getClock</name>
         <load_address>0x938c</load_address>
         <run_address>0x938c</run_address>
         <size>0x5e</size>
         <input_file_ref idref="fl-1f"/>
      </object_component>
      <object_component id="oc-12c">
         <name>.text:GPIO_setPadConfig</name>
         <load_address>0x93ea</load_address>
         <run_address>0x93ea</run_address>
         <size>0x52</size>
         <input_file_ref idref="fl-1b"/>
      </object_component>
      <object_component id="oc-1bc">
         <name>.text:SysCtl_selectOscSource</name>
         <load_address>0x943c</load_address>
         <run_address>0x943c</run_address>
         <size>0x49</size>
         <input_file_ref idref="fl-1f"/>
      </object_component>
      <object_component id="oc-174">
         <name>.text:SCI_clearInterruptStatus</name>
         <load_address>0x9485</load_address>
         <run_address>0x9485</run_address>
         <size>0x45</size>
         <input_file_ref idref="fl-1e"/>
      </object_component>
      <object_component id="oc-17a">
         <name>.text:SCI_setConfig</name>
         <load_address>0x94ca</load_address>
         <run_address>0x94ca</run_address>
         <size>0x3e</size>
         <input_file_ref idref="fl-1e"/>
      </object_component>
      <object_component id="oc-d9">
         <name>.text:Interrupt_initModule</name>
         <load_address>0x9508</load_address>
         <run_address>0x9508</run_address>
         <size>0x3d</size>
         <input_file_ref idref="fl-1c"/>
      </object_component>
      <object_component id="oc-138">
         <name>.text:GPIO_setAnalogMode</name>
         <load_address>0x9545</load_address>
         <run_address>0x9545</run_address>
         <size>0x3a</size>
         <input_file_ref idref="fl-1b"/>
      </object_component>
      <object_component id="oc-162">
         <name>.text:GPIO_setPinConfig</name>
         <load_address>0x957f</load_address>
         <run_address>0x957f</run_address>
         <size>0x37</size>
         <input_file_ref idref="fl-1b"/>
      </object_component>
      <object_component id="oc-168">
         <name>.text:GPIO_setQualificationMode</name>
         <load_address>0x95b6</load_address>
         <run_address>0x95b6</run_address>
         <size>0x37</size>
         <input_file_ref idref="fl-1b"/>
      </object_component>
      <object_component id="oc-132">
         <name>.text:GPIO_setDirectionMode</name>
         <load_address>0x95ed</load_address>
         <run_address>0x95ed</run_address>
         <size>0x31</size>
         <input_file_ref idref="fl-1b"/>
      </object_component>
      <object_component id="oc-13">
         <name>.text:decompress:lzss</name>
         <load_address>0x961e</load_address>
         <run_address>0x961e</run_address>
         <size>0x2e</size>
         <input_file_ref idref="fl-32"/>
      </object_component>
      <object_component id="oc-6e">
         <name>.text</name>
         <load_address>0x964c</load_address>
         <run_address>0x964c</run_address>
         <size>0x29</size>
         <input_file_ref idref="fl-33"/>
      </object_component>
      <object_component id="oc-213">
         <name>.text:DCC_enableSingleShotMode</name>
         <load_address>0x9675</load_address>
         <run_address>0x9675</run_address>
         <size>0x24</size>
         <input_file_ref idref="fl-1a"/>
      </object_component>
      <object_component id="oc-2d3">
         <name>.text:DCC_enableSingleShotMode</name>
         <load_address>0x9699</load_address>
         <run_address>0x9699</run_address>
         <size>0x24</size>
         <input_file_ref idref="fl-1f"/>
      </object_component>
      <object_component id="oc-290">
         <name>.text:SysCtl_selectXTAL</name>
         <load_address>0x96bd</load_address>
         <run_address>0x96bd</run_address>
         <size>0x24</size>
         <input_file_ref idref="fl-1f"/>
      </object_component>
      <object_component id="oc-324">
         <name>.text:SysCtl_pollX1Counter</name>
         <load_address>0x96e1</load_address>
         <run_address>0x96e1</run_address>
         <size>0x23</size>
         <input_file_ref idref="fl-1f"/>
      </object_component>
      <object_component id="oc-207">
         <name>.text:DCC_setCounter1ClkSource</name>
         <load_address>0x9704</load_address>
         <run_address>0x9704</run_address>
         <size>0x1e</size>
         <input_file_ref idref="fl-1a"/>
      </object_component>
      <object_component id="oc-2c7">
         <name>.text:DCC_setCounter1ClkSource</name>
         <load_address>0x9722</load_address>
         <run_address>0x9722</run_address>
         <size>0x1e</size>
         <input_file_ref idref="fl-1f"/>
      </object_component>
      <object_component id="oc-df">
         <name>.text:Interrupt_initVectorTable</name>
         <load_address>0x9740</load_address>
         <run_address>0x9740</run_address>
         <size>0x1e</size>
         <input_file_ref idref="fl-1c"/>
      </object_component>
      <object_component id="oc-231">
         <name>.text:DCC_getErrorStatus</name>
         <load_address>0x975e</load_address>
         <run_address>0x975e</run_address>
         <size>0x1c</size>
         <input_file_ref idref="fl-1a"/>
      </object_component>
      <object_component id="oc-22b">
         <name>.text:DCC_getSingleShotStatus</name>
         <load_address>0x977a</load_address>
         <run_address>0x977a</run_address>
         <size>0x1c</size>
         <input_file_ref idref="fl-1a"/>
      </object_component>
      <object_component id="oc-201">
         <name>.text:DCC_setCounter0ClkSource</name>
         <load_address>0x9796</load_address>
         <run_address>0x9796</run_address>
         <size>0x1c</size>
         <input_file_ref idref="fl-1a"/>
      </object_component>
      <object_component id="oc-2c1">
         <name>.text:DCC_setCounter0ClkSource</name>
         <load_address>0x97b2</load_address>
         <run_address>0x97b2</run_address>
         <size>0x1c</size>
         <input_file_ref idref="fl-1f"/>
      </object_component>
      <object_component id="oc-126">
         <name>.text:SysCtl_getLowSpeedClock</name>
         <load_address>0x97ce</load_address>
         <run_address>0x97ce</run_address>
         <size>0x1a</size>
         <input_file_ref idref="fl-1f"/>
      </object_component>
      <object_component id="oc-25d">
         <name>.text:SCI_disableModule</name>
         <load_address>0x97e8</load_address>
         <run_address>0x97e8</run_address>
         <size>0x18</size>
         <input_file_ref idref="fl-1e"/>
      </object_component>
      <object_component id="oc-296">
         <name>.text:SysCtl_selectXTALSingleEnded</name>
         <load_address>0x9800</load_address>
         <run_address>0x9800</run_address>
         <size>0x1a</size>
         <input_file_ref idref="fl-1f"/>
      </object_component>
      <object_component id="oc-255">
         <name>.text:SCI_performSoftwareReset</name>
         <load_address>0x981a</load_address>
         <run_address>0x981a</run_address>
         <size>0x18</size>
         <input_file_ref idref="fl-1e"/>
      </object_component>
      <object_component id="oc-245">
         <name>.text:CPUTimer_isBaseValid</name>
         <load_address>0x9832</load_address>
         <run_address>0x9832</run_address>
         <size>0x17</size>
         <input_file_ref idref="fl-19"/>
      </object_component>
      <object_component id="oc-29d">
         <name>.text:SysCtl_enablePeripheral</name>
         <load_address>0x9849</load_address>
         <run_address>0x9849</run_address>
         <size>0x17</size>
         <input_file_ref idref="fl-1f"/>
      </object_component>
      <object_component id="oc-53">
         <name>.text</name>
         <load_address>0x9860</load_address>
         <run_address>0x9860</run_address>
         <size>0x17</size>
         <input_file_ref idref="fl-2b"/>
      </object_component>
      <object_component id="oc-1fb">
         <name>.text:DCC_disableDoneSignal</name>
         <load_address>0x9877</load_address>
         <run_address>0x9877</run_address>
         <size>0x16</size>
         <input_file_ref idref="fl-1a"/>
      </object_component>
      <object_component id="oc-2bb">
         <name>.text:DCC_disableDoneSignal</name>
         <load_address>0x988d</load_address>
         <run_address>0x988d</run_address>
         <size>0x16</size>
         <input_file_ref idref="fl-1f"/>
      </object_component>
      <object_component id="oc-21f">
         <name>.text:DCC_enableDoneSignal</name>
         <load_address>0x98a3</load_address>
         <run_address>0x98a3</run_address>
         <size>0x16</size>
         <input_file_ref idref="fl-1a"/>
      </object_component>
      <object_component id="oc-2df">
         <name>.text:DCC_enableDoneSignal</name>
         <load_address>0x98b9</load_address>
         <run_address>0x98b9</run_address>
         <size>0x16</size>
         <input_file_ref idref="fl-1f"/>
      </object_component>
      <object_component id="oc-1e9">
         <name>.text:DCC_clearDoneFlag</name>
         <load_address>0x98cf</load_address>
         <run_address>0x98cf</run_address>
         <size>0x15</size>
         <input_file_ref idref="fl-1a"/>
      </object_component>
      <object_component id="oc-2a9">
         <name>.text:DCC_clearDoneFlag</name>
         <load_address>0x98e4</load_address>
         <run_address>0x98e4</run_address>
         <size>0x15</size>
         <input_file_ref idref="fl-1f"/>
      </object_component>
      <object_component id="oc-1e3">
         <name>.text:DCC_clearErrorFlag</name>
         <load_address>0x98f9</load_address>
         <run_address>0x98f9</run_address>
         <size>0x15</size>
         <input_file_ref idref="fl-1a"/>
      </object_component>
      <object_component id="oc-2a3">
         <name>.text:DCC_clearErrorFlag</name>
         <load_address>0x990e</load_address>
         <run_address>0x990e</run_address>
         <size>0x15</size>
         <input_file_ref idref="fl-1f"/>
      </object_component>
      <object_component id="oc-1f5">
         <name>.text:DCC_disableErrorSignal</name>
         <load_address>0x9923</load_address>
         <run_address>0x9923</run_address>
         <size>0x15</size>
         <input_file_ref idref="fl-1a"/>
      </object_component>
      <object_component id="oc-2b5">
         <name>.text:DCC_disableErrorSignal</name>
         <load_address>0x9938</load_address>
         <run_address>0x9938</run_address>
         <size>0x15</size>
         <input_file_ref idref="fl-1f"/>
      </object_component>
      <object_component id="oc-219">
         <name>.text:DCC_enableErrorSignal</name>
         <load_address>0x994d</load_address>
         <run_address>0x994d</run_address>
         <size>0x15</size>
         <input_file_ref idref="fl-1a"/>
      </object_component>
      <object_component id="oc-2d9">
         <name>.text:DCC_enableErrorSignal</name>
         <load_address>0x9962</load_address>
         <run_address>0x9962</run_address>
         <size>0x15</size>
         <input_file_ref idref="fl-1f"/>
      </object_component>
      <object_component id="oc-1ef">
         <name>.text:DCC_disableModule</name>
         <load_address>0x9977</load_address>
         <run_address>0x9977</run_address>
         <size>0x14</size>
         <input_file_ref idref="fl-1a"/>
      </object_component>
      <object_component id="oc-2af">
         <name>.text:DCC_disableModule</name>
         <load_address>0x998b</load_address>
         <run_address>0x998b</run_address>
         <size>0x14</size>
         <input_file_ref idref="fl-1f"/>
      </object_component>
      <object_component id="oc-225">
         <name>.text:DCC_enableModule</name>
         <load_address>0x999f</load_address>
         <run_address>0x999f</run_address>
         <size>0x14</size>
         <input_file_ref idref="fl-1a"/>
      </object_component>
      <object_component id="oc-2e5">
         <name>.text:DCC_enableModule</name>
         <load_address>0x99b3</load_address>
         <run_address>0x99b3</run_address>
         <size>0x14</size>
         <input_file_ref idref="fl-1f"/>
      </object_component>
      <object_component id="oc-1cc">
         <name>.text:GPIO_isPinValid</name>
         <load_address>0x99c7</load_address>
         <run_address>0x99c7</run_address>
         <size>0x14</size>
         <input_file_ref idref="fl-1b"/>
      </object_component>
      <object_component id="oc-16e">
         <name>.text:CPUTimer_setEmulationMode</name>
         <load_address>0x99db</load_address>
         <run_address>0x99db</run_address>
         <size>0x13</size>
         <input_file_ref idref="fl-19"/>
      </object_component>
      <object_component id="oc-263">
         <name>.text:SCI_enableModule</name>
         <load_address>0x99ee</load_address>
         <run_address>0x99ee</run_address>
         <size>0x13</size>
         <input_file_ref idref="fl-1e"/>
      </object_component>
      <object_component id="oc-24e">
         <name>.text:SCI_isBaseValid</name>
         <load_address>0x9a01</load_address>
         <run_address>0x9a01</run_address>
         <size>0x13</size>
         <input_file_ref idref="fl-1e"/>
      </object_component>
      <object_component id="oc-1d7">
         <name>.text:DCC_isBaseValid</name>
         <load_address>0x9a14</load_address>
         <run_address>0x9a14</run_address>
         <size>0x10</size>
         <input_file_ref idref="fl-1a"/>
      </object_component>
      <object_component id="oc-333">
         <name>.text:DCC_isBaseValid</name>
         <load_address>0x9a24</load_address>
         <run_address>0x9a24</run_address>
         <size>0x10</size>
         <input_file_ref idref="fl-1f"/>
      </object_component>
      <object_component id="oc-14e">
         <name>.text:Interrupt_defaultHandler</name>
         <load_address>0x9a34</load_address>
         <run_address>0x9a34</run_address>
         <size>0xe</size>
         <input_file_ref idref="fl-1c"/>
      </object_component>
      <object_component id="oc-146">
         <name>.text:Interrupt_disableGlobal</name>
         <load_address>0x9a42</load_address>
         <run_address>0x9a42</run_address>
         <size>0xd</size>
         <input_file_ref idref="fl-1c"/>
      </object_component>
      <object_component id="oc-30">
         <name>.text:decompress:ZI:__TI_zero_init_nomemset</name>
         <load_address>0x9a4f</load_address>
         <run_address>0x9a4f</run_address>
         <size>0xd</size>
         <input_file_ref idref="fl-30"/>
      </object_component>
      <object_component id="oc-68">
         <name>.text</name>
         <load_address>0x9a5c</load_address>
         <run_address>0x9a5c</run_address>
         <size>0xc</size>
         <input_file_ref idref="fl-35"/>
      </object_component>
      <object_component id="oc-1b6">
         <name>.text:SysCtl_isMCDClockFailureDetected</name>
         <load_address>0x9a68</load_address>
         <run_address>0x9a68</run_address>
         <size>0xb</size>
         <input_file_ref idref="fl-1f"/>
      </object_component>
      <object_component id="oc-105">
         <name>.text</name>
         <load_address>0x9a73</load_address>
         <run_address>0x9a73</run_address>
         <size>0x9</size>
         <input_file_ref idref="fl-34"/>
      </object_component>
      <object_component id="oc-19">
         <name>.text:decompress:none</name>
         <load_address>0x9a7c</load_address>
         <run_address>0x9a7c</run_address>
         <size>0x8</size>
         <input_file_ref idref="fl-31"/>
      </object_component>
      <object_component id="oc-3c">
         <name>.text</name>
         <load_address>0x9a84</load_address>
         <run_address>0x9a84</run_address>
         <size>0x8</size>
         <input_file_ref idref="fl-7"/>
      </object_component>
      <object_component id="oc-32a">
         <name>.text:SysCtl_resetMCD</name>
         <load_address>0x9a8c</load_address>
         <run_address>0x9a8c</run_address>
         <size>0x7</size>
         <input_file_ref idref="fl-1f"/>
      </object_component>
      <object_component id="oc-15a">
         <name>.text:Interrupt_illegalOperationHandler</name>
         <load_address>0x9a93</load_address>
         <run_address>0x9a93</run_address>
         <size>0x2</size>
         <input_file_ref idref="fl-1c"/>
      </object_component>
      <object_component id="oc-154">
         <name>.text:Interrupt_nmiHandler</name>
         <load_address>0x9a95</load_address>
         <run_address>0x9a95</run_address>
         <size>0x2</size>
         <input_file_ref idref="fl-1c"/>
      </object_component>
      <object_component id="oc-61">
         <name>.text</name>
         <load_address>0x9a97</load_address>
         <run_address>0x9a97</run_address>
         <size>0x2</size>
         <input_file_ref idref="fl-2e"/>
      </object_component>
      <object_component id="oc-371">
         <name>.cinit..data.load</name>
         <load_address>0x1d4</load_address>
         <run_address>0x1d4</run_address>
         <size>0x1a</size>
      </object_component>
      <object_component id="oc-36e">
         <name>__TI_handler_table</name>
         <load_address>0x1ee</load_address>
         <run_address>0x1ee</run_address>
         <size>0x6</size>
      </object_component>
      <object_component id="oc-370">
         <name>.cinit..bss.load</name>
         <load_address>0x1f4</load_address>
         <run_address>0x1f4</run_address>
         <size>0x4</size>
      </object_component>
      <object_component id="oc-36f">
         <name>__TI_cinit_table</name>
         <load_address>0x1f8</load_address>
         <run_address>0x1f8</run_address>
         <size>0x8</size>
      </object_component>
      <object_component id="oc-31e">
         <name>.switch:chkValidAddress</name>
         <load_address>0xf6</load_address>
         <run_address>0xf6</run_address>
         <size>0x48</size>
         <input_file_ref idref="fl-c"/>
      </object_component>
      <object_component id="oc-31f">
         <name>.switch:getModbusData</name>
         <load_address>0x13e</load_address>
         <run_address>0x13e</run_address>
         <size>0x48</size>
         <input_file_ref idref="fl-c"/>
      </object_component>
      <object_component id="oc-320">
         <name>.switch:setModbusData</name>
         <load_address>0x186</load_address>
         <run_address>0x186</run_address>
         <size>0x48</size>
         <input_file_ref idref="fl-c"/>
      </object_component>
      <object_component id="oc-25">
         <name>.stack</name>
         <uninitialized>true</uninitialized>
         <run_address>0x400</run_address>
         <size>0x0</size>
         <input_file_ref idref="fl-2b"/>
      </object_component>
      <object_component id="oc-372">
         <name>.stack</name>
         <uninitialized>true</uninitialized>
         <run_address>0x400</run_address>
         <size>0x0</size>
      </object_component>
      <object_component id="oc-fd">
         <name>.bss</name>
         <uninitialized>true</uninitialized>
         <run_address>0xaeec</run_address>
         <size>0x2</size>
         <input_file_ref idref="fl-5"/>
      </object_component>
      <object_component id="oc-184">
         <name>.bss</name>
         <uninitialized>true</uninitialized>
         <run_address>0xaf00</run_address>
         <size>0x28</size>
         <input_file_ref idref="fl-c"/>
      </object_component>
      <object_component id="oc-277">
         <name>.const:.string:aucCRCHi</name>
         <load_address>0xa800</load_address>
         <run_address>0xa800</run_address>
         <size>0x100</size>
         <input_file_ref idref="fl-8"/>
      </object_component>
      <object_component id="oc-27a">
         <name>.const:.string:aucCRCLo</name>
         <load_address>0xa900</load_address>
         <run_address>0xa900</run_address>
         <size>0x100</size>
         <input_file_ref idref="fl-8"/>
      </object_component>
      <object_component id="oc-1b5">
         <name>.const:.string</name>
         <load_address>0xaa00</load_address>
         <run_address>0xaa00</run_address>
         <size>0x9a</size>
         <input_file_ref idref="fl-1f"/>
      </object_component>
      <object_component id="oc-1d2">
         <name>.const:.string</name>
         <load_address>0xaa9a</load_address>
         <run_address>0xaa9a</run_address>
         <size>0x98</size>
         <input_file_ref idref="fl-1b"/>
      </object_component>
      <object_component id="oc-1dd">
         <name>.const:.string</name>
         <load_address>0xab32</load_address>
         <run_address>0xab32</run_address>
         <size>0x97</size>
         <input_file_ref idref="fl-1a"/>
      </object_component>
      <object_component id="oc-254">
         <name>.const:.string</name>
         <load_address>0xabca</load_address>
         <run_address>0xabca</run_address>
         <size>0x97</size>
         <input_file_ref idref="fl-1e"/>
      </object_component>
      <object_component id="oc-192">
         <name>.const:.string</name>
         <load_address>0xac62</load_address>
         <run_address>0xac62</run_address>
         <size>0x8b</size>
         <input_file_ref idref="fl-a"/>
      </object_component>
      <object_component id="oc-161">
         <name>.const:.string</name>
         <load_address>0xacee</load_address>
         <run_address>0xacee</run_address>
         <size>0x8b</size>
         <input_file_ref idref="fl-2"/>
      </object_component>
      <object_component id="oc-118">
         <name>.const:.string</name>
         <load_address>0xad7a</load_address>
         <run_address>0xad7a</run_address>
         <size>0x59</size>
         <input_file_ref idref="fl-6"/>
      </object_component>
      <object_component id="oc-24b">
         <name>.const:.string</name>
         <load_address>0xadd4</load_address>
         <run_address>0xadd4</run_address>
         <size>0x50</size>
         <input_file_ref idref="fl-19"/>
      </object_component>
      <object_component id="oc-d2">
         <name>.const:.string</name>
         <load_address>0xae24</load_address>
         <run_address>0xae24</run_address>
         <size>0x48</size>
         <input_file_ref idref="fl-5"/>
      </object_component>
      <object_component id="oc-287">
         <name>.const</name>
         <load_address>0xae80</load_address>
         <run_address>0xae80</run_address>
         <size>0x36</size>
         <input_file_ref idref="fl-9"/>
      </object_component>
      <object_component id="oc-193">
         <name>.const</name>
         <load_address>0xaec0</load_address>
         <run_address>0xaec0</run_address>
         <size>0x2c</size>
         <input_file_ref idref="fl-a"/>
      </object_component>
      <object_component id="oc-fa">
         <name>.data</name>
         <load_address>0x2d8</load_address>
         <run_address>0x2d8</run_address>
         <size>0x4</size>
         <input_file_ref idref="fl-5"/>
      </object_component>
      <object_component id="oc-eb">
         <name>.data:time_task</name>
         <load_address>0x2c0</load_address>
         <run_address>0x2c0</run_address>
         <size>0x12</size>
         <input_file_ref idref="fl-5"/>
      </object_component>
      <object_component id="oc-ee">
         <name>.data</name>
         <load_address>0x0</load_address>
         <run_address>0x0</run_address>
         <size>0x28e</size>
         <input_file_ref idref="fl-9"/>
      </object_component>
      <object_component id="oc-19c">
         <name>.data:ModbusFunc</name>
         <load_address>0x28e</load_address>
         <run_address>0x28e</run_address>
         <size>0x32</size>
         <input_file_ref idref="fl-9"/>
      </object_component>
      <object_component id="oc-b2">
         <name>.data</name>
         <load_address>0x2d2</load_address>
         <run_address>0x2d2</run_address>
         <size>0x6</size>
         <input_file_ref idref="fl-33"/>
      </object_component>
      <object_component id="oc-b5">
         <name>.data:_lock</name>
         <load_address>0x2dc</load_address>
         <run_address>0x2dc</run_address>
         <size>0x2</size>
         <input_file_ref idref="fl-34"/>
      </object_component>
      <object_component id="oc-1a8">
         <name>.data:_unlock</name>
         <load_address>0x2de</load_address>
         <run_address>0x2de</run_address>
         <size>0x2</size>
         <input_file_ref idref="fl-34"/>
      </object_component>
      <object_component id="oc-181">
         <name>.debug_types</name>
         <load_address>0x0</load_address>
         <run_address>0x0</run_address>
         <size>0x7c2</size>
         <input_file_ref idref="fl-2"/>
      </object_component>
      <object_component id="oc-ff">
         <name>.debug_types</name>
         <load_address>0x7c2</load_address>
         <run_address>0x7c2</run_address>
         <size>0x14b3</size>
         <input_file_ref idref="fl-5"/>
      </object_component>
      <object_component id="oc-145">
         <name>.debug_types</name>
         <load_address>0x1c75</load_address>
         <run_address>0x1c75</run_address>
         <size>0xc9b</size>
         <input_file_ref idref="fl-6"/>
      </object_component>
      <object_component id="oc-27e">
         <name>.debug_types</name>
         <load_address>0x2910</load_address>
         <run_address>0x2910</run_address>
         <size>0xed</size>
         <input_file_ref idref="fl-8"/>
      </object_component>
      <object_component id="oc-18f">
         <name>.debug_types</name>
         <load_address>0x29fd</load_address>
         <run_address>0x29fd</run_address>
         <size>0x3ff</size>
         <input_file_ref idref="fl-9"/>
      </object_component>
      <object_component id="oc-1a2">
         <name>.debug_types</name>
         <load_address>0x2dfc</load_address>
         <run_address>0x2dfc</run_address>
         <size>0x342</size>
         <input_file_ref idref="fl-a"/>
      </object_component>
      <object_component id="oc-271">
         <name>.debug_types</name>
         <load_address>0x0</load_address>
         <run_address>0x0</run_address>
         <size>0x0</size>
         <input_file_ref idref="fl-b"/>
      </object_component>
      <object_component id="oc-26f">
         <name>.debug_types</name>
         <load_address>0x0</load_address>
         <run_address>0x0</run_address>
         <size>0x0</size>
         <input_file_ref idref="fl-c"/>
      </object_component>
      <object_component id="oc-24d">
         <name>.debug_types</name>
         <load_address>0x0</load_address>
         <run_address>0x0</run_address>
         <size>0x0</size>
         <input_file_ref idref="fl-19"/>
      </object_component>
      <object_component id="oc-238">
         <name>.debug_types</name>
         <load_address>0x313e</load_address>
         <run_address>0x313e</run_address>
         <size>0x13d</size>
         <input_file_ref idref="fl-1a"/>
      </object_component>
      <object_component id="oc-1d4">
         <name>.debug_types</name>
         <load_address>0x327b</load_address>
         <run_address>0x327b</run_address>
         <size>0x2e2</size>
         <input_file_ref idref="fl-1b"/>
      </object_component>
      <object_component id="oc-14d">
         <name>.debug_types</name>
         <load_address>0x0</load_address>
         <run_address>0x0</run_address>
         <size>0x0</size>
         <input_file_ref idref="fl-1c"/>
      </object_component>
      <object_component id="oc-25c">
         <name>.debug_types</name>
         <load_address>0x355d</load_address>
         <run_address>0x355d</run_address>
         <size>0xb8</size>
         <input_file_ref idref="fl-1e"/>
      </object_component>
      <object_component id="oc-1c9">
         <name>.debug_types</name>
         <load_address>0x3615</load_address>
         <run_address>0x3615</run_address>
         <size>0x132</size>
         <input_file_ref idref="fl-1f"/>
      </object_component>
      <object_component id="oc-79">
         <name>.debug_types</name>
         <load_address>0x0</load_address>
         <run_address>0x0</run_address>
         <size>0x0</size>
         <input_file_ref idref="fl-2e"/>
      </object_component>
      <object_component id="oc-c4">
         <name>.debug_types</name>
         <load_address>0x3747</load_address>
         <run_address>0x3747</run_address>
         <size>0x4e8</size>
         <input_file_ref idref="fl-2f"/>
      </object_component>
      <object_component id="oc-4b">
         <name>.debug_types</name>
         <load_address>0x3c2f</load_address>
         <run_address>0x3c2f</run_address>
         <size>0x199</size>
         <input_file_ref idref="fl-30"/>
      </object_component>
      <object_component id="oc-2f">
         <name>.debug_types</name>
         <load_address>0x0</load_address>
         <run_address>0x0</run_address>
         <size>0x0</size>
         <input_file_ref idref="fl-31"/>
      </object_component>
      <object_component id="oc-27">
         <name>.debug_types</name>
         <load_address>0x3dc8</load_address>
         <run_address>0x3dc8</run_address>
         <size>0x191</size>
         <input_file_ref idref="fl-32"/>
      </object_component>
      <object_component id="oc-b9">
         <name>.debug_types</name>
         <load_address>0x3f59</load_address>
         <run_address>0x3f59</run_address>
         <size>0xbf</size>
         <input_file_ref idref="fl-33"/>
      </object_component>
      <object_component id="oc-10d">
         <name>.debug_types</name>
         <load_address>0x4018</load_address>
         <run_address>0x4018</run_address>
         <size>0x2f</size>
         <input_file_ref idref="fl-34"/>
      </object_component>
      <object_component id="oc-b1">
         <name>.debug_types</name>
         <load_address>0x4047</load_address>
         <run_address>0x4047</run_address>
         <size>0xe1</size>
         <input_file_ref idref="fl-35"/>
      </object_component>
      <object_component id="oc-46">
         <name>.debug_types</name>
         <load_address>0x4128</load_address>
         <run_address>0x4128</run_address>
         <size>0xb8</size>
         <input_file_ref idref="fl-38"/>
      </object_component>
      <object_component id="oc-112">
         <name>.debug_types</name>
         <load_address>0x0</load_address>
         <run_address>0x0</run_address>
         <size>0x0</size>
         <input_file_ref idref="fl-39"/>
      </object_component>
      <object_component id="oc-e7">
         <name>.debug_info</name>
         <load_address>0x0</load_address>
         <run_address>0x0</run_address>
         <size>0x1354</size>
         <input_file_ref idref="fl-2"/>
      </object_component>
      <object_component id="oc-fb">
         <name>.debug_info</name>
         <load_address>0x1354</load_address>
         <run_address>0x1354</run_address>
         <size>0xe0</size>
         <input_file_ref idref="fl-5"/>
      </object_component>
      <object_component id="oc-ec">
         <name>.debug_info</name>
         <load_address>0x1434</load_address>
         <run_address>0x1434</run_address>
         <size>0xe2</size>
         <input_file_ref idref="fl-5"/>
      </object_component>
      <object_component id="oc-ac">
         <name>.debug_info</name>
         <load_address>0x1516</load_address>
         <run_address>0x1516</run_address>
         <size>0x4c9</size>
         <input_file_ref idref="fl-5"/>
      </object_component>
      <object_component id="oc-d4">
         <name>.debug_info</name>
         <load_address>0x19df</load_address>
         <run_address>0x19df</run_address>
         <size>0x1276</size>
         <input_file_ref idref="fl-6"/>
      </object_component>
      <object_component id="oc-21">
         <name>.debug_info</name>
         <load_address>0x2c55</load_address>
         <run_address>0x2c55</run_address>
         <size>0xfc</size>
         <input_file_ref idref="fl-7"/>
      </object_component>
      <object_component id="oc-3d">
         <name>.debug_info</name>
         <load_address>0x2d51</load_address>
         <run_address>0x2d51</run_address>
         <size>0xfd</size>
         <input_file_ref idref="fl-7"/>
      </object_component>
      <object_component id="oc-278">
         <name>.debug_info</name>
         <load_address>0x2e4e</load_address>
         <run_address>0x2e4e</run_address>
         <size>0xda</size>
         <input_file_ref idref="fl-8"/>
      </object_component>
      <object_component id="oc-27b">
         <name>.debug_info</name>
         <load_address>0x2f28</load_address>
         <run_address>0x2f28</run_address>
         <size>0xda</size>
         <input_file_ref idref="fl-8"/>
      </object_component>
      <object_component id="oc-198">
         <name>.debug_info</name>
         <load_address>0x3002</load_address>
         <run_address>0x3002</run_address>
         <size>0x374</size>
         <input_file_ref idref="fl-8"/>
      </object_component>
      <object_component id="oc-288">
         <name>.debug_info</name>
         <load_address>0x3376</load_address>
         <run_address>0x3376</run_address>
         <size>0x1b9</size>
         <input_file_ref idref="fl-9"/>
      </object_component>
      <object_component id="oc-19d">
         <name>.debug_info</name>
         <load_address>0x352f</load_address>
         <run_address>0x352f</run_address>
         <size>0xe7</size>
         <input_file_ref idref="fl-9"/>
      </object_component>
      <object_component id="oc-ef">
         <name>.debug_info</name>
         <load_address>0x3616</load_address>
         <run_address>0x3616</run_address>
         <size>0xe0</size>
         <input_file_ref idref="fl-9"/>
      </object_component>
      <object_component id="oc-f1">
         <name>.debug_info</name>
         <load_address>0x36f6</load_address>
         <run_address>0x36f6</run_address>
         <size>0x870</size>
         <input_file_ref idref="fl-9"/>
      </object_component>
      <object_component id="oc-194">
         <name>.debug_info</name>
         <load_address>0x3f66</load_address>
         <run_address>0x3f66</run_address>
         <size>0x1b0</size>
         <input_file_ref idref="fl-a"/>
      </object_component>
      <object_component id="oc-f5">
         <name>.debug_info</name>
         <load_address>0x4116</load_address>
         <run_address>0x4116</run_address>
         <size>0xd83</size>
         <input_file_ref idref="fl-a"/>
      </object_component>
      <object_component id="oc-18a">
         <name>.debug_info</name>
         <load_address>0x4e99</load_address>
         <run_address>0x4e99</run_address>
         <size>0x26c</size>
         <input_file_ref idref="fl-b"/>
      </object_component>
      <object_component id="oc-185">
         <name>.debug_info</name>
         <load_address>0x5105</load_address>
         <run_address>0x5105</run_address>
         <size>0xe1</size>
         <input_file_ref idref="fl-c"/>
      </object_component>
      <object_component id="oc-282">
         <name>.debug_info</name>
         <load_address>0x51e6</load_address>
         <run_address>0x51e6</run_address>
         <size>0x23d</size>
         <input_file_ref idref="fl-c"/>
      </object_component>
      <object_component id="oc-248">
         <name>.debug_info</name>
         <load_address>0x5423</load_address>
         <run_address>0x5423</run_address>
         <size>0x1e3</size>
         <input_file_ref idref="fl-19"/>
      </object_component>
      <object_component id="oc-170">
         <name>.debug_info</name>
         <load_address>0x5606</load_address>
         <run_address>0x5606</run_address>
         <size>0x22f</size>
         <input_file_ref idref="fl-19"/>
      </object_component>
      <object_component id="oc-1d8">
         <name>.debug_info</name>
         <load_address>0x5835</load_address>
         <run_address>0x5835</run_address>
         <size>0x1cf</size>
         <input_file_ref idref="fl-1a"/>
      </object_component>
      <object_component id="oc-226">
         <name>.debug_info</name>
         <load_address>0x5a04</load_address>
         <run_address>0x5a04</run_address>
         <size>0x1ed</size>
         <input_file_ref idref="fl-1a"/>
      </object_component>
      <object_component id="oc-1f0">
         <name>.debug_info</name>
         <load_address>0x5bf1</load_address>
         <run_address>0x5bf1</run_address>
         <size>0x1ef</size>
         <input_file_ref idref="fl-1a"/>
      </object_component>
      <object_component id="oc-21c">
         <name>.debug_info</name>
         <load_address>0x5de0</load_address>
         <run_address>0x5de0</run_address>
         <size>0x1f9</size>
         <input_file_ref idref="fl-1a"/>
      </object_component>
      <object_component id="oc-221">
         <name>.debug_info</name>
         <load_address>0x5fd9</load_address>
         <run_address>0x5fd9</run_address>
         <size>0x1f7</size>
         <input_file_ref idref="fl-1a"/>
      </object_component>
      <object_component id="oc-1f7">
         <name>.debug_info</name>
         <load_address>0x61d0</load_address>
         <run_address>0x61d0</run_address>
         <size>0x1fb</size>
         <input_file_ref idref="fl-1a"/>
      </object_component>
      <object_component id="oc-1fd">
         <name>.debug_info</name>
         <load_address>0x63cb</load_address>
         <run_address>0x63cb</run_address>
         <size>0x1f9</size>
         <input_file_ref idref="fl-1a"/>
      </object_component>
      <object_component id="oc-215">
         <name>.debug_info</name>
         <load_address>0x65c4</load_address>
         <run_address>0x65c4</run_address>
         <size>0x220</size>
         <input_file_ref idref="fl-1a"/>
      </object_component>
      <object_component id="oc-234">
         <name>.debug_info</name>
         <load_address>0x67e4</load_address>
         <run_address>0x67e4</run_address>
         <size>0x1fb</size>
         <input_file_ref idref="fl-1a"/>
      </object_component>
      <object_component id="oc-22e">
         <name>.debug_info</name>
         <load_address>0x69df</load_address>
         <run_address>0x69df</run_address>
         <size>0x205</size>
         <input_file_ref idref="fl-1a"/>
      </object_component>
      <object_component id="oc-1e4">
         <name>.debug_info</name>
         <load_address>0x6be4</load_address>
         <run_address>0x6be4</run_address>
         <size>0x1f3</size>
         <input_file_ref idref="fl-1a"/>
      </object_component>
      <object_component id="oc-1ec">
         <name>.debug_info</name>
         <load_address>0x6dd7</load_address>
         <run_address>0x6dd7</run_address>
         <size>0x1f1</size>
         <input_file_ref idref="fl-1a"/>
      </object_component>
      <object_component id="oc-209">
         <name>.debug_info</name>
         <load_address>0x6fc8</load_address>
         <run_address>0x6fc8</run_address>
         <size>0x224</size>
         <input_file_ref idref="fl-1a"/>
      </object_component>
      <object_component id="oc-203">
         <name>.debug_info</name>
         <load_address>0x71ec</load_address>
         <run_address>0x71ec</run_address>
         <size>0x224</size>
         <input_file_ref idref="fl-1a"/>
      </object_component>
      <object_component id="oc-20e">
         <name>.debug_info</name>
         <load_address>0x7410</load_address>
         <run_address>0x7410</run_address>
         <size>0x293</size>
         <input_file_ref idref="fl-1a"/>
      </object_component>
      <object_component id="oc-140">
         <name>.debug_info</name>
         <load_address>0x76a3</load_address>
         <run_address>0x76a3</run_address>
         <size>0x57e</size>
         <input_file_ref idref="fl-1a"/>
      </object_component>
      <object_component id="oc-1ce">
         <name>.debug_info</name>
         <load_address>0x7c21</load_address>
         <run_address>0x7c21</run_address>
         <size>0x1cf</size>
         <input_file_ref idref="fl-1b"/>
      </object_component>
      <object_component id="oc-135">
         <name>.debug_info</name>
         <load_address>0x7df0</load_address>
         <run_address>0x7df0</run_address>
         <size>0x247</size>
         <input_file_ref idref="fl-1b"/>
      </object_component>
      <object_component id="oc-130">
         <name>.debug_info</name>
         <load_address>0x8037</load_address>
         <run_address>0x8037</run_address>
         <size>0x230</size>
         <input_file_ref idref="fl-1b"/>
      </object_component>
      <object_component id="oc-16a">
         <name>.debug_info</name>
         <load_address>0x8267</load_address>
         <run_address>0x8267</run_address>
         <size>0x278</size>
         <input_file_ref idref="fl-1b"/>
      </object_component>
      <object_component id="oc-13c">
         <name>.debug_info</name>
         <load_address>0x84df</load_address>
         <run_address>0x84df</run_address>
         <size>0x22c</size>
         <input_file_ref idref="fl-1b"/>
      </object_component>
      <object_component id="oc-165">
         <name>.debug_info</name>
         <load_address>0x870b</load_address>
         <run_address>0x870b</run_address>
         <size>0x219</size>
         <input_file_ref idref="fl-1b"/>
      </object_component>
      <object_component id="oc-149">
         <name>.debug_info</name>
         <load_address>0x8924</load_address>
         <run_address>0x8924</run_address>
         <size>0x1cc</size>
         <input_file_ref idref="fl-1c"/>
      </object_component>
      <object_component id="oc-14f">
         <name>.debug_info</name>
         <load_address>0x8af0</load_address>
         <run_address>0x8af0</run_address>
         <size>0x1e6</size>
         <input_file_ref idref="fl-1c"/>
      </object_component>
      <object_component id="oc-15c">
         <name>.debug_info</name>
         <load_address>0x8cd6</load_address>
         <run_address>0x8cd6</run_address>
         <size>0x1cc</size>
         <input_file_ref idref="fl-1c"/>
      </object_component>
      <object_component id="oc-156">
         <name>.debug_info</name>
         <load_address>0x8ea2</load_address>
         <run_address>0x8ea2</run_address>
         <size>0x1b2</size>
         <input_file_ref idref="fl-1c"/>
      </object_component>
      <object_component id="oc-dc">
         <name>.debug_info</name>
         <load_address>0x9054</load_address>
         <run_address>0x9054</run_address>
         <size>0x1d9</size>
         <input_file_ref idref="fl-1c"/>
      </object_component>
      <object_component id="oc-e0">
         <name>.debug_info</name>
         <load_address>0x922d</load_address>
         <run_address>0x922d</run_address>
         <size>0x1d4</size>
         <input_file_ref idref="fl-1c"/>
      </object_component>
      <object_component id="oc-24f">
         <name>.debug_info</name>
         <load_address>0x9401</load_address>
         <run_address>0x9401</run_address>
         <size>0x1cf</size>
         <input_file_ref idref="fl-1e"/>
      </object_component>
      <object_component id="oc-264">
         <name>.debug_info</name>
         <load_address>0x95d0</load_address>
         <run_address>0x95d0</run_address>
         <size>0x1ef</size>
         <input_file_ref idref="fl-1e"/>
      </object_component>
      <object_component id="oc-25e">
         <name>.debug_info</name>
         <load_address>0x97bf</load_address>
         <run_address>0x97bf</run_address>
         <size>0x1f1</size>
         <input_file_ref idref="fl-1e"/>
      </object_component>
      <object_component id="oc-257">
         <name>.debug_info</name>
         <load_address>0x99b0</load_address>
         <run_address>0x99b0</run_address>
         <size>0x1ff</size>
         <input_file_ref idref="fl-1e"/>
      </object_component>
      <object_component id="oc-17d">
         <name>.debug_info</name>
         <load_address>0x9baf</load_address>
         <run_address>0x9baf</run_address>
         <size>0x27f</size>
         <input_file_ref idref="fl-1e"/>
      </object_component>
      <object_component id="oc-176">
         <name>.debug_info</name>
         <load_address>0x9e2e</load_address>
         <run_address>0x9e2e</run_address>
         <size>0x232</size>
         <input_file_ref idref="fl-1e"/>
      </object_component>
      <object_component id="oc-29f">
         <name>.debug_info</name>
         <load_address>0xa060</load_address>
         <run_address>0xa060</run_address>
         <size>0x215</size>
         <input_file_ref idref="fl-1f"/>
      </object_component>
      <object_component id="oc-1b7">
         <name>.debug_info</name>
         <load_address>0xa275</load_address>
         <run_address>0xa275</run_address>
         <size>0x1d8</size>
         <input_file_ref idref="fl-1f"/>
      </object_component>
      <object_component id="oc-32b">
         <name>.debug_info</name>
         <load_address>0xa44d</load_address>
         <run_address>0xa44d</run_address>
         <size>0x1ae</size>
         <input_file_ref idref="fl-1f"/>
      </object_component>
      <object_component id="oc-335">
         <name>.debug_info</name>
         <load_address>0xa5fb</load_address>
         <run_address>0xa5fb</run_address>
         <size>0x1d2</size>
         <input_file_ref idref="fl-1f"/>
      </object_component>
      <object_component id="oc-2e7">
         <name>.debug_info</name>
         <load_address>0xa7cd</load_address>
         <run_address>0xa7cd</run_address>
         <size>0x1f0</size>
         <input_file_ref idref="fl-1f"/>
      </object_component>
      <object_component id="oc-2b1">
         <name>.debug_info</name>
         <load_address>0xa9bd</load_address>
         <run_address>0xa9bd</run_address>
         <size>0x1f2</size>
         <input_file_ref idref="fl-1f"/>
      </object_component>
      <object_component id="oc-2db">
         <name>.debug_info</name>
         <load_address>0xabaf</load_address>
         <run_address>0xabaf</run_address>
         <size>0x1fc</size>
         <input_file_ref idref="fl-1f"/>
      </object_component>
      <object_component id="oc-2e1">
         <name>.debug_info</name>
         <load_address>0xadab</load_address>
         <run_address>0xadab</run_address>
         <size>0x1fa</size>
         <input_file_ref idref="fl-1f"/>
      </object_component>
      <object_component id="oc-2b6">
         <name>.debug_info</name>
         <load_address>0xafa5</load_address>
         <run_address>0xafa5</run_address>
         <size>0x1fe</size>
         <input_file_ref idref="fl-1f"/>
      </object_component>
      <object_component id="oc-2bd">
         <name>.debug_info</name>
         <load_address>0xb1a3</load_address>
         <run_address>0xb1a3</run_address>
         <size>0x1fc</size>
         <input_file_ref idref="fl-1f"/>
      </object_component>
      <object_component id="oc-2d4">
         <name>.debug_info</name>
         <load_address>0xb39f</load_address>
         <run_address>0xb39f</run_address>
         <size>0x223</size>
         <input_file_ref idref="fl-1f"/>
      </object_component>
      <object_component id="oc-2a5">
         <name>.debug_info</name>
         <load_address>0xb5c2</load_address>
         <run_address>0xb5c2</run_address>
         <size>0x1f6</size>
         <input_file_ref idref="fl-1f"/>
      </object_component>
      <object_component id="oc-2ab">
         <name>.debug_info</name>
         <load_address>0xb7b8</load_address>
         <run_address>0xb7b8</run_address>
         <size>0x1f4</size>
         <input_file_ref idref="fl-1f"/>
      </object_component>
      <object_component id="oc-2c8">
         <name>.debug_info</name>
         <load_address>0xb9ac</load_address>
         <run_address>0xb9ac</run_address>
         <size>0x227</size>
         <input_file_ref idref="fl-1f"/>
      </object_component>
      <object_component id="oc-2c3">
         <name>.debug_info</name>
         <load_address>0xbbd3</load_address>
         <run_address>0xbbd3</run_address>
         <size>0x227</size>
         <input_file_ref idref="fl-1f"/>
      </object_component>
      <object_component id="oc-2cf">
         <name>.debug_info</name>
         <load_address>0xbdfa</load_address>
         <run_address>0xbdfa</run_address>
         <size>0x296</size>
         <input_file_ref idref="fl-1f"/>
      </object_component>
      <object_component id="oc-325">
         <name>.debug_info</name>
         <load_address>0xc090</load_address>
         <run_address>0xc090</run_address>
         <size>0x1de</size>
         <input_file_ref idref="fl-1f"/>
      </object_component>
      <object_component id="oc-122">
         <name>.debug_info</name>
         <load_address>0xc26e</load_address>
         <run_address>0xc26e</run_address>
         <size>0x241</size>
         <input_file_ref idref="fl-1f"/>
      </object_component>
      <object_component id="oc-11b">
         <name>.debug_info</name>
         <load_address>0xc4af</load_address>
         <run_address>0xc4af</run_address>
         <size>0x31b</size>
         <input_file_ref idref="fl-1f"/>
      </object_component>
      <object_component id="oc-291">
         <name>.debug_info</name>
         <load_address>0xc7ca</load_address>
         <run_address>0xc7ca</run_address>
         <size>0x221</size>
         <input_file_ref idref="fl-1f"/>
      </object_component>
      <object_component id="oc-297">
         <name>.debug_info</name>
         <load_address>0xc9eb</load_address>
         <run_address>0xc9eb</run_address>
         <size>0x208</size>
         <input_file_ref idref="fl-1f"/>
      </object_component>
      <object_component id="oc-1bd">
         <name>.debug_info</name>
         <load_address>0xcbf3</load_address>
         <run_address>0xcbf3</run_address>
         <size>0x22f</size>
         <input_file_ref idref="fl-1f"/>
      </object_component>
      <object_component id="oc-127">
         <name>.debug_info</name>
         <load_address>0xce22</load_address>
         <run_address>0xce22</run_address>
         <size>0x21b</size>
         <input_file_ref idref="fl-1f"/>
      </object_component>
      <object_component id="oc-1c3">
         <name>.debug_info</name>
         <load_address>0xd03d</load_address>
         <run_address>0xd03d</run_address>
         <size>0x42e</size>
         <input_file_ref idref="fl-1f"/>
      </object_component>
      <object_component id="oc-54">
         <name>.debug_info</name>
         <load_address>0xd46b</load_address>
         <run_address>0xd46b</run_address>
         <size>0x158</size>
         <input_file_ref idref="fl-2b"/>
      </object_component>
      <object_component id="oc-1df">
         <name>.debug_info</name>
         <load_address>0xd5c3</load_address>
         <run_address>0xd5c3</run_address>
         <size>0x127</size>
         <input_file_ref idref="fl-2c"/>
      </object_component>
      <object_component id="oc-65">
         <name>.debug_info</name>
         <load_address>0xd6ea</load_address>
         <run_address>0xd6ea</run_address>
         <size>0x14d</size>
         <input_file_ref idref="fl-2e"/>
      </object_component>
      <object_component id="oc-7d">
         <name>.debug_info</name>
         <load_address>0xd837</load_address>
         <run_address>0xd837</run_address>
         <size>0x1bf</size>
         <input_file_ref idref="fl-2f"/>
      </object_component>
      <object_component id="oc-31">
         <name>.debug_info</name>
         <load_address>0xd9f6</load_address>
         <run_address>0xd9f6</run_address>
         <size>0x1b6</size>
         <input_file_ref idref="fl-30"/>
      </object_component>
      <object_component id="oc-1d">
         <name>.debug_info</name>
         <load_address>0xdbac</load_address>
         <run_address>0xdbac</run_address>
         <size>0x1b7</size>
         <input_file_ref idref="fl-31"/>
      </object_component>
      <object_component id="oc-14">
         <name>.debug_info</name>
         <load_address>0xdd63</load_address>
         <run_address>0xdd63</run_address>
         <size>0x20c</size>
         <input_file_ref idref="fl-32"/>
      </object_component>
      <object_component id="oc-b3">
         <name>.debug_info</name>
         <load_address>0xdf6f</load_address>
         <run_address>0xdf6f</run_address>
         <size>0x19e</size>
         <input_file_ref idref="fl-33"/>
      </object_component>
      <object_component id="oc-70">
         <name>.debug_info</name>
         <load_address>0xe10d</load_address>
         <run_address>0xe10d</run_address>
         <size>0x1a9</size>
         <input_file_ref idref="fl-33"/>
      </object_component>
      <object_component id="oc-b6">
         <name>.debug_info</name>
         <load_address>0xe2b6</load_address>
         <run_address>0xe2b6</run_address>
         <size>0x107</size>
         <input_file_ref idref="fl-34"/>
      </object_component>
      <object_component id="oc-1a9">
         <name>.debug_info</name>
         <load_address>0xe3bd</load_address>
         <run_address>0xe3bd</run_address>
         <size>0x10b</size>
         <input_file_ref idref="fl-34"/>
      </object_component>
      <object_component id="oc-106">
         <name>.debug_info</name>
         <load_address>0xe4c8</load_address>
         <run_address>0xe4c8</run_address>
         <size>0x203</size>
         <input_file_ref idref="fl-34"/>
      </object_component>
      <object_component id="oc-6b">
         <name>.debug_info</name>
         <load_address>0xe6cb</load_address>
         <run_address>0xe6cb</run_address>
         <size>0x15d</size>
         <input_file_ref idref="fl-35"/>
      </object_component>
      <object_component id="oc-2c">
         <name>.debug_info</name>
         <load_address>0xe828</load_address>
         <run_address>0xe828</run_address>
         <size>0x19b</size>
         <input_file_ref idref="fl-38"/>
      </object_component>
      <object_component id="oc-c0">
         <name>.debug_info</name>
         <load_address>0xe9c3</load_address>
         <run_address>0xe9c3</run_address>
         <size>0x147</size>
         <input_file_ref idref="fl-39"/>
      </object_component>
      <object_component id="oc-377">
         <name>.debug_info</name>
         <load_address>0xeb0a</load_address>
         <run_address>0xeb0a</run_address>
         <size>0x9c</size>
      </object_component>
      <object_component id="oc-e9">
         <name>.debug_line</name>
         <load_address>0x0</load_address>
         <run_address>0x0</run_address>
         <size>0x360</size>
         <input_file_ref idref="fl-2"/>
      </object_component>
      <object_component id="oc-26b">
         <name>.debug_line</name>
         <load_address>0x360</load_address>
         <run_address>0x360</run_address>
         <size>0xfb</size>
         <input_file_ref idref="fl-2"/>
      </object_component>
      <object_component id="oc-1a4">
         <name>.debug_line</name>
         <load_address>0x45b</load_address>
         <run_address>0x45b</run_address>
         <size>0x3e</size>
         <input_file_ref idref="fl-5"/>
      </object_component>
      <object_component id="oc-183">
         <name>.debug_line</name>
         <load_address>0x499</load_address>
         <run_address>0x499</run_address>
         <size>0x3e</size>
         <input_file_ref idref="fl-5"/>
      </object_component>
      <object_component id="oc-ab">
         <name>.debug_line</name>
         <load_address>0x4d7</load_address>
         <run_address>0x4d7</run_address>
         <size>0x13f</size>
         <input_file_ref idref="fl-5"/>
      </object_component>
      <object_component id="oc-1a6">
         <name>.debug_line</name>
         <load_address>0x616</load_address>
         <run_address>0x616</run_address>
         <size>0x17a</size>
         <input_file_ref idref="fl-5"/>
      </object_component>
      <object_component id="oc-d7">
         <name>.debug_line</name>
         <load_address>0x790</load_address>
         <run_address>0x790</run_address>
         <size>0x2fb</size>
         <input_file_ref idref="fl-6"/>
      </object_component>
      <object_component id="oc-23a">
         <name>.debug_line</name>
         <load_address>0xa8b</load_address>
         <run_address>0xa8b</run_address>
         <size>0x6a</size>
         <input_file_ref idref="fl-6"/>
      </object_component>
      <object_component id="oc-24">
         <name>.debug_line</name>
         <load_address>0xaf5</load_address>
         <run_address>0xaf5</run_address>
         <size>0x55</size>
         <input_file_ref idref="fl-7"/>
      </object_component>
      <object_component id="oc-40">
         <name>.debug_line</name>
         <load_address>0xb4a</load_address>
         <run_address>0xb4a</run_address>
         <size>0x5d</size>
         <input_file_ref idref="fl-7"/>
      </object_component>
      <object_component id="oc-318">
         <name>.debug_line</name>
         <load_address>0xba7</load_address>
         <run_address>0xba7</run_address>
         <size>0x38</size>
         <input_file_ref idref="fl-8"/>
      </object_component>
      <object_component id="oc-31a">
         <name>.debug_line</name>
         <load_address>0xbdf</load_address>
         <run_address>0xbdf</run_address>
         <size>0x38</size>
         <input_file_ref idref="fl-8"/>
      </object_component>
      <object_component id="oc-19b">
         <name>.debug_line</name>
         <load_address>0xc17</load_address>
         <run_address>0xc17</run_address>
         <size>0xcb</size>
         <input_file_ref idref="fl-8"/>
      </object_component>
      <object_component id="oc-31c">
         <name>.debug_line</name>
         <load_address>0xce2</load_address>
         <run_address>0xce2</run_address>
         <size>0x4f</size>
         <input_file_ref idref="fl-8"/>
      </object_component>
      <object_component id="oc-323">
         <name>.debug_line</name>
         <load_address>0xd31</load_address>
         <run_address>0xd31</run_address>
         <size>0x41</size>
         <input_file_ref idref="fl-9"/>
      </object_component>
      <object_component id="oc-280">
         <name>.debug_line</name>
         <load_address>0xd72</load_address>
         <run_address>0xd72</run_address>
         <size>0x41</size>
         <input_file_ref idref="fl-9"/>
      </object_component>
      <object_component id="oc-18e">
         <name>.debug_line</name>
         <load_address>0xdb3</load_address>
         <run_address>0xdb3</run_address>
         <size>0x41</size>
         <input_file_ref idref="fl-9"/>
      </object_component>
      <object_component id="oc-191">
         <name>.debug_line</name>
         <load_address>0xdf4</load_address>
         <run_address>0xdf4</run_address>
         <size>0x248</size>
         <input_file_ref idref="fl-9"/>
      </object_component>
      <object_component id="oc-273">
         <name>.debug_line</name>
         <load_address>0x103c</load_address>
         <run_address>0x103c</run_address>
         <size>0xd8</size>
         <input_file_ref idref="fl-9"/>
      </object_component>
      <object_component id="oc-276">
         <name>.debug_line</name>
         <load_address>0x1114</load_address>
         <run_address>0x1114</run_address>
         <size>0x3e</size>
         <input_file_ref idref="fl-a"/>
      </object_component>
      <object_component id="oc-f8">
         <name>.debug_line</name>
         <load_address>0x1152</load_address>
         <run_address>0x1152</run_address>
         <size>0x360</size>
         <input_file_ref idref="fl-a"/>
      </object_component>
      <object_component id="oc-28b">
         <name>.debug_line</name>
         <load_address>0x14b2</load_address>
         <run_address>0x14b2</run_address>
         <size>0xd8</size>
         <input_file_ref idref="fl-a"/>
      </object_component>
      <object_component id="oc-189">
         <name>.debug_line</name>
         <load_address>0x158a</load_address>
         <run_address>0x158a</run_address>
         <size>0xa9</size>
         <input_file_ref idref="fl-b"/>
      </object_component>
      <object_component id="oc-315">
         <name>.debug_line</name>
         <load_address>0x1633</load_address>
         <run_address>0x1633</run_address>
         <size>0xa9</size>
         <input_file_ref idref="fl-b"/>
      </object_component>
      <object_component id="oc-26e">
         <name>.debug_line</name>
         <load_address>0x16dc</load_address>
         <run_address>0x16dc</run_address>
         <size>0x39</size>
         <input_file_ref idref="fl-c"/>
      </object_component>
      <object_component id="oc-285">
         <name>.debug_line</name>
         <load_address>0x1715</load_address>
         <run_address>0x1715</run_address>
         <size>0x1e7</size>
         <input_file_ref idref="fl-c"/>
      </object_component>
      <object_component id="oc-312">
         <name>.debug_line</name>
         <load_address>0x18fc</load_address>
         <run_address>0x18fc</run_address>
         <size>0x9c</size>
         <input_file_ref idref="fl-c"/>
      </object_component>
      <object_component id="oc-246">
         <name>.debug_line</name>
         <load_address>0x1998</load_address>
         <run_address>0x1998</run_address>
         <size>0x8a</size>
         <input_file_ref idref="fl-19"/>
      </object_component>
      <object_component id="oc-16f">
         <name>.debug_line</name>
         <load_address>0x1a22</load_address>
         <run_address>0x1a22</run_address>
         <size>0x8c</size>
         <input_file_ref idref="fl-19"/>
      </object_component>
      <object_component id="oc-308">
         <name>.debug_line</name>
         <load_address>0x1aae</load_address>
         <run_address>0x1aae</run_address>
         <size>0xc4</size>
         <input_file_ref idref="fl-19"/>
      </object_component>
      <object_component id="oc-1db">
         <name>.debug_line</name>
         <load_address>0x1b72</load_address>
         <run_address>0x1b72</run_address>
         <size>0x85</size>
         <input_file_ref idref="fl-1a"/>
      </object_component>
      <object_component id="oc-22a">
         <name>.debug_line</name>
         <load_address>0x1bf7</load_address>
         <run_address>0x1bf7</run_address>
         <size>0x88</size>
         <input_file_ref idref="fl-1a"/>
      </object_component>
      <object_component id="oc-1f3">
         <name>.debug_line</name>
         <load_address>0x1c7f</load_address>
         <run_address>0x1c7f</run_address>
         <size>0x88</size>
         <input_file_ref idref="fl-1a"/>
      </object_component>
      <object_component id="oc-21b">
         <name>.debug_line</name>
         <load_address>0x1d07</load_address>
         <run_address>0x1d07</run_address>
         <size>0x88</size>
         <input_file_ref idref="fl-1a"/>
      </object_component>
      <object_component id="oc-220">
         <name>.debug_line</name>
         <load_address>0x1d8f</load_address>
         <run_address>0x1d8f</run_address>
         <size>0x88</size>
         <input_file_ref idref="fl-1a"/>
      </object_component>
      <object_component id="oc-1fa">
         <name>.debug_line</name>
         <load_address>0x1e17</load_address>
         <run_address>0x1e17</run_address>
         <size>0x88</size>
         <input_file_ref idref="fl-1a"/>
      </object_component>
      <object_component id="oc-1fc">
         <name>.debug_line</name>
         <load_address>0x1e9f</load_address>
         <run_address>0x1e9f</run_address>
         <size>0x88</size>
         <input_file_ref idref="fl-1a"/>
      </object_component>
      <object_component id="oc-218">
         <name>.debug_line</name>
         <load_address>0x1f27</load_address>
         <run_address>0x1f27</run_address>
         <size>0x8e</size>
         <input_file_ref idref="fl-1a"/>
      </object_component>
      <object_component id="oc-232">
         <name>.debug_line</name>
         <load_address>0x1fb5</load_address>
         <run_address>0x1fb5</run_address>
         <size>0x86</size>
         <input_file_ref idref="fl-1a"/>
      </object_component>
      <object_component id="oc-22d">
         <name>.debug_line</name>
         <load_address>0x203b</load_address>
         <run_address>0x203b</run_address>
         <size>0x86</size>
         <input_file_ref idref="fl-1a"/>
      </object_component>
      <object_component id="oc-1e7">
         <name>.debug_line</name>
         <load_address>0x20c1</load_address>
         <run_address>0x20c1</run_address>
         <size>0x88</size>
         <input_file_ref idref="fl-1a"/>
      </object_component>
      <object_component id="oc-1ea">
         <name>.debug_line</name>
         <load_address>0x2149</load_address>
         <run_address>0x2149</run_address>
         <size>0x88</size>
         <input_file_ref idref="fl-1a"/>
      </object_component>
      <object_component id="oc-208">
         <name>.debug_line</name>
         <load_address>0x21d1</load_address>
         <run_address>0x21d1</run_address>
         <size>0x88</size>
         <input_file_ref idref="fl-1a"/>
      </object_component>
      <object_component id="oc-202">
         <name>.debug_line</name>
         <load_address>0x2259</load_address>
         <run_address>0x2259</run_address>
         <size>0x88</size>
         <input_file_ref idref="fl-1a"/>
      </object_component>
      <object_component id="oc-211">
         <name>.debug_line</name>
         <load_address>0x22e1</load_address>
         <run_address>0x22e1</run_address>
         <size>0x92</size>
         <input_file_ref idref="fl-1a"/>
      </object_component>
      <object_component id="oc-13f">
         <name>.debug_line</name>
         <load_address>0x2373</load_address>
         <run_address>0x2373</run_address>
[...]
         <usage_details>
         </usage_details>
      </memory_area>
      <memory_area display="yes" color="green">
         <name>RAMM1</name>
         <page_id>0x1</page_id>
         <origin>0x400</origin>
         <length>0x3f8</length>
         <used_space>0x100</used_space>
         <unused_space>0x2f8</unused_space>
         <attributes>RWIX</attributes>
         <usage_details>
            <allocated_space>
               <start_address>0x400</start_address>
               <size>0x100</size>
               <logical_group_ref idref="lg-8"/>
            </allocated_space>
            <available_space>
               <start_address>0x500</start_address>
               <size>0x2f8</size>
            </available_space>
         </usage_details>
      </memory_area>
      <memory_area display="yes" color="blue">
         <name>RAMLS5</name>
         <page_id>0x1</page_id>
         <origin>0xa800</origin>
         <length>0x800</length>
         <used_space>0x728</used_space>
         <unused_space>0xd8</unused_space>
         <attributes>RWIX</attributes>
         <usage_details>
            <allocated_space>
               <start_address>0xa800</start_address>
               <size>0x6ec</size>
               <logical_group_ref idref="lg-c"/>
            </allocated_space>
            <allocated_space>
               <start_address>0xaeec</start_address>
               <size>0x3c</size>
               <logical_group_ref idref="lg-9"/>
            </allocated_space>
            <available_space>
               <start_address>0xaf28</start_address>
               <size>0xd8</size>
            </available_space>
         </usage_details>
      </memory_area>
      <memory_area display="yes" color="green">
         <name>RAMLS6</name>
         <page_id>0x1</page_id>
         <origin>0xb000</origin>
         <length>0x800</length>
         <used_space>0x0</used_space>
         <unused_space>0x800</unused_space>
         <attributes>RWIX</attributes>
         <usage_details>
         </usage_details>
      </memory_area>
      <memory_area display="yes" color="green">
         <name>RAMLS7</name>
         <page_id>0x1</page_id>
         <origin>0xb800</origin>
         <length>0x800</length>
         <used_space>0x0</used_space>
         <unused_space>0x800</unused_space>
         <attributes>RWIX</attributes>
         <usage_details>
         </usage_details>
      </memory_area>
      <memory_area display="yes" color="green">
         <name>RAMGS0</name>
         <page_id>0x1</page_id>
         <origin>0xc000</origin>
         <length>0x2000</length>
         <used_space>0x0</used_space>
         <unused_space>0x2000</unused_space>
         <attributes>RWIX</attributes>
         <usage_details>
         </usage_details>
      </memory_area>
      <memory_area display="yes" color="green">
         <name>RAMGS1</name>
         <page_id>0x1</page_id>
         <origin>0xe000</origin>
         <length>0x2000</length>
         <used_space>0x0</used_space>
         <unused_space>0x2000</unused_space>
         <attributes>RWIX</attributes>
         <usage_details>
         </usage_details>
      </memory_area>
      <memory_area display="yes" color="green">
         <name>RAMGS2</name>
         <page_id>0x1</page_id>
         <origin>0x10000</origin>
         <length>0x2000</length>
         <used_space>0x0</used_space>
         <unused_space>0x2000</unused_space>
         <attributes>RWIX</attributes>
         <usage_details>
         </usage_details>
      </memory_area>
      <memory_area display="yes" color="green">
         <name>RAMGS3</name>
         <page_id>0x1</page_id>
         <origin>0x12000</origin>
         <length>0x1ff8</length>
         <used_space>0x0</used_space>
         <unused_space>0x1ff8</unused_space>
         <attributes>RWIX</attributes>
         <usage_details>
         </usage_details>
      </memory_area>
   </placement_map>
   <cptbl_list>
      <cptbl>
         <name>__TI_cinit_table</name>
         <cprec>
            <name>.data</name>
            <load_address>0x1d4</load_address>
            <load_size>0x1a</load_size>
            <run_address>0x0</run_address>
            <run_size>0x2e0</run_size>
            <compression>lzss</compression>
         </cprec>
         <cprec>
            <name>.bss</name>
            <load_address>0x1f4</load_address>
            <load_size>0x4</load_size>
            <run_address>0xaeec</run_address>
            <run_size>0x3c</run_size>
            <compression>zero_init</compression>
         </cprec>
      </cptbl>
   </cptbl_list>
   <handler_table>
      <handler_table_name>__TI_handler_table</handler_table_name>
      <handler>
         <index>0x0</index>
         <name>__TI_zero_init</name>
      </handler>
      <handler>
         <index>0x1</index>
         <name>__TI_decompress_lzss</name>
      </handler>
      <handler>
         <index>0x2</index>
         <name>__TI_decompress_none</name>
      </handler>
   </handler_table>
   <symbol_table>
      <symbol id="sm-1">
         <name>__TI_CINIT_Base</name>
         <value>0x1f8</value>
      </symbol>
      <symbol id="sm-2">
         <name>__TI_CINIT_Limit</name>
         <value>0x200</value>
      </symbol>
      <symbol id="sm-3">
         <name>__TI_CINIT_Warm</name>
         <value>0x200</value>
      </symbol>
      <symbol id="sm-4">
         <name>__TI_Handler_Table_Base</name>
         <value>0x1ee</value>
      </symbol>
      <symbol id="sm-5">
         <name>__TI_Handler_Table_Limit</name>
         <value>0x1f4</value>
      </symbol>
      <symbol id="sm-6">
         <name>__TI_STACK_SIZE</name>
         <value>0x100</value>
      </symbol>
      <symbol id="sm-7">
         <name>__TI_STACK_END</name>
         <value>0x500</value>
      </symbol>
      <symbol id="sm-8">
         <name>__TI_pprof_out_hndl</name>
         <value>0xffffffff</value>
      </symbol>
      <symbol id="sm-9">
         <name>__TI_prof_data_start</name>
         <value>0xffffffff</value>
      </symbol>
      <symbol id="sm-a">
         <name>__TI_prof_data_size</name>
         <value>0xffffffff</value>
      </symbol>
      <symbol id="sm-5b">
         <name>DEBUG_SCI_init</name>
         <value>0x8e59</value>
         <object_component_ref idref="oc-e5"/>
      </symbol>
      <symbol id="sm-5c">
         <name>PinMux_init</name>
         <value>0x8e07</value>
         <object_component_ref idref="oc-e5"/>
      </symbol>
      <symbol id="sm-5d">
         <name>SCI_init</name>
         <value>0x8e56</value>
         <object_component_ref idref="oc-e5"/>
      </symbol>
      <symbol id="sm-5e">
         <name>Board_init</name>
         <value>0x8dfe</value>
         <object_component_ref idref="oc-e5"/>
      </symbol>
      <symbol id="sm-5f">
         <name>SWTIRMER_init</name>
         <value>0x8e29</value>
         <object_component_ref idref="oc-e5"/>
      </symbol>
      <symbol id="sm-60">
         <name>CPUTIMER_init</name>
         <value>0x8e26</value>
         <object_component_ref idref="oc-e5"/>
      </symbol>
      <symbol id="sm-89">
         <name>id_ttask</name>
         <value>0x2d8</value>
         <object_component_ref idref="oc-fa"/>
      </symbol>
      <symbol id="sm-8a">
         <name>main</name>
         <value>0x87a8</value>
         <object_component_ref idref="oc-aa"/>
      </symbol>
      <symbol id="sm-8b">
         <name>task25msec</name>
         <value>0x876e</value>
         <object_component_ref idref="oc-aa"/>
      </symbol>
      <symbol id="sm-8c">
         <name>time_task</name>
         <value>0x2c0</value>
         <object_component_ref idref="oc-eb"/>
      </symbol>
      <symbol id="sm-8d">
         <name>task2D5msec</name>
         <value>0x8772</value>
         <object_component_ref idref="oc-aa"/>
      </symbol>
      <symbol id="sm-8e">
         <name>scanTimeTask</name>
         <value>0x8776</value>
         <object_component_ref idref="oc-aa"/>
      </symbol>
      <symbol id="sm-b0">
         <name>Device_enableAllPeripherals</name>
         <value>0x8b59</value>
         <object_component_ref idref="oc-d3"/>
      </symbol>
      <symbol id="sm-b1">
         <name>Device_verifyXTAL</name>
         <value>0x8c49</value>
         <object_component_ref idref="oc-d3"/>
      </symbol>
      <symbol id="sm-b2">
         <name>Device_initGPIO</name>
         <value>0x8c39</value>
         <object_component_ref idref="oc-d3"/>
      </symbol>
      <symbol id="sm-b3">
         <name>Device_init</name>
         <value>0x8b08</value>
         <object_component_ref idref="oc-d3"/>
      </symbol>
      <symbol id="sm-b4">
         <name>__error__</name>
         <value>0x8c7c</value>
         <object_component_ref idref="oc-d3"/>
      </symbol>
      <symbol id="sm-c3">
         <name>code_start</name>
         <value>0x0</value>
         <object_component_ref idref="oc-20"/>
      </symbol>
      <symbol id="sm-de">
         <name>ucMBCRC16</name>
         <value>0x9329</value>
         <object_component_ref idref="oc-196"/>
      </symbol>
      <symbol id="sm-df">
         <name>setCRC16</name>
         <value>0x936e</value>
         <object_component_ref idref="oc-196"/>
      </symbol>
      <symbol id="sm-e0">
         <name>getCRC16</name>
         <value>0x937c</value>
         <object_component_ref idref="oc-196"/>
      </symbol>
      <symbol id="sm-e1">
         <name>getCRC16n</name>
         <value>0x9384</value>
         <object_component_ref idref="oc-196"/>
      </symbol>
      <symbol id="sm-e2">
         <name>ucBLOCKCRC16</name>
         <value>0x9345</value>
         <object_component_ref idref="oc-196"/>
      </symbol>
      <symbol id="sm-131">
         <name>ModbusCommError</name>
         <value>0x8383</value>
         <object_component_ref idref="oc-19f"/>
      </symbol>
      <symbol id="sm-132">
         <name>writeHoldingNRegister</name>
         <value>0x8256</value>
         <object_component_ref idref="oc-19f"/>
      </symbol>
      <symbol id="sm-133">
         <name>ReservedFunction</name>
         <value>0x8023</value>
         <object_component_ref idref="oc-19f"/>
      </symbol>
      <symbol id="sm-134">
         <name>writeHoldingRegister</name>
         <value>0x8129</value>
         <object_component_ref idref="oc-19f"/>
      </symbol>
      <symbol id="sm-135">
         <name>readHoldingRegister</name>
         <value>0x802f</value>
         <object_component_ref idref="oc-19f"/>
      </symbol>
      <symbol id="sm-136">
         <name>mbcomm</name>
         <value>0x40</value>
         <object_component_ref idref="oc-ee"/>
      </symbol>
      <symbol id="sm-137">
         <name>ModbusFunc</name>
         <value>0x28e</value>
         <object_component_ref idref="oc-19c"/>
      </symbol>
      <symbol id="sm-138">
         <name>pushModbusByte</name>
         <value>0x8000</value>
         <object_component_ref idref="oc-19f"/>
      </symbol>
      <symbol id="sm-189">
         <name>isrMbusRxData</name>
         <value>0x85d7</value>
         <object_component_ref idref="oc-f4"/>
      </symbol>
      <symbol id="sm-18a">
         <name>cntModbusTimeout</name>
         <value>0x84d8</value>
         <object_component_ref idref="oc-f4"/>
      </symbol>
      <symbol id="sm-18b">
         <name>initMbusConfig</name>
         <value>0x856c</value>
         <object_component_ref idref="oc-f4"/>
      </symbol>
      <symbol id="sm-18c">
         <name>rstModbusTimeout</name>
         <value>0x8536</value>
         <object_component_ref idref="oc-f4"/>
      </symbol>
      <symbol id="sm-18d">
         <name>exeModbusSlave</name>
         <value>0x8627</value>
         <object_component_ref idref="oc-f4"/>
      </symbol>
      <symbol id="sm-18e">
         <name>rstModbusError</name>
         <value>0x854f</value>
         <object_component_ref idref="oc-f4"/>
      </symbol>
      <symbol id="sm-19c">
         <name>readRegN</name>
         <value>0x9177</value>
         <object_component_ref idref="oc-187"/>
      </symbol>
      <symbol id="sm-19d">
         <name>writeReg</name>
         <value>0x917b</value>
         <object_component_ref idref="oc-187"/>
      </symbol>
      <symbol id="sm-19e">
         <name>writeRegN</name>
         <value>0x9182</value>
         <object_component_ref idref="oc-187"/>
      </symbol>
      <symbol id="sm-19f">
         <name>initRegN</name>
         <value>0x90c5</value>
         <object_component_ref idref="oc-187"/>
      </symbol>
      <symbol id="sm-21e">
         <name>regMbusData</name>
         <value>0xaf00</value>
         <object_component_ref idref="oc-184"/>
      </symbol>
      <symbol id="sm-21f">
         <name>chkValidAddress</name>
         <value>0x8800</value>
         <object_component_ref idref="oc-281"/>
      </symbol>
      <symbol id="sm-220">
         <name>getModbusData</name>
         <value>0x8843</value>
         <object_component_ref idref="oc-281"/>
      </symbol>
      <symbol id="sm-221">
         <name>setModbusData</name>
         <value>0x8945</value>
         <object_component_ref idref="oc-281"/>
      </symbol>
      <symbol id="sm-23f">
         <name>CPUTimer_setEmulationMode</name>
         <value>0x99db</value>
         <object_component_ref idref="oc-16e"/>
      </symbol>
      <symbol id="sm-2ea">
         <name>DCC_verifyClockFrequency</name>
         <value>0x8e90</value>
         <object_component_ref idref="oc-13e"/>
      </symbol>
      <symbol id="sm-330">
         <name>GPIO_setQualificationMode</name>
         <value>0x95b6</value>
         <object_component_ref idref="oc-168"/>
      </symbol>
      <symbol id="sm-331">
         <name>GPIO_setPadConfig</name>
         <value>0x93ea</value>
         <object_component_ref idref="oc-12c"/>
      </symbol>
      <symbol id="sm-332">
         <name>GPIO_setAnalogMode</name>
         <value>0x9545</value>
         <object_component_ref idref="oc-138"/>
      </symbol>
      <symbol id="sm-333">
         <name>GPIO_setDirectionMode</name>
         <value>0x95ed</value>
         <object_component_ref idref="oc-132"/>
      </symbol>
      <symbol id="sm-334">
         <name>GPIO_setPinConfig</name>
         <value>0x957f</value>
         <object_component_ref idref="oc-162"/>
      </symbol>
      <symbol id="sm-371">
         <name>Interrupt_initModule</name>
         <value>0x9508</value>
         <object_component_ref idref="oc-d9"/>
      </symbol>
      <symbol id="sm-372">
         <name>Interrupt_initVectorTable</name>
         <value>0x9740</value>
         <object_component_ref idref="oc-df"/>
      </symbol>
      <symbol id="sm-3b7">
         <name>SCI_clearInterruptStatus</name>
         <value>0x9485</value>
         <object_component_ref idref="oc-174"/>
      </symbol>
      <symbol id="sm-3b8">
         <name>SCI_setConfig</name>
         <value>0x94ca</value>
         <object_component_ref idref="oc-17a"/>
      </symbol>
      <symbol id="sm-4c6">
         <name>SysCtl_isPLLValid</name>
         <value>0x9186</value>
         <object_component_ref idref="oc-1c2"/>
      </symbol>
      <symbol id="sm-4c7">
         <name>SysCtl_delay</name>
         <value>0x1ce</value>
         <object_component_ref idref="oc-119"/>
      </symbol>
      <symbol id="sm-4c8">
         <name>SysCtl_selectXTALSingleEnded</name>
         <value>0x9800</value>
         <object_component_ref idref="oc-296"/>
      </symbol>
      <symbol id="sm-4c9">
         <name>SysCtl_selectXTAL</name>
         <value>0x96bd</value>
         <object_component_ref idref="oc-290"/>
      </symbol>
      <symbol id="sm-4ca">
         <name>SysCtl_selectOscSource</name>
         <value>0x943c</value>
         <object_component_ref idref="oc-1bc"/>
      </symbol>
      <symbol id="sm-4cb">
         <name>SysCtl_getLowSpeedClock</name>
         <value>0x97ce</value>
         <object_component_ref idref="oc-126"/>
      </symbol>
      <symbol id="sm-4cc">
         <name>SysCtl_setClock</name>
         <value>0x9000</value>
         <object_component_ref idref="oc-11a"/>
      </symbol>
      <symbol id="sm-4cd">
         <name>SysCtl_getClock</name>
         <value>0x938c</value>
         <object_component_ref idref="oc-120"/>
      </symbol>
      <symbol id="sm-4d7">
         <name>_c_int00</name>
         <value>0x9860</value>
         <object_component_ref idref="oc-53"/>
      </symbol>
      <symbol id="sm-4d8">
         <name>__stack</name>
         <value>0x400</value>
         <object_component_ref idref="oc-25"/>
      </symbol>
      <symbol id="sm-4e5">
         <name>__c28xabi_divf</name>
         <value>0x8f5b</value>
         <object_component_ref idref="oc-1de"/>
      </symbol>
      <symbol id="sm-4f3">
         <name>_system_pre_init</name>
         <value>0x9a97</value>
         <object_component_ref idref="oc-61"/>
      </symbol>
      <symbol id="sm-502">
         <name>__TI_auto_init_nobinit_nopinit</name>
         <value>0x87d4</value>
         <object_component_ref idref="oc-7a"/>
      </symbol>
      <symbol id="sm-511">
         <name>__TI_zero_init_nomemset</name>
         <value>0x9a4f</value>
         <object_component_ref idref="oc-30"/>
      </symbol>
      <symbol id="sm-51e">
         <name>__TI_decompress_none</name>
         <value>0x9a7c</value>
         <object_component_ref idref="oc-19"/>
      </symbol>
      <symbol id="sm-532">
         <name>__TI_decompress_lzss</name>
         <value>0x961e</value>
         <object_component_ref idref="oc-13"/>
      </symbol>
      <symbol id="sm-548">
         <name>C$$EXIT</name>
         <value>0x964c</value>
         <object_component_ref idref="oc-6e"/>
      </symbol>
      <symbol id="sm-549">
         <name>abort</name>
         <value>0x964c</value>
         <object_component_ref idref="oc-6e"/>
      </symbol>
      <symbol id="sm-54a">
         <name>exit</name>
         <value>0x964e</value>
         <object_component_ref idref="oc-6e"/>
      </symbol>
      <symbol id="sm-54b">
         <name>__TI_dtors_ptr</name>
         <value>0x2d6</value>
         <object_component_ref idref="oc-b2"/>
      </symbol>
      <symbol id="sm-54c">
         <name>__TI_cleanup_ptr</name>
         <value>0x2d4</value>
         <object_component_ref idref="oc-b2"/>
      </symbol>
      <symbol id="sm-54d">
         <name>__TI_enable_exit_profile_output</name>
         <value>0x2d2</value>
         <object_component_ref idref="oc-b2"/>
      </symbol>
      <symbol id="sm-564">
         <name>_nop</name>
         <value>0x9a7b</value>
         <object_component_ref idref="oc-105"/>
      </symbol>
      <symbol id="sm-565">
         <name>_lock</name>
         <value>0x2dc</value>
         <object_component_ref idref="oc-b5"/>
      </symbol>
      <symbol id="sm-566">
         <name>_unlock</name>
         <value>0x2de</value>
         <object_component_ref idref="oc-1a8"/>
      </symbol>
      <symbol id="sm-567">
         <name>_register_lock</name>
         <value>0x9a77</value>
         <object_component_ref idref="oc-105"/>
      </symbol>
      <symbol id="sm-568">
         <name>_register_unlock</name>
         <value>0x9a73</value>
         <object_component_ref idref="oc-105"/>
      </symbol>
      <symbol id="sm-577">
         <name>_args_main</name>
         <value>0x9a5c</value>
         <object_component_ref idref="oc-68"/>
      </symbol>
      <symbol id="sm-58b">
         <name>memcpy</name>
         <value>0x8fe3</value>
         <object_component_ref idref="oc-28"/>
      </symbol>
      <symbol id="sm-598">
         <name>_system_post_cinit</name>
         <value>0x87ff</value>
         <object_component_ref idref="oc-bd"/>
      </symbol>
      <symbol id="sm-59a">
         <name>__c_args__</name>
         <value>0x0</value>
      </symbol>
   </symbol_table>
   <title>Link errors: red sections failed placement,available memory ranges in purple</title>
</link_info>
