******************************************************************************
             TMS320C2000 Linker PC v22.6.0                     
******************************************************************************
>> Linked Mon May  8 14:32:33 2023

OUTPUT FILE NAME:   <I2C_EEPROM_V0508a.out>
ENTRY POINT SYMBOL: "code_start"  address: 00080000


MEMORY CONFIGURATION

         name            origin    length      used     unused   attr    fill
----------------------  --------  ---------  --------  --------  ----  --------
PAGE 0:
  RAMM0                 00000123   000002dd  00000000  000002dd  RWIX
  RAMLS0                00008000   00000800  00000165  0000069b  RWIX
  RAMLS1                00008800   00000800  00000000  00000800  RWIX
  RAMLS2                00009000   00000800  00000000  00000800  RWIX
  RAMLS3                00009800   00000800  00000000  00000800  RWIX
  RAMLS4                0000a000   00000800  00000000  00000800  RWIX
  RAMD0                 0000b000   00000800  00000000  00000800  RWIX
  BEGIN                 00080000   00000002  00000002  00000000  RWIX
  FLASHA                00080002   00001ffe  00000000  00001ffe  RWIX
  FLASHB                00082000   00002000  000016f0  00000910  RWIX
  FLASHC                00084000   00002000  00000000  00002000  RWIX
  FLASHD                00086000   00002000  00000165  00001e9b  RWIX
  FLASHE                00088000   00008000  00000000  00008000  RWIX
  FLASHF                00090000   00008000  00000620  000079e0  RWIX
  FLASHG                00098000   00008000  00000000  00008000  RWIX
  FLASHH                000a0000   00008000  00000000  00008000  RWIX
  FLASHI                000a8000   00008000  00000000  00008000  RWIX
  FLASHJ                000b0000   00008000  00000000  00008000  RWIX
  FLASHK                000b8000   00002000  00000000  00002000  RWIX
  FLASHL                000ba000   00002000  00000000  00002000  RWIX
  FLASHM                000bc000   00002000  00000000  00002000  RWIX
  FLASHN                000be000   00002000  00000000  00002000  RWIX
  FLASHO                000c0000   00002000  00000000  00002000  RWIX
  FLASHP                000c2000   00002000  00000000  00002000  RWIX
  FLASHQ                000c4000   00002000  00000000  00002000  RWIX
  FLASHR                000c6000   00002000  00000000  00002000  RWIX
  FLASHS                000c8000   00008000  00000000  00008000  RWIX
  FLASHT                000d0000   00008000  00000000  00008000  RWIX
  FLASHU                000d8000   00008000  00000000  00008000  RWIX
  FLASHV                000e0000   00008000  00000000  00008000  RWIX
  FLASHW                000e8000   00008000  00000000  00008000  RWIX
  FLASHX                000f0000   00008000  00000000  00008000  RWIX
  FLASHY                000f8000   00002000  00000000  00002000  RWIX
  FLASHZ                000fa000   00002000  00000000  00002000  RWIX
  FLASHAA               000fc000   00002000  00000000  00002000  RWIX
  FLASHBB               000fe000   00001ff0  00000000  00001ff0  RWIX
  RESET                 003fffc0   00000002  00000000  00000002  RWIX

PAGE 1:
  BOOT_RSVD             00000002   00000121  00000000  00000121  RWIX
  RAMM1                 00000400   000003f8  000003f8  00000000  RWIX
  RAMLS5                0000a800   00000800  0000006c  00000794  RWIX
  RAMD1                 0000b800   00000800  00000000  00000800  RWIX
  RAMGS0                0000c000   00001000  00000000  00001000  RWIX
  RAMGS1                0000d000   00001000  00000000  00001000  RWIX
  RAMGS2                0000e000   00001000  00000000  00001000  RWIX
  RAMGS3                0000f000   00001000  00000000  00001000  RWIX
  RAMGS4                00010000   00001000  00000000  00001000  RWIX
  RAMGS5                00011000   00001000  00000000  00001000  RWIX
  RAMGS6                00012000   00001000  00000000  00001000  RWIX
  RAMGS7                00013000   00001000  00000000  00001000  RWIX
  RAMGS8                00014000   00001000  00000000  00001000  RWIX
  RAMGS9                00015000   00001000  00000000  00001000  RWIX
  RAMGS10               00016000   00001000  00000000  00001000  RWIX
  RAMGS11               00017000   00000ff8  00000000  00000ff8  RWIX


SECTION ALLOCATION MAP

 output                                  attributes/
section   page    origin      length       input sections
--------  ----  ----------  ----------   ----------------
.cinit     0    000836b8    0000003c     
                  000836b8    00000027     (.cinit..data.load) [load image, compression = lzss]
                  000836df    00000001     --HOLE-- [fill = 0]
                  000836e0    00000006     (__TI_handler_table)
                  000836e6    00000004     (.cinit..bss.load) [load image, compression = zero_init]
                  000836ea    00000002     --HOLE-- [fill = 0]
                  000836ec    00000008     (__TI_cinit_table)

codestart 
*          0    00080000    00000002     
                  00080000    00000002     F2837xS_CodeStartBranch.obj (codestart)

.stack     1    00000400    000003f8     UNINITIALIZED
                  00000400    000003f8     --HOLE--

.init_array 
*          0    00082000    00000000     UNINITIALIZED

.bss       1    0000a85a    00000012     UNINITIALIZED
                  0000a85a    00000008     eeprom.obj (.bss:u16EEHeader)
                  0000a862    00000007     eeprom.obj (.bss:blkUserRegs)
                  0000a869    00000001     --HOLE--
                  0000a86a    00000002     main.obj (.bss)

.data      1    0000a800    0000005a     UNINITIALIZED
                  0000a800    00000028     eeprom.obj (.data)
                  0000a828    00000012     main.obj (.data:time_task)
                  0000a83a    00000006     device.obj (.data)
                  0000a840    00000010     main.obj (.data)
                  0000a850    00000006     rts2800_fpu32_eabi.lib : exit.c.obj (.data)
                  0000a856    00000002                            : _lock.c.obj (.data:_lock)
                  0000a858    00000002                            : _lock.c.obj (.data:_unlock)

.const     0    00090000    00000620     
                  00090000    00000113     board.obj (.const:.string)
                  00090113    00000001     --HOLE-- [fill = 0]
                  00090114    000000c2     driverlib_eabi.lib : sysctl.obj (.const:.string)
                  000901d6    000000bf                        : flash.obj (.const:.string)
                  00090295    00000001     --HOLE-- [fill = 0]
                  00090296    000000bc                        : gpio.obj (.const:.string)
                  00090352    000000bb                        : sci.obj (.const:.string)
                  0009040d    00000001     --HOLE-- [fill = 0]
                  0009040e    0000008c     main.obj (.const:.string)
                  0009049a    0000008b     eeprom.obj (.const:.string)
                  00090525    00000001     --HOLE-- [fill = 0]
                  00090526    00000062     driverlib_eabi.lib : cputimer.obj (.const:.string)
                  00090588    0000005d                        : i2c.obj (.const:.string)
                  000905e5    00000001     --HOLE-- [fill = 0]
                  000905e6    00000013     device.obj (.const:.string)
                  000905f9    00000007     --HOLE-- [fill = 0]
                  00090600    00000010     eeprom.obj (.const)
                  00090610    00000010     eeprom.obj (.const:regUserRegs)

.reset     0    003fffc0    00000000     DSECT

.TI.ramfunc 
*          0    00086000    00000165     RUN ADDR = 00008000
                  00086000    00000043     driverlib_eabi.lib : flash.obj (.TI.ramfunc:Flash_initModule)
                  00086043    0000003d     main.obj (.TI.ramfunc)
                  00086080    0000002c     driverlib_eabi.lib : flash.obj (.TI.ramfunc:Flash_setBankPowerMode)
                  000860ac    00000024                        : flash.obj (.TI.ramfunc:Flash_setWaitstates)
                  000860d0    0000001d                        : flash.obj (.TI.ramfunc:Flash_setPumpPowerMode)
                  000860ed    00000018                        : flash.obj (.TI.ramfunc:Flash_disableCache)
                  00086105    00000018                        : flash.obj (.TI.ramfunc:Flash_disablePrefetch)
                  0008611d    00000017                        : flash.obj (.TI.ramfunc:Flash_enableCache)
                  00086134    00000017                        : flash.obj (.TI.ramfunc:Flash_enablePrefetch)
                  0008614b    00000016                        : flash.obj (.TI.ramfunc:Flash_enableECC)
                  00086161    00000004                        : sysctl.obj (.TI.ramfunc)

.text      0    00082000    000016b4     
                  00082000    000006a9     eeprom.obj (.text)
                  000826a9    000003c6     board.obj (.text)
                  00082a6f    00000243     device.obj (.text)
                  00082cb2    00000206     driverlib_eabi.lib : sysctl.obj (.text:SysCtl_setClock)
                  00082eb8    0000008a                        : sysctl.obj (.text:SysCtl_selectXTAL)
                  00082f42    00000088     rts2800_fpu32_eabi.lib : fs_div28.asm.obj (.text)
                  00082fca    0000007e     main.obj (.text)
                  00083048    00000068     driverlib_eabi.lib : sysctl.obj (.text:SysCtl_getDeviceParametric)
                  000830b0    00000064                        : i2c.obj (.text:I2C_initController)
                  00083114    00000052                        : gpio.obj (.text:GPIO_setPadConfig)
                  00083166    00000051                        : sysctl.obj (.text:SysCtl_getClock)
                  000831b7    00000048                        : sysctl.obj (.text:SysCtl_selectOscSource)
                  000831ff    00000045                        : sci.obj (.text:SCI_clearInterruptStatus)
                  00083244    0000003e                        : sci.obj (.text:SCI_setConfig)
                  00083282    0000003d                        : interrupt.obj (.text:Interrupt_initModule)
                  000832bf    00000037                        : gpio.obj (.text:GPIO_setControllerCore)
                  000832f6    00000037                        : gpio.obj (.text:GPIO_setPinConfig)
                  0008332d    00000037                        : gpio.obj (.text:GPIO_setQualificationMode)
                  00083364    00000031                        : gpio.obj (.text:GPIO_setDirectionMode)
                  00083395    0000002e     rts2800_fpu32_eabi.lib : copy_decompress_lzss.c.obj (.text:decompress:lzss)
                  000833c3    0000002b                            : autoinit.c.obj (.text:__TI_auto_init_nobinit_nopinit)
                  000833ee    00000029                            : exit.c.obj (.text)
                  00083417    00000026     driverlib_eabi.lib : flash.obj (.text:Flash_setBankPowerUpDelay)
                  0008343d    00000021                        : sysctl.obj (.text:CPUTimer_selectClockSource)
                  0008345e    0000001f                        : sysctl.obj (.text:CPUTimer_getTimerOverflowStatus)
                  0008347d    0000001e                        : interrupt.obj (.text:Interrupt_initVectorTable)
                  0008349b    0000001d     rts2800_fpu32_eabi.lib : memcpy.c.obj (.text)
                  000834b8    0000001b     driverlib_eabi.lib : sci.obj (.text:SCI_isBaseValid)
                  000834d3    0000001a                        : sysctl.obj (.text:CPUTimer_startTimer)
                  000834ed    0000001a                        : sysctl.obj (.text:SysCtl_getLowSpeedClock)
                  00083507    00000018                        : sci.obj (.text:SCI_disableModule)
                  0008351f    00000018                        : sci.obj (.text:SCI_performSoftwareReset)
                  00083537    00000017                        : cputimer.obj (.text:CPUTimer_isBaseValid)
                  0008354e    00000017                        : sysctl.obj (.text:CPUTimer_isBaseValid)
                  00083565    00000017     rts2800_fpu32_eabi.lib : boot28.asm.obj (.text)
                  0008357c    00000015     driverlib_eabi.lib : flash.obj (.text:Flash_isCtrlBaseValid)
                  00083591    00000015                        : flash.obj (.text:Flash_isECCBaseValid)
                  000835a6    00000014                        : sysctl.obj (.text:CPUTimer_stopTimer)
                  000835ba    00000013                        : cputimer.obj (.text:CPUTimer_setEmulationMode)
                  000835cd    00000013                        : i2c.obj (.text:I2C_isBaseValid)
                  000835e0    00000013                        : sci.obj (.text:SCI_enableModule)
                  000835f3    00000012                        : sysctl.obj (.text:CPUTimer_clearOverflowFlag)
                  00083605    00000012                        : sysctl.obj (.text:CPUTimer_disableInterrupt)
                  00083617    00000011                        : sysctl.obj (.text:CPUTimer_setPeriod)
                  00083628    0000000f                        : sysctl.obj (.text:SysCtl_pollCpuTimer)
                  00083637    0000000e                        : gpio.obj (.text:GPIO_isPinValid)
                  00083645    0000000e                        : interrupt.obj (.text:Interrupt_defaultHandler)
                  00083653    0000000d                        : interrupt.obj (.text:Interrupt_disableGlobal)
                  00083660    0000000d     rts2800_fpu32_eabi.lib : copy_zero_init.c.obj (.text:decompress:ZI:__TI_zero_init_nomemset)
                  0008366d    0000000c                            : args_main.c.obj (.text)
                  00083679    0000000b     driverlib_eabi.lib : sysctl.obj (.text:SysCtl_isMCDClockFailureDetected)
                  00083684    00000009                        : sysctl.obj (.text:SysCtl_serviceWatchdog)
                  0008368d    00000009     rts2800_fpu32_eabi.lib : _lock.c.obj (.text)
                  00083696    00000008     F2837xS_CodeStartBranch.obj (.text)
                  0008369e    00000008     rts2800_fpu32_eabi.lib : copy_decompress_none.c.obj (.text:decompress:none)
                  000836a6    00000007     driverlib_eabi.lib : sysctl.obj (.text:SysCtl_resetMCD)
                  000836ad    00000002                        : interrupt.obj (.text:Interrupt_illegalOperationHandler)
                  000836af    00000002                        : interrupt.obj (.text:Interrupt_nmiHandler)
                  000836b1    00000002     rts2800_fpu32_eabi.lib : pre_init.c.obj (.text)
                  000836b3    00000001                            : startup.c.obj (.text)

MODULE SUMMARY

       Module                        code   ro data   rw data
       ------                        ----   -------   -------
    .\
       eeprom.obj                    1705   171       55     
       main.obj                      248    140       36     
    +--+-----------------------------+------+---------+---------+
       Total:                        1953   311       91     
                                                             
    .\device\
       device.obj                    579    19        6      
       F2837xS_CodeStartBranch.obj   10     0         0      
    +--+-----------------------------+------+---------+---------+
       Total:                        589    19        6      
                                                             
    .\syscfg\
       board.obj                     966    275       0      
    +--+-----------------------------+------+---------+---------+
       Total:                        966    275       0      
                                                             
    C:\ti\c2000\C2000Ware_4_03_00_00\driverlib\f2837xs\driverlib\ccs\Debug\driverlib_eabi.lib
       sysctl.obj                    1175   194       0      
       flash.obj                     664    191       0      
       gpio.obj                      310    188       0      
       sci.obj                       225    187       0      
       i2c.obj                       119    93        0      
       cputimer.obj                  42     98        0      
       interrupt.obj                 122    0         0      
    +--+-----------------------------+------+---------+---------+
       Total:                        2657   951       0      
                                                             
    C:\ti\ccs1110\ccs\tools\compiler\ti-cgt-c2000_22.6.0.LTS\lib\rts2800_fpu32_eabi.lib
       fs_div28.asm.obj              136    0         0      
       exit.c.obj                    41     0         6      
       copy_decompress_lzss.c.obj    46     0         0      
       autoinit.c.obj                43     0         0      
       memcpy.c.obj                  29     0         0      
       boot28.asm.obj                23     0         0      
       _lock.c.obj                   9      0         4      
       copy_zero_init.c.obj          13     0         0      
       args_main.c.obj               12     0         0      
       copy_decompress_none.c.obj    8      0         0      
       pre_init.c.obj                2      0         0      
       startup.c.obj                 1      0         0      
    +--+-----------------------------+------+---------+---------+
       Total:                        363    0         10     
                                                             
       Stack:                        0      0         1016   
       Linker Generated:             0      57        0      
    +--+-----------------------------+------+---------+---------+
       Grand Total:                  6528   1613      1123   


LINKER GENERATED COPY TABLES

__TI_cinit_table @ 000836ec records: 2, size/record: 4, table size: 8
	.data: load addr=000836b8, load size=00000027 bytes, run addr=0000a800, run size=0000005a bytes, compression=lzss
	.bss: load addr=000836e6, load size=00000004 bytes, run addr=0000a85a, run size=00000012 bytes, compression=zero_init


LINKER GENERATED HANDLER TABLE

__TI_handler_table @ 000836e0 records: 3, size/record: 2, table size: 6
	index: 0, handler: __TI_zero_init
	index: 1, handler: __TI_decompress_lzss
	index: 2, handler: __TI_decompress_none


GLOBAL DATA SYMBOLS: SORTED BY DATA PAGE

address     data page           name
--------    ----------------    ----
00000400      10 (00000400)     __stack

0000a800     2a0 (0000a800)     sEE
0000a828     2a0 (0000a800)     time_task
0000a83a     2a0 (0000a800)     Example_Result
0000a83c     2a0 (0000a800)     Example_PassCount
0000a83e     2a0 (0000a800)     Example_Fail

0000a840     2a1 (0000a840)     u16B2
0000a841     2a1 (0000a840)     u16B3
0000a842     2a1 (0000a840)     u16C1
0000a843     2a1 (0000a840)     u16C2
0000a844     2a1 (0000a840)     u16C3
0000a845     2a1 (0000a840)     id_ttask
0000a846     2a1 (0000a840)     f32A1
0000a848     2a1 (0000a840)     f32A2
0000a84a     2a1 (0000a840)     f32A3
0000a84c     2a1 (0000a840)     u16B1
0000a850     2a1 (0000a840)     __TI_enable_exit_profile_output
0000a852     2a1 (0000a840)     __TI_cleanup_ptr
0000a854     2a1 (0000a840)     __TI_dtors_ptr
0000a856     2a1 (0000a840)     _lock
0000a858     2a1 (0000a840)     _unlock
0000a85a     2a1 (0000a840)     u16EEHeader
0000a862     2a1 (0000a840)     blkUserRegs

00090600    2418 (00090600)     packCommon
00090608    2418 (00090600)     packBoardInfo
00090610    2418 (00090600)     regUserRegs


GLOBAL SYMBOLS: SORTED ALPHABETICALLY BY Name 

page  address   name                                     
----  -------   ----                                     
0     0008295a  Board_init                               
0     000833ee  C$$EXIT                                  
0     000829a6  CPUTIMER_init                            
0     000835ba  CPUTimer_setEmulationMode                
0     000829d9  DEBUG_C28_init                           
0     00082a38  DEBUG_SCI_init                           
0     00082c6f  Device_configureTMXAnalogTrim            
0     00082b1d  Device_enableAllPeripherals              
0     00082c59  Device_enableUnbondedGPIOPullups         
0     00082c3c  Device_enableUnbondedGPIOPullupsFor100Pin
0     00082c29  Device_enableUnbondedGPIOPullupsFor176Pin
0     00082ac8  Device_init                              
0     00082c08  Device_initGPIO                          
0     000829f5  EEPROM_init                              
1     0000a83e  Example_Fail                             
1     0000a83c  Example_PassCount                        
1     0000a83a  Example_Result                           
0     00082cb1  Example_done                             
0     00082cac  Example_setResultFail                    
0     00082ca7  Example_setResultPass                    
0     00008000  Flash_initModule                         
0     000829d6  GPIO_init                                
0     000832bf  GPIO_setControllerCore                   
0     00083364  GPIO_setDirectionMode                    
0     00083114  GPIO_setPadConfig                        
0     000832f6  GPIO_setPinConfig                        
0     0008332d  GPIO_setQualificationMode                
0     000829f2  I2C_init                                 
0     000830b0  I2C_initController                       
0     00083282  Interrupt_initModule                     
0     0008347d  Interrupt_initVectorTable                
0     00082967  PinMux_init                              
0     00086165  RamfuncsLoadEnd                          
abs   00000165  RamfuncsLoadSize                         
0     00086000  RamfuncsLoadStart                        
0     00008165  RamfuncsRunEnd                           
abs   00000165  RamfuncsRunSize                          
0     00008000  RamfuncsRunStart                         
0     000831ff  SCI_clearInterruptStatus                 
0     00082a35  SCI_init                                 
0     00083244  SCI_setConfig                            
0     000829a9  SWTIRMER_init                            
0     00008161  SysCtl_delay                             
0     00083166  SysCtl_getClock                          
0     00083048  SysCtl_getDeviceParametric               
0     000834ed  SysCtl_getLowSpeedClock                  
0     000831b7  SysCtl_selectOscSource                   
0     00082eb8  SysCtl_selectXTAL                        
0     00082cb2  SysCtl_setClock                          
0     000836ec  __TI_CINIT_Base                          
0     000836f4  __TI_CINIT_Limit                         
0     000836f4  __TI_CINIT_Warm                          
0     000836e0  __TI_Handler_Table_Base                  
0     000836e6  __TI_Handler_Table_Limit                 
1     000007f8  __TI_STACK_END                           
abs   000003f8  __TI_STACK_SIZE                          
0     000833c3  __TI_auto_init_nobinit_nopinit           
1     0000a852  __TI_cleanup_ptr                         
0     00083395  __TI_decompress_lzss                     
0     0008369e  __TI_decompress_none                     
1     0000a854  __TI_dtors_ptr                           
1     0000a850  __TI_enable_exit_profile_output          
abs   ffffffff  __TI_pprof_out_hndl                      
abs   ffffffff  __TI_prof_data_size                      
abs   ffffffff  __TI_prof_data_start                     
0     00083660  __TI_zero_init_nomemset                  
0     00082f42  __c28xabi_divf                           
n/a   UNDEFED   __c_args__                               
0     00082ca0  __error__                                
1     00000400  __stack                                  
0     0008366d  _args_main                               
0     00083565  _c_int00                                 
1     0000a856  _lock                                    
0     00083695  _nop                                     
0     00083691  _register_lock                           
0     0008368d  _register_unlock                         
0     000836b3  _system_post_cinit                       
0     000836b1  _system_pre_init                         
1     0000a858  _unlock                                  
0     000833ee  abort                                    
1     0000a862  blkUserRegs                              
0     0008210a  cntEepormTimeout                         
0     00080000  code_start                               
0     000821c3  cpyBlk2Var                               
0     00082191  cpyVar2Blk                               
0     00082674  execEEPROM                               
0     000833f0  exit                                     
1     0000a846  f32A1                                    
1     0000a848  f32A2                                    
1     0000a84a  f32A3                                    
0     00082401  getBlock                                 
0     000825fd  getBoardInfo                             
0     000820f5  getChecksum                              
0     00082618  getCommonHeader                          
0     0008215c  getEepromTimeout                         
1     0000a845  id_ttask                                 
0     0008301e  main                                     
0     0008349b  memcpy                                   
0     00090608  packBoardInfo                            
0     00090600  packCommon                               
0     00090610  regUserRegs                              
0     00082168  rstEepormTimeout                         
1     0000a800  sEE                                      
0     0000804e  scanTimeTask                             
0     000821f5  setBlock                                 
0     000825e2  setBoardInfo                             
0     00082633  setCommonHeader                          
0     00082189  stopEepormTimeout                        
0     00008043  task25msec                               
0     00008047  task2D5msec                              
1     0000a828  time_task                                
1     0000a84c  u16B1                                    
1     0000a840  u16B2                                    
1     0000a841  u16B3                                    
1     0000a842  u16C1                                    
1     0000a843  u16C2                                    
1     0000a844  u16C3                                    
1     0000a85a  u16EEHeader                              


GLOBAL SYMBOLS: SORTED BY Symbol Address 

page  address   name                                     
----  -------   ----                                     
0     00008000  Flash_initModule                         
0     00008000  RamfuncsRunStart                         
0     00008043  task25msec                               
0     00008047  task2D5msec                              
0     0000804e  scanTimeTask                             
0     00008161  SysCtl_delay                             
0     00008165  RamfuncsRunEnd                           
0     00080000  code_start                               
0     000820f5  getChecksum                              
0     0008210a  cntEepormTimeout                         
0     0008215c  getEepromTimeout                         
0     00082168  rstEepormTimeout                         
0     00082189  stopEepormTimeout                        
0     00082191  cpyVar2Blk                               
0     000821c3  cpyBlk2Var                               
0     000821f5  setBlock                                 
0     00082401  getBlock                                 
0     000825e2  setBoardInfo                             
0     000825fd  getBoardInfo                             
0     00082618  getCommonHeader                          
0     00082633  setCommonHeader                          
0     00082674  execEEPROM                               
0     0008295a  Board_init                               
0     00082967  PinMux_init                              
0     000829a6  CPUTIMER_init                            
0     000829a9  SWTIRMER_init                            
0     000829d6  GPIO_init                                
0     000829d9  DEBUG_C28_init                           
0     000829f2  I2C_init                                 
0     000829f5  EEPROM_init                              
0     00082a35  SCI_init                                 
0     00082a38  DEBUG_SCI_init                           
0     00082ac8  Device_init                              
0     00082b1d  Device_enableAllPeripherals              
0     00082c08  Device_initGPIO                          
0     00082c29  Device_enableUnbondedGPIOPullupsFor176Pin
0     00082c3c  Device_enableUnbondedGPIOPullupsFor100Pin
0     00082c59  Device_enableUnbondedGPIOPullups         
0     00082c6f  Device_configureTMXAnalogTrim            
0     00082ca0  __error__                                
0     00082ca7  Example_setResultPass                    
0     00082cac  Example_setResultFail                    
0     00082cb1  Example_done                             
0     00082cb2  SysCtl_setClock                          
0     00082eb8  SysCtl_selectXTAL                        
0     00082f42  __c28xabi_divf                           
0     0008301e  main                                     
0     00083048  SysCtl_getDeviceParametric               
0     000830b0  I2C_initController                       
0     00083114  GPIO_setPadConfig                        
0     00083166  SysCtl_getClock                          
0     000831b7  SysCtl_selectOscSource                   
0     000831ff  SCI_clearInterruptStatus                 
0     00083244  SCI_setConfig                            
0     00083282  Interrupt_initModule                     
0     000832bf  GPIO_setControllerCore                   
0     000832f6  GPIO_setPinConfig                        
0     0008332d  GPIO_setQualificationMode                
0     00083364  GPIO_setDirectionMode                    
0     00083395  __TI_decompress_lzss                     
0     000833c3  __TI_auto_init_nobinit_nopinit           
0     000833ee  C$$EXIT                                  
0     000833ee  abort                                    
0     000833f0  exit                                     
0     0008347d  Interrupt_initVectorTable                
0     0008349b  memcpy                                   
0     000834ed  SysCtl_getLowSpeedClock                  
0     00083565  _c_int00                                 
0     000835ba  CPUTimer_setEmulationMode                
0     00083660  __TI_zero_init_nomemset                  
0     0008366d  _args_main                               
0     0008368d  _register_unlock                         
0     00083691  _register_lock                           
0     00083695  _nop                                     
0     0008369e  __TI_decompress_none                     
0     000836b1  _system_pre_init                         
0     000836b3  _system_post_cinit                       
0     000836e0  __TI_Handler_Table_Base                  
0     000836e6  __TI_Handler_Table_Limit                 
0     000836ec  __TI_CINIT_Base                          
0     000836f4  __TI_CINIT_Limit                         
0     000836f4  __TI_CINIT_Warm                          
0     00086000  RamfuncsLoadStart                        
0     00086165  RamfuncsLoadEnd                          
0     00090600  packCommon                               
0     00090608  packBoardInfo                            
0     00090610  regUserRegs                              
1     00000400  __stack                                  
1     000007f8  __TI_STACK_END                           
1     0000a800  sEE                                      
1     0000a828  time_task                                
1     0000a83a  Example_Result                           
1     0000a83c  Example_PassCount                        
1     0000a83e  Example_Fail                             
1     0000a840  u16B2                                    
1     0000a841  u16B3                                    
1     0000a842  u16C1                                    
1     0000a843  u16C2                                    
1     0000a844  u16C3                                    
1     0000a845  id_ttask                                 
1     0000a846  f32A1                                    
1     0000a848  f32A2                                    
1     0000a84a  f32A3                                    
1     0000a84c  u16B1                                    
1     0000a850  __TI_enable_exit_profile_output          
1     0000a852  __TI_cleanup_ptr                         
1     0000a854  __TI_dtors_ptr                           
1     0000a856  _lock                                    
1     0000a858  _unlock                                  
1     0000a85a  u16EEHeader                              
1     0000a862  blkUserRegs                              
abs   00000165  RamfuncsLoadSize                         
abs   00000165  RamfuncsRunSize                          
abs   000003f8  __TI_STACK_SIZE                          
abs   ffffffff  __TI_pprof_out_hndl                      
abs   ffffffff  __TI_prof_data_size                      
abs   ffffffff  __TI_prof_data_start                     
n/a   UNDEFED   __c_args__                               

[118 symbols]
