******************************************************************************
            TI ARM Clang Linker PC v2.1.3                      
******************************************************************************
>> Linked Fri Dec 29 14:37:57 2023

OUTPUT FILE NAME:   <M0G3507_BUCK_EEPROM.out>
ENTRY POINT SYMBOL: "_c_int00_noinit_noargs"  address: 0000039d


MEMORY CONFIGURATION

         name            origin    length      used     unused   attr    fill
----------------------  --------  ---------  --------  --------  ----  --------
  FLASH                 00000000   00020000  00000410  0001fbf0  R  X
  SRAM                  20200000   00008000  00000200  00007e00  RW X
  BCR_CONFIG            41c00000   00000080  00000000  00000080  R   
  BSL_CONFIG            41c00100   00000080  00000000  00000080  R   


SEGMENT ALLOCATION MAP

run origin  load origin   length   init length attrs members
----------  ----------- ---------- ----------- ----- -------
00000000    00000000    00000410   00000410    r-x
  00000000    00000000    000000c0   000000c0    r-- .intvecs
  000000c0    000000c0    00000330   00000330    r-x .text
  000003f0    000003f0    00000020   00000020    r-- .rodata
20207e00    20207e00    00000200   00000000    rw-
  20207e00    20207e00    00000200   00000000    rw- .stack


SECTION ALLOCATION MAP

 output                                  attributes/
section   page    origin      length       input sections
--------  ----  ----------  ----------   ----------------
.intvecs   0    00000000    000000c0     
                  00000000    000000c0     startup_mspm0g350x_ticlang.o (.intvecs)

.text      0    000000c0    00000330     
                  000000c0    00000060     ti_msp_dl_config.o (.text.SYSCFG_DL_UART_0_DEBUG_init)
                  00000120    00000058     ti_msp_dl_config.o (.text.SYSCFG_DL_ADC0_BUCK_init)
                  00000178    00000058     ti_msp_dl_config.o (.text.SYSCFG_DL_ADC1_DAB_init)
                  000001d0    00000054     ti_msp_dl_config.o (.text.SYSCFG_DL_initPower)
                  00000224    00000048     dl_uart.o (.text.DL_UART_init)
                  0000026c    00000048     ti_msp_dl_config.o (.text.SYSCFG_DL_GPIO_init)
                  000002b4    00000040     dl_adc12.o (.text.DL_ADC12_setClockConfig)
                  000002f4    00000030     ti_msp_dl_config.o (.text.SYSCFG_DL_I2C_EEPROM_init)
                  00000324    00000030     ti_msp_dl_config.o (.text.SYSCFG_DL_SYSCTL_init)
                  00000354    00000026     dl_i2c.o (.text.DL_I2C_setClockConfig)
                  0000037a    00000020     ti_msp_dl_config.o (.text.SYSCFG_DL_init)
                  0000039a    00000002     startup_mspm0g350x_ticlang.o (.text.Default_Handler)
                  0000039c    00000020     libc.a : boot_cortex_m.c.obj (.text:_c_int00_noinit_noargs)
                  000003bc    00000012     dl_uart.o (.text.DL_UART_setClockConfig)
                  000003ce    0000000a     dl_common.o (.text.DL_Common_delayCycles)
                  000003d8    00000006     main.o (.text.main)
                  000003de    00000004     startup_mspm0g350x_ticlang.o (.text.Reset_Handler)
                  000003e2    00000004     libc.a : pre_init.c.obj (.text._system_pre_init)
                  000003e6    00000004            : exit.c.obj (.text:abort)
                  000003ea    00000006     --HOLE-- [fill = 0]

.cinit     0    00000000    00000000     

.rodata    0    000003f0    00000020     
                  000003f0    0000000a     ti_msp_dl_config.o (.rodata.gUART_0_DEBUGConfig)
                  000003fa    00000002     ti_msp_dl_config.o (.rodata.gI2C_EEPROMClockConfig)
                  000003fc    00000008     ti_msp_dl_config.o (.rodata.gADC0_BUCKClockConfig)
                  00000404    00000008     ti_msp_dl_config.o (.rodata.gADC1_DABClockConfig)
                  0000040c    00000002     ti_msp_dl_config.o (.rodata.gUART_0_DEBUGClockConfig)
                  0000040e    00000002     --HOLE-- [fill = 0]

.init_array 
*          0    00000000    00000000     UNINITIALIZED

.binit     0    00000000    00000000     

.stack     0    20207e00    00000200     UNINITIALIZED
                  20207e00    00000004     libc.a : boot_cortex_m.c.obj (.stack)
                  20207e04    000001fc     --HOLE--

__llvm_prf_cnts 
*          0    20200000    00000000     UNINITIALIZED

__llvm_prf_bits 
*          0    20200000    00000000     UNINITIALIZED

MODULE SUMMARY

       Module                         code   ro data   rw data
       ------                         ----   -------   -------
    .\
       startup_mspm0g350x_ticlang.o   6      192       0      
       main.o                         6      0         0      
    +--+------------------------------+------+---------+---------+
       Total:                         12     192       0      
                                                              
    .\syscfg\
       ti_msp_dl_config.o             556    30        0      
    +--+------------------------------+------+---------+---------+
       Total:                         556    30        0      
                                                              
    .\ti\driverlib\
       dl_uart.o                      90     0         0      
       dl_adc12.o                     64     0         0      
       dl_i2c.o                       38     0         0      
       dl_common.o                    10     0         0      
    +--+------------------------------+------+---------+---------+
       Total:                         202    0         0      
                                                              
    C:\ti\ccs1230\ccs\tools\compiler\ti-cgt-armllvm_2.1.3.LTS\lib\armv6m-ti-none-eabi/c/libc.a
       boot_cortex_m.c.obj            32     0         0      
       exit.c.obj                     4      0         0      
       pre_init.c.obj                 4      0         0      
    +--+------------------------------+------+---------+---------+
       Total:                         40     0         0      
                                                              
       Stack:                         0      0         512    
    +--+------------------------------+------+---------+---------+
       Grand Total:                   810    222       512    


GLOBAL SYMBOLS: SORTED ALPHABETICALLY BY Name 

address   name                       
-------   ----                       
0000039b  ADC0_IRQHandler            
0000039b  ADC1_IRQHandler            
0000039b  AES_IRQHandler             
000003e6  C$$EXIT                    
0000039b  CANFD0_IRQHandler          
0000039b  DAC0_IRQHandler            
000002b5  DL_ADC12_setClockConfig    
000003cf  DL_Common_delayCycles      
00000355  DL_I2C_setClockConfig      
00000225  DL_UART_init               
000003bd  DL_UART_setClockConfig     
0000039b  DMA_IRQHandler             
0000039b  Default_Handler            
0000039b  GROUP0_IRQHandler          
0000039b  GROUP1_IRQHandler          
0000039b  HardFault_Handler          
0000039b  I2C0_IRQHandler            
0000039b  I2C1_IRQHandler            
0000039b  NMI_Handler                
0000039b  PendSV_Handler             
0000039b  RTC_IRQHandler             
000003df  Reset_Handler              
0000039b  SPI0_IRQHandler            
0000039b  SPI1_IRQHandler            
0000039b  SVC_Handler                
00000121  SYSCFG_DL_ADC0_BUCK_init   
00000179  SYSCFG_DL_ADC1_DAB_init    
0000026d  SYSCFG_DL_GPIO_init        
000002f5  SYSCFG_DL_I2C_EEPROM_init  
00000325  SYSCFG_DL_SYSCTL_init      
000000c1  SYSCFG_DL_UART_0_DEBUG_init
0000037b  SYSCFG_DL_init             
000001d1  SYSCFG_DL_initPower        
0000039b  SysTick_Handler            
0000039b  TIMA0_IRQHandler           
0000039b  TIMA1_IRQHandler           
0000039b  TIMG0_IRQHandler           
0000039b  TIMG12_IRQHandler          
0000039b  TIMG6_IRQHandler           
0000039b  TIMG7_IRQHandler           
0000039b  TIMG8_IRQHandler           
0000039b  UART0_IRQHandler           
0000039b  UART1_IRQHandler           
0000039b  UART2_IRQHandler           
0000039b  UART3_IRQHandler           
20208000  __STACK_END                
00000200  __STACK_SIZE               
00000000  __TI_CINIT_Base            
00000000  __TI_CINIT_Limit           
00000000  __TI_CINIT_Warm            
ffffffff  __TI_pprof_out_hndl        
ffffffff  __TI_prof_data_size        
ffffffff  __TI_prof_data_start       
00000000  __TI_static_base__         
ffffffff  __binit__                  
UNDEFED   __mpu_init                 
20207e00  __stack                    
20200000  __start___llvm_prf_bits    
20200000  __start___llvm_prf_cnts    
20200000  __stop___llvm_prf_bits     
20200000  __stop___llvm_prf_cnts     
0000039d  _c_int00_noinit_noargs     
000003e3  _system_pre_init           
000003e7  abort                      
ffffffff  binit                      
00000000  interruptVectors           
000003d9  main                       


GLOBAL SYMBOLS: SORTED BY Symbol Address 

address   name                       
-------   ----                       
00000000  __TI_CINIT_Base            
00000000  __TI_CINIT_Limit           
00000000  __TI_CINIT_Warm            
00000000  __TI_static_base__         
00000000  interruptVectors           
000000c1  SYSCFG_DL_UART_0_DEBUG_init
00000121  SYSCFG_DL_ADC0_BUCK_init   
00000179  SYSCFG_DL_ADC1_DAB_init    
000001d1  SYSCFG_DL_initPower        
00000200  __STACK_SIZE               
00000225  DL_UART_init               
0000026d  SYSCFG_DL_GPIO_init        
000002b5  DL_ADC12_setClockConfig    
000002f5  SYSCFG_DL_I2C_EEPROM_init  
00000325  SYSCFG_DL_SYSCTL_init      
00000355  DL_I2C_setClockConfig      
0000037b  SYSCFG_DL_init             
0000039b  ADC0_IRQHandler            
0000039b  ADC1_IRQHandler            
0000039b  AES_IRQHandler             
0000039b  CANFD0_IRQHandler          
0000039b  DAC0_IRQHandler            
0000039b  DMA_IRQHandler             
0000039b  Default_Handler            
0000039b  GROUP0_IRQHandler          
0000039b  GROUP1_IRQHandler          
0000039b  HardFault_Handler          
0000039b  I2C0_IRQHandler            
0000039b  I2C1_IRQHandler            
0000039b  NMI_Handler                
0000039b  PendSV_Handler             
0000039b  RTC_IRQHandler             
0000039b  SPI0_IRQHandler            
0000039b  SPI1_IRQHandler            
0000039b  SVC_Handler                
0000039b  SysTick_Handler            
0000039b  TIMA0_IRQHandler           
0000039b  TIMA1_IRQHandler           
0000039b  TIMG0_IRQHandler           
0000039b  TIMG12_IRQHandler          
0000039b  TIMG6_IRQHandler           
0000039b  TIMG7_IRQHandler           
0000039b  TIMG8_IRQHandler           
0000039b  UART0_IRQHandler           
0000039b  UART1_IRQHandler           
0000039b  UART2_IRQHandler           
0000039b  UART3_IRQHandler           
0000039d  _c_int00_noinit_noargs     
000003bd  DL_UART_setClockConfig     
000003cf  DL_Common_delayCycles      
000003d9  main                       
000003df  Reset_Handler              
000003e3  _system_pre_init           
000003e6  C$$EXIT                    
000003e7  abort                      
20200000  __start___llvm_prf_bits    
20200000  __start___llvm_prf_cnts    
20200000  __stop___llvm_prf_bits     
20200000  __stop___llvm_prf_cnts     
20207e00  __stack                    
20208000  __STACK_END                
ffffffff  __TI_pprof_out_hndl        
ffffffff  __TI_prof_data_size        
ffffffff  __TI_prof_data_start       
ffffffff  __binit__                  
ffffffff  binit                      
UNDEFED   __mpu_init                 

[67 symbols]
